29.822 6.256 
20.9 -28.478 
-31.334 -18.092 
-4.924 22.152 
15.722 2.84 
-12.692 25.906 
19.71 9.754 
-21.85 10.566 
21.746 -2.51 
-11.006 -7.496 
25.986 23.11 
0.506 0.186 
2.88 -25.02 
-1.826 -21.506 
-12.238 -26.702 
24.118 1.92 
-26.236 11.448 
16.054 12.24 
-13.914 -29.28 
-32.102 -32.552 
---end
-10.0942 13.548 
32.768 15.2266 
3.91 -18.5568 
-4.924 22.152 
15.722 2.84 
26.7536 -11.8796 
19.71 9.754 
-21.85 10.566 
-6.6128 1.8532 
-11.006 -7.496 
25.986 23.11 
0.506 0.186 
2.88 -25.02 
0.8506 -12.1392 
-12.238 -26.702 
24.118 1.92 
-2.1438 15.3196 
0.8554 -16.018 
-13.914 -29.28 
32.768 -12.721 
-10.0942 13.548 
32.768 15.2266 
3.91 -18.5568 
-4.924 22.152 
15.722 2.84 
26.7536 -11.8796 
19.71 9.754 
-21.85 10.566 
-6.6128 1.8532 
-11.006 -7.496 
25.986 23.11 
0.506 0.186 
2.88 -25.02 
0.8506 -12.1392 
-12.238 -26.702 
24.118 1.92 
-2.1438 15.3196 
0.8554 -16.018 
-13.914 -29.28 
32.768 -12.721 
---end
-10.0942 13.548 
32.768 15.2266 
3.91 -18.5568 
-4.924 22.152 
15.722 2.84 
1.48886 2.5916 
-13.6396 -14.1478 
-32.768 18.9771 
-6.6128 1.8532 
-11.006 -7.496 
25.986 23.11 
0.506 0.186 
2.88 -25.02 
0.8506 -12.1392 
-3.8882 -27.7854 
24.118 1.92 
-2.1438 15.3196 
0.8554 -16.018 
-13.914 -29.28 
26.123 32.768 
-10.0942 13.548 
32.768 15.2266 
3.91 -18.5568 
-4.924 22.152 
15.722 2.84 
1.48886 2.5916 
-13.6396 -14.1478 
-32.768 18.9771 
-6.6128 1.8532 
-11.006 -7.496 
25.986 23.11 
0.506 0.186 
2.88 -25.02 
0.8506 -12.1392 
-3.8882 -27.7854 
24.118 1.92 
-2.1438 15.3196 
0.8554 -16.018 
-13.914 -29.28 
26.123 32.768 
---end
-21.0122 21.9591 
32.768 15.2266 
3.91 -18.5568 
-4.924 22.152 
15.722 2.84 
1.48886 2.5916 
-13.6396 -14.1478 
-28.1341 -12.8652 
-6.6128 1.8532 
-11.006 -7.496 
25.986 23.11 
0.506 0.186 
2.88 -25.02 
0.8506 -12.1392 
-3.8882 -27.7854 
24.118 1.92 
4.61454 9.12471 
0.8554 -16.018 
-20.0757 -7.4878 
26.123 32.768 
-21.0122 21.9591 
32.768 15.2266 
3.91 -18.5568 
-4.924 22.152 
15.722 2.84 
1.48886 2.5916 
-13.6396 -14.1478 
-28.1341 -12.8652 
-6.6128 1.8532 
-11.006 -7.496 
25.986 23.11 
0.506 0.186 
2.88 -25.02 
0.8506 -12.1392 
-3.8882 -27.7854 
24.118 1.92 
4.61454 9.12471 
0.8554 -16.018 
-20.0757 -7.4878 
26.123 32.768 
---end
-21.0122 21.9591 
23.11 16.8529 
3.91 -18.5568 
-4.924 22.152 
15.722 2.84 
1.48886 2.5916 
-13.6396 -14.1478 
-28.1341 -12.8652 
-6.6128 1.8532 
-11.006 -7.496 
25.986 23.11 
0.506 0.186 
2.88 -25.02 
0.8506 -12.1392 
-3.8882 -27.7854 
24.118 1.92 
4.61454 9.12471 
0.8554 -16.018 
-13.3174 -13.6827 
26.123 32.768 
-21.0122 21.9591 
23.11 16.8529 
3.91 -18.5568 
-4.924 22.152 
15.722 2.84 
1.48886 2.5916 
-13.6396 -14.1478 
-28.1341 -12.8652 
-6.6128 1.8532 
-11.006 -7.496 
25.986 23.11 
0.506 0.186 
2.88 -25.02 
0.8506 -12.1392 
-3.8882 -27.7854 
24.118 1.92 
4.61454 9.12471 
0.8554 -16.018 
-13.3174 -13.6827 
26.123 32.768 
---end
-21.0122 21.9591 
23.11 16.8529 
3.91 -18.5568 
-4.924 22.152 
15.722 2.84 
1.48886 2.5916 
-13.6396 -14.1478 
-28.1341 -12.8652 
-6.6128 1.8532 
-11.006 -7.496 
25.986 23.11 
0.506 0.186 
2.88 -25.02 
0.8506 -12.1392 
-3.8882 -27.7854 
24.118 1.92 
4.61454 9.12471 
0.8554 -16.018 
-13.3174 -13.6827 
26.123 32.768 
-21.0122 21.9591 
23.11 16.8529 
3.91 -18.5568 
-4.924 22.152 
15.722 2.84 
1.48886 2.5916 
-13.6396 -14.1478 
-28.1341 -12.8652 
-6.6128 1.8532 
-11.006 -7.496 
25.986 23.11 
0.506 0.186 
2.88 -25.02 
0.8506 -12.1392 
-3.8882 -27.7854 
24.118 1.92 
4.61454 9.12471 
0.8554 -16.018 
-13.3174 -13.6827 
26.123 32.768 
---end
-21.0122 21.9591 
23.11 16.8529 
3.91 -18.5568 
-4.924 22.152 
15.722 2.84 
1.48886 2.5916 
-13.6396 -14.1478 
-28.1341 -12.8652 
-6.6128 1.8532 
-11.006 -7.496 
25.986 23.11 
0.506 0.186 
2.88 -25.02 
0.8506 -12.1392 
-3.8882 -27.7854 
24.118 1.92 
4.61454 9.12471 
0.8554 -16.018 
-13.3174 -13.6827 
26.123 32.768 
-21.0122 21.9591 
23.11 16.8529 
3.91 -18.5568 
-4.924 22.152 
15.722 2.84 
1.48886 2.5916 
-13.6396 -14.1478 
-28.1341 -12.8652 
-6.6128 1.8532 
-11.006 -7.496 
25.986 23.11 
0.506 0.186 
2.88 -25.02 
0.8506 -12.1392 
-3.8882 -27.7854 
24.118 1.92 
4.61454 9.12471 
0.8554 -16.018 
-13.3174 -13.6827 
26.123 32.768 
---end
-21.0122 21.9591 
23.11 16.8529 
3.91 -18.5568 
-4.924 22.152 
15.722 2.84 
1.48886 2.5916 
-13.6396 -14.1478 
-28.1341 -12.8652 
-6.6128 1.8532 
-11.006 -7.496 
25.986 23.11 
0.506 0.186 
2.88 -25.02 
0.8506 -12.1392 
-3.8882 -27.7854 
24.118 1.92 
4.61454 9.12471 
0.8554 -16.018 
-13.3174 -13.6827 
26.123 32.768 
-21.0122 21.9591 
23.11 16.8529 
3.91 -18.5568 
-4.924 22.152 
15.722 2.84 
1.48886 2.5916 
-13.6396 -14.1478 
-28.1341 -12.8652 
-6.6128 1.8532 
-11.006 -7.496 
25.986 23.11 
0.506 0.186 
2.88 -25.02 
0.8506 -12.1392 
-3.8882 -27.7854 
24.118 1.92 
4.61454 9.12471 
0.8554 -16.018 
-13.3174 -13.6827 
26.123 32.768 
---end
-21.0122 21.9591 
23.11 16.8529 
3.91 -18.5568 
-4.924 22.152 
15.722 2.84 
1.48886 2.5916 
-13.6396 -14.1478 
-28.1341 -12.8652 
-6.6128 1.8532 
-11.006 -7.496 
25.986 23.11 
0.506 0.186 
2.88 -25.02 
0.8506 -12.1392 
-3.8882 -27.7854 
24.118 1.92 
4.61454 9.12471 
0.8554 -16.018 
-13.3174 -13.6827 
26.123 32.768 
-21.0122 21.9591 
23.11 16.8529 
3.91 -18.5568 
-4.924 22.152 
15.722 2.84 
1.48886 2.5916 
-13.6396 -14.1478 
-28.1341 -12.8652 
-6.6128 1.8532 
-11.006 -7.496 
25.986 23.11 
0.506 0.186 
2.88 -25.02 
0.8506 -12.1392 
-3.8882 -27.7854 
24.118 1.92 
4.61454 9.12471 
0.8554 -16.018 
-13.3174 -13.6827 
26.123 32.768 
---end
-21.0122 21.9591 
23.11 16.8529 
3.91 -18.5568 
-4.924 22.152 
15.722 2.84 
1.48886 2.5916 
-13.6396 -14.1478 
-28.1341 -12.8652 
-6.6128 1.8532 
-11.006 -7.496 
25.986 23.11 
0.506 0.186 
2.88 -25.02 
0.8506 -12.1392 
-3.8882 -27.7854 
24.118 1.92 
4.61454 9.12471 
0.8554 -16.018 
-13.3174 -13.6827 
26.123 32.768 
-21.0122 21.9591 
23.11 16.8529 
3.91 -18.5568 
-4.924 22.152 
15.722 2.84 
1.48886 2.5916 
-13.6396 -14.1478 
-28.1341 -12.8652 
-6.6128 1.8532 
-11.006 -7.496 
25.986 23.11 
0.506 0.186 
2.88 -25.02 
0.8506 -12.1392 
-3.8882 -27.7854 
24.118 1.92 
4.61454 9.12471 
0.8554 -16.018 
-13.3174 -13.6827 
26.123 32.768 
---end
-21.0122 21.9591 
23.11 16.8529 
3.91 -18.5568 
-4.924 22.152 
15.722 2.84 
1.48886 2.5916 
-13.6396 -14.1478 
-28.1341 -12.8652 
-6.6128 1.8532 
-11.006 -7.496 
25.986 23.11 
0.506 0.186 
2.88 -25.02 
0.8506 -12.1392 
-3.8882 -27.7854 
24.118 1.92 
4.61454 9.12471 
0.8554 -16.018 
-13.3174 -13.6827 
26.123 32.768 
-21.0122 21.9591 
23.11 16.8529 
3.91 -18.5568 
-4.924 22.152 
15.722 2.84 
1.48886 2.5916 
-13.6396 -14.1478 
-28.1341 -12.8652 
-6.6128 1.8532 
-11.006 -7.496 
25.986 23.11 
0.506 0.186 
2.88 -25.02 
0.8506 -12.1392 
-3.8882 -27.7854 
24.118 1.92 
4.61454 9.12471 
0.8554 -16.018 
-13.3174 -13.6827 
26.123 32.768 
---end
-21.0122 21.9591 
23.11 16.8529 
3.91 -18.5568 
-4.924 22.152 
15.722 2.84 
1.48886 2.5916 
-13.6396 -14.1478 
-28.1341 -12.8652 
-6.6128 1.8532 
-11.006 -7.496 
25.986 23.11 
0.506 0.186 
2.88 -25.02 
0.8506 -12.1392 
-3.8882 -27.7854 
24.118 1.92 
4.61454 9.12471 
0.8554 -16.018 
-13.3174 -13.6827 
26.123 32.768 
-21.0122 21.9591 
23.11 16.8529 
3.91 -18.5568 
-4.924 22.152 
15.722 2.84 
1.48886 2.5916 
-13.6396 -14.1478 
-28.1341 -12.8652 
-6.6128 1.8532 
-11.006 -7.496 
25.986 23.11 
0.506 0.186 
2.88 -25.02 
0.8506 -12.1392 
-3.8882 -27.7854 
24.118 1.92 
4.61454 9.12471 
0.8554 -16.018 
-13.3174 -13.6827 
26.123 32.768 
---end
-21.0122 21.9591 
23.11 16.8529 
3.91 -18.5568 
-4.924 22.152 
15.722 2.84 
1.48886 2.5916 
-13.6396 -14.1478 
-28.1341 -12.8652 
-6.6128 1.8532 
-11.006 -7.496 
25.986 23.11 
0.506 0.186 
2.88 -25.02 
0.8506 -12.1392 
-3.8882 -27.7854 
24.118 1.92 
4.61454 9.12471 
0.8554 -16.018 
-13.3174 -13.6827 
26.123 32.768 
-21.0122 21.9591 
23.11 16.8529 
3.91 -18.5568 
-4.924 22.152 
15.722 2.84 
1.48886 2.5916 
-13.6396 -14.1478 
-28.1341 -12.8652 
-6.6128 1.8532 
-11.006 -7.496 
25.986 23.11 
0.506 0.186 
2.88 -25.02 
0.8506 -12.1392 
-3.8882 -27.7854 
24.118 1.92 
4.61454 9.12471 
0.8554 -16.018 
-13.3174 -13.6827 
26.123 32.768 
---end
-21.0122 21.9591 
23.11 16.8529 
3.91 -18.5568 
-4.924 22.152 
15.722 2.84 
1.48886 2.5916 
-13.6396 -14.1478 
-28.1341 -12.8652 
-6.6128 1.8532 
-11.006 -7.496 
25.986 23.11 
0.506 0.186 
2.88 -25.02 
0.8506 -12.1392 
-3.8882 -27.7854 
24.118 1.92 
4.61454 9.12471 
0.8554 -16.018 
-13.3174 -13.6827 
26.123 32.768 
-21.0122 21.9591 
23.11 16.8529 
3.91 -18.5568 
-4.924 22.152 
15.722 2.84 
1.48886 2.5916 
-13.6396 -14.1478 
-28.1341 -12.8652 
-6.6128 1.8532 
-11.006 -7.496 
25.986 23.11 
0.506 0.186 
2.88 -25.02 
0.8506 -12.1392 
-3.8882 -27.7854 
24.118 1.92 
4.61454 9.12471 
0.8554 -16.018 
-13.3174 -13.6827 
26.123 32.768 
---end
-21.0122 21.9591 
23.11 16.8529 
3.91 -18.5568 
-4.924 22.152 
15.722 2.84 
1.48886 2.5916 
-13.6396 -14.1478 
-28.1341 -12.8652 
-6.6128 1.8532 
-11.006 -7.496 
25.986 23.11 
0.506 0.186 
2.88 -25.02 
0.8506 -12.1392 
-3.8882 -27.7854 
24.118 1.92 
4.61454 9.12471 
0.8554 -16.018 
-13.3174 -13.6827 
26.123 32.768 
-21.0122 21.9591 
23.11 16.8529 
3.91 -18.5568 
-4.924 22.152 
15.722 2.84 
1.48886 2.5916 
-13.6396 -14.1478 
-28.1341 -12.8652 
-6.6128 1.8532 
-11.006 -7.496 
25.986 23.11 
0.506 0.186 
2.88 -25.02 
0.8506 -12.1392 
-3.8882 -27.7854 
24.118 1.92 
4.61454 9.12471 
0.8554 -16.018 
-13.3174 -13.6827 
26.123 32.768 
---end
-21.0122 21.9591 
23.11 16.8529 
3.91 -18.5568 
-4.924 22.152 
15.722 2.84 
1.48886 2.5916 
-13.6396 -14.1478 
-28.1341 -12.8652 
-6.6128 1.8532 
-11.006 -7.496 
25.986 23.11 
0.506 0.186 
2.88 -25.02 
0.8506 -12.1392 
-3.8882 -27.7854 
24.118 1.92 
4.61454 9.12471 
0.8554 -16.018 
-13.3174 -13.6827 
26.123 32.768 
-21.0122 21.9591 
23.11 16.8529 
3.91 -18.5568 
-4.924 22.152 
15.722 2.84 
1.48886 2.5916 
-13.6396 -14.1478 
-28.1341 -12.8652 
-6.6128 1.8532 
-11.006 -7.496 
25.986 23.11 
0.506 0.186 
2.88 -25.02 
0.8506 -12.1392 
-3.8882 -27.7854 
24.118 1.92 
4.61454 9.12471 
0.8554 -16.018 
-13.3174 -13.6827 
26.123 32.768 
---end
-21.0122 21.9591 
23.11 16.8529 
3.91 -18.5568 
-4.924 22.152 
15.722 2.84 
1.48886 2.5916 
-13.6396 -14.1478 
-28.1341 -12.8652 
-6.6128 1.8532 
-11.006 -7.496 
25.986 23.11 
0.506 0.186 
2.88 -25.02 
0.8506 -12.1392 
-3.8882 -27.7854 
24.118 1.92 
4.61454 9.12471 
0.8554 -16.018 
-13.3174 -13.6827 
26.123 32.768 
-21.0122 21.9591 
23.11 16.8529 
3.91 -18.5568 
-4.924 22.152 
15.722 2.84 
1.48886 2.5916 
-13.6396 -14.1478 
-28.1341 -12.8652 
-6.6128 1.8532 
-11.006 -7.496 
25.986 23.11 
0.506 0.186 
2.88 -25.02 
0.8506 -12.1392 
-3.8882 -27.7854 
24.118 1.92 
4.61454 9.12471 
0.8554 -16.018 
-13.3174 -13.6827 
26.123 32.768 
---end
-21.0122 21.9591 
23.11 16.8529 
3.91 -18.5568 
-4.924 22.152 
15.722 2.84 
1.48886 2.5916 
-13.6396 -14.1478 
-28.1341 -12.8652 
-6.6128 1.8532 
-11.006 -7.496 
25.986 23.11 
0.506 0.186 
2.88 -25.02 
0.8506 -12.1392 
-3.8882 -27.7854 
24.118 1.92 
4.61454 9.12471 
0.8554 -16.018 
-13.3174 -13.6827 
26.123 32.768 
-21.0122 21.9591 
23.11 16.8529 
3.91 -18.5568 
-4.924 22.152 
15.722 2.84 
1.48886 2.5916 
-13.6396 -14.1478 
-28.1341 -12.8652 
-6.6128 1.8532 
-11.006 -7.496 
25.986 23.11 
0.506 0.186 
2.88 -25.02 
0.8506 -12.1392 
-3.8882 -27.7854 
24.118 1.92 
4.61454 9.12471 
0.8554 -16.018 
-13.3174 -13.6827 
26.123 32.768 
---end
-21.0122 21.9591 
23.11 16.8529 
3.91 -18.5568 
-4.924 22.152 
15.722 2.84 
1.48886 2.5916 
-13.6396 -14.1478 
-28.1341 -12.8652 
-6.6128 1.8532 
-11.006 -7.496 
25.986 23.11 
0.506 0.186 
2.88 -25.02 
0.8506 -12.1392 
-3.8882 -27.7854 
24.118 1.92 
4.61454 9.12471 
0.8554 -16.018 
-13.3174 -13.6827 
26.123 32.768 
-21.0122 21.9591 
23.11 16.8529 
3.91 -18.5568 
-4.924 22.152 
15.722 2.84 
1.48886 2.5916 
-13.6396 -14.1478 
-28.1341 -12.8652 
-6.6128 1.8532 
-11.006 -7.496 
25.986 23.11 
0.506 0.186 
2.88 -25.02 
0.8506 -12.1392 
-3.8882 -27.7854 
24.118 1.92 
4.61454 9.12471 
0.8554 -16.018 
-13.3174 -13.6827 
26.123 32.768 
---end
-21.0122 21.9591 
23.11 16.8529 
3.91 -18.5568 
-4.924 22.152 
15.722 2.84 
1.48886 2.5916 
-13.6396 -14.1478 
-28.1341 -12.8652 
-6.6128 1.8532 
-11.006 -7.496 
25.986 23.11 
0.506 0.186 
2.88 -25.02 
0.8506 -12.1392 
-3.8882 -27.7854 
24.118 1.92 
4.61454 9.12471 
0.8554 -16.018 
-13.3174 -13.6827 
26.123 32.768 
-21.0122 21.9591 
23.11 16.8529 
3.91 -18.5568 
-4.924 22.152 
15.722 2.84 
1.48886 2.5916 
-13.6396 -14.1478 
-28.1341 -12.8652 
-6.6128 1.8532 
-11.006 -7.496 
25.986 23.11 
0.506 0.186 
2.88 -25.02 
0.8506 -12.1392 
-3.8882 -27.7854 
24.118 1.92 
4.61454 9.12471 
0.8554 -16.018 
-13.3174 -13.6827 
26.123 32.768 
---end
-21.0122 21.9591 
23.11 16.8529 
3.91 -18.5568 
-4.924 22.152 
15.722 2.84 
1.48886 2.5916 
-13.6396 -14.1478 
-28.1341 -12.8652 
-6.6128 1.8532 
-11.006 -7.496 
25.986 23.11 
0.506 0.186 
2.88 -25.02 
0.8506 -12.1392 
-3.8882 -27.7854 
24.118 1.92 
4.61454 9.12471 
0.8554 -16.018 
-13.3174 -13.6827 
26.123 32.768 
-21.0122 21.9591 
23.11 16.8529 
3.91 -18.5568 
-4.924 22.152 
15.722 2.84 
1.48886 2.5916 
-13.6396 -14.1478 
-28.1341 -12.8652 
-6.6128 1.8532 
-11.006 -7.496 
25.986 23.11 
0.506 0.186 
2.88 -25.02 
0.8506 -12.1392 
-3.8882 -27.7854 
24.118 1.92 
4.61454 9.12471 
0.8554 -16.018 
-13.3174 -13.6827 
26.123 32.768 
---end
-21.0122 21.9591 
23.11 16.8529 
3.91 -18.5568 
-4.924 22.152 
15.722 2.84 
1.48886 2.5916 
-13.6396 -14.1478 
-28.1341 -12.8652 
-6.6128 1.8532 
-11.006 -7.496 
25.986 23.11 
0.506 0.186 
2.88 -25.02 
0.8506 -12.1392 
-3.8882 -27.7854 
24.118 1.92 
4.61454 9.12471 
0.8554 -16.018 
-13.3174 -13.6827 
26.123 32.768 
-21.0122 21.9591 
23.11 16.8529 
3.91 -18.5568 
-4.924 22.152 
15.722 2.84 
1.48886 2.5916 
-13.6396 -14.1478 
-28.1341 -12.8652 
-6.6128 1.8532 
-11.006 -7.496 
25.986 23.11 
0.506 0.186 
2.88 -25.02 
0.8506 -12.1392 
-3.8882 -27.7854 
24.118 1.92 
4.61454 9.12471 
0.8554 -16.018 
-13.3174 -13.6827 
26.123 32.768 
---end
-21.0122 21.9591 
23.11 16.8529 
3.91 -18.5568 
-4.924 22.152 
15.722 2.84 
1.48886 2.5916 
-13.6396 -14.1478 
-28.1341 -12.8652 
-6.6128 1.8532 
-11.006 -7.496 
25.986 23.11 
0.506 0.186 
2.88 -25.02 
0.8506 -12.1392 
-3.8882 -27.7854 
24.118 1.92 
4.61454 9.12471 
0.8554 -16.018 
-13.3174 -13.6827 
26.123 32.768 
-21.0122 21.9591 
23.11 16.8529 
3.91 -18.5568 
-4.924 22.152 
15.722 2.84 
1.48886 2.5916 
-13.6396 -14.1478 
-28.1341 -12.8652 
-6.6128 1.8532 
-11.006 -7.496 
25.986 23.11 
0.506 0.186 
2.88 -25.02 
0.8506 -12.1392 
-3.8882 -27.7854 
24.118 1.92 
4.61454 9.12471 
0.8554 -16.018 
-13.3174 -13.6827 
26.123 32.768 
---end
-21.0122 21.9591 
23.11 16.8529 
3.91 -18.5568 
-4.924 22.152 
15.722 2.84 
1.48886 2.5916 
-13.6396 -14.1478 
-28.1341 -12.8652 
-6.6128 1.8532 
-11.006 -7.496 
25.986 23.11 
0.506 0.186 
2.88 -25.02 
0.8506 -12.1392 
-3.8882 -27.7854 
24.118 1.92 
4.61454 9.12471 
0.8554 -16.018 
-13.3174 -13.6827 
26.123 32.768 
-21.0122 21.9591 
23.11 16.8529 
3.91 -18.5568 
-4.924 22.152 
15.722 2.84 
1.48886 2.5916 
-13.6396 -14.1478 
-28.1341 -12.8652 
-6.6128 1.8532 
-11.006 -7.496 
25.986 23.11 
0.506 0.186 
2.88 -25.02 
0.8506 -12.1392 
-3.8882 -27.7854 
24.118 1.92 
4.61454 9.12471 
0.8554 -16.018 
-13.3174 -13.6827 
26.123 32.768 
---end
-21.0122 21.9591 
23.11 16.8529 
3.91 -18.5568 
-4.924 22.152 
15.722 2.84 
1.48886 2.5916 
-13.6396 -14.1478 
-28.1341 -12.8652 
-6.6128 1.8532 
-11.006 -7.496 
25.986 23.11 
0.506 0.186 
2.88 -25.02 
0.8506 -12.1392 
-3.8882 -27.7854 
24.118 1.92 
4.61454 9.12471 
0.8554 -16.018 
-13.3174 -13.6827 
26.123 32.768 
-21.0122 21.9591 
23.11 16.8529 
3.91 -18.5568 
-4.924 22.152 
15.722 2.84 
1.48886 2.5916 
-13.6396 -14.1478 
-28.1341 -12.8652 
-6.6128 1.8532 
-11.006 -7.496 
25.986 23.11 
0.506 0.186 
2.88 -25.02 
0.8506 -12.1392 
-3.8882 -27.7854 
24.118 1.92 
4.61454 9.12471 
0.8554 -16.018 
-13.3174 -13.6827 
26.123 32.768 
---end
-21.0122 21.9591 
23.11 16.8529 
3.91 -18.5568 
-4.924 22.152 
15.722 2.84 
1.48886 2.5916 
-13.6396 -14.1478 
-28.1341 -12.8652 
-6.6128 1.8532 
-11.006 -7.496 
25.986 23.11 
0.506 0.186 
2.88 -25.02 
0.8506 -12.1392 
-3.8882 -27.7854 
24.118 1.92 
4.61454 9.12471 
0.8554 -16.018 
-13.3174 -13.6827 
26.123 32.768 
-21.0122 21.9591 
23.11 16.8529 
3.91 -18.5568 
-4.924 22.152 
15.722 2.84 
1.48886 2.5916 
-13.6396 -14.1478 
-28.1341 -12.8652 
-6.6128 1.8532 
-11.006 -7.496 
25.986 23.11 
0.506 0.186 
2.88 -25.02 
0.8506 -12.1392 
-3.8882 -27.7854 
24.118 1.92 
4.61454 9.12471 
0.8554 -16.018 
-13.3174 -13.6827 
26.123 32.768 
---end
-21.0122 21.9591 
23.11 16.8529 
3.91 -18.5568 
-4.924 22.152 
15.722 2.84 
1.48886 2.5916 
-13.6396 -14.1478 
-28.1341 -12.8652 
-6.6128 1.8532 
-11.006 -7.496 
25.986 23.11 
0.506 0.186 
2.88 -25.02 
0.8506 -12.1392 
-3.8882 -27.7854 
24.118 1.92 
4.61454 9.12471 
0.8554 -16.018 
-13.3174 -13.6827 
26.123 32.768 
-21.0122 21.9591 
23.11 16.8529 
3.91 -18.5568 
-4.924 22.152 
15.722 2.84 
1.48886 2.5916 
-13.6396 -14.1478 
-28.1341 -12.8652 
-6.6128 1.8532 
-11.006 -7.496 
25.986 23.11 
0.506 0.186 
2.88 -25.02 
0.8506 -12.1392 
-3.8882 -27.7854 
24.118 1.92 
4.61454 9.12471 
0.8554 -16.018 
-13.3174 -13.6827 
26.123 32.768 
---end
-21.0122 21.9591 
23.11 16.8529 
3.91 -18.5568 
-4.924 22.152 
15.722 2.84 
1.48886 2.5916 
-13.6396 -14.1478 
-28.1341 -12.8652 
-6.6128 1.8532 
-11.006 -7.496 
25.986 23.11 
0.506 0.186 
2.88 -25.02 
0.8506 -12.1392 
-3.8882 -27.7854 
24.118 1.92 
4.61454 9.12471 
0.8554 -16.018 
-13.3174 -13.6827 
26.123 32.768 
-21.0122 21.9591 
23.11 16.8529 
3.91 -18.5568 
-4.924 22.152 
15.722 2.84 
1.48886 2.5916 
-13.6396 -14.1478 
-28.1341 -12.8652 
-6.6128 1.8532 
-11.006 -7.496 
25.986 23.11 
0.506 0.186 
2.88 -25.02 
0.8506 -12.1392 
-3.8882 -27.7854 
24.118 1.92 
4.61454 9.12471 
0.8554 -16.018 
-13.3174 -13.6827 
26.123 32.768 
---end
-21.0122 21.9591 
23.11 16.8529 
3.91 -18.5568 
-4.924 22.152 
15.722 2.84 
1.48886 2.5916 
-13.6396 -14.1478 
-28.1341 -12.8652 
-6.6128 1.8532 
-11.006 -7.496 
25.986 23.11 
0.506 0.186 
2.88 -25.02 
0.8506 -12.1392 
-3.8882 -27.7854 
24.118 1.92 
4.61454 9.12471 
0.8554 -16.018 
-13.3174 -13.6827 
26.123 32.768 
-21.0122 21.9591 
23.11 16.8529 
3.91 -18.5568 
-4.924 22.152 
15.722 2.84 
1.48886 2.5916 
-13.6396 -14.1478 
-28.1341 -12.8652 
-6.6128 1.8532 
-11.006 -7.496 
25.986 23.11 
0.506 0.186 
2.88 -25.02 
0.8506 -12.1392 
-3.8882 -27.7854 
24.118 1.92 
4.61454 9.12471 
0.8554 -16.018 
-13.3174 -13.6827 
26.123 32.768 
---end
-21.0122 21.9591 
23.11 16.8529 
3.91 -18.5568 
-4.924 22.152 
15.722 2.84 
1.48886 2.5916 
-13.6396 -14.1478 
-28.1341 -12.8652 
-6.6128 1.8532 
-11.006 -7.496 
25.986 23.11 
0.506 0.186 
2.88 -25.02 
0.8506 -12.1392 
-3.8882 -27.7854 
24.118 1.92 
4.61454 9.12471 
0.8554 -16.018 
-13.3174 -13.6827 
26.123 32.768 
-21.0122 21.9591 
23.11 16.8529 
3.91 -18.5568 
-4.924 22.152 
15.722 2.84 
1.48886 2.5916 
-13.6396 -14.1478 
-28.1341 -12.8652 
-6.6128 1.8532 
-11.006 -7.496 
25.986 23.11 
0.506 0.186 
2.88 -25.02 
0.8506 -12.1392 
-3.8882 -27.7854 
24.118 1.92 
4.61454 9.12471 
0.8554 -16.018 
-13.3174 -13.6827 
26.123 32.768 
---end
-21.0122 21.9591 
23.11 16.8529 
3.91 -18.5568 
-4.924 22.152 
15.722 2.84 
1.48886 2.5916 
-13.6396 -14.1478 
-28.1341 -12.8652 
-6.6128 1.8532 
-11.006 -7.496 
25.986 23.11 
0.506 0.186 
2.88 -25.02 
0.8506 -12.1392 
-3.8882 -27.7854 
24.118 1.92 
4.61454 9.12471 
0.8554 -16.018 
-13.3174 -13.6827 
26.123 32.768 
-21.0122 21.9591 
23.11 16.8529 
3.91 -18.5568 
-4.924 22.152 
15.722 2.84 
1.48886 2.5916 
-13.6396 -14.1478 
-28.1341 -12.8652 
-6.6128 1.8532 
-11.006 -7.496 
25.986 23.11 
0.506 0.186 
2.88 -25.02 
0.8506 -12.1392 
-3.8882 -27.7854 
24.118 1.92 
4.61454 9.12471 
0.8554 -16.018 
-13.3174 -13.6827 
26.123 32.768 
---end
-21.0122 21.9591 
23.11 16.8529 
3.91 -18.5568 
-4.924 22.152 
15.722 2.84 
1.48886 2.5916 
-13.6396 -14.1478 
-28.1341 -12.8652 
-6.6128 1.8532 
-11.006 -7.496 
25.986 23.11 
0.506 0.186 
2.88 -25.02 
0.8506 -12.1392 
-3.8882 -27.7854 
24.118 1.92 
4.61454 9.12471 
0.8554 -16.018 
-13.3174 -13.6827 
26.123 32.768 
-21.0122 21.9591 
23.11 16.8529 
3.91 -18.5568 
-4.924 22.152 
15.722 2.84 
1.48886 2.5916 
-13.6396 -14.1478 
-28.1341 -12.8652 
-6.6128 1.8532 
-11.006 -7.496 
25.986 23.11 
0.506 0.186 
2.88 -25.02 
0.8506 -12.1392 
-3.8882 -27.7854 
24.118 1.92 
4.61454 9.12471 
0.8554 -16.018 
-13.3174 -13.6827 
26.123 32.768 
---end
-21.0122 21.9591 
23.11 16.8529 
3.91 -18.5568 
-4.924 22.152 
15.722 2.84 
1.48886 2.5916 
-13.6396 -14.1478 
-28.1341 -12.8652 
-6.6128 1.8532 
-11.006 -7.496 
25.986 23.11 
0.506 0.186 
2.88 -25.02 
0.8506 -12.1392 
-3.8882 -27.7854 
24.118 1.92 
4.61454 9.12471 
0.8554 -16.018 
-13.3174 -13.6827 
26.123 32.768 
-21.0122 21.9591 
23.11 16.8529 
3.91 -18.5568 
-4.924 22.152 
15.722 2.84 
1.48886 2.5916 
-13.6396 -14.1478 
-28.1341 -12.8652 
-6.6128 1.8532 
-11.006 -7.496 
25.986 23.11 
0.506 0.186 
2.88 -25.02 
0.8506 -12.1392 
-3.8882 -27.7854 
24.118 1.92 
4.61454 9.12471 
0.8554 -16.018 
-13.3174 -13.6827 
26.123 32.768 
---end
-21.0122 21.9591 
23.11 16.8529 
3.91 -18.5568 
-4.924 22.152 
15.722 2.84 
1.48886 2.5916 
-13.6396 -14.1478 
-28.1341 -12.8652 
-6.6128 1.8532 
-11.006 -7.496 
25.986 23.11 
0.506 0.186 
2.88 -25.02 
0.8506 -12.1392 
-3.8882 -27.7854 
24.118 1.92 
4.61454 9.12471 
0.8554 -16.018 
-13.3174 -13.6827 
26.123 32.768 
-21.0122 21.9591 
23.11 16.8529 
3.91 -18.5568 
-4.924 22.152 
15.722 2.84 
1.48886 2.5916 
-13.6396 -14.1478 
-28.1341 -12.8652 
-6.6128 1.8532 
-11.006 -7.496 
25.986 23.11 
0.506 0.186 
2.88 -25.02 
0.8506 -12.1392 
-3.8882 -27.7854 
24.118 1.92 
4.61454 9.12471 
0.8554 -16.018 
-13.3174 -13.6827 
26.123 32.768 
---end
-21.0122 21.9591 
23.11 16.8529 
3.91 -18.5568 
-4.924 22.152 
15.722 2.84 
1.48886 2.5916 
-13.6396 -14.1478 
-28.1341 -12.8652 
-6.6128 1.8532 
-11.006 -7.496 
25.986 23.11 
0.506 0.186 
2.88 -25.02 
0.8506 -12.1392 
-3.8882 -27.7854 
24.118 1.92 
4.61454 9.12471 
0.8554 -16.018 
-13.3174 -13.6827 
26.123 32.768 
-21.0122 21.9591 
23.11 16.8529 
3.91 -18.5568 
-4.924 22.152 
15.722 2.84 
1.48886 2.5916 
-13.6396 -14.1478 
-28.1341 -12.8652 
-6.6128 1.8532 
-11.006 -7.496 
25.986 23.11 
0.506 0.186 
2.88 -25.02 
0.8506 -12.1392 
-3.8882 -27.7854 
24.118 1.92 
4.61454 9.12471 
0.8554 -16.018 
-13.3174 -13.6827 
26.123 32.768 
---end
-21.0122 21.9591 
23.11 16.8529 
3.91 -18.5568 
-4.924 22.152 
15.722 2.84 
1.48886 2.5916 
-13.6396 -14.1478 
-28.1341 -12.8652 
-6.6128 1.8532 
-11.006 -7.496 
25.986 23.11 
0.506 0.186 
2.88 -25.02 
0.8506 -12.1392 
-3.8882 -27.7854 
24.118 1.92 
4.61454 9.12471 
0.8554 -16.018 
-13.3174 -13.6827 
26.123 32.768 
-21.0122 21.9591 
23.11 16.8529 
3.91 -18.5568 
-4.924 22.152 
15.722 2.84 
1.48886 2.5916 
-13.6396 -14.1478 
-28.1341 -12.8652 
-6.6128 1.8532 
-11.006 -7.496 
25.986 23.11 
0.506 0.186 
2.88 -25.02 
0.8506 -12.1392 
-3.8882 -27.7854 
24.118 1.92 
4.61454 9.12471 
0.8554 -16.018 
-13.3174 -13.6827 
26.123 32.768 
---end
-21.0122 21.9591 
23.11 16.8529 
3.91 -18.5568 
-4.924 22.152 
15.722 2.84 
1.48886 2.5916 
-13.6396 -14.1478 
-28.1341 -12.8652 
-6.6128 1.8532 
-11.006 -7.496 
25.986 23.11 
0.506 0.186 
2.88 -25.02 
0.8506 -12.1392 
-3.8882 -27.7854 
24.118 1.92 
4.61454 9.12471 
0.8554 -16.018 
-13.3174 -13.6827 
26.123 32.768 
-21.0122 21.9591 
23.11 16.8529 
3.91 -18.5568 
-4.924 22.152 
15.722 2.84 
1.48886 2.5916 
-13.6396 -14.1478 
-28.1341 -12.8652 
-6.6128 1.8532 
-11.006 -7.496 
25.986 23.11 
0.506 0.186 
2.88 -25.02 
0.8506 -12.1392 
-3.8882 -27.7854 
24.118 1.92 
4.61454 9.12471 
0.8554 -16.018 
-13.3174 -13.6827 
26.123 32.768 
---end
-21.0122 21.9591 
23.11 16.8529 
3.91 -18.5568 
-4.924 22.152 
15.722 2.84 
1.48886 2.5916 
-13.6396 -14.1478 
-28.1341 -12.8652 
-6.6128 1.8532 
-11.006 -7.496 
25.986 23.11 
0.506 0.186 
2.88 -25.02 
0.8506 -12.1392 
-3.8882 -27.7854 
24.118 1.92 
4.61454 9.12471 
0.8554 -16.018 
-13.3174 -13.6827 
26.123 32.768 
-21.0122 21.9591 
23.11 16.8529 
3.91 -18.5568 
-4.924 22.152 
15.722 2.84 
1.48886 2.5916 
-13.6396 -14.1478 
-28.1341 -12.8652 
-6.6128 1.8532 
-11.006 -7.496 
25.986 23.11 
0.506 0.186 
2.88 -25.02 
0.8506 -12.1392 
-3.8882 -27.7854 
24.118 1.92 
4.61454 9.12471 
0.8554 -16.018 
-13.3174 -13.6827 
26.123 32.768 
---end
-21.0122 21.9591 
23.11 16.8529 
3.91 -18.5568 
-4.924 22.152 
15.722 2.84 
1.48886 2.5916 
-13.6396 -14.1478 
-28.1341 -12.8652 
-6.6128 1.8532 
-11.006 -7.496 
25.986 23.11 
0.506 0.186 
2.88 -25.02 
0.8506 -12.1392 
-3.8882 -27.7854 
24.118 1.92 
4.61454 9.12471 
0.8554 -16.018 
-13.3174 -13.6827 
26.123 32.768 
-21.0122 21.9591 
23.11 16.8529 
3.91 -18.5568 
-4.924 22.152 
15.722 2.84 
1.48886 2.5916 
-13.6396 -14.1478 
-28.1341 -12.8652 
-6.6128 1.8532 
-11.006 -7.496 
25.986 23.11 
0.506 0.186 
2.88 -25.02 
0.8506 -12.1392 
-3.8882 -27.7854 
24.118 1.92 
4.61454 9.12471 
0.8554 -16.018 
-13.3174 -13.6827 
26.123 32.768 
---end
-21.0122 21.9591 
23.11 16.8529 
3.91 -18.5568 
-4.924 22.152 
15.722 2.84 
1.48886 2.5916 
-13.6396 -14.1478 
-28.1341 -12.8652 
-6.6128 1.8532 
-11.006 -7.496 
25.986 23.11 
0.506 0.186 
2.88 -25.02 
0.8506 -12.1392 
-3.8882 -27.7854 
24.118 1.92 
4.61454 9.12471 
0.8554 -16.018 
-13.3174 -13.6827 
26.123 32.768 
-21.0122 21.9591 
23.11 16.8529 
3.91 -18.5568 
-4.924 22.152 
15.722 2.84 
1.48886 2.5916 
-13.6396 -14.1478 
-28.1341 -12.8652 
-6.6128 1.8532 
-11.006 -7.496 
25.986 23.11 
0.506 0.186 
2.88 -25.02 
0.8506 -12.1392 
-3.8882 -27.7854 
24.118 1.92 
4.61454 9.12471 
0.8554 -16.018 
-13.3174 -13.6827 
26.123 32.768 
---end
-21.0122 21.9591 
23.11 16.8529 
3.91 -18.5568 
-4.924 22.152 
15.722 2.84 
1.48886 2.5916 
-13.6396 -14.1478 
-28.1341 -12.8652 
-6.6128 1.8532 
-11.006 -7.496 
25.986 23.11 
0.506 0.186 
2.88 -25.02 
0.8506 -12.1392 
-3.8882 -27.7854 
24.118 1.92 
4.61454 9.12471 
0.8554 -16.018 
-13.3174 -13.6827 
26.123 32.768 
-21.0122 21.9591 
23.11 16.8529 
3.91 -18.5568 
-4.924 22.152 
15.722 2.84 
1.48886 2.5916 
-13.6396 -14.1478 
-28.1341 -12.8652 
-6.6128 1.8532 
-11.006 -7.496 
25.986 23.11 
0.506 0.186 
2.88 -25.02 
0.8506 -12.1392 
-3.8882 -27.7854 
24.118 1.92 
4.61454 9.12471 
0.8554 -16.018 
-13.3174 -13.6827 
26.123 32.768 
---end
-21.0122 21.9591 
23.11 16.8529 
3.91 -18.5568 
-4.924 22.152 
15.722 2.84 
1.48886 2.5916 
-13.6396 -14.1478 
-28.1341 -12.8652 
-6.6128 1.8532 
-11.006 -7.496 
25.986 23.11 
0.506 0.186 
2.88 -25.02 
0.8506 -12.1392 
-3.8882 -27.7854 
24.118 1.92 
4.61454 9.12471 
0.8554 -16.018 
-13.3174 -13.6827 
26.123 32.768 
-21.0122 21.9591 
23.11 16.8529 
3.91 -18.5568 
-4.924 22.152 
15.722 2.84 
1.48886 2.5916 
-13.6396 -14.1478 
-28.1341 -12.8652 
-6.6128 1.8532 
-11.006 -7.496 
25.986 23.11 
0.506 0.186 
2.88 -25.02 
0.8506 -12.1392 
-3.8882 -27.7854 
24.118 1.92 
4.61454 9.12471 
0.8554 -16.018 
-13.3174 -13.6827 
26.123 32.768 
---end
-21.0122 21.9591 
23.11 16.8529 
3.91 -18.5568 
-4.924 22.152 
15.722 2.84 
1.48886 2.5916 
-13.6396 -14.1478 
-28.1341 -12.8652 
-6.6128 1.8532 
-11.006 -7.496 
25.986 23.11 
0.506 0.186 
2.88 -25.02 
0.8506 -12.1392 
-3.8882 -27.7854 
24.118 1.92 
4.61454 9.12471 
0.8554 -16.018 
-13.3174 -13.6827 
26.123 32.768 
-21.0122 21.9591 
23.11 16.8529 
3.91 -18.5568 
-4.924 22.152 
15.722 2.84 
1.48886 2.5916 
-13.6396 -14.1478 
-28.1341 -12.8652 
-6.6128 1.8532 
-11.006 -7.496 
25.986 23.11 
0.506 0.186 
2.88 -25.02 
0.8506 -12.1392 
-3.8882 -27.7854 
24.118 1.92 
4.61454 9.12471 
0.8554 -16.018 
-13.3174 -13.6827 
26.123 32.768 
---end
-21.0122 21.9591 
23.11 16.8529 
3.91 -18.5568 
-4.924 22.152 
15.722 2.84 
1.48886 2.5916 
-13.6396 -14.1478 
-28.1341 -12.8652 
-6.6128 1.8532 
-11.006 -7.496 
25.986 23.11 
0.506 0.186 
2.88 -25.02 
0.8506 -12.1392 
-3.8882 -27.7854 
24.118 1.92 
4.61454 9.12471 
0.8554 -16.018 
-13.3174 -13.6827 
26.123 32.768 
-21.0122 21.9591 
23.11 16.8529 
3.91 -18.5568 
-4.924 22.152 
15.722 2.84 
1.48886 2.5916 
-13.6396 -14.1478 
-28.1341 -12.8652 
-6.6128 1.8532 
-11.006 -7.496 
25.986 23.11 
0.506 0.186 
2.88 -25.02 
0.8506 -12.1392 
-3.8882 -27.7854 
24.118 1.92 
4.61454 9.12471 
0.8554 -16.018 
-13.3174 -13.6827 
26.123 32.768 
---end
-21.0122 21.9591 
23.11 16.8529 
3.91 -18.5568 
-4.924 22.152 
15.722 2.84 
1.48886 2.5916 
-13.6396 -14.1478 
-28.1341 -12.8652 
-6.6128 1.8532 
-11.006 -7.496 
25.986 23.11 
0.506 0.186 
2.88 -25.02 
0.8506 -12.1392 
-3.8882 -27.7854 
24.118 1.92 
4.61454 9.12471 
0.8554 -16.018 
-13.3174 -13.6827 
26.123 32.768 
-21.0122 21.9591 
23.11 16.8529 
3.91 -18.5568 
-4.924 22.152 
15.722 2.84 
1.48886 2.5916 
-13.6396 -14.1478 
-28.1341 -12.8652 
-6.6128 1.8532 
-11.006 -7.496 
25.986 23.11 
0.506 0.186 
2.88 -25.02 
0.8506 -12.1392 
-3.8882 -27.7854 
24.118 1.92 
4.61454 9.12471 
0.8554 -16.018 
-13.3174 -13.6827 
26.123 32.768 
---end
-21.0122 21.9591 
23.11 16.8529 
3.91 -18.5568 
-4.924 22.152 
15.722 2.84 
1.48886 2.5916 
-13.6396 -14.1478 
-28.1341 -12.8652 
-6.6128 1.8532 
-11.006 -7.496 
25.986 23.11 
0.506 0.186 
2.88 -25.02 
0.8506 -12.1392 
-3.8882 -27.7854 
24.118 1.92 
4.61454 9.12471 
0.8554 -16.018 
-13.3174 -13.6827 
26.123 32.768 
-21.0122 21.9591 
23.11 16.8529 
3.91 -18.5568 
-4.924 22.152 
15.722 2.84 
1.48886 2.5916 
-13.6396 -14.1478 
-28.1341 -12.8652 
-6.6128 1.8532 
-11.006 -7.496 
25.986 23.11 
0.506 0.186 
2.88 -25.02 
0.8506 -12.1392 
-3.8882 -27.7854 
24.118 1.92 
4.61454 9.12471 
0.8554 -16.018 
-13.3174 -13.6827 
26.123 32.768 
---end
-21.0122 21.9591 
23.11 16.8529 
3.91 -18.5568 
-4.924 22.152 
15.722 2.84 
1.48886 2.5916 
-13.6396 -14.1478 
-28.1341 -12.8652 
-6.6128 1.8532 
-11.006 -7.496 
25.986 23.11 
0.506 0.186 
2.88 -25.02 
0.8506 -12.1392 
-3.8882 -27.7854 
24.118 1.92 
4.61454 9.12471 
0.8554 -16.018 
-13.3174 -13.6827 
26.123 32.768 
-21.0122 21.9591 
23.11 16.8529 
3.91 -18.5568 
-4.924 22.152 
15.722 2.84 
1.48886 2.5916 
-13.6396 -14.1478 
-28.1341 -12.8652 
-6.6128 1.8532 
-11.006 -7.496 
25.986 23.11 
0.506 0.186 
2.88 -25.02 
0.8506 -12.1392 
-3.8882 -27.7854 
24.118 1.92 
4.61454 9.12471 
0.8554 -16.018 
-13.3174 -13.6827 
26.123 32.768 
---end
-21.0122 21.9591 
23.11 16.8529 
3.91 -18.5568 
-4.924 22.152 
15.722 2.84 
1.48886 2.5916 
-13.6396 -14.1478 
-28.1341 -12.8652 
-6.6128 1.8532 
-11.006 -7.496 
25.986 23.11 
0.506 0.186 
2.88 -25.02 
0.8506 -12.1392 
-3.8882 -27.7854 
24.118 1.92 
4.61454 9.12471 
0.8554 -16.018 
-13.3174 -13.6827 
26.123 32.768 
-21.0122 21.9591 
23.11 16.8529 
3.91 -18.5568 
-4.924 22.152 
15.722 2.84 
1.48886 2.5916 
-13.6396 -14.1478 
-28.1341 -12.8652 
-6.6128 1.8532 
-11.006 -7.496 
25.986 23.11 
0.506 0.186 
2.88 -25.02 
0.8506 -12.1392 
-3.8882 -27.7854 
24.118 1.92 
4.61454 9.12471 
0.8554 -16.018 
-13.3174 -13.6827 
26.123 32.768 
---end
-21.0122 21.9591 
23.11 16.8529 
3.91 -18.5568 
-4.924 22.152 
15.722 2.84 
1.48886 2.5916 
-13.6396 -14.1478 
-28.1341 -12.8652 
-6.6128 1.8532 
-11.006 -7.496 
25.986 23.11 
0.506 0.186 
2.88 -25.02 
0.8506 -12.1392 
-3.8882 -27.7854 
24.118 1.92 
4.61454 9.12471 
0.8554 -16.018 
-13.3174 -13.6827 
26.123 32.768 
-21.0122 21.9591 
23.11 16.8529 
3.91 -18.5568 
-4.924 22.152 
15.722 2.84 
1.48886 2.5916 
-13.6396 -14.1478 
-28.1341 -12.8652 
-6.6128 1.8532 
-11.006 -7.496 
25.986 23.11 
0.506 0.186 
2.88 -25.02 
0.8506 -12.1392 
-3.8882 -27.7854 
24.118 1.92 
4.61454 9.12471 
0.8554 -16.018 
-13.3174 -13.6827 
26.123 32.768 
---end
-21.0122 21.9591 
23.11 16.8529 
3.91 -18.5568 
-4.924 22.152 
15.722 2.84 
1.48886 2.5916 
-13.6396 -14.1478 
-28.1341 -12.8652 
-6.6128 1.8532 
-11.006 -7.496 
25.986 23.11 
0.506 0.186 
2.88 -25.02 
0.8506 -12.1392 
-3.8882 -27.7854 
24.118 1.92 
4.61454 9.12471 
0.8554 -16.018 
-13.3174 -13.6827 
26.123 32.768 
-21.0122 21.9591 
23.11 16.8529 
3.91 -18.5568 
-4.924 22.152 
15.722 2.84 
1.48886 2.5916 
-13.6396 -14.1478 
-28.1341 -12.8652 
-6.6128 1.8532 
-11.006 -7.496 
25.986 23.11 
0.506 0.186 
2.88 -25.02 
0.8506 -12.1392 
-3.8882 -27.7854 
24.118 1.92 
4.61454 9.12471 
0.8554 -16.018 
-13.3174 -13.6827 
26.123 32.768 
---end
-21.0122 21.9591 
23.11 16.8529 
3.91 -18.5568 
-4.924 22.152 
15.722 2.84 
1.48886 2.5916 
-13.6396 -14.1478 
-28.1341 -12.8652 
-6.6128 1.8532 
-11.006 -7.496 
25.986 23.11 
0.506 0.186 
2.88 -25.02 
0.8506 -12.1392 
-3.8882 -27.7854 
24.118 1.92 
4.61454 9.12471 
0.8554 -16.018 
-13.3174 -13.6827 
26.123 32.768 
-21.0122 21.9591 
23.11 16.8529 
3.91 -18.5568 
-4.924 22.152 
15.722 2.84 
1.48886 2.5916 
-13.6396 -14.1478 
-28.1341 -12.8652 
-6.6128 1.8532 
-11.006 -7.496 
25.986 23.11 
0.506 0.186 
2.88 -25.02 
0.8506 -12.1392 
-3.8882 -27.7854 
24.118 1.92 
4.61454 9.12471 
0.8554 -16.018 
-13.3174 -13.6827 
26.123 32.768 
---end
-21.0122 21.9591 
23.11 16.8529 
3.91 -18.5568 
-4.924 22.152 
15.722 2.84 
1.48886 2.5916 
-13.6396 -14.1478 
-28.1341 -12.8652 
-6.6128 1.8532 
-11.006 -7.496 
25.986 23.11 
0.506 0.186 
2.88 -25.02 
0.8506 -12.1392 
-3.8882 -27.7854 
24.118 1.92 
4.61454 9.12471 
0.8554 -16.018 
-13.3174 -13.6827 
26.123 32.768 
-21.0122 21.9591 
23.11 16.8529 
3.91 -18.5568 
-4.924 22.152 
15.722 2.84 
1.48886 2.5916 
-13.6396 -14.1478 
-28.1341 -12.8652 
-6.6128 1.8532 
-11.006 -7.496 
25.986 23.11 
0.506 0.186 
2.88 -25.02 
0.8506 -12.1392 
-3.8882 -27.7854 
24.118 1.92 
4.61454 9.12471 
0.8554 -16.018 
-13.3174 -13.6827 
26.123 32.768 
---end
-21.0122 21.9591 
23.11 16.8529 
3.91 -18.5568 
-4.924 22.152 
15.722 2.84 
1.48886 2.5916 
-13.6396 -14.1478 
-28.1341 -12.8652 
-6.6128 1.8532 
-11.006 -7.496 
25.986 23.11 
0.506 0.186 
2.88 -25.02 
0.8506 -12.1392 
-3.8882 -27.7854 
24.118 1.92 
4.61454 9.12471 
0.8554 -16.018 
-13.3174 -13.6827 
26.123 32.768 
-21.0122 21.9591 
23.11 16.8529 
3.91 -18.5568 
-4.924 22.152 
15.722 2.84 
1.48886 2.5916 
-13.6396 -14.1478 
-28.1341 -12.8652 
-6.6128 1.8532 
-11.006 -7.496 
25.986 23.11 
0.506 0.186 
2.88 -25.02 
0.8506 -12.1392 
-3.8882 -27.7854 
24.118 1.92 
4.61454 9.12471 
0.8554 -16.018 
-13.3174 -13.6827 
26.123 32.768 
---end
-21.0122 21.9591 
23.11 16.8529 
3.91 -18.5568 
-4.924 22.152 
15.722 2.84 
1.48886 2.5916 
-13.6396 -14.1478 
-28.1341 -12.8652 
-6.6128 1.8532 
-11.006 -7.496 
25.986 23.11 
0.506 0.186 
2.88 -25.02 
0.8506 -12.1392 
-3.8882 -27.7854 
24.118 1.92 
4.61454 9.12471 
0.8554 -16.018 
-13.3174 -13.6827 
26.123 32.768 
-21.0122 21.9591 
23.11 16.8529 
3.91 -18.5568 
-4.924 22.152 
15.722 2.84 
1.48886 2.5916 
-13.6396 -14.1478 
-28.1341 -12.8652 
-6.6128 1.8532 
-11.006 -7.496 
25.986 23.11 
0.506 0.186 
2.88 -25.02 
0.8506 -12.1392 
-3.8882 -27.7854 
24.118 1.92 
4.61454 9.12471 
0.8554 -16.018 
-13.3174 -13.6827 
26.123 32.768 
---end
-21.0122 21.9591 
23.11 16.8529 
3.91 -18.5568 
-4.924 22.152 
15.722 2.84 
1.48886 2.5916 
-13.6396 -14.1478 
-28.1341 -12.8652 
-6.6128 1.8532 
-11.006 -7.496 
25.986 23.11 
0.506 0.186 
2.88 -25.02 
0.8506 -12.1392 
-3.8882 -27.7854 
24.118 1.92 
4.61454 9.12471 
0.8554 -16.018 
-13.3174 -13.6827 
26.123 32.768 
-21.0122 21.9591 
23.11 16.8529 
3.91 -18.5568 
-4.924 22.152 
15.722 2.84 
1.48886 2.5916 
-13.6396 -14.1478 
-28.1341 -12.8652 
-6.6128 1.8532 
-11.006 -7.496 
25.986 23.11 
0.506 0.186 
2.88 -25.02 
0.8506 -12.1392 
-3.8882 -27.7854 
24.118 1.92 
4.61454 9.12471 
0.8554 -16.018 
-13.3174 -13.6827 
26.123 32.768 
---end
-21.0122 21.9591 
23.11 16.8529 
3.91 -18.5568 
-4.924 22.152 
15.722 2.84 
1.48886 2.5916 
-13.6396 -14.1478 
-28.1341 -12.8652 
-6.6128 1.8532 
-11.006 -7.496 
25.986 23.11 
0.506 0.186 
2.88 -25.02 
0.8506 -12.1392 
-3.8882 -27.7854 
24.118 1.92 
4.61454 9.12471 
0.8554 -16.018 
-13.3174 -13.6827 
26.123 32.768 
-21.0122 21.9591 
23.11 16.8529 
3.91 -18.5568 
-4.924 22.152 
15.722 2.84 
1.48886 2.5916 
-13.6396 -14.1478 
-28.1341 -12.8652 
-6.6128 1.8532 
-11.006 -7.496 
25.986 23.11 
0.506 0.186 
2.88 -25.02 
0.8506 -12.1392 
-3.8882 -27.7854 
24.118 1.92 
4.61454 9.12471 
0.8554 -16.018 
-13.3174 -13.6827 
26.123 32.768 
---end
-21.0122 21.9591 
23.11 16.8529 
3.91 -18.5568 
-4.924 22.152 
15.722 2.84 
1.48886 2.5916 
-13.6396 -14.1478 
-28.1341 -12.8652 
-6.6128 1.8532 
-11.006 -7.496 
25.986 23.11 
0.506 0.186 
2.88 -25.02 
0.8506 -12.1392 
-3.8882 -27.7854 
24.118 1.92 
4.61454 9.12471 
0.8554 -16.018 
-13.3174 -13.6827 
26.123 32.768 
-21.0122 21.9591 
23.11 16.8529 
3.91 -18.5568 
-4.924 22.152 
15.722 2.84 
1.48886 2.5916 
-13.6396 -14.1478 
-28.1341 -12.8652 
-6.6128 1.8532 
-11.006 -7.496 
25.986 23.11 
0.506 0.186 
2.88 -25.02 
0.8506 -12.1392 
-3.8882 -27.7854 
24.118 1.92 
4.61454 9.12471 
0.8554 -16.018 
-13.3174 -13.6827 
26.123 32.768 
---end
-21.0122 21.9591 
23.11 16.8529 
3.91 -18.5568 
-4.924 22.152 
15.722 2.84 
1.48886 2.5916 
-13.6396 -14.1478 
-28.1341 -12.8652 
-6.6128 1.8532 
-11.006 -7.496 
25.986 23.11 
0.506 0.186 
2.88 -25.02 
0.8506 -12.1392 
-3.8882 -27.7854 
24.118 1.92 
4.61454 9.12471 
0.8554 -16.018 
-13.3174 -13.6827 
26.123 32.768 
-21.0122 21.9591 
23.11 16.8529 
3.91 -18.5568 
-4.924 22.152 
15.722 2.84 
1.48886 2.5916 
-13.6396 -14.1478 
-28.1341 -12.8652 
-6.6128 1.8532 
-11.006 -7.496 
25.986 23.11 
0.506 0.186 
2.88 -25.02 
0.8506 -12.1392 
-3.8882 -27.7854 
24.118 1.92 
4.61454 9.12471 
0.8554 -16.018 
-13.3174 -13.6827 
26.123 32.768 
---end
-21.0122 21.9591 
23.11 16.8529 
3.91 -18.5568 
-4.924 22.152 
15.722 2.84 
1.48886 2.5916 
-13.6396 -14.1478 
-28.1341 -12.8652 
-6.6128 1.8532 
-11.006 -7.496 
25.986 23.11 
0.506 0.186 
2.88 -25.02 
0.8506 -12.1392 
-3.8882 -27.7854 
24.118 1.92 
4.61454 9.12471 
0.8554 -16.018 
-13.3174 -13.6827 
26.123 32.768 
-21.0122 21.9591 
23.11 16.8529 
3.91 -18.5568 
-4.924 22.152 
15.722 2.84 
1.48886 2.5916 
-13.6396 -14.1478 
-28.1341 -12.8652 
-6.6128 1.8532 
-11.006 -7.496 
25.986 23.11 
0.506 0.186 
2.88 -25.02 
0.8506 -12.1392 
-3.8882 -27.7854 
24.118 1.92 
4.61454 9.12471 
0.8554 -16.018 
-13.3174 -13.6827 
26.123 32.768 
---end
-21.0122 21.9591 
23.11 16.8529 
3.91 -18.5568 
-4.924 22.152 
15.722 2.84 
1.48886 2.5916 
-13.6396 -14.1478 
-28.1341 -12.8652 
-6.6128 1.8532 
-11.006 -7.496 
25.986 23.11 
0.506 0.186 
2.88 -25.02 
0.8506 -12.1392 
-3.8882 -27.7854 
24.118 1.92 
4.61454 9.12471 
0.8554 -16.018 
-13.3174 -13.6827 
26.123 32.768 
-21.0122 21.9591 
23.11 16.8529 
3.91 -18.5568 
-4.924 22.152 
15.722 2.84 
1.48886 2.5916 
-13.6396 -14.1478 
-28.1341 -12.8652 
-6.6128 1.8532 
-11.006 -7.496 
25.986 23.11 
0.506 0.186 
2.88 -25.02 
0.8506 -12.1392 
-3.8882 -27.7854 
24.118 1.92 
4.61454 9.12471 
0.8554 -16.018 
-13.3174 -13.6827 
26.123 32.768 
---end
-21.0122 21.9591 
23.11 16.8529 
3.91 -18.5568 
-4.924 22.152 
15.722 2.84 
1.48886 2.5916 
-13.6396 -14.1478 
-28.1341 -12.8652 
-6.6128 1.8532 
-11.006 -7.496 
25.986 23.11 
0.506 0.186 
2.88 -25.02 
0.8506 -12.1392 
-3.8882 -27.7854 
24.118 1.92 
4.61454 9.12471 
0.8554 -16.018 
-13.3174 -13.6827 
26.123 32.768 
-21.0122 21.9591 
23.11 16.8529 
3.91 -18.5568 
-4.924 22.152 
15.722 2.84 
1.48886 2.5916 
-13.6396 -14.1478 
-28.1341 -12.8652 
-6.6128 1.8532 
-11.006 -7.496 
25.986 23.11 
0.506 0.186 
2.88 -25.02 
0.8506 -12.1392 
-3.8882 -27.7854 
24.118 1.92 
4.61454 9.12471 
0.8554 -16.018 
-13.3174 -13.6827 
26.123 32.768 
---end
-21.0122 21.9591 
23.11 16.8529 
3.91 -18.5568 
-4.924 22.152 
15.722 2.84 
1.48886 2.5916 
-13.6396 -14.1478 
-28.1341 -12.8652 
-6.6128 1.8532 
-11.006 -7.496 
25.986 23.11 
0.506 0.186 
2.88 -25.02 
0.8506 -12.1392 
-3.8882 -27.7854 
24.118 1.92 
4.61454 9.12471 
0.8554 -16.018 
-13.3174 -13.6827 
26.123 32.768 
-21.0122 21.9591 
23.11 16.8529 
3.91 -18.5568 
-4.924 22.152 
15.722 2.84 
1.48886 2.5916 
-13.6396 -14.1478 
-28.1341 -12.8652 
-6.6128 1.8532 
-11.006 -7.496 
25.986 23.11 
0.506 0.186 
2.88 -25.02 
0.8506 -12.1392 
-3.8882 -27.7854 
24.118 1.92 
4.61454 9.12471 
0.8554 -16.018 
-13.3174 -13.6827 
26.123 32.768 
---end
-21.0122 21.9591 
23.11 16.8529 
3.91 -18.5568 
-4.924 22.152 
15.722 2.84 
1.48886 2.5916 
-13.6396 -14.1478 
-28.1341 -12.8652 
-6.6128 1.8532 
-11.006 -7.496 
25.986 23.11 
0.506 0.186 
2.88 -25.02 
0.8506 -12.1392 
-3.8882 -27.7854 
24.118 1.92 
4.61454 9.12471 
0.8554 -16.018 
-13.3174 -13.6827 
26.123 32.768 
-21.0122 21.9591 
23.11 16.8529 
3.91 -18.5568 
-4.924 22.152 
15.722 2.84 
1.48886 2.5916 
-13.6396 -14.1478 
-28.1341 -12.8652 
-6.6128 1.8532 
-11.006 -7.496 
25.986 23.11 
0.506 0.186 
2.88 -25.02 
0.8506 -12.1392 
-3.8882 -27.7854 
24.118 1.92 
4.61454 9.12471 
0.8554 -16.018 
-13.3174 -13.6827 
26.123 32.768 
---end
-21.0122 21.9591 
23.11 16.8529 
3.91 -18.5568 
-4.924 22.152 
15.722 2.84 
1.48886 2.5916 
-13.6396 -14.1478 
-28.1341 -12.8652 
-6.6128 1.8532 
-11.006 -7.496 
25.986 23.11 
0.506 0.186 
2.88 -25.02 
0.8506 -12.1392 
-3.8882 -27.7854 
24.118 1.92 
4.61454 9.12471 
0.8554 -16.018 
-13.3174 -13.6827 
26.123 32.768 
-21.0122 21.9591 
23.11 16.8529 
3.91 -18.5568 
-4.924 22.152 
15.722 2.84 
1.48886 2.5916 
-13.6396 -14.1478 
-28.1341 -12.8652 
-6.6128 1.8532 
-11.006 -7.496 
25.986 23.11 
0.506 0.186 
2.88 -25.02 
0.8506 -12.1392 
-3.8882 -27.7854 
24.118 1.92 
4.61454 9.12471 
0.8554 -16.018 
-13.3174 -13.6827 
26.123 32.768 
---end
-21.0122 21.9591 
23.11 16.8529 
3.91 -18.5568 
-4.924 22.152 
15.722 2.84 
1.48886 2.5916 
-13.6396 -14.1478 
-28.1341 -12.8652 
-6.6128 1.8532 
-11.006 -7.496 
25.986 23.11 
0.506 0.186 
2.88 -25.02 
0.8506 -12.1392 
-3.8882 -27.7854 
24.118 1.92 
4.61454 9.12471 
0.8554 -16.018 
-13.3174 -13.6827 
26.123 32.768 
-21.0122 21.9591 
23.11 16.8529 
3.91 -18.5568 
-4.924 22.152 
15.722 2.84 
1.48886 2.5916 
-13.6396 -14.1478 
-28.1341 -12.8652 
-6.6128 1.8532 
-11.006 -7.496 
25.986 23.11 
0.506 0.186 
2.88 -25.02 
0.8506 -12.1392 
-3.8882 -27.7854 
24.118 1.92 
4.61454 9.12471 
0.8554 -16.018 
-13.3174 -13.6827 
26.123 32.768 
---end
-21.0122 21.9591 
23.11 16.8529 
3.91 -18.5568 
-4.924 22.152 
15.722 2.84 
1.48886 2.5916 
-13.6396 -14.1478 
-28.1341 -12.8652 
-6.6128 1.8532 
-11.006 -7.496 
25.986 23.11 
0.506 0.186 
2.88 -25.02 
0.8506 -12.1392 
-3.8882 -27.7854 
24.118 1.92 
4.61454 9.12471 
0.8554 -16.018 
-13.3174 -13.6827 
26.123 32.768 
-21.0122 21.9591 
23.11 16.8529 
3.91 -18.5568 
-4.924 22.152 
15.722 2.84 
1.48886 2.5916 
-13.6396 -14.1478 
-28.1341 -12.8652 
-6.6128 1.8532 
-11.006 -7.496 
25.986 23.11 
0.506 0.186 
2.88 -25.02 
0.8506 -12.1392 
-3.8882 -27.7854 
24.118 1.92 
4.61454 9.12471 
0.8554 -16.018 
-13.3174 -13.6827 
26.123 32.768 
---end
-21.0122 21.9591 
23.11 16.8529 
3.91 -18.5568 
-4.924 22.152 
15.722 2.84 
1.48886 2.5916 
-13.6396 -14.1478 
-28.1341 -12.8652 
-6.6128 1.8532 
-11.006 -7.496 
25.986 23.11 
0.506 0.186 
2.88 -25.02 
0.8506 -12.1392 
-3.8882 -27.7854 
24.118 1.92 
4.61454 9.12471 
0.8554 -16.018 
-13.3174 -13.6827 
26.123 32.768 
-21.0122 21.9591 
23.11 16.8529 
3.91 -18.5568 
-4.924 22.152 
15.722 2.84 
1.48886 2.5916 
-13.6396 -14.1478 
-28.1341 -12.8652 
-6.6128 1.8532 
-11.006 -7.496 
25.986 23.11 
0.506 0.186 
2.88 -25.02 
0.8506 -12.1392 
-3.8882 -27.7854 
24.118 1.92 
4.61454 9.12471 
0.8554 -16.018 
-13.3174 -13.6827 
26.123 32.768 
---end
-21.0122 21.9591 
23.11 16.8529 
3.91 -18.5568 
-4.924 22.152 
15.722 2.84 
1.48886 2.5916 
-13.6396 -14.1478 
-28.1341 -12.8652 
-6.6128 1.8532 
-11.006 -7.496 
25.986 23.11 
0.506 0.186 
2.88 -25.02 
0.8506 -12.1392 
-3.8882 -27.7854 
24.118 1.92 
4.61454 9.12471 
0.8554 -16.018 
-13.3174 -13.6827 
26.123 32.768 
-21.0122 21.9591 
23.11 16.8529 
3.91 -18.5568 
-4.924 22.152 
15.722 2.84 
1.48886 2.5916 
-13.6396 -14.1478 
-28.1341 -12.8652 
-6.6128 1.8532 
-11.006 -7.496 
25.986 23.11 
0.506 0.186 
2.88 -25.02 
0.8506 -12.1392 
-3.8882 -27.7854 
24.118 1.92 
4.61454 9.12471 
0.8554 -16.018 
-13.3174 -13.6827 
26.123 32.768 
---end
-21.0122 21.9591 
23.11 16.8529 
3.91 -18.5568 
-4.924 22.152 
15.722 2.84 
1.48886 2.5916 
-13.6396 -14.1478 
-28.1341 -12.8652 
-6.6128 1.8532 
-11.006 -7.496 
25.986 23.11 
0.506 0.186 
2.88 -25.02 
0.8506 -12.1392 
-3.8882 -27.7854 
24.118 1.92 
4.61454 9.12471 
0.8554 -16.018 
-13.3174 -13.6827 
26.123 32.768 
-21.0122 21.9591 
23.11 16.8529 
3.91 -18.5568 
-4.924 22.152 
15.722 2.84 
1.48886 2.5916 
-13.6396 -14.1478 
-28.1341 -12.8652 
-6.6128 1.8532 
-11.006 -7.496 
25.986 23.11 
0.506 0.186 
2.88 -25.02 
0.8506 -12.1392 
-3.8882 -27.7854 
24.118 1.92 
4.61454 9.12471 
0.8554 -16.018 
-13.3174 -13.6827 
26.123 32.768 
---end
-21.0122 21.9591 
23.11 16.8529 
3.91 -18.5568 
-4.924 22.152 
15.722 2.84 
1.48886 2.5916 
-13.6396 -14.1478 
-28.1341 -12.8652 
-6.6128 1.8532 
-11.006 -7.496 
25.986 23.11 
0.506 0.186 
2.88 -25.02 
0.8506 -12.1392 
-3.8882 -27.7854 
24.118 1.92 
4.61454 9.12471 
0.8554 -16.018 
-13.3174 -13.6827 
26.123 32.768 
-21.0122 21.9591 
23.11 16.8529 
3.91 -18.5568 
-4.924 22.152 
15.722 2.84 
1.48886 2.5916 
-13.6396 -14.1478 
-28.1341 -12.8652 
-6.6128 1.8532 
-11.006 -7.496 
25.986 23.11 
0.506 0.186 
2.88 -25.02 
0.8506 -12.1392 
-3.8882 -27.7854 
24.118 1.92 
4.61454 9.12471 
0.8554 -16.018 
-13.3174 -13.6827 
26.123 32.768 
---end
-21.0122 21.9591 
23.11 16.8529 
3.91 -18.5568 
-4.924 22.152 
15.722 2.84 
1.48886 2.5916 
-13.6396 -14.1478 
-28.1341 -12.8652 
-6.6128 1.8532 
-11.006 -7.496 
25.986 23.11 
0.506 0.186 
2.88 -25.02 
0.8506 -12.1392 
-3.8882 -27.7854 
24.118 1.92 
4.61454 9.12471 
0.8554 -16.018 
-13.3174 -13.6827 
26.123 32.768 
-21.0122 21.9591 
23.11 16.8529 
3.91 -18.5568 
-4.924 22.152 
15.722 2.84 
1.48886 2.5916 
-13.6396 -14.1478 
-28.1341 -12.8652 
-6.6128 1.8532 
-11.006 -7.496 
25.986 23.11 
0.506 0.186 
2.88 -25.02 
0.8506 -12.1392 
-3.8882 -27.7854 
24.118 1.92 
4.61454 9.12471 
0.8554 -16.018 
-13.3174 -13.6827 
26.123 32.768 
---end
-21.0122 21.9591 
23.11 16.8529 
3.91 -18.5568 
-4.924 22.152 
15.722 2.84 
1.48886 2.5916 
-13.6396 -14.1478 
-28.1341 -12.8652 
-6.6128 1.8532 
-11.006 -7.496 
25.986 23.11 
0.506 0.186 
2.88 -25.02 
0.8506 -12.1392 
-3.8882 -27.7854 
24.118 1.92 
4.61454 9.12471 
0.8554 -16.018 
-13.3174 -13.6827 
26.123 32.768 
-21.0122 21.9591 
23.11 16.8529 
3.91 -18.5568 
-4.924 22.152 
15.722 2.84 
1.48886 2.5916 
-13.6396 -14.1478 
-28.1341 -12.8652 
-6.6128 1.8532 
-11.006 -7.496 
25.986 23.11 
0.506 0.186 
2.88 -25.02 
0.8506 -12.1392 
-3.8882 -27.7854 
24.118 1.92 
4.61454 9.12471 
0.8554 -16.018 
-13.3174 -13.6827 
26.123 32.768 
---end
-21.0122 21.9591 
23.11 16.8529 
3.91 -18.5568 
-4.924 22.152 
15.722 2.84 
1.48886 2.5916 
-13.6396 -14.1478 
-28.1341 -12.8652 
-6.6128 1.8532 
-11.006 -7.496 
25.986 23.11 
0.506 0.186 
2.88 -25.02 
0.8506 -12.1392 
-3.8882 -27.7854 
24.118 1.92 
4.61454 9.12471 
0.8554 -16.018 
-13.3174 -13.6827 
26.123 32.768 
-21.0122 21.9591 
23.11 16.8529 
3.91 -18.5568 
-4.924 22.152 
15.722 2.84 
1.48886 2.5916 
-13.6396 -14.1478 
-28.1341 -12.8652 
-6.6128 1.8532 
-11.006 -7.496 
25.986 23.11 
0.506 0.186 
2.88 -25.02 
0.8506 -12.1392 
-3.8882 -27.7854 
24.118 1.92 
4.61454 9.12471 
0.8554 -16.018 
-13.3174 -13.6827 
26.123 32.768 
---end
-21.0122 21.9591 
23.11 16.8529 
3.91 -18.5568 
-4.924 22.152 
15.722 2.84 
1.48886 2.5916 
-13.6396 -14.1478 
-28.1341 -12.8652 
-6.6128 1.8532 
-11.006 -7.496 
25.986 23.11 
0.506 0.186 
2.88 -25.02 
0.8506 -12.1392 
-3.8882 -27.7854 
24.118 1.92 
4.61454 9.12471 
0.8554 -16.018 
-13.3174 -13.6827 
26.123 32.768 
-21.0122 21.9591 
23.11 16.8529 
3.91 -18.5568 
-4.924 22.152 
15.722 2.84 
1.48886 2.5916 
-13.6396 -14.1478 
-28.1341 -12.8652 
-6.6128 1.8532 
-11.006 -7.496 
25.986 23.11 
0.506 0.186 
2.88 -25.02 
0.8506 -12.1392 
-3.8882 -27.7854 
24.118 1.92 
4.61454 9.12471 
0.8554 -16.018 
-13.3174 -13.6827 
26.123 32.768 
---end
-21.0122 21.9591 
23.11 16.8529 
3.91 -18.5568 
-4.924 22.152 
15.722 2.84 
1.48886 2.5916 
-13.6396 -14.1478 
-28.1341 -12.8652 
-6.6128 1.8532 
-11.006 -7.496 
25.986 23.11 
0.506 0.186 
2.88 -25.02 
0.8506 -12.1392 
-3.8882 -27.7854 
24.118 1.92 
4.61454 9.12471 
0.8554 -16.018 
-13.3174 -13.6827 
26.123 32.768 
-21.0122 21.9591 
23.11 16.8529 
3.91 -18.5568 
-4.924 22.152 
15.722 2.84 
1.48886 2.5916 
-13.6396 -14.1478 
-28.1341 -12.8652 
-6.6128 1.8532 
-11.006 -7.496 
25.986 23.11 
0.506 0.186 
2.88 -25.02 
0.8506 -12.1392 
-3.8882 -27.7854 
24.118 1.92 
4.61454 9.12471 
0.8554 -16.018 
-13.3174 -13.6827 
26.123 32.768 
---end
-21.0122 21.9591 
23.11 16.8529 
3.91 -18.5568 
-4.924 22.152 
15.722 2.84 
1.48886 2.5916 
-13.6396 -14.1478 
-28.1341 -12.8652 
-6.6128 1.8532 
-11.006 -7.496 
25.986 23.11 
0.506 0.186 
2.88 -25.02 
0.8506 -12.1392 
-3.8882 -27.7854 
24.118 1.92 
4.61454 9.12471 
0.8554 -16.018 
-13.3174 -13.6827 
26.123 32.768 
-21.0122 21.9591 
23.11 16.8529 
3.91 -18.5568 
-4.924 22.152 
15.722 2.84 
1.48886 2.5916 
-13.6396 -14.1478 
-28.1341 -12.8652 
-6.6128 1.8532 
-11.006 -7.496 
25.986 23.11 
0.506 0.186 
2.88 -25.02 
0.8506 -12.1392 
-3.8882 -27.7854 
24.118 1.92 
4.61454 9.12471 
0.8554 -16.018 
-13.3174 -13.6827 
26.123 32.768 
---end
-21.0122 21.9591 
23.11 16.8529 
3.91 -18.5568 
-4.924 22.152 
15.722 2.84 
1.48886 2.5916 
-13.6396 -14.1478 
-28.1341 -12.8652 
-6.6128 1.8532 
-11.006 -7.496 
25.986 23.11 
0.506 0.186 
2.88 -25.02 
0.8506 -12.1392 
-3.8882 -27.7854 
24.118 1.92 
4.61454 9.12471 
0.8554 -16.018 
-13.3174 -13.6827 
26.123 32.768 
-21.0122 21.9591 
23.11 16.8529 
3.91 -18.5568 
-4.924 22.152 
15.722 2.84 
1.48886 2.5916 
-13.6396 -14.1478 
-28.1341 -12.8652 
-6.6128 1.8532 
-11.006 -7.496 
25.986 23.11 
0.506 0.186 
2.88 -25.02 
0.8506 -12.1392 
-3.8882 -27.7854 
24.118 1.92 
4.61454 9.12471 
0.8554 -16.018 
-13.3174 -13.6827 
26.123 32.768 
---end
-21.0122 21.9591 
23.11 16.8529 
3.91 -18.5568 
-4.924 22.152 
15.722 2.84 
1.48886 2.5916 
-13.6396 -14.1478 
-28.1341 -12.8652 
-6.6128 1.8532 
-11.006 -7.496 
25.986 23.11 
0.506 0.186 
2.88 -25.02 
0.8506 -12.1392 
-3.8882 -27.7854 
24.118 1.92 
4.61454 9.12471 
0.8554 -16.018 
-13.3174 -13.6827 
26.123 32.768 
-21.0122 21.9591 
23.11 16.8529 
3.91 -18.5568 
-4.924 22.152 
15.722 2.84 
1.48886 2.5916 
-13.6396 -14.1478 
-28.1341 -12.8652 
-6.6128 1.8532 
-11.006 -7.496 
25.986 23.11 
0.506 0.186 
2.88 -25.02 
0.8506 -12.1392 
-3.8882 -27.7854 
24.118 1.92 
4.61454 9.12471 
0.8554 -16.018 
-13.3174 -13.6827 
26.123 32.768 
---end
-21.0122 21.9591 
23.11 16.8529 
3.91 -18.5568 
-4.924 22.152 
15.722 2.84 
1.48886 2.5916 
-13.6396 -14.1478 
-28.1341 -12.8652 
-6.6128 1.8532 
-11.006 -7.496 
25.986 23.11 
0.506 0.186 
2.88 -25.02 
0.8506 -12.1392 
-3.8882 -27.7854 
24.118 1.92 
4.61454 9.12471 
0.8554 -16.018 
-13.3174 -13.6827 
26.123 32.768 
-21.0122 21.9591 
23.11 16.8529 
3.91 -18.5568 
-4.924 22.152 
15.722 2.84 
1.48886 2.5916 
-13.6396 -14.1478 
-28.1341 -12.8652 
-6.6128 1.8532 
-11.006 -7.496 
25.986 23.11 
0.506 0.186 
2.88 -25.02 
0.8506 -12.1392 
-3.8882 -27.7854 
24.118 1.92 
4.61454 9.12471 
0.8554 -16.018 
-13.3174 -13.6827 
26.123 32.768 
---end
-21.0122 21.9591 
23.11 16.8529 
3.91 -18.5568 
-4.924 22.152 
15.722 2.84 
1.48886 2.5916 
-13.6396 -14.1478 
-28.1341 -12.8652 
-6.6128 1.8532 
-11.006 -7.496 
25.986 23.11 
0.506 0.186 
2.88 -25.02 
0.8506 -12.1392 
-3.8882 -27.7854 
24.118 1.92 
4.61454 9.12471 
0.8554 -16.018 
-13.3174 -13.6827 
26.123 32.768 
-21.0122 21.9591 
23.11 16.8529 
3.91 -18.5568 
-4.924 22.152 
15.722 2.84 
1.48886 2.5916 
-13.6396 -14.1478 
-28.1341 -12.8652 
-6.6128 1.8532 
-11.006 -7.496 
25.986 23.11 
0.506 0.186 
2.88 -25.02 
0.8506 -12.1392 
-3.8882 -27.7854 
24.118 1.92 
4.61454 9.12471 
0.8554 -16.018 
-13.3174 -13.6827 
26.123 32.768 
---end
-21.0122 21.9591 
23.11 16.8529 
3.91 -18.5568 
-4.924 22.152 
15.722 2.84 
1.48886 2.5916 
-13.6396 -14.1478 
-28.1341 -12.8652 
-6.6128 1.8532 
-11.006 -7.496 
25.986 23.11 
0.506 0.186 
2.88 -25.02 
0.8506 -12.1392 
-3.8882 -27.7854 
24.118 1.92 
4.61454 9.12471 
0.8554 -16.018 
-13.3174 -13.6827 
26.123 32.768 
-21.0122 21.9591 
23.11 16.8529 
3.91 -18.5568 
-4.924 22.152 
15.722 2.84 
1.48886 2.5916 
-13.6396 -14.1478 
-28.1341 -12.8652 
-6.6128 1.8532 
-11.006 -7.496 
25.986 23.11 
0.506 0.186 
2.88 -25.02 
0.8506 -12.1392 
-3.8882 -27.7854 
24.118 1.92 
4.61454 9.12471 
0.8554 -16.018 
-13.3174 -13.6827 
26.123 32.768 
---end
-21.0122 21.9591 
23.11 16.8529 
3.91 -18.5568 
-4.924 22.152 
15.722 2.84 
1.48886 2.5916 
-13.6396 -14.1478 
-28.1341 -12.8652 
-6.6128 1.8532 
-11.006 -7.496 
25.986 23.11 
0.506 0.186 
2.88 -25.02 
0.8506 -12.1392 
-3.8882 -27.7854 
24.118 1.92 
4.61454 9.12471 
0.8554 -16.018 
-13.3174 -13.6827 
26.123 32.768 
-21.0122 21.9591 
23.11 16.8529 
3.91 -18.5568 
-4.924 22.152 
15.722 2.84 
1.48886 2.5916 
-13.6396 -14.1478 
-28.1341 -12.8652 
-6.6128 1.8532 
-11.006 -7.496 
25.986 23.11 
0.506 0.186 
2.88 -25.02 
0.8506 -12.1392 
-3.8882 -27.7854 
24.118 1.92 
4.61454 9.12471 
0.8554 -16.018 
-13.3174 -13.6827 
26.123 32.768 
---end
-21.0122 21.9591 
23.11 16.8529 
3.91 -18.5568 
-4.924 22.152 
15.722 2.84 
1.48886 2.5916 
-13.6396 -14.1478 
-28.1341 -12.8652 
-6.6128 1.8532 
-11.006 -7.496 
25.986 23.11 
0.506 0.186 
2.88 -25.02 
0.8506 -12.1392 
-3.8882 -27.7854 
24.118 1.92 
4.61454 9.12471 
0.8554 -16.018 
-13.3174 -13.6827 
26.123 32.768 
-21.0122 21.9591 
23.11 16.8529 
3.91 -18.5568 
-4.924 22.152 
15.722 2.84 
1.48886 2.5916 
-13.6396 -14.1478 
-28.1341 -12.8652 
-6.6128 1.8532 
-11.006 -7.496 
25.986 23.11 
0.506 0.186 
2.88 -25.02 
0.8506 -12.1392 
-3.8882 -27.7854 
24.118 1.92 
4.61454 9.12471 
0.8554 -16.018 
-13.3174 -13.6827 
26.123 32.768 
---end
-21.0122 21.9591 
23.11 16.8529 
3.91 -18.5568 
-4.924 22.152 
15.722 2.84 
1.48886 2.5916 
-13.6396 -14.1478 
-28.1341 -12.8652 
-6.6128 1.8532 
-11.006 -7.496 
25.986 23.11 
0.506 0.186 
2.88 -25.02 
0.8506 -12.1392 
-3.8882 -27.7854 
24.118 1.92 
4.61454 9.12471 
0.8554 -16.018 
-13.3174 -13.6827 
26.123 32.768 
-21.0122 21.9591 
23.11 16.8529 
3.91 -18.5568 
-4.924 22.152 
15.722 2.84 
1.48886 2.5916 
-13.6396 -14.1478 
-28.1341 -12.8652 
-6.6128 1.8532 
-11.006 -7.496 
25.986 23.11 
0.506 0.186 
2.88 -25.02 
0.8506 -12.1392 
-3.8882 -27.7854 
24.118 1.92 
4.61454 9.12471 
0.8554 -16.018 
-13.3174 -13.6827 
26.123 32.768 
---end
-21.0122 21.9591 
23.11 16.8529 
3.91 -18.5568 
-4.924 22.152 
15.722 2.84 
1.48886 2.5916 
-13.6396 -14.1478 
-28.1341 -12.8652 
-6.6128 1.8532 
-11.006 -7.496 
25.986 23.11 
0.506 0.186 
2.88 -25.02 
0.8506 -12.1392 
-3.8882 -27.7854 
24.118 1.92 
4.61454 9.12471 
0.8554 -16.018 
-13.3174 -13.6827 
26.123 32.768 
-21.0122 21.9591 
23.11 16.8529 
3.91 -18.5568 
-4.924 22.152 
15.722 2.84 
1.48886 2.5916 
-13.6396 -14.1478 
-28.1341 -12.8652 
-6.6128 1.8532 
-11.006 -7.496 
25.986 23.11 
0.506 0.186 
2.88 -25.02 
0.8506 -12.1392 
-3.8882 -27.7854 
24.118 1.92 
4.61454 9.12471 
0.8554 -16.018 
-13.3174 -13.6827 
26.123 32.768 
---end
-21.0122 21.9591 
23.11 16.8529 
3.91 -18.5568 
-4.924 22.152 
15.722 2.84 
1.48886 2.5916 
-13.6396 -14.1478 
-28.1341 -12.8652 
-6.6128 1.8532 
-11.006 -7.496 
25.986 23.11 
0.506 0.186 
2.88 -25.02 
0.8506 -12.1392 
-3.8882 -27.7854 
24.118 1.92 
4.61454 9.12471 
0.8554 -16.018 
-13.3174 -13.6827 
26.123 32.768 
-21.0122 21.9591 
23.11 16.8529 
3.91 -18.5568 
-4.924 22.152 
15.722 2.84 
1.48886 2.5916 
-13.6396 -14.1478 
-28.1341 -12.8652 
-6.6128 1.8532 
-11.006 -7.496 
25.986 23.11 
0.506 0.186 
2.88 -25.02 
0.8506 -12.1392 
-3.8882 -27.7854 
24.118 1.92 
4.61454 9.12471 
0.8554 -16.018 
-13.3174 -13.6827 
26.123 32.768 
---end
-21.0122 21.9591 
23.11 16.8529 
3.91 -18.5568 
-4.924 22.152 
15.722 2.84 
1.48886 2.5916 
-13.6396 -14.1478 
-28.1341 -12.8652 
-6.6128 1.8532 
-11.006 -7.496 
25.986 23.11 
0.506 0.186 
2.88 -25.02 
0.8506 -12.1392 
-3.8882 -27.7854 
24.118 1.92 
4.61454 9.12471 
0.8554 -16.018 
-13.3174 -13.6827 
26.123 32.768 
-21.0122 21.9591 
23.11 16.8529 
3.91 -18.5568 
-4.924 22.152 
15.722 2.84 
1.48886 2.5916 
-13.6396 -14.1478 
-28.1341 -12.8652 
-6.6128 1.8532 
-11.006 -7.496 
25.986 23.11 
0.506 0.186 
2.88 -25.02 
0.8506 -12.1392 
-3.8882 -27.7854 
24.118 1.92 
4.61454 9.12471 
0.8554 -16.018 
-13.3174 -13.6827 
26.123 32.768 
---end
-21.0122 21.9591 
23.11 16.8529 
3.91 -18.5568 
-4.924 22.152 
15.722 2.84 
1.48886 2.5916 
-13.6396 -14.1478 
-28.1341 -12.8652 
-6.6128 1.8532 
-11.006 -7.496 
25.986 23.11 
0.506 0.186 
2.88 -25.02 
0.8506 -12.1392 
-3.8882 -27.7854 
24.118 1.92 
4.61454 9.12471 
0.8554 -16.018 
-13.3174 -13.6827 
26.123 32.768 
-21.0122 21.9591 
23.11 16.8529 
3.91 -18.5568 
-4.924 22.152 
15.722 2.84 
1.48886 2.5916 
-13.6396 -14.1478 
-28.1341 -12.8652 
-6.6128 1.8532 
-11.006 -7.496 
25.986 23.11 
0.506 0.186 
2.88 -25.02 
0.8506 -12.1392 
-3.8882 -27.7854 
24.118 1.92 
4.61454 9.12471 
0.8554 -16.018 
-13.3174 -13.6827 
26.123 32.768 
---end
-21.0122 21.9591 
23.11 16.8529 
3.91 -18.5568 
-4.924 22.152 
15.722 2.84 
1.48886 2.5916 
-13.6396 -14.1478 
-28.1341 -12.8652 
-6.6128 1.8532 
-11.006 -7.496 
25.986 23.11 
0.506 0.186 
2.88 -25.02 
0.8506 -12.1392 
-3.8882 -27.7854 
24.118 1.92 
4.61454 9.12471 
0.8554 -16.018 
-13.3174 -13.6827 
26.123 32.768 
-21.0122 21.9591 
23.11 16.8529 
3.91 -18.5568 
-4.924 22.152 
15.722 2.84 
1.48886 2.5916 
-13.6396 -14.1478 
-28.1341 -12.8652 
-6.6128 1.8532 
-11.006 -7.496 
25.986 23.11 
0.506 0.186 
2.88 -25.02 
0.8506 -12.1392 
-3.8882 -27.7854 
24.118 1.92 
4.61454 9.12471 
0.8554 -16.018 
-13.3174 -13.6827 
26.123 32.768 
---end
-21.0122 21.9591 
23.11 16.8529 
3.91 -18.5568 
-4.924 22.152 
15.722 2.84 
1.48886 2.5916 
-13.6396 -14.1478 
-28.1341 -12.8652 
-6.6128 1.8532 
-11.006 -7.496 
25.986 23.11 
0.506 0.186 
2.88 -25.02 
0.8506 -12.1392 
-3.8882 -27.7854 
24.118 1.92 
4.61454 9.12471 
0.8554 -16.018 
-13.3174 -13.6827 
26.123 32.768 
-21.0122 21.9591 
23.11 16.8529 
3.91 -18.5568 
-4.924 22.152 
15.722 2.84 
1.48886 2.5916 
-13.6396 -14.1478 
-28.1341 -12.8652 
-6.6128 1.8532 
-11.006 -7.496 
25.986 23.11 
0.506 0.186 
2.88 -25.02 
0.8506 -12.1392 
-3.8882 -27.7854 
24.118 1.92 
4.61454 9.12471 
0.8554 -16.018 
-13.3174 -13.6827 
26.123 32.768 
---end
-21.0122 21.9591 
23.11 16.8529 
3.91 -18.5568 
-4.924 22.152 
15.722 2.84 
1.48886 2.5916 
-13.6396 -14.1478 
-28.1341 -12.8652 
-6.6128 1.8532 
-11.006 -7.496 
25.986 23.11 
0.506 0.186 
2.88 -25.02 
0.8506 -12.1392 
-3.8882 -27.7854 
24.118 1.92 
4.61454 9.12471 
0.8554 -16.018 
-13.3174 -13.6827 
26.123 32.768 
-21.0122 21.9591 
23.11 16.8529 
3.91 -18.5568 
-4.924 22.152 
15.722 2.84 
1.48886 2.5916 
-13.6396 -14.1478 
-28.1341 -12.8652 
-6.6128 1.8532 
-11.006 -7.496 
25.986 23.11 
0.506 0.186 
2.88 -25.02 
0.8506 -12.1392 
-3.8882 -27.7854 
24.118 1.92 
4.61454 9.12471 
0.8554 -16.018 
-13.3174 -13.6827 
26.123 32.768 
---end
-21.0122 21.9591 
23.11 16.8529 
3.91 -18.5568 
-4.924 22.152 
15.722 2.84 
1.48886 2.5916 
-13.6396 -14.1478 
-28.1341 -12.8652 
-6.6128 1.8532 
-11.006 -7.496 
25.986 23.11 
0.506 0.186 
2.88 -25.02 
0.8506 -12.1392 
-3.8882 -27.7854 
24.118 1.92 
4.61454 9.12471 
0.8554 -16.018 
-13.3174 -13.6827 
26.123 32.768 
-21.0122 21.9591 
23.11 16.8529 
3.91 -18.5568 
-4.924 22.152 
15.722 2.84 
1.48886 2.5916 
-13.6396 -14.1478 
-28.1341 -12.8652 
-6.6128 1.8532 
-11.006 -7.496 
25.986 23.11 
0.506 0.186 
2.88 -25.02 
0.8506 -12.1392 
-3.8882 -27.7854 
24.118 1.92 
4.61454 9.12471 
0.8554 -16.018 
-13.3174 -13.6827 
26.123 32.768 
---end
-21.0122 21.9591 
23.11 16.8529 
3.91 -18.5568 
-4.924 22.152 
15.722 2.84 
1.48886 2.5916 
-13.6396 -14.1478 
-28.1341 -12.8652 
-6.6128 1.8532 
-11.006 -7.496 
25.986 23.11 
0.506 0.186 
2.88 -25.02 
0.8506 -12.1392 
-3.8882 -27.7854 
24.118 1.92 
4.61454 9.12471 
0.8554 -16.018 
-13.3174 -13.6827 
26.123 32.768 
-21.0122 21.9591 
23.11 16.8529 
3.91 -18.5568 
-4.924 22.152 
15.722 2.84 
1.48886 2.5916 
-13.6396 -14.1478 
-28.1341 -12.8652 
-6.6128 1.8532 
-11.006 -7.496 
25.986 23.11 
0.506 0.186 
2.88 -25.02 
0.8506 -12.1392 
-3.8882 -27.7854 
24.118 1.92 
4.61454 9.12471 
0.8554 -16.018 
-13.3174 -13.6827 
26.123 32.768 
---end
-21.0122 21.9591 
23.11 16.8529 
3.91 -18.5568 
-4.924 22.152 
15.722 2.84 
1.48886 2.5916 
-13.6396 -14.1478 
-28.1341 -12.8652 
-6.6128 1.8532 
-11.006 -7.496 
25.986 23.11 
0.506 0.186 
2.88 -25.02 
0.8506 -12.1392 
-3.8882 -27.7854 
24.118 1.92 
4.61454 9.12471 
0.8554 -16.018 
-13.3174 -13.6827 
26.123 32.768 
-21.0122 21.9591 
23.11 16.8529 
3.91 -18.5568 
-4.924 22.152 
15.722 2.84 
1.48886 2.5916 
-13.6396 -14.1478 
-28.1341 -12.8652 
-6.6128 1.8532 
-11.006 -7.496 
25.986 23.11 
0.506 0.186 
2.88 -25.02 
0.8506 -12.1392 
-3.8882 -27.7854 
24.118 1.92 
4.61454 9.12471 
0.8554 -16.018 
-13.3174 -13.6827 
26.123 32.768 
---end
-21.0122 21.9591 
23.11 16.8529 
3.91 -18.5568 
-4.924 22.152 
15.722 2.84 
1.48886 2.5916 
-13.6396 -14.1478 
-28.1341 -12.8652 
-6.6128 1.8532 
-11.006 -7.496 
25.986 23.11 
0.506 0.186 
2.88 -25.02 
0.8506 -12.1392 
-3.8882 -27.7854 
24.118 1.92 
4.61454 9.12471 
0.8554 -16.018 
-13.3174 -13.6827 
26.123 32.768 
-21.0122 21.9591 
23.11 16.8529 
3.91 -18.5568 
-4.924 22.152 
15.722 2.84 
1.48886 2.5916 
-13.6396 -14.1478 
-28.1341 -12.8652 
-6.6128 1.8532 
-11.006 -7.496 
25.986 23.11 
0.506 0.186 
2.88 -25.02 
0.8506 -12.1392 
-3.8882 -27.7854 
24.118 1.92 
4.61454 9.12471 
0.8554 -16.018 
-13.3174 -13.6827 
26.123 32.768 
---end
-21.0122 21.9591 
23.11 16.8529 
3.91 -18.5568 
-4.924 22.152 
15.722 2.84 
1.48886 2.5916 
-13.6396 -14.1478 
-28.1341 -12.8652 
-6.6128 1.8532 
-11.006 -7.496 
25.986 23.11 
0.506 0.186 
2.88 -25.02 
0.8506 -12.1392 
-3.8882 -27.7854 
24.118 1.92 
4.61454 9.12471 
0.8554 -16.018 
-13.3174 -13.6827 
26.123 32.768 
-21.0122 21.9591 
23.11 16.8529 
3.91 -18.5568 
-4.924 22.152 
15.722 2.84 
1.48886 2.5916 
-13.6396 -14.1478 
-28.1341 -12.8652 
-6.6128 1.8532 
-11.006 -7.496 
25.986 23.11 
0.506 0.186 
2.88 -25.02 
0.8506 -12.1392 
-3.8882 -27.7854 
24.118 1.92 
4.61454 9.12471 
0.8554 -16.018 
-13.3174 -13.6827 
26.123 32.768 
---end
-21.0122 21.9591 
23.11 16.8529 
3.91 -18.5568 
-4.924 22.152 
15.722 2.84 
1.48886 2.5916 
-13.6396 -14.1478 
-28.1341 -12.8652 
-6.6128 1.8532 
-11.006 -7.496 
25.986 23.11 
0.506 0.186 
2.88 -25.02 
0.8506 -12.1392 
-3.8882 -27.7854 
24.118 1.92 
4.61454 9.12471 
0.8554 -16.018 
-13.3174 -13.6827 
26.123 32.768 
-21.0122 21.9591 
23.11 16.8529 
3.91 -18.5568 
-4.924 22.152 
15.722 2.84 
1.48886 2.5916 
-13.6396 -14.1478 
-28.1341 -12.8652 
-6.6128 1.8532 
-11.006 -7.496 
25.986 23.11 
0.506 0.186 
2.88 -25.02 
0.8506 -12.1392 
-3.8882 -27.7854 
24.118 1.92 
4.61454 9.12471 
0.8554 -16.018 
-13.3174 -13.6827 
26.123 32.768 
---end
-21.0122 21.9591 
23.11 16.8529 
3.91 -18.5568 
-4.924 22.152 
15.722 2.84 
1.48886 2.5916 
-13.6396 -14.1478 
-28.1341 -12.8652 
-6.6128 1.8532 
-11.006 -7.496 
25.986 23.11 
0.506 0.186 
2.88 -25.02 
0.8506 -12.1392 
-3.8882 -27.7854 
24.118 1.92 
4.61454 9.12471 
0.8554 -16.018 
-13.3174 -13.6827 
26.123 32.768 
-21.0122 21.9591 
23.11 16.8529 
3.91 -18.5568 
-4.924 22.152 
15.722 2.84 
1.48886 2.5916 
-13.6396 -14.1478 
-28.1341 -12.8652 
-6.6128 1.8532 
-11.006 -7.496 
25.986 23.11 
0.506 0.186 
2.88 -25.02 
0.8506 -12.1392 
-3.8882 -27.7854 
24.118 1.92 
4.61454 9.12471 
0.8554 -16.018 
-13.3174 -13.6827 
26.123 32.768 
---end
-21.0122 21.9591 
23.11 16.8529 
3.91 -18.5568 
-4.924 22.152 
15.722 2.84 
1.48886 2.5916 
-13.6396 -14.1478 
-28.1341 -12.8652 
-6.6128 1.8532 
-11.006 -7.496 
25.986 23.11 
0.506 0.186 
2.88 -25.02 
0.8506 -12.1392 
-3.8882 -27.7854 
24.118 1.92 
4.61454 9.12471 
0.8554 -16.018 
-13.3174 -13.6827 
26.123 32.768 
-21.0122 21.9591 
23.11 16.8529 
3.91 -18.5568 
-4.924 22.152 
15.722 2.84 
1.48886 2.5916 
-13.6396 -14.1478 
-28.1341 -12.8652 
-6.6128 1.8532 
-11.006 -7.496 
25.986 23.11 
0.506 0.186 
2.88 -25.02 
0.8506 -12.1392 
-3.8882 -27.7854 
24.118 1.92 
4.61454 9.12471 
0.8554 -16.018 
-13.3174 -13.6827 
26.123 32.768 
---end
-21.0122 21.9591 
23.11 16.8529 
3.91 -18.5568 
-4.924 22.152 
15.722 2.84 
1.48886 2.5916 
-13.6396 -14.1478 
-28.1341 -12.8652 
-6.6128 1.8532 
-11.006 -7.496 
25.986 23.11 
0.506 0.186 
2.88 -25.02 
0.8506 -12.1392 
-3.8882 -27.7854 
24.118 1.92 
4.61454 9.12471 
0.8554 -16.018 
-13.3174 -13.6827 
26.123 32.768 
-21.0122 21.9591 
23.11 16.8529 
3.91 -18.5568 
-4.924 22.152 
15.722 2.84 
1.48886 2.5916 
-13.6396 -14.1478 
-28.1341 -12.8652 
-6.6128 1.8532 
-11.006 -7.496 
25.986 23.11 
0.506 0.186 
2.88 -25.02 
0.8506 -12.1392 
-3.8882 -27.7854 
24.118 1.92 
4.61454 9.12471 
0.8554 -16.018 
-13.3174 -13.6827 
26.123 32.768 
---end
-21.0122 21.9591 
23.11 16.8529 
3.91 -18.5568 
-4.924 22.152 
15.722 2.84 
1.48886 2.5916 
-13.6396 -14.1478 
-28.1341 -12.8652 
-6.6128 1.8532 
-11.006 -7.496 
25.986 23.11 
0.506 0.186 
2.88 -25.02 
0.8506 -12.1392 
-3.8882 -27.7854 
24.118 1.92 
4.61454 9.12471 
0.8554 -16.018 
-13.3174 -13.6827 
26.123 32.768 
-21.0122 21.9591 
23.11 16.8529 
3.91 -18.5568 
-4.924 22.152 
15.722 2.84 
1.48886 2.5916 
-13.6396 -14.1478 
-28.1341 -12.8652 
-6.6128 1.8532 
-11.006 -7.496 
25.986 23.11 
0.506 0.186 
2.88 -25.02 
0.8506 -12.1392 
-3.8882 -27.7854 
24.118 1.92 
4.61454 9.12471 
0.8554 -16.018 
-13.3174 -13.6827 
26.123 32.768 
---end
-21.0122 21.9591 
23.11 16.8529 
3.91 -18.5568 
-4.924 22.152 
15.722 2.84 
1.48886 2.5916 
-13.6396 -14.1478 
-28.1341 -12.8652 
-6.6128 1.8532 
-11.006 -7.496 
25.986 23.11 
0.506 0.186 
2.88 -25.02 
0.8506 -12.1392 
-3.8882 -27.7854 
24.118 1.92 
4.61454 9.12471 
0.8554 -16.018 
-13.3174 -13.6827 
26.123 32.768 
-21.0122 21.9591 
23.11 16.8529 
3.91 -18.5568 
-4.924 22.152 
15.722 2.84 
1.48886 2.5916 
-13.6396 -14.1478 
-28.1341 -12.8652 
-6.6128 1.8532 
-11.006 -7.496 
25.986 23.11 
0.506 0.186 
2.88 -25.02 
0.8506 -12.1392 
-3.8882 -27.7854 
24.118 1.92 
4.61454 9.12471 
0.8554 -16.018 
-13.3174 -13.6827 
26.123 32.768 
---end
-21.0122 21.9591 
23.11 16.8529 
3.91 -18.5568 
-4.924 22.152 
15.722 2.84 
1.48886 2.5916 
-13.6396 -14.1478 
-28.1341 -12.8652 
-6.6128 1.8532 
-11.006 -7.496 
25.986 23.11 
0.506 0.186 
2.88 -25.02 
0.8506 -12.1392 
-3.8882 -27.7854 
24.118 1.92 
4.61454 9.12471 
0.8554 -16.018 
-13.3174 -13.6827 
26.123 32.768 
-21.0122 21.9591 
23.11 16.8529 
3.91 -18.5568 
-4.924 22.152 
15.722 2.84 
1.48886 2.5916 
-13.6396 -14.1478 
-28.1341 -12.8652 
-6.6128 1.8532 
-11.006 -7.496 
25.986 23.11 
0.506 0.186 
2.88 -25.02 
0.8506 -12.1392 
-3.8882 -27.7854 
24.118 1.92 
4.61454 9.12471 
0.8554 -16.018 
-13.3174 -13.6827 
26.123 32.768 
---end
-21.0122 21.9591 
23.11 16.8529 
3.91 -18.5568 
-4.924 22.152 
15.722 2.84 
1.48886 2.5916 
-13.6396 -14.1478 
-28.1341 -12.8652 
-6.6128 1.8532 
-11.006 -7.496 
25.986 23.11 
0.506 0.186 
2.88 -25.02 
0.8506 -12.1392 
-3.8882 -27.7854 
24.118 1.92 
4.61454 9.12471 
0.8554 -16.018 
-13.3174 -13.6827 
26.123 32.768 
-21.0122 21.9591 
23.11 16.8529 
3.91 -18.5568 
-4.924 22.152 
15.722 2.84 
1.48886 2.5916 
-13.6396 -14.1478 
-28.1341 -12.8652 
-6.6128 1.8532 
-11.006 -7.496 
25.986 23.11 
0.506 0.186 
2.88 -25.02 
0.8506 -12.1392 
-3.8882 -27.7854 
24.118 1.92 
4.61454 9.12471 
0.8554 -16.018 
-13.3174 -13.6827 
26.123 32.768 
---end
-21.0122 21.9591 
23.11 16.8529 
3.91 -18.5568 
-4.924 22.152 
15.722 2.84 
1.48886 2.5916 
-13.6396 -14.1478 
-28.1341 -12.8652 
-6.6128 1.8532 
-11.006 -7.496 
25.986 23.11 
0.506 0.186 
2.88 -25.02 
0.8506 -12.1392 
-3.8882 -27.7854 
24.118 1.92 
4.61454 9.12471 
0.8554 -16.018 
-13.3174 -13.6827 
26.123 32.768 
-21.0122 21.9591 
23.11 16.8529 
3.91 -18.5568 
-4.924 22.152 
15.722 2.84 
1.48886 2.5916 
-13.6396 -14.1478 
-28.1341 -12.8652 
-6.6128 1.8532 
-11.006 -7.496 
25.986 23.11 
0.506 0.186 
2.88 -25.02 
0.8506 -12.1392 
-3.8882 -27.7854 
24.118 1.92 
4.61454 9.12471 
0.8554 -16.018 
-13.3174 -13.6827 
26.123 32.768 
---end
-21.0122 21.9591 
23.11 16.8529 
3.91 -18.5568 
-4.924 22.152 
15.722 2.84 
1.48886 2.5916 
-13.6396 -14.1478 
-28.1341 -12.8652 
-6.6128 1.8532 
-11.006 -7.496 
25.986 23.11 
0.506 0.186 
2.88 -25.02 
0.8506 -12.1392 
-3.8882 -27.7854 
24.118 1.92 
4.61454 9.12471 
0.8554 -16.018 
-13.3174 -13.6827 
26.123 32.768 
-21.0122 21.9591 
23.11 16.8529 
3.91 -18.5568 
-4.924 22.152 
15.722 2.84 
1.48886 2.5916 
-13.6396 -14.1478 
-28.1341 -12.8652 
-6.6128 1.8532 
-11.006 -7.496 
25.986 23.11 
0.506 0.186 
2.88 -25.02 
0.8506 -12.1392 
-3.8882 -27.7854 
24.118 1.92 
4.61454 9.12471 
0.8554 -16.018 
-13.3174 -13.6827 
26.123 32.768 
---end
-21.0122 21.9591 
23.11 16.8529 
3.91 -18.5568 
-4.924 22.152 
15.722 2.84 
1.48886 2.5916 
-13.6396 -14.1478 
-28.1341 -12.8652 
-6.6128 1.8532 
-11.006 -7.496 
25.986 23.11 
0.506 0.186 
2.88 -25.02 
0.8506 -12.1392 
-3.8882 -27.7854 
24.118 1.92 
4.61454 9.12471 
0.8554 -16.018 
-13.3174 -13.6827 
26.123 32.768 
-21.0122 21.9591 
23.11 16.8529 
3.91 -18.5568 
-4.924 22.152 
15.722 2.84 
1.48886 2.5916 
-13.6396 -14.1478 
-28.1341 -12.8652 
-6.6128 1.8532 
-11.006 -7.496 
25.986 23.11 
0.506 0.186 
2.88 -25.02 
0.8506 -12.1392 
-3.8882 -27.7854 
24.118 1.92 
4.61454 9.12471 
0.8554 -16.018 
-13.3174 -13.6827 
26.123 32.768 
---end
-21.0122 21.9591 
23.11 16.8529 
3.91 -18.5568 
-4.924 22.152 
15.722 2.84 
1.48886 2.5916 
-13.6396 -14.1478 
-28.1341 -12.8652 
-6.6128 1.8532 
-11.006 -7.496 
25.986 23.11 
0.506 0.186 
2.88 -25.02 
0.8506 -12.1392 
-3.8882 -27.7854 
24.118 1.92 
4.61454 9.12471 
0.8554 -16.018 
-13.3174 -13.6827 
26.123 32.768 
-21.0122 21.9591 
23.11 16.8529 
3.91 -18.5568 
-4.924 22.152 
15.722 2.84 
1.48886 2.5916 
-13.6396 -14.1478 
-28.1341 -12.8652 
-6.6128 1.8532 
-11.006 -7.496 
25.986 23.11 
0.506 0.186 
2.88 -25.02 
0.8506 -12.1392 
-3.8882 -27.7854 
24.118 1.92 
4.61454 9.12471 
0.8554 -16.018 
-13.3174 -13.6827 
26.123 32.768 
---end
-21.0122 21.9591 
23.11 16.8529 
3.91 -18.5568 
-4.924 22.152 
15.722 2.84 
1.48886 2.5916 
-13.6396 -14.1478 
-28.1341 -12.8652 
-6.6128 1.8532 
-11.006 -7.496 
25.986 23.11 
0.506 0.186 
2.88 -25.02 
0.8506 -12.1392 
-3.8882 -27.7854 
24.118 1.92 
4.61454 9.12471 
0.8554 -16.018 
-13.3174 -13.6827 
26.123 32.768 
-21.0122 21.9591 
23.11 16.8529 
3.91 -18.5568 
-4.924 22.152 
15.722 2.84 
1.48886 2.5916 
-13.6396 -14.1478 
-28.1341 -12.8652 
-6.6128 1.8532 
-11.006 -7.496 
25.986 23.11 
0.506 0.186 
2.88 -25.02 
0.8506 -12.1392 
-3.8882 -27.7854 
24.118 1.92 
4.61454 9.12471 
0.8554 -16.018 
-13.3174 -13.6827 
26.123 32.768 
---end
-21.0122 21.9591 
23.11 16.8529 
3.91 -18.5568 
-4.924 22.152 
15.722 2.84 
1.48886 2.5916 
-13.6396 -14.1478 
-28.1341 -12.8652 
-6.6128 1.8532 
-11.006 -7.496 
25.986 23.11 
0.506 0.186 
2.88 -25.02 
0.8506 -12.1392 
-3.8882 -27.7854 
24.118 1.92 
4.61454 9.12471 
0.8554 -16.018 
-13.3174 -13.6827 
26.123 32.768 
-21.0122 21.9591 
23.11 16.8529 
3.91 -18.5568 
-4.924 22.152 
15.722 2.84 
1.48886 2.5916 
-13.6396 -14.1478 
-28.1341 -12.8652 
-6.6128 1.8532 
-11.006 -7.496 
25.986 23.11 
0.506 0.186 
2.88 -25.02 
0.8506 -12.1392 
-3.8882 -27.7854 
24.118 1.92 
4.61454 9.12471 
0.8554 -16.018 
-13.3174 -13.6827 
26.123 32.768 
---end
-21.0122 21.9591 
23.11 16.8529 
3.91 -18.5568 
-4.924 22.152 
15.722 2.84 
1.48886 2.5916 
-13.6396 -14.1478 
-28.1341 -12.8652 
-6.6128 1.8532 
-11.006 -7.496 
25.986 23.11 
0.506 0.186 
2.88 -25.02 
0.8506 -12.1392 
-3.8882 -27.7854 
24.118 1.92 
4.61454 9.12471 
0.8554 -16.018 
-13.3174 -13.6827 
26.123 32.768 
-21.0122 21.9591 
23.11 16.8529 
3.91 -18.5568 
-4.924 22.152 
15.722 2.84 
1.48886 2.5916 
-13.6396 -14.1478 
-28.1341 -12.8652 
-6.6128 1.8532 
-11.006 -7.496 
25.986 23.11 
0.506 0.186 
2.88 -25.02 
0.8506 -12.1392 
-3.8882 -27.7854 
24.118 1.92 
4.61454 9.12471 
0.8554 -16.018 
-13.3174 -13.6827 
26.123 32.768 
---end
-21.0122 21.9591 
23.11 16.8529 
3.91 -18.5568 
-4.924 22.152 
15.722 2.84 
1.48886 2.5916 
-13.6396 -14.1478 
-28.1341 -12.8652 
-6.6128 1.8532 
-11.006 -7.496 
25.986 23.11 
0.506 0.186 
2.88 -25.02 
0.8506 -12.1392 
-3.8882 -27.7854 
24.118 1.92 
4.61454 9.12471 
0.8554 -16.018 
-13.3174 -13.6827 
26.123 32.768 
-21.0122 21.9591 
23.11 16.8529 
3.91 -18.5568 
-4.924 22.152 
15.722 2.84 
1.48886 2.5916 
-13.6396 -14.1478 
-28.1341 -12.8652 
-6.6128 1.8532 
-11.006 -7.496 
25.986 23.11 
0.506 0.186 
2.88 -25.02 
0.8506 -12.1392 
-3.8882 -27.7854 
24.118 1.92 
4.61454 9.12471 
0.8554 -16.018 
-13.3174 -13.6827 
26.123 32.768 
---end
-21.0122 21.9591 
23.11 16.8529 
3.91 -18.5568 
-4.924 22.152 
15.722 2.84 
1.48886 2.5916 
-13.6396 -14.1478 
-28.1341 -12.8652 
-6.6128 1.8532 
-11.006 -7.496 
25.986 23.11 
0.506 0.186 
2.88 -25.02 
0.8506 -12.1392 
-3.8882 -27.7854 
24.118 1.92 
4.61454 9.12471 
0.8554 -16.018 
-13.3174 -13.6827 
26.123 32.768 
-21.0122 21.9591 
23.11 16.8529 
3.91 -18.5568 
-4.924 22.152 
15.722 2.84 
1.48886 2.5916 
-13.6396 -14.1478 
-28.1341 -12.8652 
-6.6128 1.8532 
-11.006 -7.496 
25.986 23.11 
0.506 0.186 
2.88 -25.02 
0.8506 -12.1392 
-3.8882 -27.7854 
24.118 1.92 
4.61454 9.12471 
0.8554 -16.018 
-13.3174 -13.6827 
26.123 32.768 
---end
-21.0122 21.9591 
23.11 16.8529 
3.91 -18.5568 
-4.924 22.152 
15.722 2.84 
1.48886 2.5916 
-13.6396 -14.1478 
-28.1341 -12.8652 
-6.6128 1.8532 
-11.006 -7.496 
25.986 23.11 
0.506 0.186 
2.88 -25.02 
0.8506 -12.1392 
-3.8882 -27.7854 
24.118 1.92 
4.61454 9.12471 
0.8554 -16.018 
-13.3174 -13.6827 
26.123 32.768 
-21.0122 21.9591 
23.11 16.8529 
3.91 -18.5568 
-4.924 22.152 
15.722 2.84 
1.48886 2.5916 
-13.6396 -14.1478 
-28.1341 -12.8652 
-6.6128 1.8532 
-11.006 -7.496 
25.986 23.11 
0.506 0.186 
2.88 -25.02 
0.8506 -12.1392 
-3.8882 -27.7854 
24.118 1.92 
4.61454 9.12471 
0.8554 -16.018 
-13.3174 -13.6827 
26.123 32.768 
---end
-21.0122 21.9591 
23.11 16.8529 
3.91 -18.5568 
-4.924 22.152 
15.722 2.84 
1.48886 2.5916 
-13.6396 -14.1478 
-28.1341 -12.8652 
-6.6128 1.8532 
-11.006 -7.496 
25.986 23.11 
0.506 0.186 
2.88 -25.02 
0.8506 -12.1392 
-3.8882 -27.7854 
24.118 1.92 
4.61454 9.12471 
0.8554 -16.018 
-13.3174 -13.6827 
26.123 32.768 
-21.0122 21.9591 
23.11 16.8529 
3.91 -18.5568 
-4.924 22.152 
15.722 2.84 
1.48886 2.5916 
-13.6396 -14.1478 
-28.1341 -12.8652 
-6.6128 1.8532 
-11.006 -7.496 
25.986 23.11 
0.506 0.186 
2.88 -25.02 
0.8506 -12.1392 
-3.8882 -27.7854 
24.118 1.92 
4.61454 9.12471 
0.8554 -16.018 
-13.3174 -13.6827 
26.123 32.768 
---end
-21.0122 21.9591 
23.11 16.8529 
3.91 -18.5568 
-4.924 22.152 
15.722 2.84 
1.48886 2.5916 
-13.6396 -14.1478 
-28.1341 -12.8652 
-6.6128 1.8532 
-11.006 -7.496 
25.986 23.11 
0.506 0.186 
2.88 -25.02 
0.8506 -12.1392 
-3.8882 -27.7854 
24.118 1.92 
4.61454 9.12471 
0.8554 -16.018 
-13.3174 -13.6827 
26.123 32.768 
-21.0122 21.9591 
23.11 16.8529 
3.91 -18.5568 
-4.924 22.152 
15.722 2.84 
1.48886 2.5916 
-13.6396 -14.1478 
-28.1341 -12.8652 
-6.6128 1.8532 
-11.006 -7.496 
25.986 23.11 
0.506 0.186 
2.88 -25.02 
0.8506 -12.1392 
-3.8882 -27.7854 
24.118 1.92 
4.61454 9.12471 
0.8554 -16.018 
-13.3174 -13.6827 
26.123 32.768 
---end
-21.0122 21.9591 
23.11 16.8529 
3.91 -18.5568 
-4.924 22.152 
15.722 2.84 
1.48886 2.5916 
-13.6396 -14.1478 
-28.1341 -12.8652 
-6.6128 1.8532 
-11.006 -7.496 
25.986 23.11 
0.506 0.186 
2.88 -25.02 
0.8506 -12.1392 
-3.8882 -27.7854 
24.118 1.92 
4.61454 9.12471 
0.8554 -16.018 
-13.3174 -13.6827 
26.123 32.768 
-21.0122 21.9591 
23.11 16.8529 
3.91 -18.5568 
-4.924 22.152 
15.722 2.84 
1.48886 2.5916 
-13.6396 -14.1478 
-28.1341 -12.8652 
-6.6128 1.8532 
-11.006 -7.496 
25.986 23.11 
0.506 0.186 
2.88 -25.02 
0.8506 -12.1392 
-3.8882 -27.7854 
24.118 1.92 
4.61454 9.12471 
0.8554 -16.018 
-13.3174 -13.6827 
26.123 32.768 
---end
-21.0122 21.9591 
23.11 16.8529 
3.91 -18.5568 
-4.924 22.152 
15.722 2.84 
1.48886 2.5916 
-13.6396 -14.1478 
-28.1341 -12.8652 
-6.6128 1.8532 
-11.006 -7.496 
25.986 23.11 
0.506 0.186 
2.88 -25.02 
0.8506 -12.1392 
-3.8882 -27.7854 
24.118 1.92 
4.61454 9.12471 
0.8554 -16.018 
-13.3174 -13.6827 
26.123 32.768 
-21.0122 21.9591 
23.11 16.8529 
3.91 -18.5568 
-4.924 22.152 
15.722 2.84 
1.48886 2.5916 
-13.6396 -14.1478 
-28.1341 -12.8652 
-6.6128 1.8532 
-11.006 -7.496 
25.986 23.11 
0.506 0.186 
2.88 -25.02 
0.8506 -12.1392 
-3.8882 -27.7854 
24.118 1.92 
4.61454 9.12471 
0.8554 -16.018 
-13.3174 -13.6827 
26.123 32.768 
---end
-21.0122 21.9591 
23.11 16.8529 
3.91 -18.5568 
-4.924 22.152 
15.722 2.84 
1.48886 2.5916 
-13.6396 -14.1478 
-28.1341 -12.8652 
-6.6128 1.8532 
-11.006 -7.496 
25.986 23.11 
0.506 0.186 
2.88 -25.02 
0.8506 -12.1392 
-3.8882 -27.7854 
24.118 1.92 
4.61454 9.12471 
0.8554 -16.018 
-13.3174 -13.6827 
26.123 32.768 
-21.0122 21.9591 
23.11 16.8529 
3.91 -18.5568 
-4.924 22.152 
15.722 2.84 
1.48886 2.5916 
-13.6396 -14.1478 
-28.1341 -12.8652 
-6.6128 1.8532 
-11.006 -7.496 
25.986 23.11 
0.506 0.186 
2.88 -25.02 
0.8506 -12.1392 
-3.8882 -27.7854 
24.118 1.92 
4.61454 9.12471 
0.8554 -16.018 
-13.3174 -13.6827 
26.123 32.768 
---end
-21.0122 21.9591 
23.11 16.8529 
3.91 -18.5568 
-4.924 22.152 
15.722 2.84 
1.48886 2.5916 
-13.6396 -14.1478 
-28.1341 -12.8652 
-6.6128 1.8532 
-11.006 -7.496 
25.986 23.11 
0.506 0.186 
2.88 -25.02 
0.8506 -12.1392 
-3.8882 -27.7854 
24.118 1.92 
4.61454 9.12471 
0.8554 -16.018 
-13.3174 -13.6827 
26.123 32.768 
-21.0122 21.9591 
23.11 16.8529 
3.91 -18.5568 
-4.924 22.152 
15.722 2.84 
1.48886 2.5916 
-13.6396 -14.1478 
-28.1341 -12.8652 
-6.6128 1.8532 
-11.006 -7.496 
25.986 23.11 
0.506 0.186 
2.88 -25.02 
0.8506 -12.1392 
-3.8882 -27.7854 
24.118 1.92 
4.61454 9.12471 
0.8554 -16.018 
-13.3174 -13.6827 
26.123 32.768 
---end
-21.0122 21.9591 
23.11 16.8529 
3.91 -18.5568 
-4.924 22.152 
15.722 2.84 
1.48886 2.5916 
-13.6396 -14.1478 
-28.1341 -12.8652 
-6.6128 1.8532 
-11.006 -7.496 
25.986 23.11 
0.506 0.186 
2.88 -25.02 
0.8506 -12.1392 
-3.8882 -27.7854 
24.118 1.92 
4.61454 9.12471 
0.8554 -16.018 
-13.3174 -13.6827 
26.123 32.768 
-21.0122 21.9591 
23.11 16.8529 
3.91 -18.5568 
-4.924 22.152 
15.722 2.84 
1.48886 2.5916 
-13.6396 -14.1478 
-28.1341 -12.8652 
-6.6128 1.8532 
-11.006 -7.496 
25.986 23.11 
0.506 0.186 
2.88 -25.02 
0.8506 -12.1392 
-3.8882 -27.7854 
24.118 1.92 
4.61454 9.12471 
0.8554 -16.018 
-13.3174 -13.6827 
26.123 32.768 
---end
-21.0122 21.9591 
23.11 16.8529 
3.91 -18.5568 
-4.924 22.152 
15.722 2.84 
1.48886 2.5916 
-13.6396 -14.1478 
-28.1341 -12.8652 
-6.6128 1.8532 
-11.006 -7.496 
25.986 23.11 
0.506 0.186 
2.88 -25.02 
0.8506 -12.1392 
-3.8882 -27.7854 
24.118 1.92 
4.61454 9.12471 
0.8554 -16.018 
-13.3174 -13.6827 
26.123 32.768 
-21.0122 21.9591 
23.11 16.8529 
3.91 -18.5568 
-4.924 22.152 
15.722 2.84 
1.48886 2.5916 
-13.6396 -14.1478 
-28.1341 -12.8652 
-6.6128 1.8532 
-11.006 -7.496 
25.986 23.11 
0.506 0.186 
2.88 -25.02 
0.8506 -12.1392 
-3.8882 -27.7854 
24.118 1.92 
4.61454 9.12471 
0.8554 -16.018 
-13.3174 -13.6827 
26.123 32.768 
---end
-21.0122 21.9591 
23.11 16.8529 
3.91 -18.5568 
-4.924 22.152 
15.722 2.84 
1.48886 2.5916 
-13.6396 -14.1478 
-28.1341 -12.8652 
-6.6128 1.8532 
-11.006 -7.496 
25.986 23.11 
0.506 0.186 
2.88 -25.02 
0.8506 -12.1392 
-3.8882 -27.7854 
24.118 1.92 
4.61454 9.12471 
0.8554 -16.018 
-13.3174 -13.6827 
26.123 32.768 
-21.0122 21.9591 
23.11 16.8529 
3.91 -18.5568 
-4.924 22.152 
15.722 2.84 
1.48886 2.5916 
-13.6396 -14.1478 
-28.1341 -12.8652 
-6.6128 1.8532 
-11.006 -7.496 
25.986 23.11 
0.506 0.186 
2.88 -25.02 
0.8506 -12.1392 
-3.8882 -27.7854 
24.118 1.92 
4.61454 9.12471 
0.8554 -16.018 
-13.3174 -13.6827 
26.123 32.768 
---end
-21.0122 21.9591 
23.11 16.8529 
3.91 -18.5568 
-4.924 22.152 
15.722 2.84 
1.48886 2.5916 
-13.6396 -14.1478 
-28.1341 -12.8652 
-6.6128 1.8532 
-11.006 -7.496 
25.986 23.11 
0.506 0.186 
2.88 -25.02 
0.8506 -12.1392 
-3.8882 -27.7854 
24.118 1.92 
4.61454 9.12471 
0.8554 -16.018 
-13.3174 -13.6827 
26.123 32.768 
-21.0122 21.9591 
23.11 16.8529 
3.91 -18.5568 
-4.924 22.152 
15.722 2.84 
1.48886 2.5916 
-13.6396 -14.1478 
-28.1341 -12.8652 
-6.6128 1.8532 
-11.006 -7.496 
25.986 23.11 
0.506 0.186 
2.88 -25.02 
0.8506 -12.1392 
-3.8882 -27.7854 
24.118 1.92 
4.61454 9.12471 
0.8554 -16.018 
-13.3174 -13.6827 
26.123 32.768 
---end
-21.0122 21.9591 
23.11 16.8529 
3.91 -18.5568 
-4.924 22.152 
15.722 2.84 
1.48886 2.5916 
-13.6396 -14.1478 
-28.1341 -12.8652 
-6.6128 1.8532 
-11.006 -7.496 
25.986 23.11 
0.506 0.186 
2.88 -25.02 
0.8506 -12.1392 
-3.8882 -27.7854 
24.118 1.92 
4.61454 9.12471 
0.8554 -16.018 
-13.3174 -13.6827 
26.123 32.768 
-21.0122 21.9591 
23.11 16.8529 
3.91 -18.5568 
-4.924 22.152 
15.722 2.84 
1.48886 2.5916 
-13.6396 -14.1478 
-28.1341 -12.8652 
-6.6128 1.8532 
-11.006 -7.496 
25.986 23.11 
0.506 0.186 
2.88 -25.02 
0.8506 -12.1392 
-3.8882 -27.7854 
24.118 1.92 
4.61454 9.12471 
0.8554 -16.018 
-13.3174 -13.6827 
26.123 32.768 
---end
-21.0122 21.9591 
23.11 16.8529 
3.91 -18.5568 
-4.924 22.152 
15.722 2.84 
1.48886 2.5916 
-13.6396 -14.1478 
-28.1341 -12.8652 
-6.6128 1.8532 
-11.006 -7.496 
25.986 23.11 
0.506 0.186 
2.88 -25.02 
0.8506 -12.1392 
-3.8882 -27.7854 
24.118 1.92 
4.61454 9.12471 
0.8554 -16.018 
-13.3174 -13.6827 
26.123 32.768 
-21.0122 21.9591 
23.11 16.8529 
3.91 -18.5568 
-4.924 22.152 
15.722 2.84 
1.48886 2.5916 
-13.6396 -14.1478 
-28.1341 -12.8652 
-6.6128 1.8532 
-11.006 -7.496 
25.986 23.11 
0.506 0.186 
2.88 -25.02 
0.8506 -12.1392 
-3.8882 -27.7854 
24.118 1.92 
4.61454 9.12471 
0.8554 -16.018 
-13.3174 -13.6827 
26.123 32.768 
---end
-21.0122 21.9591 
23.11 16.8529 
3.91 -18.5568 
-4.924 22.152 
15.722 2.84 
1.48886 2.5916 
-13.6396 -14.1478 
-28.1341 -12.8652 
-6.6128 1.8532 
-11.006 -7.496 
25.986 23.11 
0.506 0.186 
2.88 -25.02 
0.8506 -12.1392 
-3.8882 -27.7854 
24.118 1.92 
4.61454 9.12471 
0.8554 -16.018 
-13.3174 -13.6827 
26.123 32.768 
-21.0122 21.9591 
23.11 16.8529 
3.91 -18.5568 
-4.924 22.152 
15.722 2.84 
1.48886 2.5916 
-13.6396 -14.1478 
-28.1341 -12.8652 
-6.6128 1.8532 
-11.006 -7.496 
25.986 23.11 
0.506 0.186 
2.88 -25.02 
0.8506 -12.1392 
-3.8882 -27.7854 
24.118 1.92 
4.61454 9.12471 
0.8554 -16.018 
-13.3174 -13.6827 
26.123 32.768 
---end
-21.0122 21.9591 
23.11 16.8529 
3.91 -18.5568 
-4.924 22.152 
15.722 2.84 
1.48886 2.5916 
-13.6396 -14.1478 
-28.1341 -12.8652 
-6.6128 1.8532 
-11.006 -7.496 
25.986 23.11 
0.506 0.186 
2.88 -25.02 
0.8506 -12.1392 
-3.8882 -27.7854 
24.118 1.92 
4.61454 9.12471 
0.8554 -16.018 
-13.3174 -13.6827 
26.123 32.768 
-21.0122 21.9591 
23.11 16.8529 
3.91 -18.5568 
-4.924 22.152 
15.722 2.84 
1.48886 2.5916 
-13.6396 -14.1478 
-28.1341 -12.8652 
-6.6128 1.8532 
-11.006 -7.496 
25.986 23.11 
0.506 0.186 
2.88 -25.02 
0.8506 -12.1392 
-3.8882 -27.7854 
24.118 1.92 
4.61454 9.12471 
0.8554 -16.018 
-13.3174 -13.6827 
26.123 32.768 
---end
-21.0122 21.9591 
23.11 16.8529 
3.91 -18.5568 
-4.924 22.152 
15.722 2.84 
1.48886 2.5916 
-13.6396 -14.1478 
-28.1341 -12.8652 
-6.6128 1.8532 
-11.006 -7.496 
25.986 23.11 
0.506 0.186 
2.88 -25.02 
0.8506 -12.1392 
-3.8882 -27.7854 
24.118 1.92 
4.61454 9.12471 
0.8554 -16.018 
-13.3174 -13.6827 
26.123 32.768 
-21.0122 21.9591 
23.11 16.8529 
3.91 -18.5568 
-4.924 22.152 
15.722 2.84 
1.48886 2.5916 
-13.6396 -14.1478 
-28.1341 -12.8652 
-6.6128 1.8532 
-11.006 -7.496 
25.986 23.11 
0.506 0.186 
2.88 -25.02 
0.8506 -12.1392 
-3.8882 -27.7854 
24.118 1.92 
4.61454 9.12471 
0.8554 -16.018 
-13.3174 -13.6827 
26.123 32.768 
---end
-21.0122 21.9591 
23.11 16.8529 
3.91 -18.5568 
-4.924 22.152 
15.722 2.84 
1.48886 2.5916 
-13.6396 -14.1478 
-28.1341 -12.8652 
-6.6128 1.8532 
-11.006 -7.496 
25.986 23.11 
0.506 0.186 
2.88 -25.02 
0.8506 -12.1392 
-3.8882 -27.7854 
24.118 1.92 
4.61454 9.12471 
0.8554 -16.018 
-13.3174 -13.6827 
26.123 32.768 
-21.0122 21.9591 
23.11 16.8529 
3.91 -18.5568 
-4.924 22.152 
15.722 2.84 
1.48886 2.5916 
-13.6396 -14.1478 
-28.1341 -12.8652 
-6.6128 1.8532 
-11.006 -7.496 
25.986 23.11 
0.506 0.186 
2.88 -25.02 
0.8506 -12.1392 
-3.8882 -27.7854 
24.118 1.92 
4.61454 9.12471 
0.8554 -16.018 
-13.3174 -13.6827 
26.123 32.768 
---end
-21.0122 21.9591 
23.11 16.8529 
3.91 -18.5568 
-4.924 22.152 
15.722 2.84 
1.48886 2.5916 
-13.6396 -14.1478 
-28.1341 -12.8652 
-6.6128 1.8532 
-11.006 -7.496 
25.986 23.11 
0.506 0.186 
2.88 -25.02 
0.8506 -12.1392 
-3.8882 -27.7854 
24.118 1.92 
4.61454 9.12471 
0.8554 -16.018 
-13.3174 -13.6827 
26.123 32.768 
-21.0122 21.9591 
23.11 16.8529 
3.91 -18.5568 
-4.924 22.152 
15.722 2.84 
1.48886 2.5916 
-13.6396 -14.1478 
-28.1341 -12.8652 
-6.6128 1.8532 
-11.006 -7.496 
25.986 23.11 
0.506 0.186 
2.88 -25.02 
0.8506 -12.1392 
-3.8882 -27.7854 
24.118 1.92 
4.61454 9.12471 
0.8554 -16.018 
-13.3174 -13.6827 
26.123 32.768 
---end
-21.0122 21.9591 
23.11 16.8529 
3.91 -18.5568 
-4.924 22.152 
15.722 2.84 
1.48886 2.5916 
-13.6396 -14.1478 
-28.1341 -12.8652 
-6.6128 1.8532 
-11.006 -7.496 
25.986 23.11 
0.506 0.186 
2.88 -25.02 
0.8506 -12.1392 
-3.8882 -27.7854 
24.118 1.92 
4.61454 9.12471 
0.8554 -16.018 
-13.3174 -13.6827 
26.123 32.768 
-21.0122 21.9591 
23.11 16.8529 
3.91 -18.5568 
-4.924 22.152 
15.722 2.84 
1.48886 2.5916 
-13.6396 -14.1478 
-28.1341 -12.8652 
-6.6128 1.8532 
-11.006 -7.496 
25.986 23.11 
0.506 0.186 
2.88 -25.02 
0.8506 -12.1392 
-3.8882 -27.7854 
24.118 1.92 
4.61454 9.12471 
0.8554 -16.018 
-13.3174 -13.6827 
26.123 32.768 
---end
-21.0122 21.9591 
23.11 16.8529 
3.91 -18.5568 
-4.924 22.152 
15.722 2.84 
1.48886 2.5916 
-13.6396 -14.1478 
-28.1341 -12.8652 
-6.6128 1.8532 
-11.006 -7.496 
25.986 23.11 
0.506 0.186 
2.88 -25.02 
0.8506 -12.1392 
-3.8882 -27.7854 
24.118 1.92 
4.61454 9.12471 
0.8554 -16.018 
-13.3174 -13.6827 
26.123 32.768 
-21.0122 21.9591 
23.11 16.8529 
3.91 -18.5568 
-4.924 22.152 
15.722 2.84 
1.48886 2.5916 
-13.6396 -14.1478 
-28.1341 -12.8652 
-6.6128 1.8532 
-11.006 -7.496 
25.986 23.11 
0.506 0.186 
2.88 -25.02 
0.8506 -12.1392 
-3.8882 -27.7854 
24.118 1.92 
4.61454 9.12471 
0.8554 -16.018 
-13.3174 -13.6827 
26.123 32.768 
---end
-21.0122 21.9591 
23.11 16.8529 
3.91 -18.5568 
-4.924 22.152 
15.722 2.84 
1.48886 2.5916 
-13.6396 -14.1478 
-28.1341 -12.8652 
-6.6128 1.8532 
-11.006 -7.496 
25.986 23.11 
0.506 0.186 
2.88 -25.02 
0.8506 -12.1392 
-3.8882 -27.7854 
24.118 1.92 
4.61454 9.12471 
0.8554 -16.018 
-13.3174 -13.6827 
26.123 32.768 
-21.0122 21.9591 
23.11 16.8529 
3.91 -18.5568 
-4.924 22.152 
15.722 2.84 
1.48886 2.5916 
-13.6396 -14.1478 
-28.1341 -12.8652 
-6.6128 1.8532 
-11.006 -7.496 
25.986 23.11 
0.506 0.186 
2.88 -25.02 
0.8506 -12.1392 
-3.8882 -27.7854 
24.118 1.92 
4.61454 9.12471 
0.8554 -16.018 
-13.3174 -13.6827 
26.123 32.768 
---end
-21.0122 21.9591 
23.11 16.8529 
3.91 -18.5568 
-4.924 22.152 
15.722 2.84 
1.48886 2.5916 
-13.6396 -14.1478 
-28.1341 -12.8652 
-6.6128 1.8532 
-11.006 -7.496 
25.986 23.11 
0.506 0.186 
2.88 -25.02 
0.8506 -12.1392 
-3.8882 -27.7854 
24.118 1.92 
4.61454 9.12471 
0.8554 -16.018 
-13.3174 -13.6827 
26.123 32.768 
-21.0122 21.9591 
23.11 16.8529 
3.91 -18.5568 
-4.924 22.152 
15.722 2.84 
1.48886 2.5916 
-13.6396 -14.1478 
-28.1341 -12.8652 
-6.6128 1.8532 
-11.006 -7.496 
25.986 23.11 
0.506 0.186 
2.88 -25.02 
0.8506 -12.1392 
-3.8882 -27.7854 
24.118 1.92 
4.61454 9.12471 
0.8554 -16.018 
-13.3174 -13.6827 
26.123 32.768 
---end
-21.0122 21.9591 
23.11 16.8529 
3.91 -18.5568 
-4.924 22.152 
15.722 2.84 
1.48886 2.5916 
-13.6396 -14.1478 
-28.1341 -12.8652 
-6.6128 1.8532 
-11.006 -7.496 
25.986 23.11 
0.506 0.186 
2.88 -25.02 
0.8506 -12.1392 
-3.8882 -27.7854 
24.118 1.92 
4.61454 9.12471 
0.8554 -16.018 
-13.3174 -13.6827 
26.123 32.768 
-21.0122 21.9591 
23.11 16.8529 
3.91 -18.5568 
-4.924 22.152 
15.722 2.84 
1.48886 2.5916 
-13.6396 -14.1478 
-28.1341 -12.8652 
-6.6128 1.8532 
-11.006 -7.496 
25.986 23.11 
0.506 0.186 
2.88 -25.02 
0.8506 -12.1392 
-3.8882 -27.7854 
24.118 1.92 
4.61454 9.12471 
0.8554 -16.018 
-13.3174 -13.6827 
26.123 32.768 
---end
-21.0122 21.9591 
23.11 16.8529 
3.91 -18.5568 
-4.924 22.152 
15.722 2.84 
1.48886 2.5916 
-13.6396 -14.1478 
-28.1341 -12.8652 
-6.6128 1.8532 
-11.006 -7.496 
25.986 23.11 
0.506 0.186 
2.88 -25.02 
0.8506 -12.1392 
-3.8882 -27.7854 
24.118 1.92 
4.61454 9.12471 
0.8554 -16.018 
-13.3174 -13.6827 
26.123 32.768 
-21.0122 21.9591 
23.11 16.8529 
3.91 -18.5568 
-4.924 22.152 
15.722 2.84 
1.48886 2.5916 
-13.6396 -14.1478 
-28.1341 -12.8652 
-6.6128 1.8532 
-11.006 -7.496 
25.986 23.11 
0.506 0.186 
2.88 -25.02 
0.8506 -12.1392 
-3.8882 -27.7854 
24.118 1.92 
4.61454 9.12471 
0.8554 -16.018 
-13.3174 -13.6827 
26.123 32.768 
---end
-21.0122 21.9591 
23.11 16.8529 
3.91 -18.5568 
-4.924 22.152 
15.722 2.84 
1.48886 2.5916 
-13.6396 -14.1478 
-28.1341 -12.8652 
-6.6128 1.8532 
-11.006 -7.496 
25.986 23.11 
0.506 0.186 
2.88 -25.02 
0.8506 -12.1392 
-3.8882 -27.7854 
24.118 1.92 
4.61454 9.12471 
0.8554 -16.018 
-13.3174 -13.6827 
26.123 32.768 
-21.0122 21.9591 
23.11 16.8529 
3.91 -18.5568 
-4.924 22.152 
15.722 2.84 
1.48886 2.5916 
-13.6396 -14.1478 
-28.1341 -12.8652 
-6.6128 1.8532 
-11.006 -7.496 
25.986 23.11 
0.506 0.186 
2.88 -25.02 
0.8506 -12.1392 
-3.8882 -27.7854 
24.118 1.92 
4.61454 9.12471 
0.8554 -16.018 
-13.3174 -13.6827 
26.123 32.768 
---end
-21.0122 21.9591 
23.11 16.8529 
3.91 -18.5568 
-4.924 22.152 
15.722 2.84 
1.48886 2.5916 
-13.6396 -14.1478 
-28.1341 -12.8652 
-6.6128 1.8532 
-11.006 -7.496 
25.986 23.11 
0.506 0.186 
2.88 -25.02 
0.8506 -12.1392 
-3.8882 -27.7854 
24.118 1.92 
4.61454 9.12471 
0.8554 -16.018 
-13.3174 -13.6827 
26.123 32.768 
-21.0122 21.9591 
23.11 16.8529 
3.91 -18.5568 
-4.924 22.152 
15.722 2.84 
1.48886 2.5916 
-13.6396 -14.1478 
-28.1341 -12.8652 
-6.6128 1.8532 
-11.006 -7.496 
25.986 23.11 
0.506 0.186 
2.88 -25.02 
0.8506 -12.1392 
-3.8882 -27.7854 
24.118 1.92 
4.61454 9.12471 
0.8554 -16.018 
-13.3174 -13.6827 
26.123 32.768 
---end
-21.0122 21.9591 
23.11 16.8529 
3.91 -18.5568 
-4.924 22.152 
15.722 2.84 
1.48886 2.5916 
-13.6396 -14.1478 
-28.1341 -12.8652 
-6.6128 1.8532 
-11.006 -7.496 
25.986 23.11 
0.506 0.186 
2.88 -25.02 
0.8506 -12.1392 
-3.8882 -27.7854 
24.118 1.92 
4.61454 9.12471 
0.8554 -16.018 
-13.3174 -13.6827 
26.123 32.768 
-21.0122 21.9591 
23.11 16.8529 
3.91 -18.5568 
-4.924 22.152 
15.722 2.84 
1.48886 2.5916 
-13.6396 -14.1478 
-28.1341 -12.8652 
-6.6128 1.8532 
-11.006 -7.496 
25.986 23.11 
0.506 0.186 
2.88 -25.02 
0.8506 -12.1392 
-3.8882 -27.7854 
24.118 1.92 
4.61454 9.12471 
0.8554 -16.018 
-13.3174 -13.6827 
26.123 32.768 
---end
-21.0122 21.9591 
23.11 16.8529 
3.91 -18.5568 
-4.924 22.152 
15.722 2.84 
1.48886 2.5916 
-13.6396 -14.1478 
-28.1341 -12.8652 
-6.6128 1.8532 
-11.006 -7.496 
25.986 23.11 
0.506 0.186 
2.88 -25.02 
0.8506 -12.1392 
-3.8882 -27.7854 
24.118 1.92 
4.61454 9.12471 
0.8554 -16.018 
-13.3174 -13.6827 
26.123 32.768 
-21.0122 21.9591 
23.11 16.8529 
3.91 -18.5568 
-4.924 22.152 
15.722 2.84 
1.48886 2.5916 
-13.6396 -14.1478 
-28.1341 -12.8652 
-6.6128 1.8532 
-11.006 -7.496 
25.986 23.11 
0.506 0.186 
2.88 -25.02 
0.8506 -12.1392 
-3.8882 -27.7854 
24.118 1.92 
4.61454 9.12471 
0.8554 -16.018 
-13.3174 -13.6827 
26.123 32.768 
---end
-21.0122 21.9591 
23.11 16.8529 
3.91 -18.5568 
-4.924 22.152 
15.722 2.84 
1.48886 2.5916 
-13.6396 -14.1478 
-28.1341 -12.8652 
-6.6128 1.8532 
-11.006 -7.496 
25.986 23.11 
0.506 0.186 
2.88 -25.02 
0.8506 -12.1392 
-3.8882 -27.7854 
24.118 1.92 
4.61454 9.12471 
0.8554 -16.018 
-13.3174 -13.6827 
26.123 32.768 
-21.0122 21.9591 
23.11 16.8529 
3.91 -18.5568 
-4.924 22.152 
15.722 2.84 
1.48886 2.5916 
-13.6396 -14.1478 
-28.1341 -12.8652 
-6.6128 1.8532 
-11.006 -7.496 
25.986 23.11 
0.506 0.186 
2.88 -25.02 
0.8506 -12.1392 
-3.8882 -27.7854 
24.118 1.92 
4.61454 9.12471 
0.8554 -16.018 
-13.3174 -13.6827 
26.123 32.768 
---end
-21.0122 21.9591 
23.11 16.8529 
3.91 -18.5568 
-4.924 22.152 
15.722 2.84 
1.48886 2.5916 
-13.6396 -14.1478 
-28.1341 -12.8652 
-6.6128 1.8532 
-11.006 -7.496 
25.986 23.11 
0.506 0.186 
2.88 -25.02 
0.8506 -12.1392 
-3.8882 -27.7854 
24.118 1.92 
4.61454 9.12471 
0.8554 -16.018 
-13.3174 -13.6827 
26.123 32.768 
-21.0122 21.9591 
23.11 16.8529 
3.91 -18.5568 
-4.924 22.152 
15.722 2.84 
1.48886 2.5916 
-13.6396 -14.1478 
-28.1341 -12.8652 
-6.6128 1.8532 
-11.006 -7.496 
25.986 23.11 
0.506 0.186 
2.88 -25.02 
0.8506 -12.1392 
-3.8882 -27.7854 
24.118 1.92 
4.61454 9.12471 
0.8554 -16.018 
-13.3174 -13.6827 
26.123 32.768 
---end
-21.0122 21.9591 
23.11 16.8529 
3.91 -18.5568 
-4.924 22.152 
15.722 2.84 
1.48886 2.5916 
-13.6396 -14.1478 
-28.1341 -12.8652 
-6.6128 1.8532 
-11.006 -7.496 
25.986 23.11 
0.506 0.186 
2.88 -25.02 
0.8506 -12.1392 
-3.8882 -27.7854 
24.118 1.92 
4.61454 9.12471 
0.8554 -16.018 
-13.3174 -13.6827 
26.123 32.768 
-21.0122 21.9591 
23.11 16.8529 
3.91 -18.5568 
-4.924 22.152 
15.722 2.84 
1.48886 2.5916 
-13.6396 -14.1478 
-28.1341 -12.8652 
-6.6128 1.8532 
-11.006 -7.496 
25.986 23.11 
0.506 0.186 
2.88 -25.02 
0.8506 -12.1392 
-3.8882 -27.7854 
24.118 1.92 
4.61454 9.12471 
0.8554 -16.018 
-13.3174 -13.6827 
26.123 32.768 
---end
-21.0122 21.9591 
23.11 16.8529 
3.91 -18.5568 
-4.924 22.152 
15.722 2.84 
1.48886 2.5916 
-13.6396 -14.1478 
-28.1341 -12.8652 
-6.6128 1.8532 
-11.006 -7.496 
25.986 23.11 
0.506 0.186 
2.88 -25.02 
0.8506 -12.1392 
-3.8882 -27.7854 
24.118 1.92 
4.61454 9.12471 
0.8554 -16.018 
-13.3174 -13.6827 
26.123 32.768 
-21.0122 21.9591 
23.11 16.8529 
3.91 -18.5568 
-4.924 22.152 
15.722 2.84 
1.48886 2.5916 
-13.6396 -14.1478 
-28.1341 -12.8652 
-6.6128 1.8532 
-11.006 -7.496 
25.986 23.11 
0.506 0.186 
2.88 -25.02 
0.8506 -12.1392 
-3.8882 -27.7854 
24.118 1.92 
4.61454 9.12471 
0.8554 -16.018 
-13.3174 -13.6827 
26.123 32.768 
---end
-21.0122 21.9591 
23.11 16.8529 
3.91 -18.5568 
-4.924 22.152 
15.722 2.84 
1.48886 2.5916 
-13.6396 -14.1478 
-28.1341 -12.8652 
-6.6128 1.8532 
-11.006 -7.496 
25.986 23.11 
0.506 0.186 
2.88 -25.02 
0.8506 -12.1392 
-3.8882 -27.7854 
24.118 1.92 
4.61454 9.12471 
0.8554 -16.018 
-13.3174 -13.6827 
26.123 32.768 
-21.0122 21.9591 
23.11 16.8529 
3.91 -18.5568 
-4.924 22.152 
15.722 2.84 
1.48886 2.5916 
-13.6396 -14.1478 
-28.1341 -12.8652 
-6.6128 1.8532 
-11.006 -7.496 
25.986 23.11 
0.506 0.186 
2.88 -25.02 
0.8506 -12.1392 
-3.8882 -27.7854 
24.118 1.92 
4.61454 9.12471 
0.8554 -16.018 
-13.3174 -13.6827 
26.123 32.768 
---end
-21.0122 21.9591 
23.11 16.8529 
3.91 -18.5568 
-4.924 22.152 
15.722 2.84 
1.48886 2.5916 
-13.6396 -14.1478 
-28.1341 -12.8652 
-6.6128 1.8532 
-11.006 -7.496 
25.986 23.11 
0.506 0.186 
2.88 -25.02 
0.8506 -12.1392 
-3.8882 -27.7854 
24.118 1.92 
4.61454 9.12471 
0.8554 -16.018 
-13.3174 -13.6827 
26.123 32.768 
-21.0122 21.9591 
23.11 16.8529 
3.91 -18.5568 
-4.924 22.152 
15.722 2.84 
1.48886 2.5916 
-13.6396 -14.1478 
-28.1341 -12.8652 
-6.6128 1.8532 
-11.006 -7.496 
25.986 23.11 
0.506 0.186 
2.88 -25.02 
0.8506 -12.1392 
-3.8882 -27.7854 
24.118 1.92 
4.61454 9.12471 
0.8554 -16.018 
-13.3174 -13.6827 
26.123 32.768 
---end
-21.0122 21.9591 
23.11 16.8529 
3.91 -18.5568 
-4.924 22.152 
15.722 2.84 
1.48886 2.5916 
-13.6396 -14.1478 
-28.1341 -12.8652 
-6.6128 1.8532 
-11.006 -7.496 
25.986 23.11 
0.506 0.186 
2.88 -25.02 
0.8506 -12.1392 
-3.8882 -27.7854 
24.118 1.92 
4.61454 9.12471 
0.8554 -16.018 
-13.3174 -13.6827 
26.123 32.768 
-21.0122 21.9591 
23.11 16.8529 
3.91 -18.5568 
-4.924 22.152 
15.722 2.84 
1.48886 2.5916 
-13.6396 -14.1478 
-28.1341 -12.8652 
-6.6128 1.8532 
-11.006 -7.496 
25.986 23.11 
0.506 0.186 
2.88 -25.02 
0.8506 -12.1392 
-3.8882 -27.7854 
24.118 1.92 
4.61454 9.12471 
0.8554 -16.018 
-13.3174 -13.6827 
26.123 32.768 
---end
-21.0122 21.9591 
23.11 16.8529 
3.91 -18.5568 
-4.924 22.152 
15.722 2.84 
1.48886 2.5916 
-13.6396 -14.1478 
-28.1341 -12.8652 
-6.6128 1.8532 
-11.006 -7.496 
25.986 23.11 
0.506 0.186 
2.88 -25.02 
0.8506 -12.1392 
-3.8882 -27.7854 
24.118 1.92 
4.61454 9.12471 
0.8554 -16.018 
-13.3174 -13.6827 
26.123 32.768 
-21.0122 21.9591 
23.11 16.8529 
3.91 -18.5568 
-4.924 22.152 
15.722 2.84 
1.48886 2.5916 
-13.6396 -14.1478 
-28.1341 -12.8652 
-6.6128 1.8532 
-11.006 -7.496 
25.986 23.11 
0.506 0.186 
2.88 -25.02 
0.8506 -12.1392 
-3.8882 -27.7854 
24.118 1.92 
4.61454 9.12471 
0.8554 -16.018 
-13.3174 -13.6827 
26.123 32.768 
---end
-21.0122 21.9591 
23.11 16.8529 
3.91 -18.5568 
-4.924 22.152 
15.722 2.84 
1.48886 2.5916 
-13.6396 -14.1478 
-28.1341 -12.8652 
-6.6128 1.8532 
-11.006 -7.496 
25.986 23.11 
0.506 0.186 
2.88 -25.02 
0.8506 -12.1392 
-3.8882 -27.7854 
24.118 1.92 
4.61454 9.12471 
0.8554 -16.018 
-13.3174 -13.6827 
26.123 32.768 
-21.0122 21.9591 
23.11 16.8529 
3.91 -18.5568 
-4.924 22.152 
15.722 2.84 
1.48886 2.5916 
-13.6396 -14.1478 
-28.1341 -12.8652 
-6.6128 1.8532 
-11.006 -7.496 
25.986 23.11 
0.506 0.186 
2.88 -25.02 
0.8506 -12.1392 
-3.8882 -27.7854 
24.118 1.92 
4.61454 9.12471 
0.8554 -16.018 
-13.3174 -13.6827 
26.123 32.768 
---end
-21.0122 21.9591 
23.11 16.8529 
3.91 -18.5568 
-4.924 22.152 
15.722 2.84 
1.48886 2.5916 
-13.6396 -14.1478 
-28.1341 -12.8652 
-6.6128 1.8532 
-11.006 -7.496 
25.986 23.11 
0.506 0.186 
2.88 -25.02 
0.8506 -12.1392 
-3.8882 -27.7854 
24.118 1.92 
4.61454 9.12471 
0.8554 -16.018 
-13.3174 -13.6827 
26.123 32.768 
-21.0122 21.9591 
23.11 16.8529 
3.91 -18.5568 
-4.924 22.152 
15.722 2.84 
1.48886 2.5916 
-13.6396 -14.1478 
-28.1341 -12.8652 
-6.6128 1.8532 
-11.006 -7.496 
25.986 23.11 
0.506 0.186 
2.88 -25.02 
0.8506 -12.1392 
-3.8882 -27.7854 
24.118 1.92 
4.61454 9.12471 
0.8554 -16.018 
-13.3174 -13.6827 
26.123 32.768 
---end
-21.0122 21.9591 
23.11 16.8529 
3.91 -18.5568 
-4.924 22.152 
15.722 2.84 
1.48886 2.5916 
-13.6396 -14.1478 
-28.1341 -12.8652 
-6.6128 1.8532 
-11.006 -7.496 
25.986 23.11 
0.506 0.186 
2.88 -25.02 
0.8506 -12.1392 
-3.8882 -27.7854 
24.118 1.92 
4.61454 9.12471 
0.8554 -16.018 
-13.3174 -13.6827 
26.123 32.768 
-21.0122 21.9591 
23.11 16.8529 
3.91 -18.5568 
-4.924 22.152 
15.722 2.84 
1.48886 2.5916 
-13.6396 -14.1478 
-28.1341 -12.8652 
-6.6128 1.8532 
-11.006 -7.496 
25.986 23.11 
0.506 0.186 
2.88 -25.02 
0.8506 -12.1392 
-3.8882 -27.7854 
24.118 1.92 
4.61454 9.12471 
0.8554 -16.018 
-13.3174 -13.6827 
26.123 32.768 
---end
-21.0122 21.9591 
23.11 16.8529 
3.91 -18.5568 
-4.924 22.152 
15.722 2.84 
1.48886 2.5916 
-13.6396 -14.1478 
-28.1341 -12.8652 
-6.6128 1.8532 
-11.006 -7.496 
25.986 23.11 
0.506 0.186 
2.88 -25.02 
0.8506 -12.1392 
-3.8882 -27.7854 
24.118 1.92 
4.61454 9.12471 
0.8554 -16.018 
-13.3174 -13.6827 
26.123 32.768 
-21.0122 21.9591 
23.11 16.8529 
3.91 -18.5568 
-4.924 22.152 
15.722 2.84 
1.48886 2.5916 
-13.6396 -14.1478 
-28.1341 -12.8652 
-6.6128 1.8532 
-11.006 -7.496 
25.986 23.11 
0.506 0.186 
2.88 -25.02 
0.8506 -12.1392 
-3.8882 -27.7854 
24.118 1.92 
4.61454 9.12471 
0.8554 -16.018 
-13.3174 -13.6827 
26.123 32.768 
---end
-21.0122 21.9591 
23.11 16.8529 
3.91 -18.5568 
-4.924 22.152 
15.722 2.84 
1.48886 2.5916 
-13.6396 -14.1478 
-28.1341 -12.8652 
-6.6128 1.8532 
-11.006 -7.496 
25.986 23.11 
0.506 0.186 
2.88 -25.02 
0.8506 -12.1392 
-3.8882 -27.7854 
24.118 1.92 
4.61454 9.12471 
0.8554 -16.018 
-13.3174 -13.6827 
26.123 32.768 
-21.0122 21.9591 
23.11 16.8529 
3.91 -18.5568 
-4.924 22.152 
15.722 2.84 
1.48886 2.5916 
-13.6396 -14.1478 
-28.1341 -12.8652 
-6.6128 1.8532 
-11.006 -7.496 
25.986 23.11 
0.506 0.186 
2.88 -25.02 
0.8506 -12.1392 
-3.8882 -27.7854 
24.118 1.92 
4.61454 9.12471 
0.8554 -16.018 
-13.3174 -13.6827 
26.123 32.768 
---end
-21.0122 21.9591 
23.11 16.8529 
3.91 -18.5568 
-4.924 22.152 
15.722 2.84 
1.48886 2.5916 
-13.6396 -14.1478 
-28.1341 -12.8652 
-6.6128 1.8532 
-11.006 -7.496 
25.986 23.11 
0.506 0.186 
2.88 -25.02 
0.8506 -12.1392 
-3.8882 -27.7854 
24.118 1.92 
4.61454 9.12471 
0.8554 -16.018 
-13.3174 -13.6827 
26.123 32.768 
-21.0122 21.9591 
23.11 16.8529 
3.91 -18.5568 
-4.924 22.152 
15.722 2.84 
1.48886 2.5916 
-13.6396 -14.1478 
-28.1341 -12.8652 
-6.6128 1.8532 
-11.006 -7.496 
25.986 23.11 
0.506 0.186 
2.88 -25.02 
0.8506 -12.1392 
-3.8882 -27.7854 
24.118 1.92 
4.61454 9.12471 
0.8554 -16.018 
-13.3174 -13.6827 
26.123 32.768 
---end
-21.0122 21.9591 
23.11 16.8529 
3.91 -18.5568 
-4.924 22.152 
15.722 2.84 
1.48886 2.5916 
-13.6396 -14.1478 
-28.1341 -12.8652 
-6.6128 1.8532 
-11.006 -7.496 
25.986 23.11 
0.506 0.186 
2.88 -25.02 
0.8506 -12.1392 
-3.8882 -27.7854 
24.118 1.92 
4.61454 9.12471 
0.8554 -16.018 
-13.3174 -13.6827 
26.123 32.768 
-21.0122 21.9591 
23.11 16.8529 
3.91 -18.5568 
-4.924 22.152 
15.722 2.84 
1.48886 2.5916 
-13.6396 -14.1478 
-28.1341 -12.8652 
-6.6128 1.8532 
-11.006 -7.496 
25.986 23.11 
0.506 0.186 
2.88 -25.02 
0.8506 -12.1392 
-3.8882 -27.7854 
24.118 1.92 
4.61454 9.12471 
0.8554 -16.018 
-13.3174 -13.6827 
26.123 32.768 
---end
-21.0122 21.9591 
23.11 16.8529 
3.91 -18.5568 
-4.924 22.152 
15.722 2.84 
1.48886 2.5916 
-13.6396 -14.1478 
-28.1341 -12.8652 
-6.6128 1.8532 
-11.006 -7.496 
25.986 23.11 
0.506 0.186 
2.88 -25.02 
0.8506 -12.1392 
-3.8882 -27.7854 
24.118 1.92 
4.61454 9.12471 
0.8554 -16.018 
-13.3174 -13.6827 
26.123 32.768 
-21.0122 21.9591 
23.11 16.8529 
3.91 -18.5568 
-4.924 22.152 
15.722 2.84 
1.48886 2.5916 
-13.6396 -14.1478 
-28.1341 -12.8652 
-6.6128 1.8532 
-11.006 -7.496 
25.986 23.11 
0.506 0.186 
2.88 -25.02 
0.8506 -12.1392 
-3.8882 -27.7854 
24.118 1.92 
4.61454 9.12471 
0.8554 -16.018 
-13.3174 -13.6827 
26.123 32.768 
---end
-21.0122 21.9591 
23.11 16.8529 
3.91 -18.5568 
-4.924 22.152 
15.722 2.84 
1.48886 2.5916 
-13.6396 -14.1478 
-28.1341 -12.8652 
-6.6128 1.8532 
-11.006 -7.496 
25.986 23.11 
0.506 0.186 
2.88 -25.02 
0.8506 -12.1392 
-3.8882 -27.7854 
24.118 1.92 
4.61454 9.12471 
0.8554 -16.018 
-13.3174 -13.6827 
26.123 32.768 
-21.0122 21.9591 
23.11 16.8529 
3.91 -18.5568 
-4.924 22.152 
15.722 2.84 
1.48886 2.5916 
-13.6396 -14.1478 
-28.1341 -12.8652 
-6.6128 1.8532 
-11.006 -7.496 
25.986 23.11 
0.506 0.186 
2.88 -25.02 
0.8506 -12.1392 
-3.8882 -27.7854 
24.118 1.92 
4.61454 9.12471 
0.8554 -16.018 
-13.3174 -13.6827 
26.123 32.768 
---end
-21.0122 21.9591 
23.11 16.8529 
3.91 -18.5568 
-4.924 22.152 
15.722 2.84 
1.48886 2.5916 
-13.6396 -14.1478 
-28.1341 -12.8652 
-6.6128 1.8532 
-11.006 -7.496 
25.986 23.11 
0.506 0.186 
2.88 -25.02 
0.8506 -12.1392 
-3.8882 -27.7854 
24.118 1.92 
4.61454 9.12471 
0.8554 -16.018 
-13.3174 -13.6827 
26.123 32.768 
-21.0122 21.9591 
23.11 16.8529 
3.91 -18.5568 
-4.924 22.152 
15.722 2.84 
1.48886 2.5916 
-13.6396 -14.1478 
-28.1341 -12.8652 
-6.6128 1.8532 
-11.006 -7.496 
25.986 23.11 
0.506 0.186 
2.88 -25.02 
0.8506 -12.1392 
-3.8882 -27.7854 
24.118 1.92 
4.61454 9.12471 
0.8554 -16.018 
-13.3174 -13.6827 
26.123 32.768 
---end
-21.0122 21.9591 
23.11 16.8529 
3.91 -18.5568 
-4.924 22.152 
15.722 2.84 
1.48886 2.5916 
-13.6396 -14.1478 
-28.1341 -12.8652 
-6.6128 1.8532 
-11.006 -7.496 
25.986 23.11 
0.506 0.186 
2.88 -25.02 
0.8506 -12.1392 
-3.8882 -27.7854 
24.118 1.92 
4.61454 9.12471 
0.8554 -16.018 
-13.3174 -13.6827 
26.123 32.768 
-21.0122 21.9591 
23.11 16.8529 
3.91 -18.5568 
-4.924 22.152 
15.722 2.84 
1.48886 2.5916 
-13.6396 -14.1478 
-28.1341 -12.8652 
-6.6128 1.8532 
-11.006 -7.496 
25.986 23.11 
0.506 0.186 
2.88 -25.02 
0.8506 -12.1392 
-3.8882 -27.7854 
24.118 1.92 
4.61454 9.12471 
0.8554 -16.018 
-13.3174 -13.6827 
26.123 32.768 
---end
-21.0122 21.9591 
23.11 16.8529 
3.91 -18.5568 
-4.924 22.152 
15.722 2.84 
1.48886 2.5916 
-13.6396 -14.1478 
-28.1341 -12.8652 
-6.6128 1.8532 
-11.006 -7.496 
25.986 23.11 
0.506 0.186 
2.88 -25.02 
0.8506 -12.1392 
-3.8882 -27.7854 
24.118 1.92 
4.61454 9.12471 
0.8554 -16.018 
-13.3174 -13.6827 
26.123 32.768 
-21.0122 21.9591 
23.11 16.8529 
3.91 -18.5568 
-4.924 22.152 
15.722 2.84 
1.48886 2.5916 
-13.6396 -14.1478 
-28.1341 -12.8652 
-6.6128 1.8532 
-11.006 -7.496 
25.986 23.11 
0.506 0.186 
2.88 -25.02 
0.8506 -12.1392 
-3.8882 -27.7854 
24.118 1.92 
4.61454 9.12471 
0.8554 -16.018 
-13.3174 -13.6827 
26.123 32.768 
---end
-21.0122 21.9591 
23.11 16.8529 
3.91 -18.5568 
-4.924 22.152 
15.722 2.84 
1.48886 2.5916 
-13.6396 -14.1478 
-28.1341 -12.8652 
-6.6128 1.8532 
-11.006 -7.496 
25.986 23.11 
0.506 0.186 
2.88 -25.02 
0.8506 -12.1392 
-3.8882 -27.7854 
24.118 1.92 
4.61454 9.12471 
0.8554 -16.018 
-13.3174 -13.6827 
26.123 32.768 
-21.0122 21.9591 
23.11 16.8529 
3.91 -18.5568 
-4.924 22.152 
15.722 2.84 
1.48886 2.5916 
-13.6396 -14.1478 
-28.1341 -12.8652 
-6.6128 1.8532 
-11.006 -7.496 
25.986 23.11 
0.506 0.186 
2.88 -25.02 
0.8506 -12.1392 
-3.8882 -27.7854 
24.118 1.92 
4.61454 9.12471 
0.8554 -16.018 
-13.3174 -13.6827 
26.123 32.768 
---end
-21.0122 21.9591 
23.11 16.8529 
3.91 -18.5568 
-4.924 22.152 
15.722 2.84 
1.48886 2.5916 
-13.6396 -14.1478 
-28.1341 -12.8652 
-6.6128 1.8532 
-11.006 -7.496 
25.986 23.11 
0.506 0.186 
2.88 -25.02 
0.8506 -12.1392 
-3.8882 -27.7854 
24.118 1.92 
4.61454 9.12471 
0.8554 -16.018 
-13.3174 -13.6827 
26.123 32.768 
-21.0122 21.9591 
23.11 16.8529 
3.91 -18.5568 
-4.924 22.152 
15.722 2.84 
1.48886 2.5916 
-13.6396 -14.1478 
-28.1341 -12.8652 
-6.6128 1.8532 
-11.006 -7.496 
25.986 23.11 
0.506 0.186 
2.88 -25.02 
0.8506 -12.1392 
-3.8882 -27.7854 
24.118 1.92 
4.61454 9.12471 
0.8554 -16.018 
-13.3174 -13.6827 
26.123 32.768 
---end
-21.0122 21.9591 
23.11 16.8529 
3.91 -18.5568 
-4.924 22.152 
15.722 2.84 
1.48886 2.5916 
-13.6396 -14.1478 
-28.1341 -12.8652 
-6.6128 1.8532 
-11.006 -7.496 
25.986 23.11 
0.506 0.186 
2.88 -25.02 
0.8506 -12.1392 
-3.8882 -27.7854 
24.118 1.92 
4.61454 9.12471 
0.8554 -16.018 
-13.3174 -13.6827 
26.123 32.768 
-21.0122 21.9591 
23.11 16.8529 
3.91 -18.5568 
-4.924 22.152 
15.722 2.84 
1.48886 2.5916 
-13.6396 -14.1478 
-28.1341 -12.8652 
-6.6128 1.8532 
-11.006 -7.496 
25.986 23.11 
0.506 0.186 
2.88 -25.02 
0.8506 -12.1392 
-3.8882 -27.7854 
24.118 1.92 
4.61454 9.12471 
0.8554 -16.018 
-13.3174 -13.6827 
26.123 32.768 
---end
-21.0122 21.9591 
23.11 16.8529 
3.91 -18.5568 
-4.924 22.152 
15.722 2.84 
1.48886 2.5916 
-13.6396 -14.1478 
-28.1341 -12.8652 
-6.6128 1.8532 
-11.006 -7.496 
25.986 23.11 
0.506 0.186 
2.88 -25.02 
0.8506 -12.1392 
-3.8882 -27.7854 
24.118 1.92 
4.61454 9.12471 
0.8554 -16.018 
-13.3174 -13.6827 
26.123 32.768 
-21.0122 21.9591 
23.11 16.8529 
3.91 -18.5568 
-4.924 22.152 
15.722 2.84 
1.48886 2.5916 
-13.6396 -14.1478 
-28.1341 -12.8652 
-6.6128 1.8532 
-11.006 -7.496 
25.986 23.11 
0.506 0.186 
2.88 -25.02 
0.8506 -12.1392 
-3.8882 -27.7854 
24.118 1.92 
4.61454 9.12471 
0.8554 -16.018 
-13.3174 -13.6827 
26.123 32.768 
---end
-21.0122 21.9591 
23.11 16.8529 
3.91 -18.5568 
-4.924 22.152 
15.722 2.84 
1.48886 2.5916 
-13.6396 -14.1478 
-28.1341 -12.8652 
-6.6128 1.8532 
-11.006 -7.496 
25.986 23.11 
0.506 0.186 
2.88 -25.02 
0.8506 -12.1392 
-3.8882 -27.7854 
24.118 1.92 
4.61454 9.12471 
0.8554 -16.018 
-13.3174 -13.6827 
26.123 32.768 
-21.0122 21.9591 
23.11 16.8529 
3.91 -18.5568 
-4.924 22.152 
15.722 2.84 
1.48886 2.5916 
-13.6396 -14.1478 
-28.1341 -12.8652 
-6.6128 1.8532 
-11.006 -7.496 
25.986 23.11 
0.506 0.186 
2.88 -25.02 
0.8506 -12.1392 
-3.8882 -27.7854 
24.118 1.92 
4.61454 9.12471 
0.8554 -16.018 
-13.3174 -13.6827 
26.123 32.768 
---end
-21.0122 21.9591 
23.11 16.8529 
3.91 -18.5568 
-4.924 22.152 
15.722 2.84 
1.48886 2.5916 
-13.6396 -14.1478 
-28.1341 -12.8652 
-6.6128 1.8532 
-11.006 -7.496 
25.986 23.11 
0.506 0.186 
2.88 -25.02 
0.8506 -12.1392 
-3.8882 -27.7854 
24.118 1.92 
4.61454 9.12471 
0.8554 -16.018 
-13.3174 -13.6827 
26.123 32.768 
-21.0122 21.9591 
23.11 16.8529 
3.91 -18.5568 
-4.924 22.152 
15.722 2.84 
1.48886 2.5916 
-13.6396 -14.1478 
-28.1341 -12.8652 
-6.6128 1.8532 
-11.006 -7.496 
25.986 23.11 
0.506 0.186 
2.88 -25.02 
0.8506 -12.1392 
-3.8882 -27.7854 
24.118 1.92 
4.61454 9.12471 
0.8554 -16.018 
-13.3174 -13.6827 
26.123 32.768 
---end
-21.0122 21.9591 
23.11 16.8529 
3.91 -18.5568 
-4.924 22.152 
15.722 2.84 
1.48886 2.5916 
-13.6396 -14.1478 
-28.1341 -12.8652 
-6.6128 1.8532 
-11.006 -7.496 
25.986 23.11 
0.506 0.186 
2.88 -25.02 
0.8506 -12.1392 
-3.8882 -27.7854 
24.118 1.92 
4.61454 9.12471 
0.8554 -16.018 
-13.3174 -13.6827 
26.123 32.768 
-21.0122 21.9591 
23.11 16.8529 
3.91 -18.5568 
-4.924 22.152 
15.722 2.84 
1.48886 2.5916 
-13.6396 -14.1478 
-28.1341 -12.8652 
-6.6128 1.8532 
-11.006 -7.496 
25.986 23.11 
0.506 0.186 
2.88 -25.02 
0.8506 -12.1392 
-3.8882 -27.7854 
24.118 1.92 
4.61454 9.12471 
0.8554 -16.018 
-13.3174 -13.6827 
26.123 32.768 
---end
-21.0122 21.9591 
23.11 16.8529 
3.91 -18.5568 
-4.924 22.152 
15.722 2.84 
1.48886 2.5916 
-13.6396 -14.1478 
-28.1341 -12.8652 
-6.6128 1.8532 
-11.006 -7.496 
25.986 23.11 
0.506 0.186 
2.88 -25.02 
0.8506 -12.1392 
-3.8882 -27.7854 
24.118 1.92 
4.61454 9.12471 
0.8554 -16.018 
-13.3174 -13.6827 
26.123 32.768 
-21.0122 21.9591 
23.11 16.8529 
3.91 -18.5568 
-4.924 22.152 
15.722 2.84 
1.48886 2.5916 
-13.6396 -14.1478 
-28.1341 -12.8652 
-6.6128 1.8532 
-11.006 -7.496 
25.986 23.11 
0.506 0.186 
2.88 -25.02 
0.8506 -12.1392 
-3.8882 -27.7854 
24.118 1.92 
4.61454 9.12471 
0.8554 -16.018 
-13.3174 -13.6827 
26.123 32.768 
---end
-21.0122 21.9591 
23.11 16.8529 
3.91 -18.5568 
-4.924 22.152 
15.722 2.84 
1.48886 2.5916 
-13.6396 -14.1478 
-28.1341 -12.8652 
-6.6128 1.8532 
-11.006 -7.496 
25.986 23.11 
0.506 0.186 
2.88 -25.02 
0.8506 -12.1392 
-3.8882 -27.7854 
24.118 1.92 
4.61454 9.12471 
0.8554 -16.018 
-13.3174 -13.6827 
26.123 32.768 
-21.0122 21.9591 
23.11 16.8529 
3.91 -18.5568 
-4.924 22.152 
15.722 2.84 
1.48886 2.5916 
-13.6396 -14.1478 
-28.1341 -12.8652 
-6.6128 1.8532 
-11.006 -7.496 
25.986 23.11 
0.506 0.186 
2.88 -25.02 
0.8506 -12.1392 
-3.8882 -27.7854 
24.118 1.92 
4.61454 9.12471 
0.8554 -16.018 
-13.3174 -13.6827 
26.123 32.768 
---end
-21.0122 21.9591 
23.11 16.8529 
3.91 -18.5568 
-4.924 22.152 
15.722 2.84 
1.48886 2.5916 
-13.6396 -14.1478 
-28.1341 -12.8652 
-6.6128 1.8532 
-11.006 -7.496 
25.986 23.11 
0.506 0.186 
2.88 -25.02 
0.8506 -12.1392 
-3.8882 -27.7854 
24.118 1.92 
4.61454 9.12471 
0.8554 -16.018 
-13.3174 -13.6827 
26.123 32.768 
-21.0122 21.9591 
23.11 16.8529 
3.91 -18.5568 
-4.924 22.152 
15.722 2.84 
1.48886 2.5916 
-13.6396 -14.1478 
-28.1341 -12.8652 
-6.6128 1.8532 
-11.006 -7.496 
25.986 23.11 
0.506 0.186 
2.88 -25.02 
0.8506 -12.1392 
-3.8882 -27.7854 
24.118 1.92 
4.61454 9.12471 
0.8554 -16.018 
-13.3174 -13.6827 
26.123 32.768 
---end
-21.0122 21.9591 
23.11 16.8529 
3.91 -18.5568 
-4.924 22.152 
15.722 2.84 
1.48886 2.5916 
-13.6396 -14.1478 
-28.1341 -12.8652 
-6.6128 1.8532 
-11.006 -7.496 
25.986 23.11 
0.506 0.186 
2.88 -25.02 
0.8506 -12.1392 
-3.8882 -27.7854 
24.118 1.92 
4.61454 9.12471 
0.8554 -16.018 
-13.3174 -13.6827 
26.123 32.768 
-21.0122 21.9591 
23.11 16.8529 
3.91 -18.5568 
-4.924 22.152 
15.722 2.84 
1.48886 2.5916 
-13.6396 -14.1478 
-28.1341 -12.8652 
-6.6128 1.8532 
-11.006 -7.496 
25.986 23.11 
0.506 0.186 
2.88 -25.02 
0.8506 -12.1392 
-3.8882 -27.7854 
24.118 1.92 
4.61454 9.12471 
0.8554 -16.018 
-13.3174 -13.6827 
26.123 32.768 
---end
-21.0122 21.9591 
23.11 16.8529 
3.91 -18.5568 
-4.924 22.152 
15.722 2.84 
1.48886 2.5916 
-13.6396 -14.1478 
-28.1341 -12.8652 
-6.6128 1.8532 
-11.006 -7.496 
25.986 23.11 
0.506 0.186 
2.88 -25.02 
0.8506 -12.1392 
-3.8882 -27.7854 
24.118 1.92 
4.61454 9.12471 
0.8554 -16.018 
-13.3174 -13.6827 
26.123 32.768 
-21.0122 21.9591 
23.11 16.8529 
3.91 -18.5568 
-4.924 22.152 
15.722 2.84 
1.48886 2.5916 
-13.6396 -14.1478 
-28.1341 -12.8652 
-6.6128 1.8532 
-11.006 -7.496 
25.986 23.11 
0.506 0.186 
2.88 -25.02 
0.8506 -12.1392 
-3.8882 -27.7854 
24.118 1.92 
4.61454 9.12471 
0.8554 -16.018 
-13.3174 -13.6827 
26.123 32.768 
---end
-21.0122 21.9591 
23.11 16.8529 
3.91 -18.5568 
-4.924 22.152 
15.722 2.84 
1.48886 2.5916 
-13.6396 -14.1478 
-28.1341 -12.8652 
-6.6128 1.8532 
-11.006 -7.496 
25.986 23.11 
0.506 0.186 
2.88 -25.02 
0.8506 -12.1392 
-3.8882 -27.7854 
24.118 1.92 
4.61454 9.12471 
0.8554 -16.018 
-13.3174 -13.6827 
26.123 32.768 
-21.0122 21.9591 
23.11 16.8529 
3.91 -18.5568 
-4.924 22.152 
15.722 2.84 
1.48886 2.5916 
-13.6396 -14.1478 
-28.1341 -12.8652 
-6.6128 1.8532 
-11.006 -7.496 
25.986 23.11 
0.506 0.186 
2.88 -25.02 
0.8506 -12.1392 
-3.8882 -27.7854 
24.118 1.92 
4.61454 9.12471 
0.8554 -16.018 
-13.3174 -13.6827 
26.123 32.768 
---end
-21.0122 21.9591 
23.11 16.8529 
3.91 -18.5568 
-4.924 22.152 
15.722 2.84 
1.48886 2.5916 
-13.6396 -14.1478 
-28.1341 -12.8652 
-6.6128 1.8532 
-11.006 -7.496 
25.986 23.11 
0.506 0.186 
2.88 -25.02 
0.8506 -12.1392 
-3.8882 -27.7854 
24.118 1.92 
4.61454 9.12471 
0.8554 -16.018 
-13.3174 -13.6827 
26.123 32.768 
-21.0122 21.9591 
23.11 16.8529 
3.91 -18.5568 
-4.924 22.152 
15.722 2.84 
1.48886 2.5916 
-13.6396 -14.1478 
-28.1341 -12.8652 
-6.6128 1.8532 
-11.006 -7.496 
25.986 23.11 
0.506 0.186 
2.88 -25.02 
0.8506 -12.1392 
-3.8882 -27.7854 
24.118 1.92 
4.61454 9.12471 
0.8554 -16.018 
-13.3174 -13.6827 
26.123 32.768 
---end
-21.0122 21.9591 
23.11 16.8529 
3.91 -18.5568 
-4.924 22.152 
15.722 2.84 
1.48886 2.5916 
-13.6396 -14.1478 
-28.1341 -12.8652 
-6.6128 1.8532 
-11.006 -7.496 
25.986 23.11 
0.506 0.186 
2.88 -25.02 
0.8506 -12.1392 
-3.8882 -27.7854 
24.118 1.92 
4.61454 9.12471 
0.8554 -16.018 
-13.3174 -13.6827 
26.123 32.768 
-21.0122 21.9591 
23.11 16.8529 
3.91 -18.5568 
-4.924 22.152 
15.722 2.84 
1.48886 2.5916 
-13.6396 -14.1478 
-28.1341 -12.8652 
-6.6128 1.8532 
-11.006 -7.496 
25.986 23.11 
0.506 0.186 
2.88 -25.02 
0.8506 -12.1392 
-3.8882 -27.7854 
24.118 1.92 
4.61454 9.12471 
0.8554 -16.018 
-13.3174 -13.6827 
26.123 32.768 
---end
-21.0122 21.9591 
23.11 16.8529 
3.91 -18.5568 
-4.924 22.152 
15.722 2.84 
1.48886 2.5916 
-13.6396 -14.1478 
-28.1341 -12.8652 
-6.6128 1.8532 
-11.006 -7.496 
25.986 23.11 
0.506 0.186 
2.88 -25.02 
0.8506 -12.1392 
-3.8882 -27.7854 
24.118 1.92 
4.61454 9.12471 
0.8554 -16.018 
-13.3174 -13.6827 
26.123 32.768 
-21.0122 21.9591 
23.11 16.8529 
3.91 -18.5568 
-4.924 22.152 
15.722 2.84 
1.48886 2.5916 
-13.6396 -14.1478 
-28.1341 -12.8652 
-6.6128 1.8532 
-11.006 -7.496 
25.986 23.11 
0.506 0.186 
2.88 -25.02 
0.8506 -12.1392 
-3.8882 -27.7854 
24.118 1.92 
4.61454 9.12471 
0.8554 -16.018 
-13.3174 -13.6827 
26.123 32.768 
---end
-21.0122 21.9591 
23.11 16.8529 
3.91 -18.5568 
-4.924 22.152 
15.722 2.84 
1.48886 2.5916 
-13.6396 -14.1478 
-28.1341 -12.8652 
-6.6128 1.8532 
-11.006 -7.496 
25.986 23.11 
0.506 0.186 
2.88 -25.02 
0.8506 -12.1392 
-3.8882 -27.7854 
24.118 1.92 
4.61454 9.12471 
0.8554 -16.018 
-13.3174 -13.6827 
26.123 32.768 
-21.0122 21.9591 
23.11 16.8529 
3.91 -18.5568 
-4.924 22.152 
15.722 2.84 
1.48886 2.5916 
-13.6396 -14.1478 
-28.1341 -12.8652 
-6.6128 1.8532 
-11.006 -7.496 
25.986 23.11 
0.506 0.186 
2.88 -25.02 
0.8506 -12.1392 
-3.8882 -27.7854 
24.118 1.92 
4.61454 9.12471 
0.8554 -16.018 
-13.3174 -13.6827 
26.123 32.768 
---end
-21.0122 21.9591 
23.11 16.8529 
3.91 -18.5568 
-4.924 22.152 
15.722 2.84 
1.48886 2.5916 
-13.6396 -14.1478 
-28.1341 -12.8652 
-6.6128 1.8532 
-11.006 -7.496 
25.986 23.11 
0.506 0.186 
2.88 -25.02 
0.8506 -12.1392 
-3.8882 -27.7854 
24.118 1.92 
4.61454 9.12471 
0.8554 -16.018 
-13.3174 -13.6827 
26.123 32.768 
-21.0122 21.9591 
23.11 16.8529 
3.91 -18.5568 
-4.924 22.152 
15.722 2.84 
1.48886 2.5916 
-13.6396 -14.1478 
-28.1341 -12.8652 
-6.6128 1.8532 
-11.006 -7.496 
25.986 23.11 
0.506 0.186 
2.88 -25.02 
0.8506 -12.1392 
-3.8882 -27.7854 
24.118 1.92 
4.61454 9.12471 
0.8554 -16.018 
-13.3174 -13.6827 
26.123 32.768 
---end
-21.0122 21.9591 
23.11 16.8529 
3.91 -18.5568 
-4.924 22.152 
15.722 2.84 
1.48886 2.5916 
-13.6396 -14.1478 
-28.1341 -12.8652 
-6.6128 1.8532 
-11.006 -7.496 
25.986 23.11 
0.506 0.186 
2.88 -25.02 
0.8506 -12.1392 
-3.8882 -27.7854 
24.118 1.92 
4.61454 9.12471 
0.8554 -16.018 
-13.3174 -13.6827 
26.123 32.768 
-21.0122 21.9591 
23.11 16.8529 
3.91 -18.5568 
-4.924 22.152 
15.722 2.84 
1.48886 2.5916 
-13.6396 -14.1478 
-28.1341 -12.8652 
-6.6128 1.8532 
-11.006 -7.496 
25.986 23.11 
0.506 0.186 
2.88 -25.02 
0.8506 -12.1392 
-3.8882 -27.7854 
24.118 1.92 
4.61454 9.12471 
0.8554 -16.018 
-13.3174 -13.6827 
26.123 32.768 
---end
-21.0122 21.9591 
23.11 16.8529 
3.91 -18.5568 
-4.924 22.152 
15.722 2.84 
1.48886 2.5916 
-13.6396 -14.1478 
-28.1341 -12.8652 
-6.6128 1.8532 
-11.006 -7.496 
25.986 23.11 
0.506 0.186 
2.88 -25.02 
0.8506 -12.1392 
-3.8882 -27.7854 
24.118 1.92 
4.61454 9.12471 
0.8554 -16.018 
-13.3174 -13.6827 
26.123 32.768 
-21.0122 21.9591 
23.11 16.8529 
3.91 -18.5568 
-4.924 22.152 
15.722 2.84 
1.48886 2.5916 
-13.6396 -14.1478 
-28.1341 -12.8652 
-6.6128 1.8532 
-11.006 -7.496 
25.986 23.11 
0.506 0.186 
2.88 -25.02 
0.8506 -12.1392 
-3.8882 -27.7854 
24.118 1.92 
4.61454 9.12471 
0.8554 -16.018 
-13.3174 -13.6827 
26.123 32.768 
---end
-21.0122 21.9591 
23.11 16.8529 
3.91 -18.5568 
-4.924 22.152 
15.722 2.84 
1.48886 2.5916 
-13.6396 -14.1478 
-28.1341 -12.8652 
-6.6128 1.8532 
-11.006 -7.496 
25.986 23.11 
0.506 0.186 
2.88 -25.02 
0.8506 -12.1392 
-3.8882 -27.7854 
24.118 1.92 
4.61454 9.12471 
0.8554 -16.018 
-13.3174 -13.6827 
26.123 32.768 
-21.0122 21.9591 
23.11 16.8529 
3.91 -18.5568 
-4.924 22.152 
15.722 2.84 
1.48886 2.5916 
-13.6396 -14.1478 
-28.1341 -12.8652 
-6.6128 1.8532 
-11.006 -7.496 
25.986 23.11 
0.506 0.186 
2.88 -25.02 
0.8506 -12.1392 
-3.8882 -27.7854 
24.118 1.92 
4.61454 9.12471 
0.8554 -16.018 
-13.3174 -13.6827 
26.123 32.768 
---end
-21.0122 21.9591 
23.11 16.8529 
3.91 -18.5568 
-4.924 22.152 
15.722 2.84 
1.48886 2.5916 
-13.6396 -14.1478 
-28.1341 -12.8652 
-6.6128 1.8532 
-11.006 -7.496 
25.986 23.11 
0.506 0.186 
2.88 -25.02 
0.8506 -12.1392 
-3.8882 -27.7854 
24.118 1.92 
4.61454 9.12471 
0.8554 -16.018 
-13.3174 -13.6827 
26.123 32.768 
-21.0122 21.9591 
23.11 16.8529 
3.91 -18.5568 
-4.924 22.152 
15.722 2.84 
1.48886 2.5916 
-13.6396 -14.1478 
-28.1341 -12.8652 
-6.6128 1.8532 
-11.006 -7.496 
25.986 23.11 
0.506 0.186 
2.88 -25.02 
0.8506 -12.1392 
-3.8882 -27.7854 
24.118 1.92 
4.61454 9.12471 
0.8554 -16.018 
-13.3174 -13.6827 
26.123 32.768 
---end
-21.0122 21.9591 
23.11 16.8529 
3.91 -18.5568 
-4.924 22.152 
15.722 2.84 
1.48886 2.5916 
-13.6396 -14.1478 
-28.1341 -12.8652 
-6.6128 1.8532 
-11.006 -7.496 
25.986 23.11 
0.506 0.186 
2.88 -25.02 
0.8506 -12.1392 
-3.8882 -27.7854 
24.118 1.92 
4.61454 9.12471 
0.8554 -16.018 
-13.3174 -13.6827 
26.123 32.768 
-21.0122 21.9591 
23.11 16.8529 
3.91 -18.5568 
-4.924 22.152 
15.722 2.84 
1.48886 2.5916 
-13.6396 -14.1478 
-28.1341 -12.8652 
-6.6128 1.8532 
-11.006 -7.496 
25.986 23.11 
0.506 0.186 
2.88 -25.02 
0.8506 -12.1392 
-3.8882 -27.7854 
24.118 1.92 
4.61454 9.12471 
0.8554 -16.018 
-13.3174 -13.6827 
26.123 32.768 
---end
-21.0122 21.9591 
23.11 16.8529 
3.91 -18.5568 
-4.924 22.152 
15.722 2.84 
1.48886 2.5916 
-13.6396 -14.1478 
-28.1341 -12.8652 
-6.6128 1.8532 
-11.006 -7.496 
25.986 23.11 
0.506 0.186 
2.88 -25.02 
0.8506 -12.1392 
-3.8882 -27.7854 
24.118 1.92 
4.61454 9.12471 
0.8554 -16.018 
-13.3174 -13.6827 
26.123 32.768 
-21.0122 21.9591 
23.11 16.8529 
3.91 -18.5568 
-4.924 22.152 
15.722 2.84 
1.48886 2.5916 
-13.6396 -14.1478 
-28.1341 -12.8652 
-6.6128 1.8532 
-11.006 -7.496 
25.986 23.11 
0.506 0.186 
2.88 -25.02 
0.8506 -12.1392 
-3.8882 -27.7854 
24.118 1.92 
4.61454 9.12471 
0.8554 -16.018 
-13.3174 -13.6827 
26.123 32.768 
---end
-21.0122 21.9591 
23.11 16.8529 
3.91 -18.5568 
-4.924 22.152 
15.722 2.84 
1.48886 2.5916 
-13.6396 -14.1478 
-28.1341 -12.8652 
-6.6128 1.8532 
-11.006 -7.496 
25.986 23.11 
0.506 0.186 
2.88 -25.02 
0.8506 -12.1392 
-3.8882 -27.7854 
24.118 1.92 
4.61454 9.12471 
0.8554 -16.018 
-13.3174 -13.6827 
26.123 32.768 
-21.0122 21.9591 
23.11 16.8529 
3.91 -18.5568 
-4.924 22.152 
15.722 2.84 
1.48886 2.5916 
-13.6396 -14.1478 
-28.1341 -12.8652 
-6.6128 1.8532 
-11.006 -7.496 
25.986 23.11 
0.506 0.186 
2.88 -25.02 
0.8506 -12.1392 
-3.8882 -27.7854 
24.118 1.92 
4.61454 9.12471 
0.8554 -16.018 
-13.3174 -13.6827 
26.123 32.768 
---end
-21.0122 21.9591 
23.11 16.8529 
3.91 -18.5568 
-4.924 22.152 
15.722 2.84 
1.48886 2.5916 
-13.6396 -14.1478 
-28.1341 -12.8652 
-6.6128 1.8532 
-11.006 -7.496 
25.986 23.11 
0.506 0.186 
2.88 -25.02 
0.8506 -12.1392 
-3.8882 -27.7854 
24.118 1.92 
4.61454 9.12471 
0.8554 -16.018 
-13.3174 -13.6827 
26.123 32.768 
-21.0122 21.9591 
23.11 16.8529 
3.91 -18.5568 
-4.924 22.152 
15.722 2.84 
1.48886 2.5916 
-13.6396 -14.1478 
-28.1341 -12.8652 
-6.6128 1.8532 
-11.006 -7.496 
25.986 23.11 
0.506 0.186 
2.88 -25.02 
0.8506 -12.1392 
-3.8882 -27.7854 
24.118 1.92 
4.61454 9.12471 
0.8554 -16.018 
-13.3174 -13.6827 
26.123 32.768 
---end
-21.0122 21.9591 
23.11 16.8529 
3.91 -18.5568 
-4.924 22.152 
15.722 2.84 
1.48886 2.5916 
-13.6396 -14.1478 
-28.1341 -12.8652 
-6.6128 1.8532 
-11.006 -7.496 
25.986 23.11 
0.506 0.186 
2.88 -25.02 
0.8506 -12.1392 
-3.8882 -27.7854 
24.118 1.92 
4.61454 9.12471 
0.8554 -16.018 
-13.3174 -13.6827 
26.123 32.768 
-21.0122 21.9591 
23.11 16.8529 
3.91 -18.5568 
-4.924 22.152 
15.722 2.84 
1.48886 2.5916 
-13.6396 -14.1478 
-28.1341 -12.8652 
-6.6128 1.8532 
-11.006 -7.496 
25.986 23.11 
0.506 0.186 
2.88 -25.02 
0.8506 -12.1392 
-3.8882 -27.7854 
24.118 1.92 
4.61454 9.12471 
0.8554 -16.018 
-13.3174 -13.6827 
26.123 32.768 
---end
-21.0122 21.9591 
23.11 16.8529 
3.91 -18.5568 
-4.924 22.152 
15.722 2.84 
1.48886 2.5916 
-13.6396 -14.1478 
-28.1341 -12.8652 
-6.6128 1.8532 
-11.006 -7.496 
25.986 23.11 
0.506 0.186 
2.88 -25.02 
0.8506 -12.1392 
-3.8882 -27.7854 
24.118 1.92 
4.61454 9.12471 
0.8554 -16.018 
-13.3174 -13.6827 
26.123 32.768 
-21.0122 21.9591 
23.11 16.8529 
3.91 -18.5568 
-4.924 22.152 
15.722 2.84 
1.48886 2.5916 
-13.6396 -14.1478 
-28.1341 -12.8652 
-6.6128 1.8532 
-11.006 -7.496 
25.986 23.11 
0.506 0.186 
2.88 -25.02 
0.8506 -12.1392 
-3.8882 -27.7854 
24.118 1.92 
4.61454 9.12471 
0.8554 -16.018 
-13.3174 -13.6827 
26.123 32.768 
---end
-21.0122 21.9591 
23.11 16.8529 
3.91 -18.5568 
-4.924 22.152 
15.722 2.84 
1.48886 2.5916 
-13.6396 -14.1478 
-28.1341 -12.8652 
-6.6128 1.8532 
-11.006 -7.496 
25.986 23.11 
0.506 0.186 
2.88 -25.02 
0.8506 -12.1392 
-3.8882 -27.7854 
24.118 1.92 
4.61454 9.12471 
0.8554 -16.018 
-13.3174 -13.6827 
26.123 32.768 
-21.0122 21.9591 
23.11 16.8529 
3.91 -18.5568 
-4.924 22.152 
15.722 2.84 
1.48886 2.5916 
-13.6396 -14.1478 
-28.1341 -12.8652 
-6.6128 1.8532 
-11.006 -7.496 
25.986 23.11 
0.506 0.186 
2.88 -25.02 
0.8506 -12.1392 
-3.8882 -27.7854 
24.118 1.92 
4.61454 9.12471 
0.8554 -16.018 
-13.3174 -13.6827 
26.123 32.768 
---end
-21.0122 21.9591 
23.11 16.8529 
3.91 -18.5568 
-4.924 22.152 
15.722 2.84 
1.48886 2.5916 
-13.6396 -14.1478 
-28.1341 -12.8652 
-6.6128 1.8532 
-11.006 -7.496 
25.986 23.11 
0.506 0.186 
2.88 -25.02 
0.8506 -12.1392 
-3.8882 -27.7854 
24.118 1.92 
4.61454 9.12471 
0.8554 -16.018 
-13.3174 -13.6827 
26.123 32.768 
-21.0122 21.9591 
23.11 16.8529 
3.91 -18.5568 
-4.924 22.152 
15.722 2.84 
1.48886 2.5916 
-13.6396 -14.1478 
-28.1341 -12.8652 
-6.6128 1.8532 
-11.006 -7.496 
25.986 23.11 
0.506 0.186 
2.88 -25.02 
0.8506 -12.1392 
-3.8882 -27.7854 
24.118 1.92 
4.61454 9.12471 
0.8554 -16.018 
-13.3174 -13.6827 
26.123 32.768 
---end
-21.0122 21.9591 
23.11 16.8529 
3.91 -18.5568 
-4.924 22.152 
15.722 2.84 
1.48886 2.5916 
-13.6396 -14.1478 
-28.1341 -12.8652 
-6.6128 1.8532 
-11.006 -7.496 
25.986 23.11 
0.506 0.186 
2.88 -25.02 
0.8506 -12.1392 
-3.8882 -27.7854 
24.118 1.92 
4.61454 9.12471 
0.8554 -16.018 
-13.3174 -13.6827 
26.123 32.768 
-21.0122 21.9591 
23.11 16.8529 
3.91 -18.5568 
-4.924 22.152 
15.722 2.84 
1.48886 2.5916 
-13.6396 -14.1478 
-28.1341 -12.8652 
-6.6128 1.8532 
-11.006 -7.496 
25.986 23.11 
0.506 0.186 
2.88 -25.02 
0.8506 -12.1392 
-3.8882 -27.7854 
24.118 1.92 
4.61454 9.12471 
0.8554 -16.018 
-13.3174 -13.6827 
26.123 32.768 
---end
-21.0122 21.9591 
23.11 16.8529 
3.91 -18.5568 
-4.924 22.152 
15.722 2.84 
1.48886 2.5916 
-13.6396 -14.1478 
-28.1341 -12.8652 
-6.6128 1.8532 
-11.006 -7.496 
25.986 23.11 
0.506 0.186 
2.88 -25.02 
0.8506 -12.1392 
-3.8882 -27.7854 
24.118 1.92 
4.61454 9.12471 
0.8554 -16.018 
-13.3174 -13.6827 
26.123 32.768 
-21.0122 21.9591 
23.11 16.8529 
3.91 -18.5568 
-4.924 22.152 
15.722 2.84 
1.48886 2.5916 
-13.6396 -14.1478 
-28.1341 -12.8652 
-6.6128 1.8532 
-11.006 -7.496 
25.986 23.11 
0.506 0.186 
2.88 -25.02 
0.8506 -12.1392 
-3.8882 -27.7854 
24.118 1.92 
4.61454 9.12471 
0.8554 -16.018 
-13.3174 -13.6827 
26.123 32.768 
---end
-21.0122 21.9591 
23.11 16.8529 
3.91 -18.5568 
-4.924 22.152 
15.722 2.84 
1.48886 2.5916 
-13.6396 -14.1478 
-28.1341 -12.8652 
-6.6128 1.8532 
-11.006 -7.496 
25.986 23.11 
0.506 0.186 
2.88 -25.02 
0.8506 -12.1392 
-3.8882 -27.7854 
24.118 1.92 
4.61454 9.12471 
0.8554 -16.018 
-13.3174 -13.6827 
26.123 32.768 
-21.0122 21.9591 
23.11 16.8529 
3.91 -18.5568 
-4.924 22.152 
15.722 2.84 
1.48886 2.5916 
-13.6396 -14.1478 
-28.1341 -12.8652 
-6.6128 1.8532 
-11.006 -7.496 
25.986 23.11 
0.506 0.186 
2.88 -25.02 
0.8506 -12.1392 
-3.8882 -27.7854 
24.118 1.92 
4.61454 9.12471 
0.8554 -16.018 
-13.3174 -13.6827 
26.123 32.768 
---end
-21.0122 21.9591 
23.11 16.8529 
3.91 -18.5568 
-4.924 22.152 
15.722 2.84 
1.48886 2.5916 
-13.6396 -14.1478 
-28.1341 -12.8652 
-6.6128 1.8532 
-11.006 -7.496 
25.986 23.11 
0.506 0.186 
2.88 -25.02 
0.8506 -12.1392 
-3.8882 -27.7854 
24.118 1.92 
4.61454 9.12471 
0.8554 -16.018 
-13.3174 -13.6827 
26.123 32.768 
-21.0122 21.9591 
23.11 16.8529 
3.91 -18.5568 
-4.924 22.152 
15.722 2.84 
1.48886 2.5916 
-13.6396 -14.1478 
-28.1341 -12.8652 
-6.6128 1.8532 
-11.006 -7.496 
25.986 23.11 
0.506 0.186 
2.88 -25.02 
0.8506 -12.1392 
-3.8882 -27.7854 
24.118 1.92 
4.61454 9.12471 
0.8554 -16.018 
-13.3174 -13.6827 
26.123 32.768 
---end
-21.0122 21.9591 
23.11 16.8529 
3.91 -18.5568 
-4.924 22.152 
15.722 2.84 
1.48886 2.5916 
-13.6396 -14.1478 
-28.1341 -12.8652 
-6.6128 1.8532 
-11.006 -7.496 
25.986 23.11 
0.506 0.186 
2.88 -25.02 
0.8506 -12.1392 
-3.8882 -27.7854 
24.118 1.92 
4.61454 9.12471 
0.8554 -16.018 
-13.3174 -13.6827 
26.123 32.768 
-21.0122 21.9591 
23.11 16.8529 
3.91 -18.5568 
-4.924 22.152 
15.722 2.84 
1.48886 2.5916 
-13.6396 -14.1478 
-28.1341 -12.8652 
-6.6128 1.8532 
-11.006 -7.496 
25.986 23.11 
0.506 0.186 
2.88 -25.02 
0.8506 -12.1392 
-3.8882 -27.7854 
24.118 1.92 
4.61454 9.12471 
0.8554 -16.018 
-13.3174 -13.6827 
26.123 32.768 
---end
-21.0122 21.9591 
23.11 16.8529 
3.91 -18.5568 
-4.924 22.152 
15.722 2.84 
1.48886 2.5916 
-13.6396 -14.1478 
-28.1341 -12.8652 
-6.6128 1.8532 
-11.006 -7.496 
25.986 23.11 
0.506 0.186 
2.88 -25.02 
0.8506 -12.1392 
-3.8882 -27.7854 
24.118 1.92 
4.61454 9.12471 
0.8554 -16.018 
-13.3174 -13.6827 
26.123 32.768 
-21.0122 21.9591 
23.11 16.8529 
3.91 -18.5568 
-4.924 22.152 
15.722 2.84 
1.48886 2.5916 
-13.6396 -14.1478 
-28.1341 -12.8652 
-6.6128 1.8532 
-11.006 -7.496 
25.986 23.11 
0.506 0.186 
2.88 -25.02 
0.8506 -12.1392 
-3.8882 -27.7854 
24.118 1.92 
4.61454 9.12471 
0.8554 -16.018 
-13.3174 -13.6827 
26.123 32.768 
---end
-21.0122 21.9591 
23.11 16.8529 
3.91 -18.5568 
-4.924 22.152 
15.722 2.84 
1.48886 2.5916 
-13.6396 -14.1478 
-28.1341 -12.8652 
-6.6128 1.8532 
-11.006 -7.496 
25.986 23.11 
0.506 0.186 
2.88 -25.02 
0.8506 -12.1392 
-3.8882 -27.7854 
24.118 1.92 
4.61454 9.12471 
0.8554 -16.018 
-13.3174 -13.6827 
26.123 32.768 
-21.0122 21.9591 
23.11 16.8529 
3.91 -18.5568 
-4.924 22.152 
15.722 2.84 
1.48886 2.5916 
-13.6396 -14.1478 
-28.1341 -12.8652 
-6.6128 1.8532 
-11.006 -7.496 
25.986 23.11 
0.506 0.186 
2.88 -25.02 
0.8506 -12.1392 
-3.8882 -27.7854 
24.118 1.92 
4.61454 9.12471 
0.8554 -16.018 
-13.3174 -13.6827 
26.123 32.768 
---end
-21.0122 21.9591 
23.11 16.8529 
3.91 -18.5568 
-4.924 22.152 
15.722 2.84 
1.48886 2.5916 
-13.6396 -14.1478 
-28.1341 -12.8652 
-6.6128 1.8532 
-11.006 -7.496 
25.986 23.11 
0.506 0.186 
2.88 -25.02 
0.8506 -12.1392 
-3.8882 -27.7854 
24.118 1.92 
4.61454 9.12471 
0.8554 -16.018 
-13.3174 -13.6827 
26.123 32.768 
-21.0122 21.9591 
23.11 16.8529 
3.91 -18.5568 
-4.924 22.152 
15.722 2.84 
1.48886 2.5916 
-13.6396 -14.1478 
-28.1341 -12.8652 
-6.6128 1.8532 
-11.006 -7.496 
25.986 23.11 
0.506 0.186 
2.88 -25.02 
0.8506 -12.1392 
-3.8882 -27.7854 
24.118 1.92 
4.61454 9.12471 
0.8554 -16.018 
-13.3174 -13.6827 
26.123 32.768 
---end
-21.0122 21.9591 
23.11 16.8529 
3.91 -18.5568 
-4.924 22.152 
15.722 2.84 
1.48886 2.5916 
-13.6396 -14.1478 
-28.1341 -12.8652 
-6.6128 1.8532 
-11.006 -7.496 
25.986 23.11 
0.506 0.186 
2.88 -25.02 
0.8506 -12.1392 
-3.8882 -27.7854 
24.118 1.92 
4.61454 9.12471 
0.8554 -16.018 
-13.3174 -13.6827 
26.123 32.768 
-21.0122 21.9591 
23.11 16.8529 
3.91 -18.5568 
-4.924 22.152 
15.722 2.84 
1.48886 2.5916 
-13.6396 -14.1478 
-28.1341 -12.8652 
-6.6128 1.8532 
-11.006 -7.496 
25.986 23.11 
0.506 0.186 
2.88 -25.02 
0.8506 -12.1392 
-3.8882 -27.7854 
24.118 1.92 
4.61454 9.12471 
0.8554 -16.018 
-13.3174 -13.6827 
26.123 32.768 
---end
-21.0122 21.9591 
23.11 16.8529 
3.91 -18.5568 
-4.924 22.152 
15.722 2.84 
1.48886 2.5916 
-13.6396 -14.1478 
-28.1341 -12.8652 
-6.6128 1.8532 
-11.006 -7.496 
25.986 23.11 
0.506 0.186 
2.88 -25.02 
0.8506 -12.1392 
-3.8882 -27.7854 
24.118 1.92 
4.61454 9.12471 
0.8554 -16.018 
-13.3174 -13.6827 
26.123 32.768 
-21.0122 21.9591 
23.11 16.8529 
3.91 -18.5568 
-4.924 22.152 
15.722 2.84 
1.48886 2.5916 
-13.6396 -14.1478 
-28.1341 -12.8652 
-6.6128 1.8532 
-11.006 -7.496 
25.986 23.11 
0.506 0.186 
2.88 -25.02 
0.8506 -12.1392 
-3.8882 -27.7854 
24.118 1.92 
4.61454 9.12471 
0.8554 -16.018 
-13.3174 -13.6827 
26.123 32.768 
---end
-21.0122 21.9591 
23.11 16.8529 
3.91 -18.5568 
-4.924 22.152 
15.722 2.84 
1.48886 2.5916 
-13.6396 -14.1478 
-28.1341 -12.8652 
-6.6128 1.8532 
-11.006 -7.496 
25.986 23.11 
0.506 0.186 
2.88 -25.02 
0.8506 -12.1392 
-3.8882 -27.7854 
24.118 1.92 
4.61454 9.12471 
0.8554 -16.018 
-13.3174 -13.6827 
26.123 32.768 
-21.0122 21.9591 
23.11 16.8529 
3.91 -18.5568 
-4.924 22.152 
15.722 2.84 
1.48886 2.5916 
-13.6396 -14.1478 
-28.1341 -12.8652 
-6.6128 1.8532 
-11.006 -7.496 
25.986 23.11 
0.506 0.186 
2.88 -25.02 
0.8506 -12.1392 
-3.8882 -27.7854 
24.118 1.92 
4.61454 9.12471 
0.8554 -16.018 
-13.3174 -13.6827 
26.123 32.768 
---end
-21.0122 21.9591 
23.11 16.8529 
3.91 -18.5568 
-4.924 22.152 
15.722 2.84 
1.48886 2.5916 
-13.6396 -14.1478 
-28.1341 -12.8652 
-6.6128 1.8532 
-11.006 -7.496 
25.986 23.11 
0.506 0.186 
2.88 -25.02 
0.8506 -12.1392 
-3.8882 -27.7854 
24.118 1.92 
4.61454 9.12471 
0.8554 -16.018 
-13.3174 -13.6827 
26.123 32.768 
-21.0122 21.9591 
23.11 16.8529 
3.91 -18.5568 
-4.924 22.152 
15.722 2.84 
1.48886 2.5916 
-13.6396 -14.1478 
-28.1341 -12.8652 
-6.6128 1.8532 
-11.006 -7.496 
25.986 23.11 
0.506 0.186 
2.88 -25.02 
0.8506 -12.1392 
-3.8882 -27.7854 
24.118 1.92 
4.61454 9.12471 
0.8554 -16.018 
-13.3174 -13.6827 
26.123 32.768 
---end
-21.0122 21.9591 
23.11 16.8529 
3.91 -18.5568 
-4.924 22.152 
15.722 2.84 
1.48886 2.5916 
-13.6396 -14.1478 
-28.1341 -12.8652 
-6.6128 1.8532 
-11.006 -7.496 
25.986 23.11 
0.506 0.186 
2.88 -25.02 
0.8506 -12.1392 
-3.8882 -27.7854 
24.118 1.92 
4.61454 9.12471 
0.8554 -16.018 
-13.3174 -13.6827 
26.123 32.768 
-21.0122 21.9591 
23.11 16.8529 
3.91 -18.5568 
-4.924 22.152 
15.722 2.84 
1.48886 2.5916 
-13.6396 -14.1478 
-28.1341 -12.8652 
-6.6128 1.8532 
-11.006 -7.496 
25.986 23.11 
0.506 0.186 
2.88 -25.02 
0.8506 -12.1392 
-3.8882 -27.7854 
24.118 1.92 
4.61454 9.12471 
0.8554 -16.018 
-13.3174 -13.6827 
26.123 32.768 
---end
-21.0122 21.9591 
23.11 16.8529 
3.91 -18.5568 
-4.924 22.152 
15.722 2.84 
1.48886 2.5916 
-13.6396 -14.1478 
-28.1341 -12.8652 
-6.6128 1.8532 
-11.006 -7.496 
25.986 23.11 
0.506 0.186 
2.88 -25.02 
0.8506 -12.1392 
-3.8882 -27.7854 
24.118 1.92 
4.61454 9.12471 
0.8554 -16.018 
-13.3174 -13.6827 
26.123 32.768 
-21.0122 21.9591 
23.11 16.8529 
3.91 -18.5568 
-4.924 22.152 
15.722 2.84 
1.48886 2.5916 
-13.6396 -14.1478 
-28.1341 -12.8652 
-6.6128 1.8532 
-11.006 -7.496 
25.986 23.11 
0.506 0.186 
2.88 -25.02 
0.8506 -12.1392 
-3.8882 -27.7854 
24.118 1.92 
4.61454 9.12471 
0.8554 -16.018 
-13.3174 -13.6827 
26.123 32.768 
---end
-21.0122 21.9591 
23.11 16.8529 
3.91 -18.5568 
-4.924 22.152 
15.722 2.84 
1.48886 2.5916 
-13.6396 -14.1478 
-28.1341 -12.8652 
-6.6128 1.8532 
-11.006 -7.496 
25.986 23.11 
0.506 0.186 
2.88 -25.02 
0.8506 -12.1392 
-3.8882 -27.7854 
24.118 1.92 
4.61454 9.12471 
0.8554 -16.018 
-13.3174 -13.6827 
26.123 32.768 
-21.0122 21.9591 
23.11 16.8529 
3.91 -18.5568 
-4.924 22.152 
15.722 2.84 
1.48886 2.5916 
-13.6396 -14.1478 
-28.1341 -12.8652 
-6.6128 1.8532 
-11.006 -7.496 
25.986 23.11 
0.506 0.186 
2.88 -25.02 
0.8506 -12.1392 
-3.8882 -27.7854 
24.118 1.92 
4.61454 9.12471 
0.8554 -16.018 
-13.3174 -13.6827 
26.123 32.768 
---end
-21.0122 21.9591 
23.11 16.8529 
3.91 -18.5568 
-4.924 22.152 
15.722 2.84 
1.48886 2.5916 
-13.6396 -14.1478 
-28.1341 -12.8652 
-6.6128 1.8532 
-11.006 -7.496 
25.986 23.11 
0.506 0.186 
2.88 -25.02 
0.8506 -12.1392 
-3.8882 -27.7854 
24.118 1.92 
4.61454 9.12471 
0.8554 -16.018 
-13.3174 -13.6827 
26.123 32.768 
-21.0122 21.9591 
23.11 16.8529 
3.91 -18.5568 
-4.924 22.152 
15.722 2.84 
1.48886 2.5916 
-13.6396 -14.1478 
-28.1341 -12.8652 
-6.6128 1.8532 
-11.006 -7.496 
25.986 23.11 
0.506 0.186 
2.88 -25.02 
0.8506 -12.1392 
-3.8882 -27.7854 
24.118 1.92 
4.61454 9.12471 
0.8554 -16.018 
-13.3174 -13.6827 
26.123 32.768 
---end
-21.0122 21.9591 
23.11 16.8529 
3.91 -18.5568 
-4.924 22.152 
15.722 2.84 
1.48886 2.5916 
-13.6396 -14.1478 
-28.1341 -12.8652 
-6.6128 1.8532 
-11.006 -7.496 
25.986 23.11 
0.506 0.186 
2.88 -25.02 
0.8506 -12.1392 
-3.8882 -27.7854 
24.118 1.92 
4.61454 9.12471 
0.8554 -16.018 
-13.3174 -13.6827 
26.123 32.768 
-21.0122 21.9591 
23.11 16.8529 
3.91 -18.5568 
-4.924 22.152 
15.722 2.84 
1.48886 2.5916 
-13.6396 -14.1478 
-28.1341 -12.8652 
-6.6128 1.8532 
-11.006 -7.496 
25.986 23.11 
0.506 0.186 
2.88 -25.02 
0.8506 -12.1392 
-3.8882 -27.7854 
24.118 1.92 
4.61454 9.12471 
0.8554 -16.018 
-13.3174 -13.6827 
26.123 32.768 
---end
-21.0122 21.9591 
23.11 16.8529 
3.91 -18.5568 
-4.924 22.152 
15.722 2.84 
1.48886 2.5916 
-13.6396 -14.1478 
-28.1341 -12.8652 
-6.6128 1.8532 
-11.006 -7.496 
25.986 23.11 
0.506 0.186 
2.88 -25.02 
0.8506 -12.1392 
-3.8882 -27.7854 
24.118 1.92 
4.61454 9.12471 
0.8554 -16.018 
-13.3174 -13.6827 
26.123 32.768 
-21.0122 21.9591 
23.11 16.8529 
3.91 -18.5568 
-4.924 22.152 
15.722 2.84 
1.48886 2.5916 
-13.6396 -14.1478 
-28.1341 -12.8652 
-6.6128 1.8532 
-11.006 -7.496 
25.986 23.11 
0.506 0.186 
2.88 -25.02 
0.8506 -12.1392 
-3.8882 -27.7854 
24.118 1.92 
4.61454 9.12471 
0.8554 -16.018 
-13.3174 -13.6827 
26.123 32.768 
---end
-21.0122 21.9591 
23.11 16.8529 
3.91 -18.5568 
-4.924 22.152 
15.722 2.84 
1.48886 2.5916 
-13.6396 -14.1478 
-28.1341 -12.8652 
-6.6128 1.8532 
-11.006 -7.496 
25.986 23.11 
0.506 0.186 
2.88 -25.02 
0.8506 -12.1392 
-3.8882 -27.7854 
24.118 1.92 
4.61454 9.12471 
0.8554 -16.018 
-13.3174 -13.6827 
26.123 32.768 
-21.0122 21.9591 
23.11 16.8529 
3.91 -18.5568 
-4.924 22.152 
15.722 2.84 
1.48886 2.5916 
-13.6396 -14.1478 
-28.1341 -12.8652 
-6.6128 1.8532 
-11.006 -7.496 
25.986 23.11 
0.506 0.186 
2.88 -25.02 
0.8506 -12.1392 
-3.8882 -27.7854 
24.118 1.92 
4.61454 9.12471 
0.8554 -16.018 
-13.3174 -13.6827 
26.123 32.768 
---end
-21.0122 21.9591 
23.11 16.8529 
3.91 -18.5568 
-4.924 22.152 
15.722 2.84 
1.48886 2.5916 
-13.6396 -14.1478 
-28.1341 -12.8652 
-6.6128 1.8532 
-11.006 -7.496 
25.986 23.11 
0.506 0.186 
2.88 -25.02 
0.8506 -12.1392 
-3.8882 -27.7854 
24.118 1.92 
4.61454 9.12471 
0.8554 -16.018 
-13.3174 -13.6827 
26.123 32.768 
-21.0122 21.9591 
23.11 16.8529 
3.91 -18.5568 
-4.924 22.152 
15.722 2.84 
1.48886 2.5916 
-13.6396 -14.1478 
-28.1341 -12.8652 
-6.6128 1.8532 
-11.006 -7.496 
25.986 23.11 
0.506 0.186 
2.88 -25.02 
0.8506 -12.1392 
-3.8882 -27.7854 
24.118 1.92 
4.61454 9.12471 
0.8554 -16.018 
-13.3174 -13.6827 
26.123 32.768 
---end
-21.0122 21.9591 
23.11 16.8529 
3.91 -18.5568 
-4.924 22.152 
15.722 2.84 
1.48886 2.5916 
-13.6396 -14.1478 
-28.1341 -12.8652 
-6.6128 1.8532 
-11.006 -7.496 
25.986 23.11 
0.506 0.186 
2.88 -25.02 
0.8506 -12.1392 
-3.8882 -27.7854 
24.118 1.92 
4.61454 9.12471 
0.8554 -16.018 
-13.3174 -13.6827 
26.123 32.768 
-21.0122 21.9591 
23.11 16.8529 
3.91 -18.5568 
-4.924 22.152 
15.722 2.84 
1.48886 2.5916 
-13.6396 -14.1478 
-28.1341 -12.8652 
-6.6128 1.8532 
-11.006 -7.496 
25.986 23.11 
0.506 0.186 
2.88 -25.02 
0.8506 -12.1392 
-3.8882 -27.7854 
24.118 1.92 
4.61454 9.12471 
0.8554 -16.018 
-13.3174 -13.6827 
26.123 32.768 
---end
-21.0122 21.9591 
23.11 16.8529 
3.91 -18.5568 
-4.924 22.152 
15.722 2.84 
1.48886 2.5916 
-13.6396 -14.1478 
-28.1341 -12.8652 
-6.6128 1.8532 
-11.006 -7.496 
25.986 23.11 
0.506 0.186 
2.88 -25.02 
0.8506 -12.1392 
-3.8882 -27.7854 
24.118 1.92 
4.61454 9.12471 
0.8554 -16.018 
-13.3174 -13.6827 
26.123 32.768 
-21.0122 21.9591 
23.11 16.8529 
3.91 -18.5568 
-4.924 22.152 
15.722 2.84 
1.48886 2.5916 
-13.6396 -14.1478 
-28.1341 -12.8652 
-6.6128 1.8532 
-11.006 -7.496 
25.986 23.11 
0.506 0.186 
2.88 -25.02 
0.8506 -12.1392 
-3.8882 -27.7854 
24.118 1.92 
4.61454 9.12471 
0.8554 -16.018 
-13.3174 -13.6827 
26.123 32.768 
---end
-21.0122 21.9591 
23.11 16.8529 
3.91 -18.5568 
-4.924 22.152 
15.722 2.84 
1.48886 2.5916 
-13.6396 -14.1478 
-28.1341 -12.8652 
-6.6128 1.8532 
-11.006 -7.496 
25.986 23.11 
0.506 0.186 
2.88 -25.02 
0.8506 -12.1392 
-3.8882 -27.7854 
24.118 1.92 
4.61454 9.12471 
0.8554 -16.018 
-13.3174 -13.6827 
26.123 32.768 
-21.0122 21.9591 
23.11 16.8529 
3.91 -18.5568 
-4.924 22.152 
15.722 2.84 
1.48886 2.5916 
-13.6396 -14.1478 
-28.1341 -12.8652 
-6.6128 1.8532 
-11.006 -7.496 
25.986 23.11 
0.506 0.186 
2.88 -25.02 
0.8506 -12.1392 
-3.8882 -27.7854 
24.118 1.92 
4.61454 9.12471 
0.8554 -16.018 
-13.3174 -13.6827 
26.123 32.768 
---end
-21.0122 21.9591 
23.11 16.8529 
3.91 -18.5568 
-4.924 22.152 
15.722 2.84 
1.48886 2.5916 
-13.6396 -14.1478 
-28.1341 -12.8652 
-6.6128 1.8532 
-11.006 -7.496 
25.986 23.11 
0.506 0.186 
2.88 -25.02 
0.8506 -12.1392 
-3.8882 -27.7854 
24.118 1.92 
4.61454 9.12471 
0.8554 -16.018 
-13.3174 -13.6827 
26.123 32.768 
-21.0122 21.9591 
23.11 16.8529 
3.91 -18.5568 
-4.924 22.152 
15.722 2.84 
1.48886 2.5916 
-13.6396 -14.1478 
-28.1341 -12.8652 
-6.6128 1.8532 
-11.006 -7.496 
25.986 23.11 
0.506 0.186 
2.88 -25.02 
0.8506 -12.1392 
-3.8882 -27.7854 
24.118 1.92 
4.61454 9.12471 
0.8554 -16.018 
-13.3174 -13.6827 
26.123 32.768 
---end
-21.0122 21.9591 
23.11 16.8529 
3.91 -18.5568 
-4.924 22.152 
15.722 2.84 
1.48886 2.5916 
-13.6396 -14.1478 
-28.1341 -12.8652 
-6.6128 1.8532 
-11.006 -7.496 
25.986 23.11 
0.506 0.186 
2.88 -25.02 
0.8506 -12.1392 
-3.8882 -27.7854 
24.118 1.92 
4.61454 9.12471 
0.8554 -16.018 
-13.3174 -13.6827 
26.123 32.768 
-21.0122 21.9591 
23.11 16.8529 
3.91 -18.5568 
-4.924 22.152 
15.722 2.84 
1.48886 2.5916 
-13.6396 -14.1478 
-28.1341 -12.8652 
-6.6128 1.8532 
-11.006 -7.496 
25.986 23.11 
0.506 0.186 
2.88 -25.02 
0.8506 -12.1392 
-3.8882 -27.7854 
24.118 1.92 
4.61454 9.12471 
0.8554 -16.018 
-13.3174 -13.6827 
26.123 32.768 
---end
-21.0122 21.9591 
23.11 16.8529 
3.91 -18.5568 
-4.924 22.152 
15.722 2.84 
1.48886 2.5916 
-13.6396 -14.1478 
-28.1341 -12.8652 
-6.6128 1.8532 
-11.006 -7.496 
25.986 23.11 
0.506 0.186 
2.88 -25.02 
0.8506 -12.1392 
-3.8882 -27.7854 
24.118 1.92 
4.61454 9.12471 
0.8554 -16.018 
-13.3174 -13.6827 
26.123 32.768 
-21.0122 21.9591 
23.11 16.8529 
3.91 -18.5568 
-4.924 22.152 
15.722 2.84 
1.48886 2.5916 
-13.6396 -14.1478 
-28.1341 -12.8652 
-6.6128 1.8532 
-11.006 -7.496 
25.986 23.11 
0.506 0.186 
2.88 -25.02 
0.8506 -12.1392 
-3.8882 -27.7854 
24.118 1.92 
4.61454 9.12471 
0.8554 -16.018 
-13.3174 -13.6827 
26.123 32.768 
---end
-21.0122 21.9591 
23.11 16.8529 
3.91 -18.5568 
-4.924 22.152 
15.722 2.84 
1.48886 2.5916 
-13.6396 -14.1478 
-28.1341 -12.8652 
-6.6128 1.8532 
-11.006 -7.496 
25.986 23.11 
0.506 0.186 
2.88 -25.02 
0.8506 -12.1392 
-3.8882 -27.7854 
24.118 1.92 
4.61454 9.12471 
0.8554 -16.018 
-13.3174 -13.6827 
26.123 32.768 
-21.0122 21.9591 
23.11 16.8529 
3.91 -18.5568 
-4.924 22.152 
15.722 2.84 
1.48886 2.5916 
-13.6396 -14.1478 
-28.1341 -12.8652 
-6.6128 1.8532 
-11.006 -7.496 
25.986 23.11 
0.506 0.186 
2.88 -25.02 
0.8506 -12.1392 
-3.8882 -27.7854 
24.118 1.92 
4.61454 9.12471 
0.8554 -16.018 
-13.3174 -13.6827 
26.123 32.768 
---end
-21.0122 21.9591 
23.11 16.8529 
3.91 -18.5568 
-4.924 22.152 
15.722 2.84 
1.48886 2.5916 
-13.6396 -14.1478 
-28.1341 -12.8652 
-6.6128 1.8532 
-11.006 -7.496 
25.986 23.11 
0.506 0.186 
2.88 -25.02 
0.8506 -12.1392 
-3.8882 -27.7854 
24.118 1.92 
4.61454 9.12471 
0.8554 -16.018 
-13.3174 -13.6827 
26.123 32.768 
-21.0122 21.9591 
23.11 16.8529 
3.91 -18.5568 
-4.924 22.152 
15.722 2.84 
1.48886 2.5916 
-13.6396 -14.1478 
-28.1341 -12.8652 
-6.6128 1.8532 
-11.006 -7.496 
25.986 23.11 
0.506 0.186 
2.88 -25.02 
0.8506 -12.1392 
-3.8882 -27.7854 
24.118 1.92 
4.61454 9.12471 
0.8554 -16.018 
-13.3174 -13.6827 
26.123 32.768 
---end
-21.0122 21.9591 
23.11 16.8529 
3.91 -18.5568 
-4.924 22.152 
15.722 2.84 
1.48886 2.5916 
-13.6396 -14.1478 
-28.1341 -12.8652 
-6.6128 1.8532 
-11.006 -7.496 
25.986 23.11 
0.506 0.186 
2.88 -25.02 
0.8506 -12.1392 
-3.8882 -27.7854 
24.118 1.92 
4.61454 9.12471 
0.8554 -16.018 
-13.3174 -13.6827 
26.123 32.768 
-21.0122 21.9591 
23.11 16.8529 
3.91 -18.5568 
-4.924 22.152 
15.722 2.84 
1.48886 2.5916 
-13.6396 -14.1478 
-28.1341 -12.8652 
-6.6128 1.8532 
-11.006 -7.496 
25.986 23.11 
0.506 0.186 
2.88 -25.02 
0.8506 -12.1392 
-3.8882 -27.7854 
24.118 1.92 
4.61454 9.12471 
0.8554 -16.018 
-13.3174 -13.6827 
26.123 32.768 
---end
-21.0122 21.9591 
23.11 16.8529 
3.91 -18.5568 
-4.924 22.152 
15.722 2.84 
1.48886 2.5916 
-13.6396 -14.1478 
-28.1341 -12.8652 
-6.6128 1.8532 
-11.006 -7.496 
25.986 23.11 
0.506 0.186 
2.88 -25.02 
0.8506 -12.1392 
-3.8882 -27.7854 
24.118 1.92 
4.61454 9.12471 
0.8554 -16.018 
-13.3174 -13.6827 
26.123 32.768 
-21.0122 21.9591 
23.11 16.8529 
3.91 -18.5568 
-4.924 22.152 
15.722 2.84 
1.48886 2.5916 
-13.6396 -14.1478 
-28.1341 -12.8652 
-6.6128 1.8532 
-11.006 -7.496 
25.986 23.11 
0.506 0.186 
2.88 -25.02 
0.8506 -12.1392 
-3.8882 -27.7854 
24.118 1.92 
4.61454 9.12471 
0.8554 -16.018 
-13.3174 -13.6827 
26.123 32.768 
---end
-21.0122 21.9591 
23.11 16.8529 
3.91 -18.5568 
-4.924 22.152 
15.722 2.84 
1.48886 2.5916 
-13.6396 -14.1478 
-28.1341 -12.8652 
-6.6128 1.8532 
-11.006 -7.496 
25.986 23.11 
0.506 0.186 
2.88 -25.02 
0.8506 -12.1392 
-3.8882 -27.7854 
24.118 1.92 
4.61454 9.12471 
0.8554 -16.018 
-13.3174 -13.6827 
26.123 32.768 
-21.0122 21.9591 
23.11 16.8529 
3.91 -18.5568 
-4.924 22.152 
15.722 2.84 
1.48886 2.5916 
-13.6396 -14.1478 
-28.1341 -12.8652 
-6.6128 1.8532 
-11.006 -7.496 
25.986 23.11 
0.506 0.186 
2.88 -25.02 
0.8506 -12.1392 
-3.8882 -27.7854 
24.118 1.92 
4.61454 9.12471 
0.8554 -16.018 
-13.3174 -13.6827 
26.123 32.768 
---end
-21.0122 21.9591 
23.11 16.8529 
3.91 -18.5568 
-4.924 22.152 
15.722 2.84 
1.48886 2.5916 
-13.6396 -14.1478 
-28.1341 -12.8652 
-6.6128 1.8532 
-11.006 -7.496 
25.986 23.11 
0.506 0.186 
2.88 -25.02 
0.8506 -12.1392 
-3.8882 -27.7854 
24.118 1.92 
4.61454 9.12471 
0.8554 -16.018 
-13.3174 -13.6827 
26.123 32.768 
-21.0122 21.9591 
23.11 16.8529 
3.91 -18.5568 
-4.924 22.152 
15.722 2.84 
1.48886 2.5916 
-13.6396 -14.1478 
-28.1341 -12.8652 
-6.6128 1.8532 
-11.006 -7.496 
25.986 23.11 
0.506 0.186 
2.88 -25.02 
0.8506 -12.1392 
-3.8882 -27.7854 
24.118 1.92 
4.61454 9.12471 
0.8554 -16.018 
-13.3174 -13.6827 
26.123 32.768 
---end
-21.0122 21.9591 
23.11 16.8529 
3.91 -18.5568 
-4.924 22.152 
15.722 2.84 
1.48886 2.5916 
-13.6396 -14.1478 
-28.1341 -12.8652 
-6.6128 1.8532 
-11.006 -7.496 
25.986 23.11 
0.506 0.186 
2.88 -25.02 
0.8506 -12.1392 
-3.8882 -27.7854 
24.118 1.92 
4.61454 9.12471 
0.8554 -16.018 
-13.3174 -13.6827 
26.123 32.768 
-21.0122 21.9591 
23.11 16.8529 
3.91 -18.5568 
-4.924 22.152 
15.722 2.84 
1.48886 2.5916 
-13.6396 -14.1478 
-28.1341 -12.8652 
-6.6128 1.8532 
-11.006 -7.496 
25.986 23.11 
0.506 0.186 
2.88 -25.02 
0.8506 -12.1392 
-3.8882 -27.7854 
24.118 1.92 
4.61454 9.12471 
0.8554 -16.018 
-13.3174 -13.6827 
26.123 32.768 
---end
-21.0122 21.9591 
23.11 16.8529 
3.91 -18.5568 
-4.924 22.152 
15.722 2.84 
1.48886 2.5916 
-13.6396 -14.1478 
-28.1341 -12.8652 
-6.6128 1.8532 
-11.006 -7.496 
25.986 23.11 
0.506 0.186 
2.88 -25.02 
0.8506 -12.1392 
-3.8882 -27.7854 
24.118 1.92 
4.61454 9.12471 
0.8554 -16.018 
-13.3174 -13.6827 
26.123 32.768 
-21.0122 21.9591 
23.11 16.8529 
3.91 -18.5568 
-4.924 22.152 
15.722 2.84 
1.48886 2.5916 
-13.6396 -14.1478 
-28.1341 -12.8652 
-6.6128 1.8532 
-11.006 -7.496 
25.986 23.11 
0.506 0.186 
2.88 -25.02 
0.8506 -12.1392 
-3.8882 -27.7854 
24.118 1.92 
4.61454 9.12471 
0.8554 -16.018 
-13.3174 -13.6827 
26.123 32.768 
---end
-21.0122 21.9591 
23.11 16.8529 
3.91 -18.5568 
-4.924 22.152 
15.722 2.84 
1.48886 2.5916 
-13.6396 -14.1478 
-28.1341 -12.8652 
-6.6128 1.8532 
-11.006 -7.496 
25.986 23.11 
0.506 0.186 
2.88 -25.02 
0.8506 -12.1392 
-3.8882 -27.7854 
24.118 1.92 
4.61454 9.12471 
0.8554 -16.018 
-13.3174 -13.6827 
26.123 32.768 
-21.0122 21.9591 
23.11 16.8529 
3.91 -18.5568 
-4.924 22.152 
15.722 2.84 
1.48886 2.5916 
-13.6396 -14.1478 
-28.1341 -12.8652 
-6.6128 1.8532 
-11.006 -7.496 
25.986 23.11 
0.506 0.186 
2.88 -25.02 
0.8506 -12.1392 
-3.8882 -27.7854 
24.118 1.92 
4.61454 9.12471 
0.8554 -16.018 
-13.3174 -13.6827 
26.123 32.768 
---end
-21.0122 21.9591 
23.11 16.8529 
3.91 -18.5568 
-4.924 22.152 
15.722 2.84 
1.48886 2.5916 
-13.6396 -14.1478 
-28.1341 -12.8652 
-6.6128 1.8532 
-11.006 -7.496 
25.986 23.11 
0.506 0.186 
2.88 -25.02 
0.8506 -12.1392 
-3.8882 -27.7854 
24.118 1.92 
4.61454 9.12471 
0.8554 -16.018 
-13.3174 -13.6827 
26.123 32.768 
-21.0122 21.9591 
23.11 16.8529 
3.91 -18.5568 
-4.924 22.152 
15.722 2.84 
1.48886 2.5916 
-13.6396 -14.1478 
-28.1341 -12.8652 
-6.6128 1.8532 
-11.006 -7.496 
25.986 23.11 
0.506 0.186 
2.88 -25.02 
0.8506 -12.1392 
-3.8882 -27.7854 
24.118 1.92 
4.61454 9.12471 
0.8554 -16.018 
-13.3174 -13.6827 
26.123 32.768 
---end
-21.0122 21.9591 
23.11 16.8529 
3.91 -18.5568 
-4.924 22.152 
15.722 2.84 
1.48886 2.5916 
-13.6396 -14.1478 
-28.1341 -12.8652 
-6.6128 1.8532 
-11.006 -7.496 
25.986 23.11 
0.506 0.186 
2.88 -25.02 
0.8506 -12.1392 
-3.8882 -27.7854 
24.118 1.92 
4.61454 9.12471 
0.8554 -16.018 
-13.3174 -13.6827 
26.123 32.768 
-21.0122 21.9591 
23.11 16.8529 
3.91 -18.5568 
-4.924 22.152 
15.722 2.84 
1.48886 2.5916 
-13.6396 -14.1478 
-28.1341 -12.8652 
-6.6128 1.8532 
-11.006 -7.496 
25.986 23.11 
0.506 0.186 
2.88 -25.02 
0.8506 -12.1392 
-3.8882 -27.7854 
24.118 1.92 
4.61454 9.12471 
0.8554 -16.018 
-13.3174 -13.6827 
26.123 32.768 
---end
-21.0122 21.9591 
23.11 16.8529 
3.91 -18.5568 
-4.924 22.152 
15.722 2.84 
1.48886 2.5916 
-13.6396 -14.1478 
-28.1341 -12.8652 
-6.6128 1.8532 
-11.006 -7.496 
25.986 23.11 
0.506 0.186 
2.88 -25.02 
0.8506 -12.1392 
-3.8882 -27.7854 
24.118 1.92 
4.61454 9.12471 
0.8554 -16.018 
-13.3174 -13.6827 
26.123 32.768 
-21.0122 21.9591 
23.11 16.8529 
3.91 -18.5568 
-4.924 22.152 
15.722 2.84 
1.48886 2.5916 
-13.6396 -14.1478 
-28.1341 -12.8652 
-6.6128 1.8532 
-11.006 -7.496 
25.986 23.11 
0.506 0.186 
2.88 -25.02 
0.8506 -12.1392 
-3.8882 -27.7854 
24.118 1.92 
4.61454 9.12471 
0.8554 -16.018 
-13.3174 -13.6827 
26.123 32.768 
---end
-21.0122 21.9591 
23.11 16.8529 
3.91 -18.5568 
-4.924 22.152 
15.722 2.84 
1.48886 2.5916 
-13.6396 -14.1478 
-28.1341 -12.8652 
-6.6128 1.8532 
-11.006 -7.496 
25.986 23.11 
0.506 0.186 
2.88 -25.02 
0.8506 -12.1392 
-3.8882 -27.7854 
24.118 1.92 
4.61454 9.12471 
0.8554 -16.018 
-13.3174 -13.6827 
26.123 32.768 
-21.0122 21.9591 
23.11 16.8529 
3.91 -18.5568 
-4.924 22.152 
15.722 2.84 
1.48886 2.5916 
-13.6396 -14.1478 
-28.1341 -12.8652 
-6.6128 1.8532 
-11.006 -7.496 
25.986 23.11 
0.506 0.186 
2.88 -25.02 
0.8506 -12.1392 
-3.8882 -27.7854 
24.118 1.92 
4.61454 9.12471 
0.8554 -16.018 
-13.3174 -13.6827 
26.123 32.768 
---end
-21.0122 21.9591 
23.11 16.8529 
3.91 -18.5568 
-4.924 22.152 
15.722 2.84 
1.48886 2.5916 
-13.6396 -14.1478 
-28.1341 -12.8652 
-6.6128 1.8532 
-11.006 -7.496 
25.986 23.11 
0.506 0.186 
2.88 -25.02 
0.8506 -12.1392 
-3.8882 -27.7854 
24.118 1.92 
4.61454 9.12471 
0.8554 -16.018 
-13.3174 -13.6827 
26.123 32.768 
-21.0122 21.9591 
23.11 16.8529 
3.91 -18.5568 
-4.924 22.152 
15.722 2.84 
1.48886 2.5916 
-13.6396 -14.1478 
-28.1341 -12.8652 
-6.6128 1.8532 
-11.006 -7.496 
25.986 23.11 
0.506 0.186 
2.88 -25.02 
0.8506 -12.1392 
-3.8882 -27.7854 
24.118 1.92 
4.61454 9.12471 
0.8554 -16.018 
-13.3174 -13.6827 
26.123 32.768 
---end
-21.0122 21.9591 
23.11 16.8529 
3.91 -18.5568 
-4.924 22.152 
15.722 2.84 
1.48886 2.5916 
-13.6396 -14.1478 
-28.1341 -12.8652 
-6.6128 1.8532 
-11.006 -7.496 
25.986 23.11 
0.506 0.186 
2.88 -25.02 
0.8506 -12.1392 
-3.8882 -27.7854 
24.118 1.92 
4.61454 9.12471 
0.8554 -16.018 
-13.3174 -13.6827 
26.123 32.768 
-21.0122 21.9591 
23.11 16.8529 
3.91 -18.5568 
-4.924 22.152 
15.722 2.84 
1.48886 2.5916 
-13.6396 -14.1478 
-28.1341 -12.8652 
-6.6128 1.8532 
-11.006 -7.496 
25.986 23.11 
0.506 0.186 
2.88 -25.02 
0.8506 -12.1392 
-3.8882 -27.7854 
24.118 1.92 
4.61454 9.12471 
0.8554 -16.018 
-13.3174 -13.6827 
26.123 32.768 
---end
-21.0122 21.9591 
23.11 16.8529 
3.91 -18.5568 
-4.924 22.152 
15.722 2.84 
1.48886 2.5916 
-13.6396 -14.1478 
-28.1341 -12.8652 
-6.6128 1.8532 
-11.006 -7.496 
25.986 23.11 
0.506 0.186 
2.88 -25.02 
0.8506 -12.1392 
-3.8882 -27.7854 
24.118 1.92 
4.61454 9.12471 
0.8554 -16.018 
-13.3174 -13.6827 
26.123 32.768 
-21.0122 21.9591 
23.11 16.8529 
3.91 -18.5568 
-4.924 22.152 
15.722 2.84 
1.48886 2.5916 
-13.6396 -14.1478 
-28.1341 -12.8652 
-6.6128 1.8532 
-11.006 -7.496 
25.986 23.11 
0.506 0.186 
2.88 -25.02 
0.8506 -12.1392 
-3.8882 -27.7854 
24.118 1.92 
4.61454 9.12471 
0.8554 -16.018 
-13.3174 -13.6827 
26.123 32.768 
---end
-21.0122 21.9591 
23.11 16.8529 
3.91 -18.5568 
-4.924 22.152 
15.722 2.84 
1.48886 2.5916 
-13.6396 -14.1478 
-28.1341 -12.8652 
-6.6128 1.8532 
-11.006 -7.496 
25.986 23.11 
0.506 0.186 
2.88 -25.02 
0.8506 -12.1392 
-3.8882 -27.7854 
24.118 1.92 
4.61454 9.12471 
0.8554 -16.018 
-13.3174 -13.6827 
26.123 32.768 
-21.0122 21.9591 
23.11 16.8529 
3.91 -18.5568 
-4.924 22.152 
15.722 2.84 
1.48886 2.5916 
-13.6396 -14.1478 
-28.1341 -12.8652 
-6.6128 1.8532 
-11.006 -7.496 
25.986 23.11 
0.506 0.186 
2.88 -25.02 
0.8506 -12.1392 
-3.8882 -27.7854 
24.118 1.92 
4.61454 9.12471 
0.8554 -16.018 
-13.3174 -13.6827 
26.123 32.768 
---end
-21.0122 21.9591 
23.11 16.8529 
3.91 -18.5568 
-4.924 22.152 
15.722 2.84 
1.48886 2.5916 
-13.6396 -14.1478 
-28.1341 -12.8652 
-6.6128 1.8532 
-11.006 -7.496 
25.986 23.11 
0.506 0.186 
2.88 -25.02 
0.8506 -12.1392 
-3.8882 -27.7854 
24.118 1.92 
4.61454 9.12471 
0.8554 -16.018 
-13.3174 -13.6827 
26.123 32.768 
-21.0122 21.9591 
23.11 16.8529 
3.91 -18.5568 
-4.924 22.152 
15.722 2.84 
1.48886 2.5916 
-13.6396 -14.1478 
-28.1341 -12.8652 
-6.6128 1.8532 
-11.006 -7.496 
25.986 23.11 
0.506 0.186 
2.88 -25.02 
0.8506 -12.1392 
-3.8882 -27.7854 
24.118 1.92 
4.61454 9.12471 
0.8554 -16.018 
-13.3174 -13.6827 
26.123 32.768 
---end
-21.0122 21.9591 
23.11 16.8529 
3.91 -18.5568 
-4.924 22.152 
15.722 2.84 
1.48886 2.5916 
-13.6396 -14.1478 
-28.1341 -12.8652 
-6.6128 1.8532 
-11.006 -7.496 
25.986 23.11 
0.506 0.186 
2.88 -25.02 
0.8506 -12.1392 
-3.8882 -27.7854 
24.118 1.92 
4.61454 9.12471 
0.8554 -16.018 
-13.3174 -13.6827 
26.123 32.768 
-21.0122 21.9591 
23.11 16.8529 
3.91 -18.5568 
-4.924 22.152 
15.722 2.84 
1.48886 2.5916 
-13.6396 -14.1478 
-28.1341 -12.8652 
-6.6128 1.8532 
-11.006 -7.496 
25.986 23.11 
0.506 0.186 
2.88 -25.02 
0.8506 -12.1392 
-3.8882 -27.7854 
24.118 1.92 
4.61454 9.12471 
0.8554 -16.018 
-13.3174 -13.6827 
26.123 32.768 
---end
-21.0122 21.9591 
23.11 16.8529 
3.91 -18.5568 
-4.924 22.152 
15.722 2.84 
1.48886 2.5916 
-13.6396 -14.1478 
-28.1341 -12.8652 
-6.6128 1.8532 
-11.006 -7.496 
25.986 23.11 
0.506 0.186 
2.88 -25.02 
0.8506 -12.1392 
-3.8882 -27.7854 
24.118 1.92 
4.61454 9.12471 
0.8554 -16.018 
-13.3174 -13.6827 
26.123 32.768 
-21.0122 21.9591 
23.11 16.8529 
3.91 -18.5568 
-4.924 22.152 
15.722 2.84 
1.48886 2.5916 
-13.6396 -14.1478 
-28.1341 -12.8652 
-6.6128 1.8532 
-11.006 -7.496 
25.986 23.11 
0.506 0.186 
2.88 -25.02 
0.8506 -12.1392 
-3.8882 -27.7854 
24.118 1.92 
4.61454 9.12471 
0.8554 -16.018 
-13.3174 -13.6827 
26.123 32.768 
---end
-21.0122 21.9591 
23.11 16.8529 
3.91 -18.5568 
-4.924 22.152 
15.722 2.84 
1.48886 2.5916 
-13.6396 -14.1478 
-28.1341 -12.8652 
-6.6128 1.8532 
-11.006 -7.496 
25.986 23.11 
0.506 0.186 
2.88 -25.02 
0.8506 -12.1392 
-3.8882 -27.7854 
24.118 1.92 
4.61454 9.12471 
0.8554 -16.018 
-13.3174 -13.6827 
26.123 32.768 
-21.0122 21.9591 
23.11 16.8529 
3.91 -18.5568 
-4.924 22.152 
15.722 2.84 
1.48886 2.5916 
-13.6396 -14.1478 
-28.1341 -12.8652 
-6.6128 1.8532 
-11.006 -7.496 
25.986 23.11 
0.506 0.186 
2.88 -25.02 
0.8506 -12.1392 
-3.8882 -27.7854 
24.118 1.92 
4.61454 9.12471 
0.8554 -16.018 
-13.3174 -13.6827 
26.123 32.768 
---end
-21.0122 21.9591 
23.11 16.8529 
3.91 -18.5568 
-4.924 22.152 
15.722 2.84 
1.48886 2.5916 
-13.6396 -14.1478 
-28.1341 -12.8652 
-6.6128 1.8532 
-11.006 -7.496 
25.986 23.11 
0.506 0.186 
2.88 -25.02 
0.8506 -12.1392 
-3.8882 -27.7854 
24.118 1.92 
4.61454 9.12471 
0.8554 -16.018 
-13.3174 -13.6827 
26.123 32.768 
-21.0122 21.9591 
23.11 16.8529 
3.91 -18.5568 
-4.924 22.152 
15.722 2.84 
1.48886 2.5916 
-13.6396 -14.1478 
-28.1341 -12.8652 
-6.6128 1.8532 
-11.006 -7.496 
25.986 23.11 
0.506 0.186 
2.88 -25.02 
0.8506 -12.1392 
-3.8882 -27.7854 
24.118 1.92 
4.61454 9.12471 
0.8554 -16.018 
-13.3174 -13.6827 
26.123 32.768 
---end
-21.0122 21.9591 
23.11 16.8529 
3.91 -18.5568 
-4.924 22.152 
15.722 2.84 
1.48886 2.5916 
-13.6396 -14.1478 
-28.1341 -12.8652 
-6.6128 1.8532 
-11.006 -7.496 
25.986 23.11 
0.506 0.186 
2.88 -25.02 
0.8506 -12.1392 
-3.8882 -27.7854 
24.118 1.92 
4.61454 9.12471 
0.8554 -16.018 
-13.3174 -13.6827 
26.123 32.768 
-21.0122 21.9591 
23.11 16.8529 
3.91 -18.5568 
-4.924 22.152 
15.722 2.84 
1.48886 2.5916 
-13.6396 -14.1478 
-28.1341 -12.8652 
-6.6128 1.8532 
-11.006 -7.496 
25.986 23.11 
0.506 0.186 
2.88 -25.02 
0.8506 -12.1392 
-3.8882 -27.7854 
24.118 1.92 
4.61454 9.12471 
0.8554 -16.018 
-13.3174 -13.6827 
26.123 32.768 
---end
-21.0122 21.9591 
23.11 16.8529 
3.91 -18.5568 
-4.924 22.152 
15.722 2.84 
1.48886 2.5916 
-13.6396 -14.1478 
-28.1341 -12.8652 
-6.6128 1.8532 
-11.006 -7.496 
25.986 23.11 
0.506 0.186 
2.88 -25.02 
0.8506 -12.1392 
-3.8882 -27.7854 
24.118 1.92 
4.61454 9.12471 
0.8554 -16.018 
-13.3174 -13.6827 
26.123 32.768 
-21.0122 21.9591 
23.11 16.8529 
3.91 -18.5568 
-4.924 22.152 
15.722 2.84 
1.48886 2.5916 
-13.6396 -14.1478 
-28.1341 -12.8652 
-6.6128 1.8532 
-11.006 -7.496 
25.986 23.11 
0.506 0.186 
2.88 -25.02 
0.8506 -12.1392 
-3.8882 -27.7854 
24.118 1.92 
4.61454 9.12471 
0.8554 -16.018 
-13.3174 -13.6827 
26.123 32.768 
---end
-21.0122 21.9591 
23.11 16.8529 
3.91 -18.5568 
-4.924 22.152 
15.722 2.84 
1.48886 2.5916 
-13.6396 -14.1478 
-28.1341 -12.8652 
-6.6128 1.8532 
-11.006 -7.496 
25.986 23.11 
0.506 0.186 
2.88 -25.02 
0.8506 -12.1392 
-3.8882 -27.7854 
24.118 1.92 
4.61454 9.12471 
0.8554 -16.018 
-13.3174 -13.6827 
26.123 32.768 
-21.0122 21.9591 
23.11 16.8529 
3.91 -18.5568 
-4.924 22.152 
15.722 2.84 
1.48886 2.5916 
-13.6396 -14.1478 
-28.1341 -12.8652 
-6.6128 1.8532 
-11.006 -7.496 
25.986 23.11 
0.506 0.186 
2.88 -25.02 
0.8506 -12.1392 
-3.8882 -27.7854 
24.118 1.92 
4.61454 9.12471 
0.8554 -16.018 
-13.3174 -13.6827 
26.123 32.768 
---end
-21.0122 21.9591 
23.11 16.8529 
3.91 -18.5568 
-4.924 22.152 
15.722 2.84 
1.48886 2.5916 
-13.6396 -14.1478 
-28.1341 -12.8652 
-6.6128 1.8532 
-11.006 -7.496 
25.986 23.11 
0.506 0.186 
2.88 -25.02 
0.8506 -12.1392 
-3.8882 -27.7854 
24.118 1.92 
4.61454 9.12471 
0.8554 -16.018 
-13.3174 -13.6827 
26.123 32.768 
-21.0122 21.9591 
23.11 16.8529 
3.91 -18.5568 
-4.924 22.152 
15.722 2.84 
1.48886 2.5916 
-13.6396 -14.1478 
-28.1341 -12.8652 
-6.6128 1.8532 
-11.006 -7.496 
25.986 23.11 
0.506 0.186 
2.88 -25.02 
0.8506 -12.1392 
-3.8882 -27.7854 
24.118 1.92 
4.61454 9.12471 
0.8554 -16.018 
-13.3174 -13.6827 
26.123 32.768 
---end
-21.0122 21.9591 
23.11 16.8529 
3.91 -18.5568 
-4.924 22.152 
15.722 2.84 
1.48886 2.5916 
-13.6396 -14.1478 
-28.1341 -12.8652 
-6.6128 1.8532 
-11.006 -7.496 
25.986 23.11 
0.506 0.186 
2.88 -25.02 
0.8506 -12.1392 
-3.8882 -27.7854 
24.118 1.92 
4.61454 9.12471 
0.8554 -16.018 
-13.3174 -13.6827 
26.123 32.768 
-21.0122 21.9591 
23.11 16.8529 
3.91 -18.5568 
-4.924 22.152 
15.722 2.84 
1.48886 2.5916 
-13.6396 -14.1478 
-28.1341 -12.8652 
-6.6128 1.8532 
-11.006 -7.496 
25.986 23.11 
0.506 0.186 
2.88 -25.02 
0.8506 -12.1392 
-3.8882 -27.7854 
24.118 1.92 
4.61454 9.12471 
0.8554 -16.018 
-13.3174 -13.6827 
26.123 32.768 
---end
-21.0122 21.9591 
23.11 16.8529 
3.91 -18.5568 
-4.924 22.152 
15.722 2.84 
1.48886 2.5916 
-13.6396 -14.1478 
-28.1341 -12.8652 
-6.6128 1.8532 
-11.006 -7.496 
25.986 23.11 
0.506 0.186 
2.88 -25.02 
0.8506 -12.1392 
-3.8882 -27.7854 
24.118 1.92 
4.61454 9.12471 
0.8554 -16.018 
-13.3174 -13.6827 
26.123 32.768 
-21.0122 21.9591 
23.11 16.8529 
3.91 -18.5568 
-4.924 22.152 
15.722 2.84 
1.48886 2.5916 
-13.6396 -14.1478 
-28.1341 -12.8652 
-6.6128 1.8532 
-11.006 -7.496 
25.986 23.11 
0.506 0.186 
2.88 -25.02 
0.8506 -12.1392 
-3.8882 -27.7854 
24.118 1.92 
4.61454 9.12471 
0.8554 -16.018 
-13.3174 -13.6827 
26.123 32.768 
---end
-21.0122 21.9591 
23.11 16.8529 
3.91 -18.5568 
-4.924 22.152 
15.722 2.84 
1.48886 2.5916 
-13.6396 -14.1478 
-28.1341 -12.8652 
-6.6128 1.8532 
-11.006 -7.496 
25.986 23.11 
0.506 0.186 
2.88 -25.02 
0.8506 -12.1392 
-3.8882 -27.7854 
24.118 1.92 
4.61454 9.12471 
0.8554 -16.018 
-13.3174 -13.6827 
26.123 32.768 
-21.0122 21.9591 
23.11 16.8529 
3.91 -18.5568 
-4.924 22.152 
15.722 2.84 
1.48886 2.5916 
-13.6396 -14.1478 
-28.1341 -12.8652 
-6.6128 1.8532 
-11.006 -7.496 
25.986 23.11 
0.506 0.186 
2.88 -25.02 
0.8506 -12.1392 
-3.8882 -27.7854 
24.118 1.92 
4.61454 9.12471 
0.8554 -16.018 
-13.3174 -13.6827 
26.123 32.768 
---end
-21.0122 21.9591 
23.11 16.8529 
3.91 -18.5568 
-4.924 22.152 
15.722 2.84 
1.48886 2.5916 
-13.6396 -14.1478 
-28.1341 -12.8652 
-6.6128 1.8532 
-11.006 -7.496 
25.986 23.11 
0.506 0.186 
2.88 -25.02 
0.8506 -12.1392 
-3.8882 -27.7854 
24.118 1.92 
4.61454 9.12471 
0.8554 -16.018 
-13.3174 -13.6827 
26.123 32.768 
-21.0122 21.9591 
23.11 16.8529 
3.91 -18.5568 
-4.924 22.152 
15.722 2.84 
1.48886 2.5916 
-13.6396 -14.1478 
-28.1341 -12.8652 
-6.6128 1.8532 
-11.006 -7.496 
25.986 23.11 
0.506 0.186 
2.88 -25.02 
0.8506 -12.1392 
-3.8882 -27.7854 
24.118 1.92 
4.61454 9.12471 
0.8554 -16.018 
-13.3174 -13.6827 
26.123 32.768 
---end
-21.0122 21.9591 
23.11 16.8529 
3.91 -18.5568 
-4.924 22.152 
15.722 2.84 
1.48886 2.5916 
-13.6396 -14.1478 
-28.1341 -12.8652 
-6.6128 1.8532 
-11.006 -7.496 
25.986 23.11 
0.506 0.186 
2.88 -25.02 
0.8506 -12.1392 
-3.8882 -27.7854 
24.118 1.92 
4.61454 9.12471 
0.8554 -16.018 
-13.3174 -13.6827 
26.123 32.768 
-21.0122 21.9591 
23.11 16.8529 
3.91 -18.5568 
-4.924 22.152 
15.722 2.84 
1.48886 2.5916 
-13.6396 -14.1478 
-28.1341 -12.8652 
-6.6128 1.8532 
-11.006 -7.496 
25.986 23.11 
0.506 0.186 
2.88 -25.02 
0.8506 -12.1392 
-3.8882 -27.7854 
24.118 1.92 
4.61454 9.12471 
0.8554 -16.018 
-13.3174 -13.6827 
26.123 32.768 
---end
-21.0122 21.9591 
23.11 16.8529 
3.91 -18.5568 
-4.924 22.152 
15.722 2.84 
1.48886 2.5916 
-13.6396 -14.1478 
-28.1341 -12.8652 
-6.6128 1.8532 
-11.006 -7.496 
25.986 23.11 
0.506 0.186 
2.88 -25.02 
0.8506 -12.1392 
-3.8882 -27.7854 
24.118 1.92 
4.61454 9.12471 
0.8554 -16.018 
-13.3174 -13.6827 
26.123 32.768 
-21.0122 21.9591 
23.11 16.8529 
3.91 -18.5568 
-4.924 22.152 
15.722 2.84 
1.48886 2.5916 
-13.6396 -14.1478 
-28.1341 -12.8652 
-6.6128 1.8532 
-11.006 -7.496 
25.986 23.11 
0.506 0.186 
2.88 -25.02 
0.8506 -12.1392 
-3.8882 -27.7854 
24.118 1.92 
4.61454 9.12471 
0.8554 -16.018 
-13.3174 -13.6827 
26.123 32.768 
---end
-21.0122 21.9591 
23.11 16.8529 
3.91 -18.5568 
-4.924 22.152 
15.722 2.84 
1.48886 2.5916 
-13.6396 -14.1478 
-28.1341 -12.8652 
-6.6128 1.8532 
-11.006 -7.496 
25.986 23.11 
0.506 0.186 
2.88 -25.02 
0.8506 -12.1392 
-3.8882 -27.7854 
24.118 1.92 
4.61454 9.12471 
0.8554 -16.018 
-13.3174 -13.6827 
26.123 32.768 
-21.0122 21.9591 
23.11 16.8529 
3.91 -18.5568 
-4.924 22.152 
15.722 2.84 
1.48886 2.5916 
-13.6396 -14.1478 
-28.1341 -12.8652 
-6.6128 1.8532 
-11.006 -7.496 
25.986 23.11 
0.506 0.186 
2.88 -25.02 
0.8506 -12.1392 
-3.8882 -27.7854 
24.118 1.92 
4.61454 9.12471 
0.8554 -16.018 
-13.3174 -13.6827 
26.123 32.768 
---end
-21.0122 21.9591 
23.11 16.8529 
3.91 -18.5568 
-4.924 22.152 
15.722 2.84 
1.48886 2.5916 
-13.6396 -14.1478 
-28.1341 -12.8652 
-6.6128 1.8532 
-11.006 -7.496 
25.986 23.11 
0.506 0.186 
2.88 -25.02 
0.8506 -12.1392 
-3.8882 -27.7854 
24.118 1.92 
4.61454 9.12471 
0.8554 -16.018 
-13.3174 -13.6827 
26.123 32.768 
-21.0122 21.9591 
23.11 16.8529 
3.91 -18.5568 
-4.924 22.152 
15.722 2.84 
1.48886 2.5916 
-13.6396 -14.1478 
-28.1341 -12.8652 
-6.6128 1.8532 
-11.006 -7.496 
25.986 23.11 
0.506 0.186 
2.88 -25.02 
0.8506 -12.1392 
-3.8882 -27.7854 
24.118 1.92 
4.61454 9.12471 
0.8554 -16.018 
-13.3174 -13.6827 
26.123 32.768 
---end
-21.0122 21.9591 
23.11 16.8529 
3.91 -18.5568 
-4.924 22.152 
15.722 2.84 
1.48886 2.5916 
-13.6396 -14.1478 
-28.1341 -12.8652 
-6.6128 1.8532 
-11.006 -7.496 
25.986 23.11 
0.506 0.186 
2.88 -25.02 
0.8506 -12.1392 
-3.8882 -27.7854 
24.118 1.92 
4.61454 9.12471 
0.8554 -16.018 
-13.3174 -13.6827 
26.123 32.768 
-21.0122 21.9591 
23.11 16.8529 
3.91 -18.5568 
-4.924 22.152 
15.722 2.84 
1.48886 2.5916 
-13.6396 -14.1478 
-28.1341 -12.8652 
-6.6128 1.8532 
-11.006 -7.496 
25.986 23.11 
0.506 0.186 
2.88 -25.02 
0.8506 -12.1392 
-3.8882 -27.7854 
24.118 1.92 
4.61454 9.12471 
0.8554 -16.018 
-13.3174 -13.6827 
26.123 32.768 
---end
-21.0122 21.9591 
23.11 16.8529 
3.91 -18.5568 
-4.924 22.152 
15.722 2.84 
1.48886 2.5916 
-13.6396 -14.1478 
-28.1341 -12.8652 
-6.6128 1.8532 
-11.006 -7.496 
25.986 23.11 
0.506 0.186 
2.88 -25.02 
0.8506 -12.1392 
-3.8882 -27.7854 
24.118 1.92 
4.61454 9.12471 
0.8554 -16.018 
-13.3174 -13.6827 
26.123 32.768 
-21.0122 21.9591 
23.11 16.8529 
3.91 -18.5568 
-4.924 22.152 
15.722 2.84 
1.48886 2.5916 
-13.6396 -14.1478 
-28.1341 -12.8652 
-6.6128 1.8532 
-11.006 -7.496 
25.986 23.11 
0.506 0.186 
2.88 -25.02 
0.8506 -12.1392 
-3.8882 -27.7854 
24.118 1.92 
4.61454 9.12471 
0.8554 -16.018 
-13.3174 -13.6827 
26.123 32.768 
---end
-21.0122 21.9591 
23.11 16.8529 
3.91 -18.5568 
-4.924 22.152 
15.722 2.84 
1.48886 2.5916 
-13.6396 -14.1478 
-28.1341 -12.8652 
-6.6128 1.8532 
-11.006 -7.496 
25.986 23.11 
0.506 0.186 
2.88 -25.02 
0.8506 -12.1392 
-3.8882 -27.7854 
24.118 1.92 
4.61454 9.12471 
0.8554 -16.018 
-13.3174 -13.6827 
26.123 32.768 
-21.0122 21.9591 
23.11 16.8529 
3.91 -18.5568 
-4.924 22.152 
15.722 2.84 
1.48886 2.5916 
-13.6396 -14.1478 
-28.1341 -12.8652 
-6.6128 1.8532 
-11.006 -7.496 
25.986 23.11 
0.506 0.186 
2.88 -25.02 
0.8506 -12.1392 
-3.8882 -27.7854 
24.118 1.92 
4.61454 9.12471 
0.8554 -16.018 
-13.3174 -13.6827 
26.123 32.768 
---end
-21.0122 21.9591 
23.11 16.8529 
3.91 -18.5568 
-4.924 22.152 
15.722 2.84 
1.48886 2.5916 
-13.6396 -14.1478 
-28.1341 -12.8652 
-6.6128 1.8532 
-11.006 -7.496 
25.986 23.11 
0.506 0.186 
2.88 -25.02 
0.8506 -12.1392 
-3.8882 -27.7854 
24.118 1.92 
4.61454 9.12471 
0.8554 -16.018 
-13.3174 -13.6827 
26.123 32.768 
-21.0122 21.9591 
23.11 16.8529 
3.91 -18.5568 
-4.924 22.152 
15.722 2.84 
1.48886 2.5916 
-13.6396 -14.1478 
-28.1341 -12.8652 
-6.6128 1.8532 
-11.006 -7.496 
25.986 23.11 
0.506 0.186 
2.88 -25.02 
0.8506 -12.1392 
-3.8882 -27.7854 
24.118 1.92 
4.61454 9.12471 
0.8554 -16.018 
-13.3174 -13.6827 
26.123 32.768 
---end
-21.0122 21.9591 
23.11 16.8529 
3.91 -18.5568 
-4.924 22.152 
15.722 2.84 
1.48886 2.5916 
-13.6396 -14.1478 
-28.1341 -12.8652 
-6.6128 1.8532 
-11.006 -7.496 
25.986 23.11 
0.506 0.186 
2.88 -25.02 
0.8506 -12.1392 
-3.8882 -27.7854 
24.118 1.92 
4.61454 9.12471 
0.8554 -16.018 
-13.3174 -13.6827 
26.123 32.768 
-21.0122 21.9591 
23.11 16.8529 
3.91 -18.5568 
-4.924 22.152 
15.722 2.84 
1.48886 2.5916 
-13.6396 -14.1478 
-28.1341 -12.8652 
-6.6128 1.8532 
-11.006 -7.496 
25.986 23.11 
0.506 0.186 
2.88 -25.02 
0.8506 -12.1392 
-3.8882 -27.7854 
24.118 1.92 
4.61454 9.12471 
0.8554 -16.018 
-13.3174 -13.6827 
26.123 32.768 
---end
-21.0122 21.9591 
23.11 16.8529 
3.91 -18.5568 
-4.924 22.152 
15.722 2.84 
1.48886 2.5916 
-13.6396 -14.1478 
-28.1341 -12.8652 
-6.6128 1.8532 
-11.006 -7.496 
25.986 23.11 
0.506 0.186 
2.88 -25.02 
0.8506 -12.1392 
-3.8882 -27.7854 
24.118 1.92 
4.61454 9.12471 
0.8554 -16.018 
-13.3174 -13.6827 
26.123 32.768 
-21.0122 21.9591 
23.11 16.8529 
3.91 -18.5568 
-4.924 22.152 
15.722 2.84 
1.48886 2.5916 
-13.6396 -14.1478 
-28.1341 -12.8652 
-6.6128 1.8532 
-11.006 -7.496 
25.986 23.11 
0.506 0.186 
2.88 -25.02 
0.8506 -12.1392 
-3.8882 -27.7854 
24.118 1.92 
4.61454 9.12471 
0.8554 -16.018 
-13.3174 -13.6827 
26.123 32.768 
---end
-21.0122 21.9591 
23.11 16.8529 
3.91 -18.5568 
-4.924 22.152 
15.722 2.84 
1.48886 2.5916 
-13.6396 -14.1478 
-28.1341 -12.8652 
-6.6128 1.8532 
-11.006 -7.496 
25.986 23.11 
0.506 0.186 
2.88 -25.02 
0.8506 -12.1392 
-3.8882 -27.7854 
24.118 1.92 
4.61454 9.12471 
0.8554 -16.018 
-13.3174 -13.6827 
26.123 32.768 
-21.0122 21.9591 
23.11 16.8529 
3.91 -18.5568 
-4.924 22.152 
15.722 2.84 
1.48886 2.5916 
-13.6396 -14.1478 
-28.1341 -12.8652 
-6.6128 1.8532 
-11.006 -7.496 
25.986 23.11 
0.506 0.186 
2.88 -25.02 
0.8506 -12.1392 
-3.8882 -27.7854 
24.118 1.92 
4.61454 9.12471 
0.8554 -16.018 
-13.3174 -13.6827 
26.123 32.768 
---end
-21.0122 21.9591 
23.11 16.8529 
3.91 -18.5568 
-4.924 22.152 
15.722 2.84 
1.48886 2.5916 
-13.6396 -14.1478 
-28.1341 -12.8652 
-6.6128 1.8532 
-11.006 -7.496 
25.986 23.11 
0.506 0.186 
2.88 -25.02 
0.8506 -12.1392 
-3.8882 -27.7854 
24.118 1.92 
4.61454 9.12471 
0.8554 -16.018 
-13.3174 -13.6827 
26.123 32.768 
-21.0122 21.9591 
23.11 16.8529 
3.91 -18.5568 
-4.924 22.152 
15.722 2.84 
1.48886 2.5916 
-13.6396 -14.1478 
-28.1341 -12.8652 
-6.6128 1.8532 
-11.006 -7.496 
25.986 23.11 
0.506 0.186 
2.88 -25.02 
0.8506 -12.1392 
-3.8882 -27.7854 
24.118 1.92 
4.61454 9.12471 
0.8554 -16.018 
-13.3174 -13.6827 
26.123 32.768 
---end
-21.0122 21.9591 
23.11 16.8529 
3.91 -18.5568 
-4.924 22.152 
15.722 2.84 
1.48886 2.5916 
-13.6396 -14.1478 
-28.1341 -12.8652 
-6.6128 1.8532 
-11.006 -7.496 
25.986 23.11 
0.506 0.186 
2.88 -25.02 
0.8506 -12.1392 
-3.8882 -27.7854 
24.118 1.92 
4.61454 9.12471 
0.8554 -16.018 
-13.3174 -13.6827 
26.123 32.768 
-21.0122 21.9591 
23.11 16.8529 
3.91 -18.5568 
-4.924 22.152 
15.722 2.84 
1.48886 2.5916 
-13.6396 -14.1478 
-28.1341 -12.8652 
-6.6128 1.8532 
-11.006 -7.496 
25.986 23.11 
0.506 0.186 
2.88 -25.02 
0.8506 -12.1392 
-3.8882 -27.7854 
24.118 1.92 
4.61454 9.12471 
0.8554 -16.018 
-13.3174 -13.6827 
26.123 32.768 
---end
-21.0122 21.9591 
23.11 16.8529 
3.91 -18.5568 
-4.924 22.152 
15.722 2.84 
1.48886 2.5916 
-13.6396 -14.1478 
-28.1341 -12.8652 
-6.6128 1.8532 
-11.006 -7.496 
25.986 23.11 
0.506 0.186 
2.88 -25.02 
0.8506 -12.1392 
-3.8882 -27.7854 
24.118 1.92 
4.61454 9.12471 
0.8554 -16.018 
-13.3174 -13.6827 
26.123 32.768 
-21.0122 21.9591 
23.11 16.8529 
3.91 -18.5568 
-4.924 22.152 
15.722 2.84 
1.48886 2.5916 
-13.6396 -14.1478 
-28.1341 -12.8652 
-6.6128 1.8532 
-11.006 -7.496 
25.986 23.11 
0.506 0.186 
2.88 -25.02 
0.8506 -12.1392 
-3.8882 -27.7854 
24.118 1.92 
4.61454 9.12471 
0.8554 -16.018 
-13.3174 -13.6827 
26.123 32.768 
---end
-21.0122 21.9591 
23.11 16.8529 
3.91 -18.5568 
-4.924 22.152 
15.722 2.84 
1.48886 2.5916 
-13.6396 -14.1478 
-28.1341 -12.8652 
-6.6128 1.8532 
-11.006 -7.496 
25.986 23.11 
0.506 0.186 
2.88 -25.02 
0.8506 -12.1392 
-3.8882 -27.7854 
24.118 1.92 
4.61454 9.12471 
0.8554 -16.018 
-13.3174 -13.6827 
26.123 32.768 
-21.0122 21.9591 
23.11 16.8529 
3.91 -18.5568 
-4.924 22.152 
15.722 2.84 
1.48886 2.5916 
-13.6396 -14.1478 
-28.1341 -12.8652 
-6.6128 1.8532 
-11.006 -7.496 
25.986 23.11 
0.506 0.186 
2.88 -25.02 
0.8506 -12.1392 
-3.8882 -27.7854 
24.118 1.92 
4.61454 9.12471 
0.8554 -16.018 
-13.3174 -13.6827 
26.123 32.768 
---end
-21.0122 21.9591 
23.11 16.8529 
3.91 -18.5568 
-4.924 22.152 
15.722 2.84 
1.48886 2.5916 
-13.6396 -14.1478 
-28.1341 -12.8652 
-6.6128 1.8532 
-11.006 -7.496 
25.986 23.11 
0.506 0.186 
2.88 -25.02 
0.8506 -12.1392 
-3.8882 -27.7854 
24.118 1.92 
4.61454 9.12471 
0.8554 -16.018 
-13.3174 -13.6827 
26.123 32.768 
-21.0122 21.9591 
23.11 16.8529 
3.91 -18.5568 
-4.924 22.152 
15.722 2.84 
1.48886 2.5916 
-13.6396 -14.1478 
-28.1341 -12.8652 
-6.6128 1.8532 
-11.006 -7.496 
25.986 23.11 
0.506 0.186 
2.88 -25.02 
0.8506 -12.1392 
-3.8882 -27.7854 
24.118 1.92 
4.61454 9.12471 
0.8554 -16.018 
-13.3174 -13.6827 
26.123 32.768 
---end
-21.0122 21.9591 
23.11 16.8529 
3.91 -18.5568 
-4.924 22.152 
15.722 2.84 
1.48886 2.5916 
-13.6396 -14.1478 
-28.1341 -12.8652 
-6.6128 1.8532 
-11.006 -7.496 
25.986 23.11 
0.506 0.186 
2.88 -25.02 
0.8506 -12.1392 
-3.8882 -27.7854 
24.118 1.92 
4.61454 9.12471 
0.8554 -16.018 
-13.3174 -13.6827 
26.123 32.768 
-21.0122 21.9591 
23.11 16.8529 
3.91 -18.5568 
-4.924 22.152 
15.722 2.84 
1.48886 2.5916 
-13.6396 -14.1478 
-28.1341 -12.8652 
-6.6128 1.8532 
-11.006 -7.496 
25.986 23.11 
0.506 0.186 
2.88 -25.02 
0.8506 -12.1392 
-3.8882 -27.7854 
24.118 1.92 
4.61454 9.12471 
0.8554 -16.018 
-13.3174 -13.6827 
26.123 32.768 
---end
-21.0122 21.9591 
23.11 16.8529 
3.91 -18.5568 
-4.924 22.152 
15.722 2.84 
1.48886 2.5916 
-13.6396 -14.1478 
-28.1341 -12.8652 
-6.6128 1.8532 
-11.006 -7.496 
25.986 23.11 
0.506 0.186 
2.88 -25.02 
0.8506 -12.1392 
-3.8882 -27.7854 
24.118 1.92 
4.61454 9.12471 
0.8554 -16.018 
-13.3174 -13.6827 
26.123 32.768 
-21.0122 21.9591 
23.11 16.8529 
3.91 -18.5568 
-4.924 22.152 
15.722 2.84 
1.48886 2.5916 
-13.6396 -14.1478 
-28.1341 -12.8652 
-6.6128 1.8532 
-11.006 -7.496 
25.986 23.11 
0.506 0.186 
2.88 -25.02 
0.8506 -12.1392 
-3.8882 -27.7854 
24.118 1.92 
4.61454 9.12471 
0.8554 -16.018 
-13.3174 -13.6827 
26.123 32.768 
---end
-21.0122 21.9591 
23.11 16.8529 
3.91 -18.5568 
-4.924 22.152 
15.722 2.84 
1.48886 2.5916 
-13.6396 -14.1478 
-28.1341 -12.8652 
-6.6128 1.8532 
-11.006 -7.496 
25.986 23.11 
0.506 0.186 
2.88 -25.02 
0.8506 -12.1392 
-3.8882 -27.7854 
24.118 1.92 
4.61454 9.12471 
0.8554 -16.018 
-13.3174 -13.6827 
26.123 32.768 
-21.0122 21.9591 
23.11 16.8529 
3.91 -18.5568 
-4.924 22.152 
15.722 2.84 
1.48886 2.5916 
-13.6396 -14.1478 
-28.1341 -12.8652 
-6.6128 1.8532 
-11.006 -7.496 
25.986 23.11 
0.506 0.186 
2.88 -25.02 
0.8506 -12.1392 
-3.8882 -27.7854 
24.118 1.92 
4.61454 9.12471 
0.8554 -16.018 
-13.3174 -13.6827 
26.123 32.768 
---end
-21.0122 21.9591 
23.11 16.8529 
3.91 -18.5568 
-4.924 22.152 
15.722 2.84 
1.48886 2.5916 
-13.6396 -14.1478 
-28.1341 -12.8652 
-6.6128 1.8532 
-11.006 -7.496 
25.986 23.11 
0.506 0.186 
2.88 -25.02 
0.8506 -12.1392 
-3.8882 -27.7854 
24.118 1.92 
4.61454 9.12471 
0.8554 -16.018 
-13.3174 -13.6827 
26.123 32.768 
-21.0122 21.9591 
23.11 16.8529 
3.91 -18.5568 
-4.924 22.152 
15.722 2.84 
1.48886 2.5916 
-13.6396 -14.1478 
-28.1341 -12.8652 
-6.6128 1.8532 
-11.006 -7.496 
25.986 23.11 
0.506 0.186 
2.88 -25.02 
0.8506 -12.1392 
-3.8882 -27.7854 
24.118 1.92 
4.61454 9.12471 
0.8554 -16.018 
-13.3174 -13.6827 
26.123 32.768 
---end
-21.0122 21.9591 
23.11 16.8529 
3.91 -18.5568 
-4.924 22.152 
15.722 2.84 
1.48886 2.5916 
-13.6396 -14.1478 
-28.1341 -12.8652 
-6.6128 1.8532 
-11.006 -7.496 
25.986 23.11 
0.506 0.186 
2.88 -25.02 
0.8506 -12.1392 
-3.8882 -27.7854 
24.118 1.92 
4.61454 9.12471 
0.8554 -16.018 
-13.3174 -13.6827 
26.123 32.768 
-21.0122 21.9591 
23.11 16.8529 
3.91 -18.5568 
-4.924 22.152 
15.722 2.84 
1.48886 2.5916 
-13.6396 -14.1478 
-28.1341 -12.8652 
-6.6128 1.8532 
-11.006 -7.496 
25.986 23.11 
0.506 0.186 
2.88 -25.02 
0.8506 -12.1392 
-3.8882 -27.7854 
24.118 1.92 
4.61454 9.12471 
0.8554 -16.018 
-13.3174 -13.6827 
26.123 32.768 
---end
-21.0122 21.9591 
23.11 16.8529 
3.91 -18.5568 
-4.924 22.152 
15.722 2.84 
1.48886 2.5916 
-13.6396 -14.1478 
-28.1341 -12.8652 
-6.6128 1.8532 
-11.006 -7.496 
25.986 23.11 
0.506 0.186 
2.88 -25.02 
0.8506 -12.1392 
-3.8882 -27.7854 
24.118 1.92 
4.61454 9.12471 
0.8554 -16.018 
-13.3174 -13.6827 
26.123 32.768 
-21.0122 21.9591 
23.11 16.8529 
3.91 -18.5568 
-4.924 22.152 
15.722 2.84 
1.48886 2.5916 
-13.6396 -14.1478 
-28.1341 -12.8652 
-6.6128 1.8532 
-11.006 -7.496 
25.986 23.11 
0.506 0.186 
2.88 -25.02 
0.8506 -12.1392 
-3.8882 -27.7854 
24.118 1.92 
4.61454 9.12471 
0.8554 -16.018 
-13.3174 -13.6827 
26.123 32.768 
---end
-21.0122 21.9591 
23.11 16.8529 
3.91 -18.5568 
-4.924 22.152 
15.722 2.84 
1.48886 2.5916 
-13.6396 -14.1478 
-28.1341 -12.8652 
-6.6128 1.8532 
-11.006 -7.496 
25.986 23.11 
0.506 0.186 
2.88 -25.02 
0.8506 -12.1392 
-3.8882 -27.7854 
24.118 1.92 
4.61454 9.12471 
0.8554 -16.018 
-13.3174 -13.6827 
26.123 32.768 
-21.0122 21.9591 
23.11 16.8529 
3.91 -18.5568 
-4.924 22.152 
15.722 2.84 
1.48886 2.5916 
-13.6396 -14.1478 
-28.1341 -12.8652 
-6.6128 1.8532 
-11.006 -7.496 
25.986 23.11 
0.506 0.186 
2.88 -25.02 
0.8506 -12.1392 
-3.8882 -27.7854 
24.118 1.92 
4.61454 9.12471 
0.8554 -16.018 
-13.3174 -13.6827 
26.123 32.768 
---end
-21.0122 21.9591 
23.11 16.8529 
3.91 -18.5568 
-4.924 22.152 
15.722 2.84 
1.48886 2.5916 
-13.6396 -14.1478 
-28.1341 -12.8652 
-6.6128 1.8532 
-11.006 -7.496 
25.986 23.11 
0.506 0.186 
2.88 -25.02 
0.8506 -12.1392 
-3.8882 -27.7854 
24.118 1.92 
4.61454 9.12471 
0.8554 -16.018 
-13.3174 -13.6827 
26.123 32.768 
-21.0122 21.9591 
23.11 16.8529 
3.91 -18.5568 
-4.924 22.152 
15.722 2.84 
1.48886 2.5916 
-13.6396 -14.1478 
-28.1341 -12.8652 
-6.6128 1.8532 
-11.006 -7.496 
25.986 23.11 
0.506 0.186 
2.88 -25.02 
0.8506 -12.1392 
-3.8882 -27.7854 
24.118 1.92 
4.61454 9.12471 
0.8554 -16.018 
-13.3174 -13.6827 
26.123 32.768 
---end
-21.0122 21.9591 
23.11 16.8529 
3.91 -18.5568 
-4.924 22.152 
15.722 2.84 
1.48886 2.5916 
-13.6396 -14.1478 
-28.1341 -12.8652 
-6.6128 1.8532 
-11.006 -7.496 
25.986 23.11 
0.506 0.186 
2.88 -25.02 
0.8506 -12.1392 
-3.8882 -27.7854 
24.118 1.92 
4.61454 9.12471 
0.8554 -16.018 
-13.3174 -13.6827 
26.123 32.768 
-21.0122 21.9591 
23.11 16.8529 
3.91 -18.5568 
-4.924 22.152 
15.722 2.84 
1.48886 2.5916 
-13.6396 -14.1478 
-28.1341 -12.8652 
-6.6128 1.8532 
-11.006 -7.496 
25.986 23.11 
0.506 0.186 
2.88 -25.02 
0.8506 -12.1392 
-3.8882 -27.7854 
24.118 1.92 
4.61454 9.12471 
0.8554 -16.018 
-13.3174 -13.6827 
26.123 32.768 
---end
-21.0122 21.9591 
23.11 16.8529 
3.91 -18.5568 
-4.924 22.152 
15.722 2.84 
1.48886 2.5916 
-13.6396 -14.1478 
-28.1341 -12.8652 
-6.6128 1.8532 
-11.006 -7.496 
25.986 23.11 
0.506 0.186 
2.88 -25.02 
0.8506 -12.1392 
-3.8882 -27.7854 
24.118 1.92 
4.61454 9.12471 
0.8554 -16.018 
-13.3174 -13.6827 
26.123 32.768 
-21.0122 21.9591 
23.11 16.8529 
3.91 -18.5568 
-4.924 22.152 
15.722 2.84 
1.48886 2.5916 
-13.6396 -14.1478 
-28.1341 -12.8652 
-6.6128 1.8532 
-11.006 -7.496 
25.986 23.11 
0.506 0.186 
2.88 -25.02 
0.8506 -12.1392 
-3.8882 -27.7854 
24.118 1.92 
4.61454 9.12471 
0.8554 -16.018 
-13.3174 -13.6827 
26.123 32.768 
---end
-21.0122 21.9591 
23.11 16.8529 
3.91 -18.5568 
-4.924 22.152 
15.722 2.84 
1.48886 2.5916 
-13.6396 -14.1478 
-28.1341 -12.8652 
-6.6128 1.8532 
-11.006 -7.496 
25.986 23.11 
0.506 0.186 
2.88 -25.02 
0.8506 -12.1392 
-3.8882 -27.7854 
24.118 1.92 
4.61454 9.12471 
0.8554 -16.018 
-13.3174 -13.6827 
26.123 32.768 
-21.0122 21.9591 
23.11 16.8529 
3.91 -18.5568 
-4.924 22.152 
15.722 2.84 
1.48886 2.5916 
-13.6396 -14.1478 
-28.1341 -12.8652 
-6.6128 1.8532 
-11.006 -7.496 
25.986 23.11 
0.506 0.186 
2.88 -25.02 
0.8506 -12.1392 
-3.8882 -27.7854 
24.118 1.92 
4.61454 9.12471 
0.8554 -16.018 
-13.3174 -13.6827 
26.123 32.768 
---end
-21.0122 21.9591 
23.11 16.8529 
3.91 -18.5568 
-4.924 22.152 
15.722 2.84 
1.48886 2.5916 
-13.6396 -14.1478 
-28.1341 -12.8652 
-6.6128 1.8532 
-11.006 -7.496 
25.986 23.11 
0.506 0.186 
2.88 -25.02 
0.8506 -12.1392 
-3.8882 -27.7854 
24.118 1.92 
4.61454 9.12471 
0.8554 -16.018 
-13.3174 -13.6827 
26.123 32.768 
-21.0122 21.9591 
23.11 16.8529 
3.91 -18.5568 
-4.924 22.152 
15.722 2.84 
1.48886 2.5916 
-13.6396 -14.1478 
-28.1341 -12.8652 
-6.6128 1.8532 
-11.006 -7.496 
25.986 23.11 
0.506 0.186 
2.88 -25.02 
0.8506 -12.1392 
-3.8882 -27.7854 
24.118 1.92 
4.61454 9.12471 
0.8554 -16.018 
-13.3174 -13.6827 
26.123 32.768 
---end
-21.0122 21.9591 
23.11 16.8529 
3.91 -18.5568 
-4.924 22.152 
15.722 2.84 
1.48886 2.5916 
-13.6396 -14.1478 
-28.1341 -12.8652 
-6.6128 1.8532 
-11.006 -7.496 
25.986 23.11 
0.506 0.186 
2.88 -25.02 
0.8506 -12.1392 
-3.8882 -27.7854 
24.118 1.92 
4.61454 9.12471 
0.8554 -16.018 
-13.3174 -13.6827 
26.123 32.768 
-21.0122 21.9591 
23.11 16.8529 
3.91 -18.5568 
-4.924 22.152 
15.722 2.84 
1.48886 2.5916 
-13.6396 -14.1478 
-28.1341 -12.8652 
-6.6128 1.8532 
-11.006 -7.496 
25.986 23.11 
0.506 0.186 
2.88 -25.02 
0.8506 -12.1392 
-3.8882 -27.7854 
24.118 1.92 
4.61454 9.12471 
0.8554 -16.018 
-13.3174 -13.6827 
26.123 32.768 
---end
-21.0122 21.9591 
23.11 16.8529 
3.91 -18.5568 
-4.924 22.152 
15.722 2.84 
1.48886 2.5916 
-13.6396 -14.1478 
-28.1341 -12.8652 
-6.6128 1.8532 
-11.006 -7.496 
25.986 23.11 
0.506 0.186 
2.88 -25.02 
0.8506 -12.1392 
-3.8882 -27.7854 
24.118 1.92 
4.61454 9.12471 
0.8554 -16.018 
-13.3174 -13.6827 
26.123 32.768 
-21.0122 21.9591 
23.11 16.8529 
3.91 -18.5568 
-4.924 22.152 
15.722 2.84 
1.48886 2.5916 
-13.6396 -14.1478 
-28.1341 -12.8652 
-6.6128 1.8532 
-11.006 -7.496 
25.986 23.11 
0.506 0.186 
2.88 -25.02 
0.8506 -12.1392 
-3.8882 -27.7854 
24.118 1.92 
4.61454 9.12471 
0.8554 -16.018 
-13.3174 -13.6827 
26.123 32.768 
---end
-21.0122 21.9591 
23.11 16.8529 
3.91 -18.5568 
-4.924 22.152 
15.722 2.84 
1.48886 2.5916 
-13.6396 -14.1478 
-28.1341 -12.8652 
-6.6128 1.8532 
-11.006 -7.496 
25.986 23.11 
0.506 0.186 
2.88 -25.02 
0.8506 -12.1392 
-3.8882 -27.7854 
24.118 1.92 
4.61454 9.12471 
0.8554 -16.018 
-13.3174 -13.6827 
26.123 32.768 
-21.0122 21.9591 
23.11 16.8529 
3.91 -18.5568 
-4.924 22.152 
15.722 2.84 
1.48886 2.5916 
-13.6396 -14.1478 
-28.1341 -12.8652 
-6.6128 1.8532 
-11.006 -7.496 
25.986 23.11 
0.506 0.186 
2.88 -25.02 
0.8506 -12.1392 
-3.8882 -27.7854 
24.118 1.92 
4.61454 9.12471 
0.8554 -16.018 
-13.3174 -13.6827 
26.123 32.768 
---end
-21.0122 21.9591 
23.11 16.8529 
3.91 -18.5568 
-4.924 22.152 
15.722 2.84 
1.48886 2.5916 
-13.6396 -14.1478 
-28.1341 -12.8652 
-6.6128 1.8532 
-11.006 -7.496 
25.986 23.11 
0.506 0.186 
2.88 -25.02 
0.8506 -12.1392 
-3.8882 -27.7854 
24.118 1.92 
4.61454 9.12471 
0.8554 -16.018 
-13.3174 -13.6827 
26.123 32.768 
-21.0122 21.9591 
23.11 16.8529 
3.91 -18.5568 
-4.924 22.152 
15.722 2.84 
1.48886 2.5916 
-13.6396 -14.1478 
-28.1341 -12.8652 
-6.6128 1.8532 
-11.006 -7.496 
25.986 23.11 
0.506 0.186 
2.88 -25.02 
0.8506 -12.1392 
-3.8882 -27.7854 
24.118 1.92 
4.61454 9.12471 
0.8554 -16.018 
-13.3174 -13.6827 
26.123 32.768 
---end
-21.0122 21.9591 
23.11 16.8529 
3.91 -18.5568 
-4.924 22.152 
15.722 2.84 
1.48886 2.5916 
-13.6396 -14.1478 
-28.1341 -12.8652 
-6.6128 1.8532 
-11.006 -7.496 
25.986 23.11 
0.506 0.186 
2.88 -25.02 
0.8506 -12.1392 
-3.8882 -27.7854 
24.118 1.92 
4.61454 9.12471 
0.8554 -16.018 
-13.3174 -13.6827 
26.123 32.768 
-21.0122 21.9591 
23.11 16.8529 
3.91 -18.5568 
-4.924 22.152 
15.722 2.84 
1.48886 2.5916 
-13.6396 -14.1478 
-28.1341 -12.8652 
-6.6128 1.8532 
-11.006 -7.496 
25.986 23.11 
0.506 0.186 
2.88 -25.02 
0.8506 -12.1392 
-3.8882 -27.7854 
24.118 1.92 
4.61454 9.12471 
0.8554 -16.018 
-13.3174 -13.6827 
26.123 32.768 
---end
-21.0122 21.9591 
23.11 16.8529 
3.91 -18.5568 
-4.924 22.152 
15.722 2.84 
1.48886 2.5916 
-13.6396 -14.1478 
-28.1341 -12.8652 
-6.6128 1.8532 
-11.006 -7.496 
25.986 23.11 
0.506 0.186 
2.88 -25.02 
0.8506 -12.1392 
-3.8882 -27.7854 
24.118 1.92 
4.61454 9.12471 
0.8554 -16.018 
-13.3174 -13.6827 
26.123 32.768 
-21.0122 21.9591 
23.11 16.8529 
3.91 -18.5568 
-4.924 22.152 
15.722 2.84 
1.48886 2.5916 
-13.6396 -14.1478 
-28.1341 -12.8652 
-6.6128 1.8532 
-11.006 -7.496 
25.986 23.11 
0.506 0.186 
2.88 -25.02 
0.8506 -12.1392 
-3.8882 -27.7854 
24.118 1.92 
4.61454 9.12471 
0.8554 -16.018 
-13.3174 -13.6827 
26.123 32.768 
---end
-21.0122 21.9591 
23.11 16.8529 
3.91 -18.5568 
-4.924 22.152 
15.722 2.84 
1.48886 2.5916 
-13.6396 -14.1478 
-28.1341 -12.8652 
-6.6128 1.8532 
-11.006 -7.496 
25.986 23.11 
0.506 0.186 
2.88 -25.02 
0.8506 -12.1392 
-3.8882 -27.7854 
24.118 1.92 
4.61454 9.12471 
0.8554 -16.018 
-13.3174 -13.6827 
26.123 32.768 
-21.0122 21.9591 
23.11 16.8529 
3.91 -18.5568 
-4.924 22.152 
15.722 2.84 
1.48886 2.5916 
-13.6396 -14.1478 
-28.1341 -12.8652 
-6.6128 1.8532 
-11.006 -7.496 
25.986 23.11 
0.506 0.186 
2.88 -25.02 
0.8506 -12.1392 
-3.8882 -27.7854 
24.118 1.92 
4.61454 9.12471 
0.8554 -16.018 
-13.3174 -13.6827 
26.123 32.768 
---end
-21.0122 21.9591 
23.11 16.8529 
3.91 -18.5568 
-4.924 22.152 
15.722 2.84 
1.48886 2.5916 
-13.6396 -14.1478 
-28.1341 -12.8652 
-6.6128 1.8532 
-11.006 -7.496 
25.986 23.11 
0.506 0.186 
2.88 -25.02 
0.8506 -12.1392 
-3.8882 -27.7854 
24.118 1.92 
4.61454 9.12471 
0.8554 -16.018 
-13.3174 -13.6827 
26.123 32.768 
-21.0122 21.9591 
23.11 16.8529 
3.91 -18.5568 
-4.924 22.152 
15.722 2.84 
1.48886 2.5916 
-13.6396 -14.1478 
-28.1341 -12.8652 
-6.6128 1.8532 
-11.006 -7.496 
25.986 23.11 
0.506 0.186 
2.88 -25.02 
0.8506 -12.1392 
-3.8882 -27.7854 
24.118 1.92 
4.61454 9.12471 
0.8554 -16.018 
-13.3174 -13.6827 
26.123 32.768 
---end
-21.0122 21.9591 
23.11 16.8529 
3.91 -18.5568 
-4.924 22.152 
15.722 2.84 
1.48886 2.5916 
-13.6396 -14.1478 
-28.1341 -12.8652 
-6.6128 1.8532 
-11.006 -7.496 
25.986 23.11 
0.506 0.186 
2.88 -25.02 
0.8506 -12.1392 
-3.8882 -27.7854 
24.118 1.92 
4.61454 9.12471 
0.8554 -16.018 
-13.3174 -13.6827 
26.123 32.768 
-21.0122 21.9591 
23.11 16.8529 
3.91 -18.5568 
-4.924 22.152 
15.722 2.84 
1.48886 2.5916 
-13.6396 -14.1478 
-28.1341 -12.8652 
-6.6128 1.8532 
-11.006 -7.496 
25.986 23.11 
0.506 0.186 
2.88 -25.02 
0.8506 -12.1392 
-3.8882 -27.7854 
24.118 1.92 
4.61454 9.12471 
0.8554 -16.018 
-13.3174 -13.6827 
26.123 32.768 
---end
-21.0122 21.9591 
23.11 16.8529 
3.91 -18.5568 
-4.924 22.152 
15.722 2.84 
1.48886 2.5916 
-13.6396 -14.1478 
-28.1341 -12.8652 
-6.6128 1.8532 
-11.006 -7.496 
25.986 23.11 
0.506 0.186 
2.88 -25.02 
0.8506 -12.1392 
-3.8882 -27.7854 
24.118 1.92 
4.61454 9.12471 
0.8554 -16.018 
-13.3174 -13.6827 
26.123 32.768 
-21.0122 21.9591 
23.11 16.8529 
3.91 -18.5568 
-4.924 22.152 
15.722 2.84 
1.48886 2.5916 
-13.6396 -14.1478 
-28.1341 -12.8652 
-6.6128 1.8532 
-11.006 -7.496 
25.986 23.11 
0.506 0.186 
2.88 -25.02 
0.8506 -12.1392 
-3.8882 -27.7854 
24.118 1.92 
4.61454 9.12471 
0.8554 -16.018 
-13.3174 -13.6827 
26.123 32.768 
---end
-21.0122 21.9591 
23.11 16.8529 
3.91 -18.5568 
-4.924 22.152 
15.722 2.84 
1.48886 2.5916 
-13.6396 -14.1478 
-28.1341 -12.8652 
-6.6128 1.8532 
-11.006 -7.496 
25.986 23.11 
0.506 0.186 
2.88 -25.02 
0.8506 -12.1392 
-3.8882 -27.7854 
24.118 1.92 
4.61454 9.12471 
0.8554 -16.018 
-13.3174 -13.6827 
26.123 32.768 
-21.0122 21.9591 
23.11 16.8529 
3.91 -18.5568 
-4.924 22.152 
15.722 2.84 
1.48886 2.5916 
-13.6396 -14.1478 
-28.1341 -12.8652 
-6.6128 1.8532 
-11.006 -7.496 
25.986 23.11 
0.506 0.186 
2.88 -25.02 
0.8506 -12.1392 
-3.8882 -27.7854 
24.118 1.92 
4.61454 9.12471 
0.8554 -16.018 
-13.3174 -13.6827 
26.123 32.768 
---end
-21.0122 21.9591 
23.11 16.8529 
3.91 -18.5568 
-4.924 22.152 
15.722 2.84 
1.48886 2.5916 
-13.6396 -14.1478 
-28.1341 -12.8652 
-6.6128 1.8532 
-11.006 -7.496 
25.986 23.11 
0.506 0.186 
2.88 -25.02 
0.8506 -12.1392 
-3.8882 -27.7854 
24.118 1.92 
4.61454 9.12471 
0.8554 -16.018 
-13.3174 -13.6827 
26.123 32.768 
-21.0122 21.9591 
23.11 16.8529 
3.91 -18.5568 
-4.924 22.152 
15.722 2.84 
1.48886 2.5916 
-13.6396 -14.1478 
-28.1341 -12.8652 
-6.6128 1.8532 
-11.006 -7.496 
25.986 23.11 
0.506 0.186 
2.88 -25.02 
0.8506 -12.1392 
-3.8882 -27.7854 
24.118 1.92 
4.61454 9.12471 
0.8554 -16.018 
-13.3174 -13.6827 
26.123 32.768 
---end
-21.0122 21.9591 
23.11 16.8529 
3.91 -18.5568 
-4.924 22.152 
15.722 2.84 
1.48886 2.5916 
-13.6396 -14.1478 
-28.1341 -12.8652 
-6.6128 1.8532 
-11.006 -7.496 
25.986 23.11 
0.506 0.186 
2.88 -25.02 
0.8506 -12.1392 
-3.8882 -27.7854 
24.118 1.92 
4.61454 9.12471 
0.8554 -16.018 
-13.3174 -13.6827 
26.123 32.768 
-21.0122 21.9591 
23.11 16.8529 
3.91 -18.5568 
-4.924 22.152 
15.722 2.84 
1.48886 2.5916 
-13.6396 -14.1478 
-28.1341 -12.8652 
-6.6128 1.8532 
-11.006 -7.496 
25.986 23.11 
0.506 0.186 
2.88 -25.02 
0.8506 -12.1392 
-3.8882 -27.7854 
24.118 1.92 
4.61454 9.12471 
0.8554 -16.018 
-13.3174 -13.6827 
26.123 32.768 
---end
-21.0122 21.9591 
23.11 16.8529 
3.91 -18.5568 
-4.924 22.152 
15.722 2.84 
1.48886 2.5916 
-13.6396 -14.1478 
-28.1341 -12.8652 
-6.6128 1.8532 
-11.006 -7.496 
25.986 23.11 
0.506 0.186 
2.88 -25.02 
0.8506 -12.1392 
-3.8882 -27.7854 
24.118 1.92 
4.61454 9.12471 
0.8554 -16.018 
-13.3174 -13.6827 
26.123 32.768 
-21.0122 21.9591 
23.11 16.8529 
3.91 -18.5568 
-4.924 22.152 
15.722 2.84 
1.48886 2.5916 
-13.6396 -14.1478 
-28.1341 -12.8652 
-6.6128 1.8532 
-11.006 -7.496 
25.986 23.11 
0.506 0.186 
2.88 -25.02 
0.8506 -12.1392 
-3.8882 -27.7854 
24.118 1.92 
4.61454 9.12471 
0.8554 -16.018 
-13.3174 -13.6827 
26.123 32.768 
---end
-21.0122 21.9591 
23.11 16.8529 
3.91 -18.5568 
-4.924 22.152 
15.722 2.84 
1.48886 2.5916 
-13.6396 -14.1478 
-28.1341 -12.8652 
-6.6128 1.8532 
-11.006 -7.496 
25.986 23.11 
0.506 0.186 
2.88 -25.02 
0.8506 -12.1392 
-3.8882 -27.7854 
24.118 1.92 
4.61454 9.12471 
0.8554 -16.018 
-13.3174 -13.6827 
26.123 32.768 
-21.0122 21.9591 
23.11 16.8529 
3.91 -18.5568 
-4.924 22.152 
15.722 2.84 
1.48886 2.5916 
-13.6396 -14.1478 
-28.1341 -12.8652 
-6.6128 1.8532 
-11.006 -7.496 
25.986 23.11 
0.506 0.186 
2.88 -25.02 
0.8506 -12.1392 
-3.8882 -27.7854 
24.118 1.92 
4.61454 9.12471 
0.8554 -16.018 
-13.3174 -13.6827 
26.123 32.768 
---end
-21.0122 21.9591 
23.11 16.8529 
3.91 -18.5568 
-4.924 22.152 
15.722 2.84 
1.48886 2.5916 
-13.6396 -14.1478 
-28.1341 -12.8652 
-6.6128 1.8532 
-11.006 -7.496 
25.986 23.11 
0.506 0.186 
2.88 -25.02 
0.8506 -12.1392 
-3.8882 -27.7854 
24.118 1.92 
4.61454 9.12471 
0.8554 -16.018 
-13.3174 -13.6827 
26.123 32.768 
-21.0122 21.9591 
23.11 16.8529 
3.91 -18.5568 
-4.924 22.152 
15.722 2.84 
1.48886 2.5916 
-13.6396 -14.1478 
-28.1341 -12.8652 
-6.6128 1.8532 
-11.006 -7.496 
25.986 23.11 
0.506 0.186 
2.88 -25.02 
0.8506 -12.1392 
-3.8882 -27.7854 
24.118 1.92 
4.61454 9.12471 
0.8554 -16.018 
-13.3174 -13.6827 
26.123 32.768 
---end
-21.0122 21.9591 
23.11 16.8529 
3.91 -18.5568 
-4.924 22.152 
15.722 2.84 
1.48886 2.5916 
-13.6396 -14.1478 
-28.1341 -12.8652 
-6.6128 1.8532 
-11.006 -7.496 
25.986 23.11 
0.506 0.186 
2.88 -25.02 
0.8506 -12.1392 
-3.8882 -27.7854 
24.118 1.92 
4.61454 9.12471 
0.8554 -16.018 
-13.3174 -13.6827 
26.123 32.768 
-21.0122 21.9591 
23.11 16.8529 
3.91 -18.5568 
-4.924 22.152 
15.722 2.84 
1.48886 2.5916 
-13.6396 -14.1478 
-28.1341 -12.8652 
-6.6128 1.8532 
-11.006 -7.496 
25.986 23.11 
0.506 0.186 
2.88 -25.02 
0.8506 -12.1392 
-3.8882 -27.7854 
24.118 1.92 
4.61454 9.12471 
0.8554 -16.018 
-13.3174 -13.6827 
26.123 32.768 
---end
-21.0122 21.9591 
23.11 16.8529 
3.91 -18.5568 
-4.924 22.152 
15.722 2.84 
1.48886 2.5916 
-13.6396 -14.1478 
-28.1341 -12.8652 
-6.6128 1.8532 
-11.006 -7.496 
25.986 23.11 
0.506 0.186 
2.88 -25.02 
0.8506 -12.1392 
-3.8882 -27.7854 
24.118 1.92 
4.61454 9.12471 
0.8554 -16.018 
-13.3174 -13.6827 
26.123 32.768 
-21.0122 21.9591 
23.11 16.8529 
3.91 -18.5568 
-4.924 22.152 
15.722 2.84 
1.48886 2.5916 
-13.6396 -14.1478 
-28.1341 -12.8652 
-6.6128 1.8532 
-11.006 -7.496 
25.986 23.11 
0.506 0.186 
2.88 -25.02 
0.8506 -12.1392 
-3.8882 -27.7854 
24.118 1.92 
4.61454 9.12471 
0.8554 -16.018 
-13.3174 -13.6827 
26.123 32.768 
---end
-21.0122 21.9591 
23.11 16.8529 
3.91 -18.5568 
-4.924 22.152 
15.722 2.84 
1.48886 2.5916 
-13.6396 -14.1478 
-28.1341 -12.8652 
-6.6128 1.8532 
-11.006 -7.496 
25.986 23.11 
0.506 0.186 
2.88 -25.02 
0.8506 -12.1392 
-3.8882 -27.7854 
24.118 1.92 
4.61454 9.12471 
0.8554 -16.018 
-13.3174 -13.6827 
26.123 32.768 
-21.0122 21.9591 
23.11 16.8529 
3.91 -18.5568 
-4.924 22.152 
15.722 2.84 
1.48886 2.5916 
-13.6396 -14.1478 
-28.1341 -12.8652 
-6.6128 1.8532 
-11.006 -7.496 
25.986 23.11 
0.506 0.186 
2.88 -25.02 
0.8506 -12.1392 
-3.8882 -27.7854 
24.118 1.92 
4.61454 9.12471 
0.8554 -16.018 
-13.3174 -13.6827 
26.123 32.768 
---end
-21.0122 21.9591 
23.11 16.8529 
3.91 -18.5568 
-4.924 22.152 
15.722 2.84 
1.48886 2.5916 
-13.6396 -14.1478 
-28.1341 -12.8652 
-6.6128 1.8532 
-11.006 -7.496 
25.986 23.11 
0.506 0.186 
2.88 -25.02 
0.8506 -12.1392 
-3.8882 -27.7854 
24.118 1.92 
4.61454 9.12471 
0.8554 -16.018 
-13.3174 -13.6827 
26.123 32.768 
-21.0122 21.9591 
23.11 16.8529 
3.91 -18.5568 
-4.924 22.152 
15.722 2.84 
1.48886 2.5916 
-13.6396 -14.1478 
-28.1341 -12.8652 
-6.6128 1.8532 
-11.006 -7.496 
25.986 23.11 
0.506 0.186 
2.88 -25.02 
0.8506 -12.1392 
-3.8882 -27.7854 
24.118 1.92 
4.61454 9.12471 
0.8554 -16.018 
-13.3174 -13.6827 
26.123 32.768 
---end
-21.0122 21.9591 
23.11 16.8529 
3.91 -18.5568 
-4.924 22.152 
15.722 2.84 
1.48886 2.5916 
-13.6396 -14.1478 
-28.1341 -12.8652 
-6.6128 1.8532 
-11.006 -7.496 
25.986 23.11 
0.506 0.186 
2.88 -25.02 
0.8506 -12.1392 
-3.8882 -27.7854 
24.118 1.92 
4.61454 9.12471 
0.8554 -16.018 
-13.3174 -13.6827 
26.123 32.768 
-21.0122 21.9591 
23.11 16.8529 
3.91 -18.5568 
-4.924 22.152 
15.722 2.84 
1.48886 2.5916 
-13.6396 -14.1478 
-28.1341 -12.8652 
-6.6128 1.8532 
-11.006 -7.496 
25.986 23.11 
0.506 0.186 
2.88 -25.02 
0.8506 -12.1392 
-3.8882 -27.7854 
24.118 1.92 
4.61454 9.12471 
0.8554 -16.018 
-13.3174 -13.6827 
26.123 32.768 
---end
-21.0122 21.9591 
23.11 16.8529 
3.91 -18.5568 
-4.924 22.152 
15.722 2.84 
1.48886 2.5916 
-13.6396 -14.1478 
-28.1341 -12.8652 
-6.6128 1.8532 
-11.006 -7.496 
25.986 23.11 
0.506 0.186 
2.88 -25.02 
0.8506 -12.1392 
-3.8882 -27.7854 
24.118 1.92 
4.61454 9.12471 
0.8554 -16.018 
-13.3174 -13.6827 
26.123 32.768 
-21.0122 21.9591 
23.11 16.8529 
3.91 -18.5568 
-4.924 22.152 
15.722 2.84 
1.48886 2.5916 
-13.6396 -14.1478 
-28.1341 -12.8652 
-6.6128 1.8532 
-11.006 -7.496 
25.986 23.11 
0.506 0.186 
2.88 -25.02 
0.8506 -12.1392 
-3.8882 -27.7854 
24.118 1.92 
4.61454 9.12471 
0.8554 -16.018 
-13.3174 -13.6827 
26.123 32.768 
---end
-21.0122 21.9591 
23.11 16.8529 
3.91 -18.5568 
-4.924 22.152 
15.722 2.84 
1.48886 2.5916 
-13.6396 -14.1478 
-28.1341 -12.8652 
-6.6128 1.8532 
-11.006 -7.496 
25.986 23.11 
0.506 0.186 
2.88 -25.02 
0.8506 -12.1392 
-3.8882 -27.7854 
24.118 1.92 
4.61454 9.12471 
0.8554 -16.018 
-13.3174 -13.6827 
26.123 32.768 
-21.0122 21.9591 
23.11 16.8529 
3.91 -18.5568 
-4.924 22.152 
15.722 2.84 
1.48886 2.5916 
-13.6396 -14.1478 
-28.1341 -12.8652 
-6.6128 1.8532 
-11.006 -7.496 
25.986 23.11 
0.506 0.186 
2.88 -25.02 
0.8506 -12.1392 
-3.8882 -27.7854 
24.118 1.92 
4.61454 9.12471 
0.8554 -16.018 
-13.3174 -13.6827 
26.123 32.768 
---end
-21.0122 21.9591 
23.11 16.8529 
3.91 -18.5568 
-4.924 22.152 
15.722 2.84 
1.48886 2.5916 
-13.6396 -14.1478 
-28.1341 -12.8652 
-6.6128 1.8532 
-11.006 -7.496 
25.986 23.11 
0.506 0.186 
2.88 -25.02 
0.8506 -12.1392 
-3.8882 -27.7854 
24.118 1.92 
4.61454 9.12471 
0.8554 -16.018 
-13.3174 -13.6827 
26.123 32.768 
-21.0122 21.9591 
23.11 16.8529 
3.91 -18.5568 
-4.924 22.152 
15.722 2.84 
1.48886 2.5916 
-13.6396 -14.1478 
-28.1341 -12.8652 
-6.6128 1.8532 
-11.006 -7.496 
25.986 23.11 
0.506 0.186 
2.88 -25.02 
0.8506 -12.1392 
-3.8882 -27.7854 
24.118 1.92 
4.61454 9.12471 
0.8554 -16.018 
-13.3174 -13.6827 
26.123 32.768 
---end
-21.0122 21.9591 
23.11 16.8529 
3.91 -18.5568 
-4.924 22.152 
15.722 2.84 
1.48886 2.5916 
-13.6396 -14.1478 
-28.1341 -12.8652 
-6.6128 1.8532 
-11.006 -7.496 
25.986 23.11 
0.506 0.186 
2.88 -25.02 
0.8506 -12.1392 
-3.8882 -27.7854 
24.118 1.92 
4.61454 9.12471 
0.8554 -16.018 
-13.3174 -13.6827 
26.123 32.768 
-21.0122 21.9591 
23.11 16.8529 
3.91 -18.5568 
-4.924 22.152 
15.722 2.84 
1.48886 2.5916 
-13.6396 -14.1478 
-28.1341 -12.8652 
-6.6128 1.8532 
-11.006 -7.496 
25.986 23.11 
0.506 0.186 
2.88 -25.02 
0.8506 -12.1392 
-3.8882 -27.7854 
24.118 1.92 
4.61454 9.12471 
0.8554 -16.018 
-13.3174 -13.6827 
26.123 32.768 
---end
-21.0122 21.9591 
23.11 16.8529 
3.91 -18.5568 
-4.924 22.152 
15.722 2.84 
1.48886 2.5916 
-13.6396 -14.1478 
-28.1341 -12.8652 
-6.6128 1.8532 
-11.006 -7.496 
25.986 23.11 
0.506 0.186 
2.88 -25.02 
0.8506 -12.1392 
-3.8882 -27.7854 
24.118 1.92 
4.61454 9.12471 
0.8554 -16.018 
-13.3174 -13.6827 
26.123 32.768 
-21.0122 21.9591 
23.11 16.8529 
3.91 -18.5568 
-4.924 22.152 
15.722 2.84 
1.48886 2.5916 
-13.6396 -14.1478 
-28.1341 -12.8652 
-6.6128 1.8532 
-11.006 -7.496 
25.986 23.11 
0.506 0.186 
2.88 -25.02 
0.8506 -12.1392 
-3.8882 -27.7854 
24.118 1.92 
4.61454 9.12471 
0.8554 -16.018 
-13.3174 -13.6827 
26.123 32.768 
---end
-21.0122 21.9591 
23.11 16.8529 
3.91 -18.5568 
-4.924 22.152 
15.722 2.84 
1.48886 2.5916 
-13.6396 -14.1478 
-28.1341 -12.8652 
-6.6128 1.8532 
-11.006 -7.496 
25.986 23.11 
0.506 0.186 
2.88 -25.02 
0.8506 -12.1392 
-3.8882 -27.7854 
24.118 1.92 
4.61454 9.12471 
0.8554 -16.018 
-13.3174 -13.6827 
26.123 32.768 
-21.0122 21.9591 
23.11 16.8529 
3.91 -18.5568 
-4.924 22.152 
15.722 2.84 
1.48886 2.5916 
-13.6396 -14.1478 
-28.1341 -12.8652 
-6.6128 1.8532 
-11.006 -7.496 
25.986 23.11 
0.506 0.186 
2.88 -25.02 
0.8506 -12.1392 
-3.8882 -27.7854 
24.118 1.92 
4.61454 9.12471 
0.8554 -16.018 
-13.3174 -13.6827 
26.123 32.768 
---end
-21.0122 21.9591 
23.11 16.8529 
3.91 -18.5568 
-4.924 22.152 
15.722 2.84 
1.48886 2.5916 
-13.6396 -14.1478 
-28.1341 -12.8652 
-6.6128 1.8532 
-11.006 -7.496 
25.986 23.11 
0.506 0.186 
2.88 -25.02 
0.8506 -12.1392 
-3.8882 -27.7854 
24.118 1.92 
4.61454 9.12471 
0.8554 -16.018 
-13.3174 -13.6827 
26.123 32.768 
-21.0122 21.9591 
23.11 16.8529 
3.91 -18.5568 
-4.924 22.152 
15.722 2.84 
1.48886 2.5916 
-13.6396 -14.1478 
-28.1341 -12.8652 
-6.6128 1.8532 
-11.006 -7.496 
25.986 23.11 
0.506 0.186 
2.88 -25.02 
0.8506 -12.1392 
-3.8882 -27.7854 
24.118 1.92 
4.61454 9.12471 
0.8554 -16.018 
-13.3174 -13.6827 
26.123 32.768 
---end
-21.0122 21.9591 
23.11 16.8529 
3.91 -18.5568 
-4.924 22.152 
15.722 2.84 
1.48886 2.5916 
-13.6396 -14.1478 
-28.1341 -12.8652 
-6.6128 1.8532 
-11.006 -7.496 
25.986 23.11 
0.506 0.186 
2.88 -25.02 
0.8506 -12.1392 
-3.8882 -27.7854 
24.118 1.92 
4.61454 9.12471 
0.8554 -16.018 
-13.3174 -13.6827 
26.123 32.768 
-21.0122 21.9591 
23.11 16.8529 
3.91 -18.5568 
-4.924 22.152 
15.722 2.84 
1.48886 2.5916 
-13.6396 -14.1478 
-28.1341 -12.8652 
-6.6128 1.8532 
-11.006 -7.496 
25.986 23.11 
0.506 0.186 
2.88 -25.02 
0.8506 -12.1392 
-3.8882 -27.7854 
24.118 1.92 
4.61454 9.12471 
0.8554 -16.018 
-13.3174 -13.6827 
26.123 32.768 
---end
-21.0122 21.9591 
23.11 16.8529 
3.91 -18.5568 
-4.924 22.152 
15.722 2.84 
1.48886 2.5916 
-13.6396 -14.1478 
-28.1341 -12.8652 
-6.6128 1.8532 
-11.006 -7.496 
25.986 23.11 
0.506 0.186 
2.88 -25.02 
0.8506 -12.1392 
-3.8882 -27.7854 
24.118 1.92 
4.61454 9.12471 
0.8554 -16.018 
-13.3174 -13.6827 
26.123 32.768 
-21.0122 21.9591 
23.11 16.8529 
3.91 -18.5568 
-4.924 22.152 
15.722 2.84 
1.48886 2.5916 
-13.6396 -14.1478 
-28.1341 -12.8652 
-6.6128 1.8532 
-11.006 -7.496 
25.986 23.11 
0.506 0.186 
2.88 -25.02 
0.8506 -12.1392 
-3.8882 -27.7854 
24.118 1.92 
4.61454 9.12471 
0.8554 -16.018 
-13.3174 -13.6827 
26.123 32.768 
---end
-21.0122 21.9591 
23.11 16.8529 
3.91 -18.5568 
-4.924 22.152 
15.722 2.84 
1.48886 2.5916 
-13.6396 -14.1478 
-28.1341 -12.8652 
-6.6128 1.8532 
-11.006 -7.496 
25.986 23.11 
0.506 0.186 
2.88 -25.02 
0.8506 -12.1392 
-3.8882 -27.7854 
24.118 1.92 
4.61454 9.12471 
0.8554 -16.018 
-13.3174 -13.6827 
26.123 32.768 
-21.0122 21.9591 
23.11 16.8529 
3.91 -18.5568 
-4.924 22.152 
15.722 2.84 
1.48886 2.5916 
-13.6396 -14.1478 
-28.1341 -12.8652 
-6.6128 1.8532 
-11.006 -7.496 
25.986 23.11 
0.506 0.186 
2.88 -25.02 
0.8506 -12.1392 
-3.8882 -27.7854 
24.118 1.92 
4.61454 9.12471 
0.8554 -16.018 
-13.3174 -13.6827 
26.123 32.768 
---end
-21.0122 21.9591 
23.11 16.8529 
3.91 -18.5568 
-4.924 22.152 
15.722 2.84 
1.48886 2.5916 
-13.6396 -14.1478 
-28.1341 -12.8652 
-6.6128 1.8532 
-11.006 -7.496 
25.986 23.11 
0.506 0.186 
2.88 -25.02 
0.8506 -12.1392 
-3.8882 -27.7854 
24.118 1.92 
4.61454 9.12471 
0.8554 -16.018 
-13.3174 -13.6827 
26.123 32.768 
-21.0122 21.9591 
23.11 16.8529 
3.91 -18.5568 
-4.924 22.152 
15.722 2.84 
1.48886 2.5916 
-13.6396 -14.1478 
-28.1341 -12.8652 
-6.6128 1.8532 
-11.006 -7.496 
25.986 23.11 
0.506 0.186 
2.88 -25.02 
0.8506 -12.1392 
-3.8882 -27.7854 
24.118 1.92 
4.61454 9.12471 
0.8554 -16.018 
-13.3174 -13.6827 
26.123 32.768 
---end
-21.0122 21.9591 
23.11 16.8529 
3.91 -18.5568 
-4.924 22.152 
15.722 2.84 
1.48886 2.5916 
-13.6396 -14.1478 
-28.1341 -12.8652 
-6.6128 1.8532 
-11.006 -7.496 
25.986 23.11 
0.506 0.186 
2.88 -25.02 
0.8506 -12.1392 
-3.8882 -27.7854 
24.118 1.92 
4.61454 9.12471 
0.8554 -16.018 
-13.3174 -13.6827 
26.123 32.768 
-21.0122 21.9591 
23.11 16.8529 
3.91 -18.5568 
-4.924 22.152 
15.722 2.84 
1.48886 2.5916 
-13.6396 -14.1478 
-28.1341 -12.8652 
-6.6128 1.8532 
-11.006 -7.496 
25.986 23.11 
0.506 0.186 
2.88 -25.02 
0.8506 -12.1392 
-3.8882 -27.7854 
24.118 1.92 
4.61454 9.12471 
0.8554 -16.018 
-13.3174 -13.6827 
26.123 32.768 
---end
-21.0122 21.9591 
23.11 16.8529 
3.91 -18.5568 
-4.924 22.152 
15.722 2.84 
1.48886 2.5916 
-13.6396 -14.1478 
-28.1341 -12.8652 
-6.6128 1.8532 
-11.006 -7.496 
25.986 23.11 
0.506 0.186 
2.88 -25.02 
0.8506 -12.1392 
-3.8882 -27.7854 
24.118 1.92 
4.61454 9.12471 
0.8554 -16.018 
-13.3174 -13.6827 
26.123 32.768 
-21.0122 21.9591 
23.11 16.8529 
3.91 -18.5568 
-4.924 22.152 
15.722 2.84 
1.48886 2.5916 
-13.6396 -14.1478 
-28.1341 -12.8652 
-6.6128 1.8532 
-11.006 -7.496 
25.986 23.11 
0.506 0.186 
2.88 -25.02 
0.8506 -12.1392 
-3.8882 -27.7854 
24.118 1.92 
4.61454 9.12471 
0.8554 -16.018 
-13.3174 -13.6827 
26.123 32.768 
---end
-21.0122 21.9591 
23.11 16.8529 
3.91 -18.5568 
-4.924 22.152 
15.722 2.84 
1.48886 2.5916 
-13.6396 -14.1478 
-28.1341 -12.8652 
-6.6128 1.8532 
-11.006 -7.496 
25.986 23.11 
0.506 0.186 
2.88 -25.02 
0.8506 -12.1392 
-3.8882 -27.7854 
24.118 1.92 
4.61454 9.12471 
0.8554 -16.018 
-13.3174 -13.6827 
26.123 32.768 
-21.0122 21.9591 
23.11 16.8529 
3.91 -18.5568 
-4.924 22.152 
15.722 2.84 
1.48886 2.5916 
-13.6396 -14.1478 
-28.1341 -12.8652 
-6.6128 1.8532 
-11.006 -7.496 
25.986 23.11 
0.506 0.186 
2.88 -25.02 
0.8506 -12.1392 
-3.8882 -27.7854 
24.118 1.92 
4.61454 9.12471 
0.8554 -16.018 
-13.3174 -13.6827 
26.123 32.768 
---end
-21.0122 21.9591 
23.11 16.8529 
3.91 -18.5568 
-4.924 22.152 
15.722 2.84 
1.48886 2.5916 
-13.6396 -14.1478 
-28.1341 -12.8652 
-6.6128 1.8532 
-11.006 -7.496 
25.986 23.11 
0.506 0.186 
2.88 -25.02 
0.8506 -12.1392 
-3.8882 -27.7854 
24.118 1.92 
4.61454 9.12471 
0.8554 -16.018 
-13.3174 -13.6827 
26.123 32.768 
-21.0122 21.9591 
23.11 16.8529 
3.91 -18.5568 
-4.924 22.152 
15.722 2.84 
1.48886 2.5916 
-13.6396 -14.1478 
-28.1341 -12.8652 
-6.6128 1.8532 
-11.006 -7.496 
25.986 23.11 
0.506 0.186 
2.88 -25.02 
0.8506 -12.1392 
-3.8882 -27.7854 
24.118 1.92 
4.61454 9.12471 
0.8554 -16.018 
-13.3174 -13.6827 
26.123 32.768 
---end
-21.0122 21.9591 
23.11 16.8529 
3.91 -18.5568 
-4.924 22.152 
15.722 2.84 
1.48886 2.5916 
-13.6396 -14.1478 
-28.1341 -12.8652 
-6.6128 1.8532 
-11.006 -7.496 
25.986 23.11 
0.506 0.186 
2.88 -25.02 
0.8506 -12.1392 
-3.8882 -27.7854 
24.118 1.92 
4.61454 9.12471 
0.8554 -16.018 
-13.3174 -13.6827 
26.123 32.768 
-21.0122 21.9591 
23.11 16.8529 
3.91 -18.5568 
-4.924 22.152 
15.722 2.84 
1.48886 2.5916 
-13.6396 -14.1478 
-28.1341 -12.8652 
-6.6128 1.8532 
-11.006 -7.496 
25.986 23.11 
0.506 0.186 
2.88 -25.02 
0.8506 -12.1392 
-3.8882 -27.7854 
24.118 1.92 
4.61454 9.12471 
0.8554 -16.018 
-13.3174 -13.6827 
26.123 32.768 
---end
-21.0122 21.9591 
23.11 16.8529 
3.91 -18.5568 
-4.924 22.152 
15.722 2.84 
1.48886 2.5916 
-13.6396 -14.1478 
-28.1341 -12.8652 
-6.6128 1.8532 
-11.006 -7.496 
25.986 23.11 
0.506 0.186 
2.88 -25.02 
0.8506 -12.1392 
-3.8882 -27.7854 
24.118 1.92 
4.61454 9.12471 
0.8554 -16.018 
-13.3174 -13.6827 
26.123 32.768 
-21.0122 21.9591 
23.11 16.8529 
3.91 -18.5568 
-4.924 22.152 
15.722 2.84 
1.48886 2.5916 
-13.6396 -14.1478 
-28.1341 -12.8652 
-6.6128 1.8532 
-11.006 -7.496 
25.986 23.11 
0.506 0.186 
2.88 -25.02 
0.8506 -12.1392 
-3.8882 -27.7854 
24.118 1.92 
4.61454 9.12471 
0.8554 -16.018 
-13.3174 -13.6827 
26.123 32.768 
---end
-21.0122 21.9591 
23.11 16.8529 
3.91 -18.5568 
-4.924 22.152 
15.722 2.84 
1.48886 2.5916 
-13.6396 -14.1478 
-28.1341 -12.8652 
-6.6128 1.8532 
-11.006 -7.496 
25.986 23.11 
0.506 0.186 
2.88 -25.02 
0.8506 -12.1392 
-3.8882 -27.7854 
24.118 1.92 
4.61454 9.12471 
0.8554 -16.018 
-13.3174 -13.6827 
26.123 32.768 
-21.0122 21.9591 
23.11 16.8529 
3.91 -18.5568 
-4.924 22.152 
15.722 2.84 
1.48886 2.5916 
-13.6396 -14.1478 
-28.1341 -12.8652 
-6.6128 1.8532 
-11.006 -7.496 
25.986 23.11 
0.506 0.186 
2.88 -25.02 
0.8506 -12.1392 
-3.8882 -27.7854 
24.118 1.92 
4.61454 9.12471 
0.8554 -16.018 
-13.3174 -13.6827 
26.123 32.768 
---end
-21.0122 21.9591 
23.11 16.8529 
3.91 -18.5568 
-4.924 22.152 
15.722 2.84 
1.48886 2.5916 
-13.6396 -14.1478 
-28.1341 -12.8652 
-6.6128 1.8532 
-11.006 -7.496 
25.986 23.11 
0.506 0.186 
2.88 -25.02 
0.8506 -12.1392 
-3.8882 -27.7854 
24.118 1.92 
4.61454 9.12471 
0.8554 -16.018 
-13.3174 -13.6827 
26.123 32.768 
-21.0122 21.9591 
23.11 16.8529 
3.91 -18.5568 
-4.924 22.152 
15.722 2.84 
1.48886 2.5916 
-13.6396 -14.1478 
-28.1341 -12.8652 
-6.6128 1.8532 
-11.006 -7.496 
25.986 23.11 
0.506 0.186 
2.88 -25.02 
0.8506 -12.1392 
-3.8882 -27.7854 
24.118 1.92 
4.61454 9.12471 
0.8554 -16.018 
-13.3174 -13.6827 
26.123 32.768 
---end
-21.0122 21.9591 
23.11 16.8529 
3.91 -18.5568 
-4.924 22.152 
15.722 2.84 
1.48886 2.5916 
-13.6396 -14.1478 
-28.1341 -12.8652 
-6.6128 1.8532 
-11.006 -7.496 
25.986 23.11 
0.506 0.186 
2.88 -25.02 
0.8506 -12.1392 
-3.8882 -27.7854 
24.118 1.92 
4.61454 9.12471 
0.8554 -16.018 
-13.3174 -13.6827 
26.123 32.768 
-21.0122 21.9591 
23.11 16.8529 
3.91 -18.5568 
-4.924 22.152 
15.722 2.84 
1.48886 2.5916 
-13.6396 -14.1478 
-28.1341 -12.8652 
-6.6128 1.8532 
-11.006 -7.496 
25.986 23.11 
0.506 0.186 
2.88 -25.02 
0.8506 -12.1392 
-3.8882 -27.7854 
24.118 1.92 
4.61454 9.12471 
0.8554 -16.018 
-13.3174 -13.6827 
26.123 32.768 
---end
-21.0122 21.9591 
23.11 16.8529 
3.91 -18.5568 
-4.924 22.152 
15.722 2.84 
1.48886 2.5916 
-13.6396 -14.1478 
-28.1341 -12.8652 
-6.6128 1.8532 
-11.006 -7.496 
25.986 23.11 
0.506 0.186 
2.88 -25.02 
0.8506 -12.1392 
-3.8882 -27.7854 
24.118 1.92 
4.61454 9.12471 
0.8554 -16.018 
-13.3174 -13.6827 
26.123 32.768 
-21.0122 21.9591 
23.11 16.8529 
3.91 -18.5568 
-4.924 22.152 
15.722 2.84 
1.48886 2.5916 
-13.6396 -14.1478 
-28.1341 -12.8652 
-6.6128 1.8532 
-11.006 -7.496 
25.986 23.11 
0.506 0.186 
2.88 -25.02 
0.8506 -12.1392 
-3.8882 -27.7854 
24.118 1.92 
4.61454 9.12471 
0.8554 -16.018 
-13.3174 -13.6827 
26.123 32.768 
---end
-21.0122 21.9591 
23.11 16.8529 
3.91 -18.5568 
-4.924 22.152 
15.722 2.84 
1.48886 2.5916 
-13.6396 -14.1478 
-28.1341 -12.8652 
-6.6128 1.8532 
-11.006 -7.496 
25.986 23.11 
0.506 0.186 
2.88 -25.02 
0.8506 -12.1392 
-3.8882 -27.7854 
24.118 1.92 
4.61454 9.12471 
0.8554 -16.018 
-13.3174 -13.6827 
26.123 32.768 
-21.0122 21.9591 
23.11 16.8529 
3.91 -18.5568 
-4.924 22.152 
15.722 2.84 
1.48886 2.5916 
-13.6396 -14.1478 
-28.1341 -12.8652 
-6.6128 1.8532 
-11.006 -7.496 
25.986 23.11 
0.506 0.186 
2.88 -25.02 
0.8506 -12.1392 
-3.8882 -27.7854 
24.118 1.92 
4.61454 9.12471 
0.8554 -16.018 
-13.3174 -13.6827 
26.123 32.768 
---end
-21.0122 21.9591 
23.11 16.8529 
3.91 -18.5568 
-4.924 22.152 
15.722 2.84 
1.48886 2.5916 
-13.6396 -14.1478 
-28.1341 -12.8652 
-6.6128 1.8532 
-11.006 -7.496 
25.986 23.11 
0.506 0.186 
2.88 -25.02 
0.8506 -12.1392 
-3.8882 -27.7854 
24.118 1.92 
4.61454 9.12471 
0.8554 -16.018 
-13.3174 -13.6827 
26.123 32.768 
-21.0122 21.9591 
23.11 16.8529 
3.91 -18.5568 
-4.924 22.152 
15.722 2.84 
1.48886 2.5916 
-13.6396 -14.1478 
-28.1341 -12.8652 
-6.6128 1.8532 
-11.006 -7.496 
25.986 23.11 
0.506 0.186 
2.88 -25.02 
0.8506 -12.1392 
-3.8882 -27.7854 
24.118 1.92 
4.61454 9.12471 
0.8554 -16.018 
-13.3174 -13.6827 
26.123 32.768 
---end
-21.0122 21.9591 
23.11 16.8529 
3.91 -18.5568 
-4.924 22.152 
15.722 2.84 
1.48886 2.5916 
-13.6396 -14.1478 
-28.1341 -12.8652 
-6.6128 1.8532 
-11.006 -7.496 
25.986 23.11 
0.506 0.186 
2.88 -25.02 
0.8506 -12.1392 
-3.8882 -27.7854 
24.118 1.92 
4.61454 9.12471 
0.8554 -16.018 
-13.3174 -13.6827 
26.123 32.768 
-21.0122 21.9591 
23.11 16.8529 
3.91 -18.5568 
-4.924 22.152 
15.722 2.84 
1.48886 2.5916 
-13.6396 -14.1478 
-28.1341 -12.8652 
-6.6128 1.8532 
-11.006 -7.496 
25.986 23.11 
0.506 0.186 
2.88 -25.02 
0.8506 -12.1392 
-3.8882 -27.7854 
24.118 1.92 
4.61454 9.12471 
0.8554 -16.018 
-13.3174 -13.6827 
26.123 32.768 
---end
-21.0122 21.9591 
23.11 16.8529 
3.91 -18.5568 
-4.924 22.152 
15.722 2.84 
1.48886 2.5916 
-13.6396 -14.1478 
-28.1341 -12.8652 
-6.6128 1.8532 
-11.006 -7.496 
25.986 23.11 
0.506 0.186 
2.88 -25.02 
0.8506 -12.1392 
-3.8882 -27.7854 
24.118 1.92 
4.61454 9.12471 
0.8554 -16.018 
-13.3174 -13.6827 
26.123 32.768 
-21.0122 21.9591 
23.11 16.8529 
3.91 -18.5568 
-4.924 22.152 
15.722 2.84 
1.48886 2.5916 
-13.6396 -14.1478 
-28.1341 -12.8652 
-6.6128 1.8532 
-11.006 -7.496 
25.986 23.11 
0.506 0.186 
2.88 -25.02 
0.8506 -12.1392 
-3.8882 -27.7854 
24.118 1.92 
4.61454 9.12471 
0.8554 -16.018 
-13.3174 -13.6827 
26.123 32.768 
---end
-21.0122 21.9591 
23.11 16.8529 
3.91 -18.5568 
-4.924 22.152 
15.722 2.84 
1.48886 2.5916 
-13.6396 -14.1478 
-28.1341 -12.8652 
-6.6128 1.8532 
-11.006 -7.496 
25.986 23.11 
0.506 0.186 
2.88 -25.02 
0.8506 -12.1392 
-3.8882 -27.7854 
24.118 1.92 
4.61454 9.12471 
0.8554 -16.018 
-13.3174 -13.6827 
26.123 32.768 
-21.0122 21.9591 
23.11 16.8529 
3.91 -18.5568 
-4.924 22.152 
15.722 2.84 
1.48886 2.5916 
-13.6396 -14.1478 
-28.1341 -12.8652 
-6.6128 1.8532 
-11.006 -7.496 
25.986 23.11 
0.506 0.186 
2.88 -25.02 
0.8506 -12.1392 
-3.8882 -27.7854 
24.118 1.92 
4.61454 9.12471 
0.8554 -16.018 
-13.3174 -13.6827 
26.123 32.768 
---end
-21.0122 21.9591 
23.11 16.8529 
3.91 -18.5568 
-4.924 22.152 
15.722 2.84 
1.48886 2.5916 
-13.6396 -14.1478 
-28.1341 -12.8652 
-6.6128 1.8532 
-11.006 -7.496 
25.986 23.11 
0.506 0.186 
2.88 -25.02 
0.8506 -12.1392 
-3.8882 -27.7854 
24.118 1.92 
4.61454 9.12471 
0.8554 -16.018 
-13.3174 -13.6827 
26.123 32.768 
-21.0122 21.9591 
23.11 16.8529 
3.91 -18.5568 
-4.924 22.152 
15.722 2.84 
1.48886 2.5916 
-13.6396 -14.1478 
-28.1341 -12.8652 
-6.6128 1.8532 
-11.006 -7.496 
25.986 23.11 
0.506 0.186 
2.88 -25.02 
0.8506 -12.1392 
-3.8882 -27.7854 
24.118 1.92 
4.61454 9.12471 
0.8554 -16.018 
-13.3174 -13.6827 
26.123 32.768 
---end
-21.0122 21.9591 
23.11 16.8529 
3.91 -18.5568 
-4.924 22.152 
15.722 2.84 
1.48886 2.5916 
-13.6396 -14.1478 
-28.1341 -12.8652 
-6.6128 1.8532 
-11.006 -7.496 
25.986 23.11 
0.506 0.186 
2.88 -25.02 
0.8506 -12.1392 
-3.8882 -27.7854 
24.118 1.92 
4.61454 9.12471 
0.8554 -16.018 
-13.3174 -13.6827 
26.123 32.768 
-21.0122 21.9591 
23.11 16.8529 
3.91 -18.5568 
-4.924 22.152 
15.722 2.84 
1.48886 2.5916 
-13.6396 -14.1478 
-28.1341 -12.8652 
-6.6128 1.8532 
-11.006 -7.496 
25.986 23.11 
0.506 0.186 
2.88 -25.02 
0.8506 -12.1392 
-3.8882 -27.7854 
24.118 1.92 
4.61454 9.12471 
0.8554 -16.018 
-13.3174 -13.6827 
26.123 32.768 
---end
-21.0122 21.9591 
23.11 16.8529 
3.91 -18.5568 
-4.924 22.152 
15.722 2.84 
1.48886 2.5916 
-13.6396 -14.1478 
-28.1341 -12.8652 
-6.6128 1.8532 
-11.006 -7.496 
25.986 23.11 
0.506 0.186 
2.88 -25.02 
0.8506 -12.1392 
-3.8882 -27.7854 
24.118 1.92 
4.61454 9.12471 
0.8554 -16.018 
-13.3174 -13.6827 
26.123 32.768 
-21.0122 21.9591 
23.11 16.8529 
3.91 -18.5568 
-4.924 22.152 
15.722 2.84 
1.48886 2.5916 
-13.6396 -14.1478 
-28.1341 -12.8652 
-6.6128 1.8532 
-11.006 -7.496 
25.986 23.11 
0.506 0.186 
2.88 -25.02 
0.8506 -12.1392 
-3.8882 -27.7854 
24.118 1.92 
4.61454 9.12471 
0.8554 -16.018 
-13.3174 -13.6827 
26.123 32.768 
---end
-21.0122 21.9591 
23.11 16.8529 
3.91 -18.5568 
-4.924 22.152 
15.722 2.84 
1.48886 2.5916 
-13.6396 -14.1478 
-28.1341 -12.8652 
-6.6128 1.8532 
-11.006 -7.496 
25.986 23.11 
0.506 0.186 
2.88 -25.02 
0.8506 -12.1392 
-3.8882 -27.7854 
24.118 1.92 
4.61454 9.12471 
0.8554 -16.018 
-13.3174 -13.6827 
26.123 32.768 
-21.0122 21.9591 
23.11 16.8529 
3.91 -18.5568 
-4.924 22.152 
15.722 2.84 
1.48886 2.5916 
-13.6396 -14.1478 
-28.1341 -12.8652 
-6.6128 1.8532 
-11.006 -7.496 
25.986 23.11 
0.506 0.186 
2.88 -25.02 
0.8506 -12.1392 
-3.8882 -27.7854 
24.118 1.92 
4.61454 9.12471 
0.8554 -16.018 
-13.3174 -13.6827 
26.123 32.768 
---end
-21.0122 21.9591 
23.11 16.8529 
3.91 -18.5568 
-4.924 22.152 
15.722 2.84 
1.48886 2.5916 
-13.6396 -14.1478 
-28.1341 -12.8652 
-6.6128 1.8532 
-11.006 -7.496 
25.986 23.11 
0.506 0.186 
2.88 -25.02 
0.8506 -12.1392 
-3.8882 -27.7854 
24.118 1.92 
4.61454 9.12471 
0.8554 -16.018 
-13.3174 -13.6827 
26.123 32.768 
-21.0122 21.9591 
23.11 16.8529 
3.91 -18.5568 
-4.924 22.152 
15.722 2.84 
1.48886 2.5916 
-13.6396 -14.1478 
-28.1341 -12.8652 
-6.6128 1.8532 
-11.006 -7.496 
25.986 23.11 
0.506 0.186 
2.88 -25.02 
0.8506 -12.1392 
-3.8882 -27.7854 
24.118 1.92 
4.61454 9.12471 
0.8554 -16.018 
-13.3174 -13.6827 
26.123 32.768 
---end
-21.0122 21.9591 
23.11 16.8529 
3.91 -18.5568 
-4.924 22.152 
15.722 2.84 
1.48886 2.5916 
-13.6396 -14.1478 
-28.1341 -12.8652 
-6.6128 1.8532 
-11.006 -7.496 
25.986 23.11 
0.506 0.186 
2.88 -25.02 
0.8506 -12.1392 
-3.8882 -27.7854 
24.118 1.92 
4.61454 9.12471 
0.8554 -16.018 
-13.3174 -13.6827 
26.123 32.768 
-21.0122 21.9591 
23.11 16.8529 
3.91 -18.5568 
-4.924 22.152 
15.722 2.84 
1.48886 2.5916 
-13.6396 -14.1478 
-28.1341 -12.8652 
-6.6128 1.8532 
-11.006 -7.496 
25.986 23.11 
0.506 0.186 
2.88 -25.02 
0.8506 -12.1392 
-3.8882 -27.7854 
24.118 1.92 
4.61454 9.12471 
0.8554 -16.018 
-13.3174 -13.6827 
26.123 32.768 
---end
-21.0122 21.9591 
23.11 16.8529 
3.91 -18.5568 
-4.924 22.152 
15.722 2.84 
1.48886 2.5916 
-13.6396 -14.1478 
-28.1341 -12.8652 
-6.6128 1.8532 
-11.006 -7.496 
25.986 23.11 
0.506 0.186 
2.88 -25.02 
0.8506 -12.1392 
-3.8882 -27.7854 
24.118 1.92 
4.61454 9.12471 
0.8554 -16.018 
-13.3174 -13.6827 
26.123 32.768 
-21.0122 21.9591 
23.11 16.8529 
3.91 -18.5568 
-4.924 22.152 
15.722 2.84 
1.48886 2.5916 
-13.6396 -14.1478 
-28.1341 -12.8652 
-6.6128 1.8532 
-11.006 -7.496 
25.986 23.11 
0.506 0.186 
2.88 -25.02 
0.8506 -12.1392 
-3.8882 -27.7854 
24.118 1.92 
4.61454 9.12471 
0.8554 -16.018 
-13.3174 -13.6827 
26.123 32.768 
---end
-21.0122 21.9591 
23.11 16.8529 
3.91 -18.5568 
-4.924 22.152 
15.722 2.84 
1.48886 2.5916 
-13.6396 -14.1478 
-28.1341 -12.8652 
-6.6128 1.8532 
-11.006 -7.496 
25.986 23.11 
0.506 0.186 
2.88 -25.02 
0.8506 -12.1392 
-3.8882 -27.7854 
24.118 1.92 
4.61454 9.12471 
0.8554 -16.018 
-13.3174 -13.6827 
26.123 32.768 
-21.0122 21.9591 
23.11 16.8529 
3.91 -18.5568 
-4.924 22.152 
15.722 2.84 
1.48886 2.5916 
-13.6396 -14.1478 
-28.1341 -12.8652 
-6.6128 1.8532 
-11.006 -7.496 
25.986 23.11 
0.506 0.186 
2.88 -25.02 
0.8506 -12.1392 
-3.8882 -27.7854 
24.118 1.92 
4.61454 9.12471 
0.8554 -16.018 
-13.3174 -13.6827 
26.123 32.768 
---end
-21.0122 21.9591 
23.11 16.8529 
3.91 -18.5568 
-4.924 22.152 
15.722 2.84 
1.48886 2.5916 
-13.6396 -14.1478 
-28.1341 -12.8652 
-6.6128 1.8532 
-11.006 -7.496 
25.986 23.11 
0.506 0.186 
2.88 -25.02 
0.8506 -12.1392 
-3.8882 -27.7854 
24.118 1.92 
4.61454 9.12471 
0.8554 -16.018 
-13.3174 -13.6827 
26.123 32.768 
-21.0122 21.9591 
23.11 16.8529 
3.91 -18.5568 
-4.924 22.152 
15.722 2.84 
1.48886 2.5916 
-13.6396 -14.1478 
-28.1341 -12.8652 
-6.6128 1.8532 
-11.006 -7.496 
25.986 23.11 
0.506 0.186 
2.88 -25.02 
0.8506 -12.1392 
-3.8882 -27.7854 
24.118 1.92 
4.61454 9.12471 
0.8554 -16.018 
-13.3174 -13.6827 
26.123 32.768 
---end
-21.0122 21.9591 
23.11 16.8529 
3.91 -18.5568 
-4.924 22.152 
15.722 2.84 
1.48886 2.5916 
-13.6396 -14.1478 
-28.1341 -12.8652 
-6.6128 1.8532 
-11.006 -7.496 
25.986 23.11 
0.506 0.186 
2.88 -25.02 
0.8506 -12.1392 
-3.8882 -27.7854 
24.118 1.92 
4.61454 9.12471 
0.8554 -16.018 
-13.3174 -13.6827 
26.123 32.768 
-21.0122 21.9591 
23.11 16.8529 
3.91 -18.5568 
-4.924 22.152 
15.722 2.84 
1.48886 2.5916 
-13.6396 -14.1478 
-28.1341 -12.8652 
-6.6128 1.8532 
-11.006 -7.496 
25.986 23.11 
0.506 0.186 
2.88 -25.02 
0.8506 -12.1392 
-3.8882 -27.7854 
24.118 1.92 
4.61454 9.12471 
0.8554 -16.018 
-13.3174 -13.6827 
26.123 32.768 
---end
-21.0122 21.9591 
23.11 16.8529 
3.91 -18.5568 
-4.924 22.152 
15.722 2.84 
1.48886 2.5916 
-13.6396 -14.1478 
-28.1341 -12.8652 
-6.6128 1.8532 
-11.006 -7.496 
25.986 23.11 
0.506 0.186 
2.88 -25.02 
0.8506 -12.1392 
-3.8882 -27.7854 
24.118 1.92 
4.61454 9.12471 
0.8554 -16.018 
-13.3174 -13.6827 
26.123 32.768 
-21.0122 21.9591 
23.11 16.8529 
3.91 -18.5568 
-4.924 22.152 
15.722 2.84 
1.48886 2.5916 
-13.6396 -14.1478 
-28.1341 -12.8652 
-6.6128 1.8532 
-11.006 -7.496 
25.986 23.11 
0.506 0.186 
2.88 -25.02 
0.8506 -12.1392 
-3.8882 -27.7854 
24.118 1.92 
4.61454 9.12471 
0.8554 -16.018 
-13.3174 -13.6827 
26.123 32.768 
---end
-21.0122 21.9591 
23.11 16.8529 
3.91 -18.5568 
-4.924 22.152 
15.722 2.84 
1.48886 2.5916 
-13.6396 -14.1478 
-28.1341 -12.8652 
-6.6128 1.8532 
-11.006 -7.496 
25.986 23.11 
0.506 0.186 
2.88 -25.02 
0.8506 -12.1392 
-3.8882 -27.7854 
24.118 1.92 
4.61454 9.12471 
0.8554 -16.018 
-13.3174 -13.6827 
26.123 32.768 
-21.0122 21.9591 
23.11 16.8529 
3.91 -18.5568 
-4.924 22.152 
15.722 2.84 
1.48886 2.5916 
-13.6396 -14.1478 
-28.1341 -12.8652 
-6.6128 1.8532 
-11.006 -7.496 
25.986 23.11 
0.506 0.186 
2.88 -25.02 
0.8506 -12.1392 
-3.8882 -27.7854 
24.118 1.92 
4.61454 9.12471 
0.8554 -16.018 
-13.3174 -13.6827 
26.123 32.768 
---end
-21.0122 21.9591 
23.11 16.8529 
3.91 -18.5568 
-4.924 22.152 
15.722 2.84 
1.48886 2.5916 
-13.6396 -14.1478 
-28.1341 -12.8652 
-6.6128 1.8532 
-11.006 -7.496 
25.986 23.11 
0.506 0.186 
2.88 -25.02 
0.8506 -12.1392 
-3.8882 -27.7854 
24.118 1.92 
4.61454 9.12471 
0.8554 -16.018 
-13.3174 -13.6827 
26.123 32.768 
-21.0122 21.9591 
23.11 16.8529 
3.91 -18.5568 
-4.924 22.152 
15.722 2.84 
1.48886 2.5916 
-13.6396 -14.1478 
-28.1341 -12.8652 
-6.6128 1.8532 
-11.006 -7.496 
25.986 23.11 
0.506 0.186 
2.88 -25.02 
0.8506 -12.1392 
-3.8882 -27.7854 
24.118 1.92 
4.61454 9.12471 
0.8554 -16.018 
-13.3174 -13.6827 
26.123 32.768 
---end
-21.0122 21.9591 
23.11 16.8529 
3.91 -18.5568 
-4.924 22.152 
15.722 2.84 
1.48886 2.5916 
-13.6396 -14.1478 
-28.1341 -12.8652 
-6.6128 1.8532 
-11.006 -7.496 
25.986 23.11 
0.506 0.186 
2.88 -25.02 
0.8506 -12.1392 
-3.8882 -27.7854 
24.118 1.92 
4.61454 9.12471 
0.8554 -16.018 
-13.3174 -13.6827 
26.123 32.768 
-21.0122 21.9591 
23.11 16.8529 
3.91 -18.5568 
-4.924 22.152 
15.722 2.84 
1.48886 2.5916 
-13.6396 -14.1478 
-28.1341 -12.8652 
-6.6128 1.8532 
-11.006 -7.496 
25.986 23.11 
0.506 0.186 
2.88 -25.02 
0.8506 -12.1392 
-3.8882 -27.7854 
24.118 1.92 
4.61454 9.12471 
0.8554 -16.018 
-13.3174 -13.6827 
26.123 32.768 
---end
-21.0122 21.9591 
23.11 16.8529 
3.91 -18.5568 
-4.924 22.152 
15.722 2.84 
1.48886 2.5916 
-13.6396 -14.1478 
-28.1341 -12.8652 
-6.6128 1.8532 
-11.006 -7.496 
25.986 23.11 
0.506 0.186 
2.88 -25.02 
0.8506 -12.1392 
-3.8882 -27.7854 
24.118 1.92 
4.61454 9.12471 
0.8554 -16.018 
-13.3174 -13.6827 
26.123 32.768 
-21.0122 21.9591 
23.11 16.8529 
3.91 -18.5568 
-4.924 22.152 
15.722 2.84 
1.48886 2.5916 
-13.6396 -14.1478 
-28.1341 -12.8652 
-6.6128 1.8532 
-11.006 -7.496 
25.986 23.11 
0.506 0.186 
2.88 -25.02 
0.8506 -12.1392 
-3.8882 -27.7854 
24.118 1.92 
4.61454 9.12471 
0.8554 -16.018 
-13.3174 -13.6827 
26.123 32.768 
---end
-21.0122 21.9591 
23.11 16.8529 
3.91 -18.5568 
-4.924 22.152 
15.722 2.84 
1.48886 2.5916 
-13.6396 -14.1478 
-28.1341 -12.8652 
-6.6128 1.8532 
-11.006 -7.496 
25.986 23.11 
0.506 0.186 
2.88 -25.02 
0.8506 -12.1392 
-3.8882 -27.7854 
24.118 1.92 
4.61454 9.12471 
0.8554 -16.018 
-13.3174 -13.6827 
26.123 32.768 
-21.0122 21.9591 
23.11 16.8529 
3.91 -18.5568 
-4.924 22.152 
15.722 2.84 
1.48886 2.5916 
-13.6396 -14.1478 
-28.1341 -12.8652 
-6.6128 1.8532 
-11.006 -7.496 
25.986 23.11 
0.506 0.186 
2.88 -25.02 
0.8506 -12.1392 
-3.8882 -27.7854 
24.118 1.92 
4.61454 9.12471 
0.8554 -16.018 
-13.3174 -13.6827 
26.123 32.768 
---end
-21.0122 21.9591 
23.11 16.8529 
3.91 -18.5568 
-4.924 22.152 
15.722 2.84 
1.48886 2.5916 
-13.6396 -14.1478 
-28.1341 -12.8652 
-6.6128 1.8532 
-11.006 -7.496 
25.986 23.11 
0.506 0.186 
2.88 -25.02 
0.8506 -12.1392 
-3.8882 -27.7854 
24.118 1.92 
4.61454 9.12471 
0.8554 -16.018 
-13.3174 -13.6827 
26.123 32.768 
-21.0122 21.9591 
23.11 16.8529 
3.91 -18.5568 
-4.924 22.152 
15.722 2.84 
1.48886 2.5916 
-13.6396 -14.1478 
-28.1341 -12.8652 
-6.6128 1.8532 
-11.006 -7.496 
25.986 23.11 
0.506 0.186 
2.88 -25.02 
0.8506 -12.1392 
-3.8882 -27.7854 
24.118 1.92 
4.61454 9.12471 
0.8554 -16.018 
-13.3174 -13.6827 
26.123 32.768 
---end
-21.0122 21.9591 
23.11 16.8529 
3.91 -18.5568 
-4.924 22.152 
15.722 2.84 
1.48886 2.5916 
-13.6396 -14.1478 
-28.1341 -12.8652 
-6.6128 1.8532 
-11.006 -7.496 
25.986 23.11 
0.506 0.186 
2.88 -25.02 
0.8506 -12.1392 
-3.8882 -27.7854 
24.118 1.92 
4.61454 9.12471 
0.8554 -16.018 
-13.3174 -13.6827 
26.123 32.768 
-21.0122 21.9591 
23.11 16.8529 
3.91 -18.5568 
-4.924 22.152 
15.722 2.84 
1.48886 2.5916 
-13.6396 -14.1478 
-28.1341 -12.8652 
-6.6128 1.8532 
-11.006 -7.496 
25.986 23.11 
0.506 0.186 
2.88 -25.02 
0.8506 -12.1392 
-3.8882 -27.7854 
24.118 1.92 
4.61454 9.12471 
0.8554 -16.018 
-13.3174 -13.6827 
26.123 32.768 
---end
-21.0122 21.9591 
23.11 16.8529 
3.91 -18.5568 
-4.924 22.152 
15.722 2.84 
1.48886 2.5916 
-13.6396 -14.1478 
-28.1341 -12.8652 
-6.6128 1.8532 
-11.006 -7.496 
25.986 23.11 
0.506 0.186 
2.88 -25.02 
0.8506 -12.1392 
-3.8882 -27.7854 
24.118 1.92 
4.61454 9.12471 
0.8554 -16.018 
-13.3174 -13.6827 
26.123 32.768 
-21.0122 21.9591 
23.11 16.8529 
3.91 -18.5568 
-4.924 22.152 
15.722 2.84 
1.48886 2.5916 
-13.6396 -14.1478 
-28.1341 -12.8652 
-6.6128 1.8532 
-11.006 -7.496 
25.986 23.11 
0.506 0.186 
2.88 -25.02 
0.8506 -12.1392 
-3.8882 -27.7854 
24.118 1.92 
4.61454 9.12471 
0.8554 -16.018 
-13.3174 -13.6827 
26.123 32.768 
---end
-21.0122 21.9591 
23.11 16.8529 
3.91 -18.5568 
-4.924 22.152 
15.722 2.84 
1.48886 2.5916 
-13.6396 -14.1478 
-28.1341 -12.8652 
-6.6128 1.8532 
-11.006 -7.496 
25.986 23.11 
0.506 0.186 
2.88 -25.02 
0.8506 -12.1392 
-3.8882 -27.7854 
24.118 1.92 
4.61454 9.12471 
0.8554 -16.018 
-13.3174 -13.6827 
26.123 32.768 
-21.0122 21.9591 
23.11 16.8529 
3.91 -18.5568 
-4.924 22.152 
15.722 2.84 
1.48886 2.5916 
-13.6396 -14.1478 
-28.1341 -12.8652 
-6.6128 1.8532 
-11.006 -7.496 
25.986 23.11 
0.506 0.186 
2.88 -25.02 
0.8506 -12.1392 
-3.8882 -27.7854 
24.118 1.92 
4.61454 9.12471 
0.8554 -16.018 
-13.3174 -13.6827 
26.123 32.768 
---end
-21.0122 21.9591 
23.11 16.8529 
3.91 -18.5568 
-4.924 22.152 
15.722 2.84 
1.48886 2.5916 
-13.6396 -14.1478 
-28.1341 -12.8652 
-6.6128 1.8532 
-11.006 -7.496 
25.986 23.11 
0.506 0.186 
2.88 -25.02 
0.8506 -12.1392 
-3.8882 -27.7854 
24.118 1.92 
4.61454 9.12471 
0.8554 -16.018 
-13.3174 -13.6827 
26.123 32.768 
-21.0122 21.9591 
23.11 16.8529 
3.91 -18.5568 
-4.924 22.152 
15.722 2.84 
1.48886 2.5916 
-13.6396 -14.1478 
-28.1341 -12.8652 
-6.6128 1.8532 
-11.006 -7.496 
25.986 23.11 
0.506 0.186 
2.88 -25.02 
0.8506 -12.1392 
-3.8882 -27.7854 
24.118 1.92 
4.61454 9.12471 
0.8554 -16.018 
-13.3174 -13.6827 
26.123 32.768 
---end
-21.0122 21.9591 
23.11 16.8529 
3.91 -18.5568 
-4.924 22.152 
15.722 2.84 
1.48886 2.5916 
-13.6396 -14.1478 
-28.1341 -12.8652 
-6.6128 1.8532 
-11.006 -7.496 
25.986 23.11 
0.506 0.186 
2.88 -25.02 
0.8506 -12.1392 
-3.8882 -27.7854 
24.118 1.92 
4.61454 9.12471 
0.8554 -16.018 
-13.3174 -13.6827 
26.123 32.768 
-21.0122 21.9591 
23.11 16.8529 
3.91 -18.5568 
-4.924 22.152 
15.722 2.84 
1.48886 2.5916 
-13.6396 -14.1478 
-28.1341 -12.8652 
-6.6128 1.8532 
-11.006 -7.496 
25.986 23.11 
0.506 0.186 
2.88 -25.02 
0.8506 -12.1392 
-3.8882 -27.7854 
24.118 1.92 
4.61454 9.12471 
0.8554 -16.018 
-13.3174 -13.6827 
26.123 32.768 
---end
-21.0122 21.9591 
23.11 16.8529 
3.91 -18.5568 
-4.924 22.152 
15.722 2.84 
1.48886 2.5916 
-13.6396 -14.1478 
-28.1341 -12.8652 
-6.6128 1.8532 
-11.006 -7.496 
25.986 23.11 
0.506 0.186 
2.88 -25.02 
0.8506 -12.1392 
-3.8882 -27.7854 
24.118 1.92 
4.61454 9.12471 
0.8554 -16.018 
-13.3174 -13.6827 
26.123 32.768 
-21.0122 21.9591 
23.11 16.8529 
3.91 -18.5568 
-4.924 22.152 
15.722 2.84 
1.48886 2.5916 
-13.6396 -14.1478 
-28.1341 -12.8652 
-6.6128 1.8532 
-11.006 -7.496 
25.986 23.11 
0.506 0.186 
2.88 -25.02 
0.8506 -12.1392 
-3.8882 -27.7854 
24.118 1.92 
4.61454 9.12471 
0.8554 -16.018 
-13.3174 -13.6827 
26.123 32.768 
---end
-21.0122 21.9591 
23.11 16.8529 
3.91 -18.5568 
-4.924 22.152 
15.722 2.84 
1.48886 2.5916 
-13.6396 -14.1478 
-28.1341 -12.8652 
-6.6128 1.8532 
-11.006 -7.496 
25.986 23.11 
0.506 0.186 
2.88 -25.02 
0.8506 -12.1392 
-3.8882 -27.7854 
24.118 1.92 
4.61454 9.12471 
0.8554 -16.018 
-13.3174 -13.6827 
26.123 32.768 
-21.0122 21.9591 
23.11 16.8529 
3.91 -18.5568 
-4.924 22.152 
15.722 2.84 
1.48886 2.5916 
-13.6396 -14.1478 
-28.1341 -12.8652 
-6.6128 1.8532 
-11.006 -7.496 
25.986 23.11 
0.506 0.186 
2.88 -25.02 
0.8506 -12.1392 
-3.8882 -27.7854 
24.118 1.92 
4.61454 9.12471 
0.8554 -16.018 
-13.3174 -13.6827 
26.123 32.768 
---end
-21.0122 21.9591 
23.11 16.8529 
3.91 -18.5568 
-4.924 22.152 
15.722 2.84 
1.48886 2.5916 
-13.6396 -14.1478 
-28.1341 -12.8652 
-6.6128 1.8532 
-11.006 -7.496 
25.986 23.11 
0.506 0.186 
2.88 -25.02 
0.8506 -12.1392 
-3.8882 -27.7854 
24.118 1.92 
4.61454 9.12471 
0.8554 -16.018 
-13.3174 -13.6827 
26.123 32.768 
-21.0122 21.9591 
23.11 16.8529 
3.91 -18.5568 
-4.924 22.152 
15.722 2.84 
1.48886 2.5916 
-13.6396 -14.1478 
-28.1341 -12.8652 
-6.6128 1.8532 
-11.006 -7.496 
25.986 23.11 
0.506 0.186 
2.88 -25.02 
0.8506 -12.1392 
-3.8882 -27.7854 
24.118 1.92 
4.61454 9.12471 
0.8554 -16.018 
-13.3174 -13.6827 
26.123 32.768 
---end
-21.0122 21.9591 
23.11 16.8529 
3.91 -18.5568 
-4.924 22.152 
15.722 2.84 
1.48886 2.5916 
-13.6396 -14.1478 
-28.1341 -12.8652 
-6.6128 1.8532 
-11.006 -7.496 
25.986 23.11 
0.506 0.186 
2.88 -25.02 
0.8506 -12.1392 
-3.8882 -27.7854 
24.118 1.92 
4.61454 9.12471 
0.8554 -16.018 
-13.3174 -13.6827 
26.123 32.768 
-21.0122 21.9591 
23.11 16.8529 
3.91 -18.5568 
-4.924 22.152 
15.722 2.84 
1.48886 2.5916 
-13.6396 -14.1478 
-28.1341 -12.8652 
-6.6128 1.8532 
-11.006 -7.496 
25.986 23.11 
0.506 0.186 
2.88 -25.02 
0.8506 -12.1392 
-3.8882 -27.7854 
24.118 1.92 
4.61454 9.12471 
0.8554 -16.018 
-13.3174 -13.6827 
26.123 32.768 
---end
-21.0122 21.9591 
23.11 16.8529 
3.91 -18.5568 
-4.924 22.152 
15.722 2.84 
1.48886 2.5916 
-13.6396 -14.1478 
-28.1341 -12.8652 
-6.6128 1.8532 
-11.006 -7.496 
25.986 23.11 
0.506 0.186 
2.88 -25.02 
0.8506 -12.1392 
-3.8882 -27.7854 
24.118 1.92 
4.61454 9.12471 
0.8554 -16.018 
-13.3174 -13.6827 
26.123 32.768 
-21.0122 21.9591 
23.11 16.8529 
3.91 -18.5568 
-4.924 22.152 
15.722 2.84 
1.48886 2.5916 
-13.6396 -14.1478 
-28.1341 -12.8652 
-6.6128 1.8532 
-11.006 -7.496 
25.986 23.11 
0.506 0.186 
2.88 -25.02 
0.8506 -12.1392 
-3.8882 -27.7854 
24.118 1.92 
4.61454 9.12471 
0.8554 -16.018 
-13.3174 -13.6827 
26.123 32.768 
---end
-21.0122 21.9591 
23.11 16.8529 
3.91 -18.5568 
-4.924 22.152 
15.722 2.84 
1.48886 2.5916 
-13.6396 -14.1478 
-28.1341 -12.8652 
-6.6128 1.8532 
-11.006 -7.496 
25.986 23.11 
0.506 0.186 
2.88 -25.02 
0.8506 -12.1392 
-3.8882 -27.7854 
24.118 1.92 
4.61454 9.12471 
0.8554 -16.018 
-13.3174 -13.6827 
26.123 32.768 
-21.0122 21.9591 
23.11 16.8529 
3.91 -18.5568 
-4.924 22.152 
15.722 2.84 
1.48886 2.5916 
-13.6396 -14.1478 
-28.1341 -12.8652 
-6.6128 1.8532 
-11.006 -7.496 
25.986 23.11 
0.506 0.186 
2.88 -25.02 
0.8506 -12.1392 
-3.8882 -27.7854 
24.118 1.92 
4.61454 9.12471 
0.8554 -16.018 
-13.3174 -13.6827 
26.123 32.768 
---end
-21.0122 21.9591 
23.11 16.8529 
3.91 -18.5568 
-4.924 22.152 
15.722 2.84 
1.48886 2.5916 
-13.6396 -14.1478 
-28.1341 -12.8652 
-6.6128 1.8532 
-11.006 -7.496 
25.986 23.11 
0.506 0.186 
2.88 -25.02 
0.8506 -12.1392 
-3.8882 -27.7854 
24.118 1.92 
4.61454 9.12471 
0.8554 -16.018 
-13.3174 -13.6827 
26.123 32.768 
-21.0122 21.9591 
23.11 16.8529 
3.91 -18.5568 
-4.924 22.152 
15.722 2.84 
1.48886 2.5916 
-13.6396 -14.1478 
-28.1341 -12.8652 
-6.6128 1.8532 
-11.006 -7.496 
25.986 23.11 
0.506 0.186 
2.88 -25.02 
0.8506 -12.1392 
-3.8882 -27.7854 
24.118 1.92 
4.61454 9.12471 
0.8554 -16.018 
-13.3174 -13.6827 
26.123 32.768 
---end
-21.0122 21.9591 
23.11 16.8529 
3.91 -18.5568 
-4.924 22.152 
15.722 2.84 
1.48886 2.5916 
-13.6396 -14.1478 
-28.1341 -12.8652 
-6.6128 1.8532 
-11.006 -7.496 
25.986 23.11 
0.506 0.186 
2.88 -25.02 
0.8506 -12.1392 
-3.8882 -27.7854 
24.118 1.92 
4.61454 9.12471 
0.8554 -16.018 
-13.3174 -13.6827 
26.123 32.768 
-21.0122 21.9591 
23.11 16.8529 
3.91 -18.5568 
-4.924 22.152 
15.722 2.84 
1.48886 2.5916 
-13.6396 -14.1478 
-28.1341 -12.8652 
-6.6128 1.8532 
-11.006 -7.496 
25.986 23.11 
0.506 0.186 
2.88 -25.02 
0.8506 -12.1392 
-3.8882 -27.7854 
24.118 1.92 
4.61454 9.12471 
0.8554 -16.018 
-13.3174 -13.6827 
26.123 32.768 
---end
-21.0122 21.9591 
23.11 16.8529 
3.91 -18.5568 
-4.924 22.152 
15.722 2.84 
1.48886 2.5916 
-13.6396 -14.1478 
-28.1341 -12.8652 
-6.6128 1.8532 
-11.006 -7.496 
25.986 23.11 
0.506 0.186 
2.88 -25.02 
0.8506 -12.1392 
-3.8882 -27.7854 
24.118 1.92 
4.61454 9.12471 
0.8554 -16.018 
-13.3174 -13.6827 
26.123 32.768 
-21.0122 21.9591 
23.11 16.8529 
3.91 -18.5568 
-4.924 22.152 
15.722 2.84 
1.48886 2.5916 
-13.6396 -14.1478 
-28.1341 -12.8652 
-6.6128 1.8532 
-11.006 -7.496 
25.986 23.11 
0.506 0.186 
2.88 -25.02 
0.8506 -12.1392 
-3.8882 -27.7854 
24.118 1.92 
4.61454 9.12471 
0.8554 -16.018 
-13.3174 -13.6827 
26.123 32.768 
---end
-21.0122 21.9591 
23.11 16.8529 
3.91 -18.5568 
-4.924 22.152 
15.722 2.84 
1.48886 2.5916 
-13.6396 -14.1478 
-28.1341 -12.8652 
-6.6128 1.8532 
-11.006 -7.496 
25.986 23.11 
0.506 0.186 
2.88 -25.02 
0.8506 -12.1392 
-3.8882 -27.7854 
24.118 1.92 
4.61454 9.12471 
0.8554 -16.018 
-13.3174 -13.6827 
26.123 32.768 
-21.0122 21.9591 
23.11 16.8529 
3.91 -18.5568 
-4.924 22.152 
15.722 2.84 
1.48886 2.5916 
-13.6396 -14.1478 
-28.1341 -12.8652 
-6.6128 1.8532 
-11.006 -7.496 
25.986 23.11 
0.506 0.186 
2.88 -25.02 
0.8506 -12.1392 
-3.8882 -27.7854 
24.118 1.92 
4.61454 9.12471 
0.8554 -16.018 
-13.3174 -13.6827 
26.123 32.768 
---end
-21.0122 21.9591 
23.11 16.8529 
3.91 -18.5568 
-4.924 22.152 
15.722 2.84 
1.48886 2.5916 
-13.6396 -14.1478 
-28.1341 -12.8652 
-6.6128 1.8532 
-11.006 -7.496 
25.986 23.11 
0.506 0.186 
2.88 -25.02 
0.8506 -12.1392 
-3.8882 -27.7854 
24.118 1.92 
4.61454 9.12471 
0.8554 -16.018 
-13.3174 -13.6827 
26.123 32.768 
-21.0122 21.9591 
23.11 16.8529 
3.91 -18.5568 
-4.924 22.152 
15.722 2.84 
1.48886 2.5916 
-13.6396 -14.1478 
-28.1341 -12.8652 
-6.6128 1.8532 
-11.006 -7.496 
25.986 23.11 
0.506 0.186 
2.88 -25.02 
0.8506 -12.1392 
-3.8882 -27.7854 
24.118 1.92 
4.61454 9.12471 
0.8554 -16.018 
-13.3174 -13.6827 
26.123 32.768 
---end
-21.0122 21.9591 
23.11 16.8529 
3.91 -18.5568 
-4.924 22.152 
15.722 2.84 
1.48886 2.5916 
-13.6396 -14.1478 
-28.1341 -12.8652 
-6.6128 1.8532 
-11.006 -7.496 
25.986 23.11 
0.506 0.186 
2.88 -25.02 
0.8506 -12.1392 
-3.8882 -27.7854 
24.118 1.92 
4.61454 9.12471 
0.8554 -16.018 
-13.3174 -13.6827 
26.123 32.768 
-21.0122 21.9591 
23.11 16.8529 
3.91 -18.5568 
-4.924 22.152 
15.722 2.84 
1.48886 2.5916 
-13.6396 -14.1478 
-28.1341 -12.8652 
-6.6128 1.8532 
-11.006 -7.496 
25.986 23.11 
0.506 0.186 
2.88 -25.02 
0.8506 -12.1392 
-3.8882 -27.7854 
24.118 1.92 
4.61454 9.12471 
0.8554 -16.018 
-13.3174 -13.6827 
26.123 32.768 
---end
-21.0122 21.9591 
23.11 16.8529 
3.91 -18.5568 
-4.924 22.152 
15.722 2.84 
1.48886 2.5916 
-13.6396 -14.1478 
-28.1341 -12.8652 
-6.6128 1.8532 
-11.006 -7.496 
25.986 23.11 
0.506 0.186 
2.88 -25.02 
0.8506 -12.1392 
-3.8882 -27.7854 
24.118 1.92 
4.61454 9.12471 
0.8554 -16.018 
-13.3174 -13.6827 
26.123 32.768 
-21.0122 21.9591 
23.11 16.8529 
3.91 -18.5568 
-4.924 22.152 
15.722 2.84 
1.48886 2.5916 
-13.6396 -14.1478 
-28.1341 -12.8652 
-6.6128 1.8532 
-11.006 -7.496 
25.986 23.11 
0.506 0.186 
2.88 -25.02 
0.8506 -12.1392 
-3.8882 -27.7854 
24.118 1.92 
4.61454 9.12471 
0.8554 -16.018 
-13.3174 -13.6827 
26.123 32.768 
---end
-21.0122 21.9591 
23.11 16.8529 
3.91 -18.5568 
-4.924 22.152 
15.722 2.84 
1.48886 2.5916 
-13.6396 -14.1478 
-28.1341 -12.8652 
-6.6128 1.8532 
-11.006 -7.496 
25.986 23.11 
0.506 0.186 
2.88 -25.02 
0.8506 -12.1392 
-3.8882 -27.7854 
24.118 1.92 
4.61454 9.12471 
0.8554 -16.018 
-13.3174 -13.6827 
26.123 32.768 
-21.0122 21.9591 
23.11 16.8529 
3.91 -18.5568 
-4.924 22.152 
15.722 2.84 
1.48886 2.5916 
-13.6396 -14.1478 
-28.1341 -12.8652 
-6.6128 1.8532 
-11.006 -7.496 
25.986 23.11 
0.506 0.186 
2.88 -25.02 
0.8506 -12.1392 
-3.8882 -27.7854 
24.118 1.92 
4.61454 9.12471 
0.8554 -16.018 
-13.3174 -13.6827 
26.123 32.768 
---end
-21.0122 21.9591 
23.11 16.8529 
3.91 -18.5568 
-4.924 22.152 
15.722 2.84 
1.48886 2.5916 
-13.6396 -14.1478 
-28.1341 -12.8652 
-6.6128 1.8532 
-11.006 -7.496 
25.986 23.11 
0.506 0.186 
2.88 -25.02 
0.8506 -12.1392 
-3.8882 -27.7854 
24.118 1.92 
4.61454 9.12471 
0.8554 -16.018 
-13.3174 -13.6827 
26.123 32.768 
-21.0122 21.9591 
23.11 16.8529 
3.91 -18.5568 
-4.924 22.152 
15.722 2.84 
1.48886 2.5916 
-13.6396 -14.1478 
-28.1341 -12.8652 
-6.6128 1.8532 
-11.006 -7.496 
25.986 23.11 
0.506 0.186 
2.88 -25.02 
0.8506 -12.1392 
-3.8882 -27.7854 
24.118 1.92 
4.61454 9.12471 
0.8554 -16.018 
-13.3174 -13.6827 
26.123 32.768 
---end
-21.0122 21.9591 
23.11 16.8529 
3.91 -18.5568 
-4.924 22.152 
15.722 2.84 
1.48886 2.5916 
-13.6396 -14.1478 
-28.1341 -12.8652 
-6.6128 1.8532 
-11.006 -7.496 
25.986 23.11 
0.506 0.186 
2.88 -25.02 
0.8506 -12.1392 
-3.8882 -27.7854 
24.118 1.92 
4.61454 9.12471 
0.8554 -16.018 
-13.3174 -13.6827 
26.123 32.768 
-21.0122 21.9591 
23.11 16.8529 
3.91 -18.5568 
-4.924 22.152 
15.722 2.84 
1.48886 2.5916 
-13.6396 -14.1478 
-28.1341 -12.8652 
-6.6128 1.8532 
-11.006 -7.496 
25.986 23.11 
0.506 0.186 
2.88 -25.02 
0.8506 -12.1392 
-3.8882 -27.7854 
24.118 1.92 
4.61454 9.12471 
0.8554 -16.018 
-13.3174 -13.6827 
26.123 32.768 
---end
-21.0122 21.9591 
23.11 16.8529 
3.91 -18.5568 
-4.924 22.152 
15.722 2.84 
1.48886 2.5916 
-13.6396 -14.1478 
-28.1341 -12.8652 
-6.6128 1.8532 
-11.006 -7.496 
25.986 23.11 
0.506 0.186 
2.88 -25.02 
0.8506 -12.1392 
-3.8882 -27.7854 
24.118 1.92 
4.61454 9.12471 
0.8554 -16.018 
-13.3174 -13.6827 
26.123 32.768 
-21.0122 21.9591 
23.11 16.8529 
3.91 -18.5568 
-4.924 22.152 
15.722 2.84 
1.48886 2.5916 
-13.6396 -14.1478 
-28.1341 -12.8652 
-6.6128 1.8532 
-11.006 -7.496 
25.986 23.11 
0.506 0.186 
2.88 -25.02 
0.8506 -12.1392 
-3.8882 -27.7854 
24.118 1.92 
4.61454 9.12471 
0.8554 -16.018 
-13.3174 -13.6827 
26.123 32.768 
---end
-21.0122 21.9591 
23.11 16.8529 
3.91 -18.5568 
-4.924 22.152 
15.722 2.84 
1.48886 2.5916 
-13.6396 -14.1478 
-28.1341 -12.8652 
-6.6128 1.8532 
-11.006 -7.496 
25.986 23.11 
0.506 0.186 
2.88 -25.02 
0.8506 -12.1392 
-3.8882 -27.7854 
24.118 1.92 
4.61454 9.12471 
0.8554 -16.018 
-13.3174 -13.6827 
26.123 32.768 
-21.0122 21.9591 
23.11 16.8529 
3.91 -18.5568 
-4.924 22.152 
15.722 2.84 
1.48886 2.5916 
-13.6396 -14.1478 
-28.1341 -12.8652 
-6.6128 1.8532 
-11.006 -7.496 
25.986 23.11 
0.506 0.186 
2.88 -25.02 
0.8506 -12.1392 
-3.8882 -27.7854 
24.118 1.92 
4.61454 9.12471 
0.8554 -16.018 
-13.3174 -13.6827 
26.123 32.768 
---end
-21.0122 21.9591 
23.11 16.8529 
3.91 -18.5568 
-4.924 22.152 
15.722 2.84 
1.48886 2.5916 
-13.6396 -14.1478 
-28.1341 -12.8652 
-6.6128 1.8532 
-11.006 -7.496 
25.986 23.11 
0.506 0.186 
2.88 -25.02 
0.8506 -12.1392 
-3.8882 -27.7854 
24.118 1.92 
4.61454 9.12471 
0.8554 -16.018 
-13.3174 -13.6827 
26.123 32.768 
-21.0122 21.9591 
23.11 16.8529 
3.91 -18.5568 
-4.924 22.152 
15.722 2.84 
1.48886 2.5916 
-13.6396 -14.1478 
-28.1341 -12.8652 
-6.6128 1.8532 
-11.006 -7.496 
25.986 23.11 
0.506 0.186 
2.88 -25.02 
0.8506 -12.1392 
-3.8882 -27.7854 
24.118 1.92 
4.61454 9.12471 
0.8554 -16.018 
-13.3174 -13.6827 
26.123 32.768 
---end
-21.0122 21.9591 
23.11 16.8529 
3.91 -18.5568 
-4.924 22.152 
15.722 2.84 
1.48886 2.5916 
-13.6396 -14.1478 
-28.1341 -12.8652 
-6.6128 1.8532 
-11.006 -7.496 
25.986 23.11 
0.506 0.186 
2.88 -25.02 
0.8506 -12.1392 
-3.8882 -27.7854 
24.118 1.92 
4.61454 9.12471 
0.8554 -16.018 
-13.3174 -13.6827 
26.123 32.768 
-21.0122 21.9591 
23.11 16.8529 
3.91 -18.5568 
-4.924 22.152 
15.722 2.84 
1.48886 2.5916 
-13.6396 -14.1478 
-28.1341 -12.8652 
-6.6128 1.8532 
-11.006 -7.496 
25.986 23.11 
0.506 0.186 
2.88 -25.02 
0.8506 -12.1392 
-3.8882 -27.7854 
24.118 1.92 
4.61454 9.12471 
0.8554 -16.018 
-13.3174 -13.6827 
26.123 32.768 
---end
-21.0122 21.9591 
23.11 16.8529 
3.91 -18.5568 
-4.924 22.152 
15.722 2.84 
1.48886 2.5916 
-13.6396 -14.1478 
-28.1341 -12.8652 
-6.6128 1.8532 
-11.006 -7.496 
25.986 23.11 
0.506 0.186 
2.88 -25.02 
0.8506 -12.1392 
-3.8882 -27.7854 
24.118 1.92 
4.61454 9.12471 
0.8554 -16.018 
-13.3174 -13.6827 
26.123 32.768 
-21.0122 21.9591 
23.11 16.8529 
3.91 -18.5568 
-4.924 22.152 
15.722 2.84 
1.48886 2.5916 
-13.6396 -14.1478 
-28.1341 -12.8652 
-6.6128 1.8532 
-11.006 -7.496 
25.986 23.11 
0.506 0.186 
2.88 -25.02 
0.8506 -12.1392 
-3.8882 -27.7854 
24.118 1.92 
4.61454 9.12471 
0.8554 -16.018 
-13.3174 -13.6827 
26.123 32.768 
---end
-21.0122 21.9591 
23.11 16.8529 
3.91 -18.5568 
-4.924 22.152 
15.722 2.84 
1.48886 2.5916 
-13.6396 -14.1478 
-28.1341 -12.8652 
-6.6128 1.8532 
-11.006 -7.496 
25.986 23.11 
0.506 0.186 
2.88 -25.02 
0.8506 -12.1392 
-3.8882 -27.7854 
24.118 1.92 
4.61454 9.12471 
0.8554 -16.018 
-13.3174 -13.6827 
26.123 32.768 
-21.0122 21.9591 
23.11 16.8529 
3.91 -18.5568 
-4.924 22.152 
15.722 2.84 
1.48886 2.5916 
-13.6396 -14.1478 
-28.1341 -12.8652 
-6.6128 1.8532 
-11.006 -7.496 
25.986 23.11 
0.506 0.186 
2.88 -25.02 
0.8506 -12.1392 
-3.8882 -27.7854 
24.118 1.92 
4.61454 9.12471 
0.8554 -16.018 
-13.3174 -13.6827 
26.123 32.768 
---end
-21.0122 21.9591 
23.11 16.8529 
3.91 -18.5568 
-4.924 22.152 
15.722 2.84 
1.48886 2.5916 
-13.6396 -14.1478 
-28.1341 -12.8652 
-6.6128 1.8532 
-11.006 -7.496 
25.986 23.11 
0.506 0.186 
2.88 -25.02 
0.8506 -12.1392 
-3.8882 -27.7854 
24.118 1.92 
4.61454 9.12471 
0.8554 -16.018 
-13.3174 -13.6827 
26.123 32.768 
-21.0122 21.9591 
23.11 16.8529 
3.91 -18.5568 
-4.924 22.152 
15.722 2.84 
1.48886 2.5916 
-13.6396 -14.1478 
-28.1341 -12.8652 
-6.6128 1.8532 
-11.006 -7.496 
25.986 23.11 
0.506 0.186 
2.88 -25.02 
0.8506 -12.1392 
-3.8882 -27.7854 
24.118 1.92 
4.61454 9.12471 
0.8554 -16.018 
-13.3174 -13.6827 
26.123 32.768 
---end
-21.0122 21.9591 
23.11 16.8529 
3.91 -18.5568 
-4.924 22.152 
15.722 2.84 
1.48886 2.5916 
-13.6396 -14.1478 
-28.1341 -12.8652 
-6.6128 1.8532 
-11.006 -7.496 
25.986 23.11 
0.506 0.186 
2.88 -25.02 
0.8506 -12.1392 
-3.8882 -27.7854 
24.118 1.92 
4.61454 9.12471 
0.8554 -16.018 
-13.3174 -13.6827 
26.123 32.768 
-21.0122 21.9591 
23.11 16.8529 
3.91 -18.5568 
-4.924 22.152 
15.722 2.84 
1.48886 2.5916 
-13.6396 -14.1478 
-28.1341 -12.8652 
-6.6128 1.8532 
-11.006 -7.496 
25.986 23.11 
0.506 0.186 
2.88 -25.02 
0.8506 -12.1392 
-3.8882 -27.7854 
24.118 1.92 
4.61454 9.12471 
0.8554 -16.018 
-13.3174 -13.6827 
26.123 32.768 
---end
-21.0122 21.9591 
23.11 16.8529 
3.91 -18.5568 
-4.924 22.152 
15.722 2.84 
1.48886 2.5916 
-13.6396 -14.1478 
-28.1341 -12.8652 
-6.6128 1.8532 
-11.006 -7.496 
25.986 23.11 
0.506 0.186 
2.88 -25.02 
0.8506 -12.1392 
-3.8882 -27.7854 
24.118 1.92 
4.61454 9.12471 
0.8554 -16.018 
-13.3174 -13.6827 
26.123 32.768 
-21.0122 21.9591 
23.11 16.8529 
3.91 -18.5568 
-4.924 22.152 
15.722 2.84 
1.48886 2.5916 
-13.6396 -14.1478 
-28.1341 -12.8652 
-6.6128 1.8532 
-11.006 -7.496 
25.986 23.11 
0.506 0.186 
2.88 -25.02 
0.8506 -12.1392 
-3.8882 -27.7854 
24.118 1.92 
4.61454 9.12471 
0.8554 -16.018 
-13.3174 -13.6827 
26.123 32.768 
---end
-21.0122 21.9591 
23.11 16.8529 
3.91 -18.5568 
-4.924 22.152 
15.722 2.84 
1.48886 2.5916 
-13.6396 -14.1478 
-28.1341 -12.8652 
-6.6128 1.8532 
-11.006 -7.496 
25.986 23.11 
0.506 0.186 
2.88 -25.02 
0.8506 -12.1392 
-3.8882 -27.7854 
24.118 1.92 
4.61454 9.12471 
0.8554 -16.018 
-13.3174 -13.6827 
26.123 32.768 
-21.0122 21.9591 
23.11 16.8529 
3.91 -18.5568 
-4.924 22.152 
15.722 2.84 
1.48886 2.5916 
-13.6396 -14.1478 
-28.1341 -12.8652 
-6.6128 1.8532 
-11.006 -7.496 
25.986 23.11 
0.506 0.186 
2.88 -25.02 
0.8506 -12.1392 
-3.8882 -27.7854 
24.118 1.92 
4.61454 9.12471 
0.8554 -16.018 
-13.3174 -13.6827 
26.123 32.768 
---end
-21.0122 21.9591 
23.11 16.8529 
3.91 -18.5568 
-4.924 22.152 
15.722 2.84 
1.48886 2.5916 
-13.6396 -14.1478 
-28.1341 -12.8652 
-6.6128 1.8532 
-11.006 -7.496 
25.986 23.11 
0.506 0.186 
2.88 -25.02 
0.8506 -12.1392 
-3.8882 -27.7854 
24.118 1.92 
4.61454 9.12471 
0.8554 -16.018 
-13.3174 -13.6827 
26.123 32.768 
-21.0122 21.9591 
23.11 16.8529 
3.91 -18.5568 
-4.924 22.152 
15.722 2.84 
1.48886 2.5916 
-13.6396 -14.1478 
-28.1341 -12.8652 
-6.6128 1.8532 
-11.006 -7.496 
25.986 23.11 
0.506 0.186 
2.88 -25.02 
0.8506 -12.1392 
-3.8882 -27.7854 
24.118 1.92 
4.61454 9.12471 
0.8554 -16.018 
-13.3174 -13.6827 
26.123 32.768 
---end
-21.0122 21.9591 
23.11 16.8529 
3.91 -18.5568 
-4.924 22.152 
15.722 2.84 
1.48886 2.5916 
-13.6396 -14.1478 
-28.1341 -12.8652 
-6.6128 1.8532 
-11.006 -7.496 
25.986 23.11 
0.506 0.186 
2.88 -25.02 
0.8506 -12.1392 
-3.8882 -27.7854 
24.118 1.92 
4.61454 9.12471 
0.8554 -16.018 
-13.3174 -13.6827 
26.123 32.768 
-21.0122 21.9591 
23.11 16.8529 
3.91 -18.5568 
-4.924 22.152 
15.722 2.84 
1.48886 2.5916 
-13.6396 -14.1478 
-28.1341 -12.8652 
-6.6128 1.8532 
-11.006 -7.496 
25.986 23.11 
0.506 0.186 
2.88 -25.02 
0.8506 -12.1392 
-3.8882 -27.7854 
24.118 1.92 
4.61454 9.12471 
0.8554 -16.018 
-13.3174 -13.6827 
26.123 32.768 
---end
-21.0122 21.9591 
23.11 16.8529 
3.91 -18.5568 
-4.924 22.152 
15.722 2.84 
1.48886 2.5916 
-13.6396 -14.1478 
-28.1341 -12.8652 
-6.6128 1.8532 
-11.006 -7.496 
25.986 23.11 
0.506 0.186 
2.88 -25.02 
0.8506 -12.1392 
-3.8882 -27.7854 
24.118 1.92 
4.61454 9.12471 
0.8554 -16.018 
-13.3174 -13.6827 
26.123 32.768 
-21.0122 21.9591 
23.11 16.8529 
3.91 -18.5568 
-4.924 22.152 
15.722 2.84 
1.48886 2.5916 
-13.6396 -14.1478 
-28.1341 -12.8652 
-6.6128 1.8532 
-11.006 -7.496 
25.986 23.11 
0.506 0.186 
2.88 -25.02 
0.8506 -12.1392 
-3.8882 -27.7854 
24.118 1.92 
4.61454 9.12471 
0.8554 -16.018 
-13.3174 -13.6827 
26.123 32.768 
---end
-21.0122 21.9591 
23.11 16.8529 
3.91 -18.5568 
-4.924 22.152 
15.722 2.84 
1.48886 2.5916 
-13.6396 -14.1478 
-28.1341 -12.8652 
-6.6128 1.8532 
-11.006 -7.496 
25.986 23.11 
0.506 0.186 
2.88 -25.02 
0.8506 -12.1392 
-3.8882 -27.7854 
24.118 1.92 
4.61454 9.12471 
0.8554 -16.018 
-13.3174 -13.6827 
26.123 32.768 
-21.0122 21.9591 
23.11 16.8529 
3.91 -18.5568 
-4.924 22.152 
15.722 2.84 
1.48886 2.5916 
-13.6396 -14.1478 
-28.1341 -12.8652 
-6.6128 1.8532 
-11.006 -7.496 
25.986 23.11 
0.506 0.186 
2.88 -25.02 
0.8506 -12.1392 
-3.8882 -27.7854 
24.118 1.92 
4.61454 9.12471 
0.8554 -16.018 
-13.3174 -13.6827 
26.123 32.768 
---end
-21.0122 21.9591 
23.11 16.8529 
3.91 -18.5568 
-4.924 22.152 
15.722 2.84 
1.48886 2.5916 
-13.6396 -14.1478 
-28.1341 -12.8652 
-6.6128 1.8532 
-11.006 -7.496 
25.986 23.11 
0.506 0.186 
2.88 -25.02 
0.8506 -12.1392 
-3.8882 -27.7854 
24.118 1.92 
4.61454 9.12471 
0.8554 -16.018 
-13.3174 -13.6827 
26.123 32.768 
-21.0122 21.9591 
23.11 16.8529 
3.91 -18.5568 
-4.924 22.152 
15.722 2.84 
1.48886 2.5916 
-13.6396 -14.1478 
-28.1341 -12.8652 
-6.6128 1.8532 
-11.006 -7.496 
25.986 23.11 
0.506 0.186 
2.88 -25.02 
0.8506 -12.1392 
-3.8882 -27.7854 
24.118 1.92 
4.61454 9.12471 
0.8554 -16.018 
-13.3174 -13.6827 
26.123 32.768 
---end
-21.0122 21.9591 
23.11 16.8529 
3.91 -18.5568 
-4.924 22.152 
15.722 2.84 
1.48886 2.5916 
-13.6396 -14.1478 
-28.1341 -12.8652 
-6.6128 1.8532 
-11.006 -7.496 
25.986 23.11 
0.506 0.186 
2.88 -25.02 
0.8506 -12.1392 
-3.8882 -27.7854 
24.118 1.92 
4.61454 9.12471 
0.8554 -16.018 
-13.3174 -13.6827 
26.123 32.768 
-21.0122 21.9591 
23.11 16.8529 
3.91 -18.5568 
-4.924 22.152 
15.722 2.84 
1.48886 2.5916 
-13.6396 -14.1478 
-28.1341 -12.8652 
-6.6128 1.8532 
-11.006 -7.496 
25.986 23.11 
0.506 0.186 
2.88 -25.02 
0.8506 -12.1392 
-3.8882 -27.7854 
24.118 1.92 
4.61454 9.12471 
0.8554 -16.018 
-13.3174 -13.6827 
26.123 32.768 
---end
-21.0122 21.9591 
23.11 16.8529 
3.91 -18.5568 
-4.924 22.152 
15.722 2.84 
1.48886 2.5916 
-13.6396 -14.1478 
-28.1341 -12.8652 
-6.6128 1.8532 
-11.006 -7.496 
25.986 23.11 
0.506 0.186 
2.88 -25.02 
0.8506 -12.1392 
-3.8882 -27.7854 
24.118 1.92 
4.61454 9.12471 
0.8554 -16.018 
-13.3174 -13.6827 
26.123 32.768 
-21.0122 21.9591 
23.11 16.8529 
3.91 -18.5568 
-4.924 22.152 
15.722 2.84 
1.48886 2.5916 
-13.6396 -14.1478 
-28.1341 -12.8652 
-6.6128 1.8532 
-11.006 -7.496 
25.986 23.11 
0.506 0.186 
2.88 -25.02 
0.8506 -12.1392 
-3.8882 -27.7854 
24.118 1.92 
4.61454 9.12471 
0.8554 -16.018 
-13.3174 -13.6827 
26.123 32.768 
---end
-21.0122 21.9591 
23.11 16.8529 
3.91 -18.5568 
-4.924 22.152 
15.722 2.84 
1.48886 2.5916 
-13.6396 -14.1478 
-28.1341 -12.8652 
-6.6128 1.8532 
-11.006 -7.496 
25.986 23.11 
0.506 0.186 
2.88 -25.02 
0.8506 -12.1392 
-3.8882 -27.7854 
24.118 1.92 
4.61454 9.12471 
0.8554 -16.018 
-13.3174 -13.6827 
26.123 32.768 
-21.0122 21.9591 
23.11 16.8529 
3.91 -18.5568 
-4.924 22.152 
15.722 2.84 
1.48886 2.5916 
-13.6396 -14.1478 
-28.1341 -12.8652 
-6.6128 1.8532 
-11.006 -7.496 
25.986 23.11 
0.506 0.186 
2.88 -25.02 
0.8506 -12.1392 
-3.8882 -27.7854 
24.118 1.92 
4.61454 9.12471 
0.8554 -16.018 
-13.3174 -13.6827 
26.123 32.768 
---end
-21.0122 21.9591 
23.11 16.8529 
3.91 -18.5568 
-4.924 22.152 
15.722 2.84 
1.48886 2.5916 
-13.6396 -14.1478 
-28.1341 -12.8652 
-6.6128 1.8532 
-11.006 -7.496 
25.986 23.11 
0.506 0.186 
2.88 -25.02 
0.8506 -12.1392 
-3.8882 -27.7854 
24.118 1.92 
4.61454 9.12471 
0.8554 -16.018 
-13.3174 -13.6827 
26.123 32.768 
-21.0122 21.9591 
23.11 16.8529 
3.91 -18.5568 
-4.924 22.152 
15.722 2.84 
1.48886 2.5916 
-13.6396 -14.1478 
-28.1341 -12.8652 
-6.6128 1.8532 
-11.006 -7.496 
25.986 23.11 
0.506 0.186 
2.88 -25.02 
0.8506 -12.1392 
-3.8882 -27.7854 
24.118 1.92 
4.61454 9.12471 
0.8554 -16.018 
-13.3174 -13.6827 
26.123 32.768 
---end
-21.0122 21.9591 
23.11 16.8529 
3.91 -18.5568 
-4.924 22.152 
15.722 2.84 
1.48886 2.5916 
-13.6396 -14.1478 
-28.1341 -12.8652 
-6.6128 1.8532 
-11.006 -7.496 
25.986 23.11 
0.506 0.186 
2.88 -25.02 
0.8506 -12.1392 
-3.8882 -27.7854 
24.118 1.92 
4.61454 9.12471 
0.8554 -16.018 
-13.3174 -13.6827 
26.123 32.768 
-21.0122 21.9591 
23.11 16.8529 
3.91 -18.5568 
-4.924 22.152 
15.722 2.84 
1.48886 2.5916 
-13.6396 -14.1478 
-28.1341 -12.8652 
-6.6128 1.8532 
-11.006 -7.496 
25.986 23.11 
0.506 0.186 
2.88 -25.02 
0.8506 -12.1392 
-3.8882 -27.7854 
24.118 1.92 
4.61454 9.12471 
0.8554 -16.018 
-13.3174 -13.6827 
26.123 32.768 
---end
-21.0122 21.9591 
23.11 16.8529 
3.91 -18.5568 
-4.924 22.152 
15.722 2.84 
1.48886 2.5916 
-13.6396 -14.1478 
-28.1341 -12.8652 
-6.6128 1.8532 
-11.006 -7.496 
25.986 23.11 
0.506 0.186 
2.88 -25.02 
0.8506 -12.1392 
-3.8882 -27.7854 
24.118 1.92 
4.61454 9.12471 
0.8554 -16.018 
-13.3174 -13.6827 
26.123 32.768 
-21.0122 21.9591 
23.11 16.8529 
3.91 -18.5568 
-4.924 22.152 
15.722 2.84 
1.48886 2.5916 
-13.6396 -14.1478 
-28.1341 -12.8652 
-6.6128 1.8532 
-11.006 -7.496 
25.986 23.11 
0.506 0.186 
2.88 -25.02 
0.8506 -12.1392 
-3.8882 -27.7854 
24.118 1.92 
4.61454 9.12471 
0.8554 -16.018 
-13.3174 -13.6827 
26.123 32.768 
---end
-21.0122 21.9591 
23.11 16.8529 
3.91 -18.5568 
-4.924 22.152 
15.722 2.84 
1.48886 2.5916 
-13.6396 -14.1478 
-28.1341 -12.8652 
-6.6128 1.8532 
-11.006 -7.496 
25.986 23.11 
0.506 0.186 
2.88 -25.02 
0.8506 -12.1392 
-3.8882 -27.7854 
24.118 1.92 
4.61454 9.12471 
0.8554 -16.018 
-13.3174 -13.6827 
26.123 32.768 
-21.0122 21.9591 
23.11 16.8529 
3.91 -18.5568 
-4.924 22.152 
15.722 2.84 
1.48886 2.5916 
-13.6396 -14.1478 
-28.1341 -12.8652 
-6.6128 1.8532 
-11.006 -7.496 
25.986 23.11 
0.506 0.186 
2.88 -25.02 
0.8506 -12.1392 
-3.8882 -27.7854 
24.118 1.92 
4.61454 9.12471 
0.8554 -16.018 
-13.3174 -13.6827 
26.123 32.768 
---end
-21.0122 21.9591 
23.11 16.8529 
3.91 -18.5568 
-4.924 22.152 
15.722 2.84 
1.48886 2.5916 
-13.6396 -14.1478 
-28.1341 -12.8652 
-6.6128 1.8532 
-11.006 -7.496 
25.986 23.11 
0.506 0.186 
2.88 -25.02 
0.8506 -12.1392 
-3.8882 -27.7854 
24.118 1.92 
4.61454 9.12471 
0.8554 -16.018 
-13.3174 -13.6827 
26.123 32.768 
-21.0122 21.9591 
23.11 16.8529 
3.91 -18.5568 
-4.924 22.152 
15.722 2.84 
1.48886 2.5916 
-13.6396 -14.1478 
-28.1341 -12.8652 
-6.6128 1.8532 
-11.006 -7.496 
25.986 23.11 
0.506 0.186 
2.88 -25.02 
0.8506 -12.1392 
-3.8882 -27.7854 
24.118 1.92 
4.61454 9.12471 
0.8554 -16.018 
-13.3174 -13.6827 
26.123 32.768 
---end
-21.0122 21.9591 
23.11 16.8529 
3.91 -18.5568 
-4.924 22.152 
15.722 2.84 
1.48886 2.5916 
-13.6396 -14.1478 
-28.1341 -12.8652 
-6.6128 1.8532 
-11.006 -7.496 
25.986 23.11 
0.506 0.186 
2.88 -25.02 
0.8506 -12.1392 
-3.8882 -27.7854 
24.118 1.92 
4.61454 9.12471 
0.8554 -16.018 
-13.3174 -13.6827 
26.123 32.768 
-21.0122 21.9591 
23.11 16.8529 
3.91 -18.5568 
-4.924 22.152 
15.722 2.84 
1.48886 2.5916 
-13.6396 -14.1478 
-28.1341 -12.8652 
-6.6128 1.8532 
-11.006 -7.496 
25.986 23.11 
0.506 0.186 
2.88 -25.02 
0.8506 -12.1392 
-3.8882 -27.7854 
24.118 1.92 
4.61454 9.12471 
0.8554 -16.018 
-13.3174 -13.6827 
26.123 32.768 
---end
-21.0122 21.9591 
23.11 16.8529 
3.91 -18.5568 
-4.924 22.152 
15.722 2.84 
1.48886 2.5916 
-13.6396 -14.1478 
-28.1341 -12.8652 
-6.6128 1.8532 
-11.006 -7.496 
25.986 23.11 
0.506 0.186 
2.88 -25.02 
0.8506 -12.1392 
-3.8882 -27.7854 
24.118 1.92 
4.61454 9.12471 
0.8554 -16.018 
-13.3174 -13.6827 
26.123 32.768 
-21.0122 21.9591 
23.11 16.8529 
3.91 -18.5568 
-4.924 22.152 
15.722 2.84 
1.48886 2.5916 
-13.6396 -14.1478 
-28.1341 -12.8652 
-6.6128 1.8532 
-11.006 -7.496 
25.986 23.11 
0.506 0.186 
2.88 -25.02 
0.8506 -12.1392 
-3.8882 -27.7854 
24.118 1.92 
4.61454 9.12471 
0.8554 -16.018 
-13.3174 -13.6827 
26.123 32.768 
---end
-21.0122 21.9591 
23.11 16.8529 
3.91 -18.5568 
-4.924 22.152 
15.722 2.84 
1.48886 2.5916 
-13.6396 -14.1478 
-28.1341 -12.8652 
-6.6128 1.8532 
-11.006 -7.496 
25.986 23.11 
0.506 0.186 
2.88 -25.02 
0.8506 -12.1392 
-3.8882 -27.7854 
24.118 1.92 
4.61454 9.12471 
0.8554 -16.018 
-13.3174 -13.6827 
26.123 32.768 
-21.0122 21.9591 
23.11 16.8529 
3.91 -18.5568 
-4.924 22.152 
15.722 2.84 
1.48886 2.5916 
-13.6396 -14.1478 
-28.1341 -12.8652 
-6.6128 1.8532 
-11.006 -7.496 
25.986 23.11 
0.506 0.186 
2.88 -25.02 
0.8506 -12.1392 
-3.8882 -27.7854 
24.118 1.92 
4.61454 9.12471 
0.8554 -16.018 
-13.3174 -13.6827 
26.123 32.768 
---end
-21.0122 21.9591 
23.11 16.8529 
3.91 -18.5568 
-4.924 22.152 
15.722 2.84 
1.48886 2.5916 
-13.6396 -14.1478 
-28.1341 -12.8652 
-6.6128 1.8532 
-11.006 -7.496 
25.986 23.11 
0.506 0.186 
2.88 -25.02 
0.8506 -12.1392 
-3.8882 -27.7854 
24.118 1.92 
4.61454 9.12471 
0.8554 -16.018 
-13.3174 -13.6827 
26.123 32.768 
-21.0122 21.9591 
23.11 16.8529 
3.91 -18.5568 
-4.924 22.152 
15.722 2.84 
1.48886 2.5916 
-13.6396 -14.1478 
-28.1341 -12.8652 
-6.6128 1.8532 
-11.006 -7.496 
25.986 23.11 
0.506 0.186 
2.88 -25.02 
0.8506 -12.1392 
-3.8882 -27.7854 
24.118 1.92 
4.61454 9.12471 
0.8554 -16.018 
-13.3174 -13.6827 
26.123 32.768 
---end
-21.0122 21.9591 
23.11 16.8529 
3.91 -18.5568 
-4.924 22.152 
15.722 2.84 
1.48886 2.5916 
-13.6396 -14.1478 
-28.1341 -12.8652 
-6.6128 1.8532 
-11.006 -7.496 
25.986 23.11 
0.506 0.186 
2.88 -25.02 
0.8506 -12.1392 
-3.8882 -27.7854 
24.118 1.92 
4.61454 9.12471 
0.8554 -16.018 
-13.3174 -13.6827 
26.123 32.768 
-21.0122 21.9591 
23.11 16.8529 
3.91 -18.5568 
-4.924 22.152 
15.722 2.84 
1.48886 2.5916 
-13.6396 -14.1478 
-28.1341 -12.8652 
-6.6128 1.8532 
-11.006 -7.496 
25.986 23.11 
0.506 0.186 
2.88 -25.02 
0.8506 -12.1392 
-3.8882 -27.7854 
24.118 1.92 
4.61454 9.12471 
0.8554 -16.018 
-13.3174 -13.6827 
26.123 32.768 
---end
-21.0122 21.9591 
23.11 16.8529 
3.91 -18.5568 
-4.924 22.152 
15.722 2.84 
1.48886 2.5916 
-13.6396 -14.1478 
-28.1341 -12.8652 
-6.6128 1.8532 
-11.006 -7.496 
25.986 23.11 
0.506 0.186 
2.88 -25.02 
0.8506 -12.1392 
-3.8882 -27.7854 
24.118 1.92 
4.61454 9.12471 
0.8554 -16.018 
-13.3174 -13.6827 
26.123 32.768 
-21.0122 21.9591 
23.11 16.8529 
3.91 -18.5568 
-4.924 22.152 
15.722 2.84 
1.48886 2.5916 
-13.6396 -14.1478 
-28.1341 -12.8652 
-6.6128 1.8532 
-11.006 -7.496 
25.986 23.11 
0.506 0.186 
2.88 -25.02 
0.8506 -12.1392 
-3.8882 -27.7854 
24.118 1.92 
4.61454 9.12471 
0.8554 -16.018 
-13.3174 -13.6827 
26.123 32.768 
---end
-21.0122 21.9591 
23.11 16.8529 
3.91 -18.5568 
-4.924 22.152 
15.722 2.84 
1.48886 2.5916 
-13.6396 -14.1478 
-28.1341 -12.8652 
-6.6128 1.8532 
-11.006 -7.496 
25.986 23.11 
0.506 0.186 
2.88 -25.02 
0.8506 -12.1392 
-3.8882 -27.7854 
24.118 1.92 
4.61454 9.12471 
0.8554 -16.018 
-13.3174 -13.6827 
26.123 32.768 
-21.0122 21.9591 
23.11 16.8529 
3.91 -18.5568 
-4.924 22.152 
15.722 2.84 
1.48886 2.5916 
-13.6396 -14.1478 
-28.1341 -12.8652 
-6.6128 1.8532 
-11.006 -7.496 
25.986 23.11 
0.506 0.186 
2.88 -25.02 
0.8506 -12.1392 
-3.8882 -27.7854 
24.118 1.92 
4.61454 9.12471 
0.8554 -16.018 
-13.3174 -13.6827 
26.123 32.768 
---end
-21.0122 21.9591 
23.11 16.8529 
3.91 -18.5568 
-4.924 22.152 
15.722 2.84 
1.48886 2.5916 
-13.6396 -14.1478 
-28.1341 -12.8652 
-6.6128 1.8532 
-11.006 -7.496 
25.986 23.11 
0.506 0.186 
2.88 -25.02 
0.8506 -12.1392 
-3.8882 -27.7854 
24.118 1.92 
4.61454 9.12471 
0.8554 -16.018 
-13.3174 -13.6827 
26.123 32.768 
-21.0122 21.9591 
23.11 16.8529 
3.91 -18.5568 
-4.924 22.152 
15.722 2.84 
1.48886 2.5916 
-13.6396 -14.1478 
-28.1341 -12.8652 
-6.6128 1.8532 
-11.006 -7.496 
25.986 23.11 
0.506 0.186 
2.88 -25.02 
0.8506 -12.1392 
-3.8882 -27.7854 
24.118 1.92 
4.61454 9.12471 
0.8554 -16.018 
-13.3174 -13.6827 
26.123 32.768 
---end
-21.0122 21.9591 
23.11 16.8529 
3.91 -18.5568 
-4.924 22.152 
15.722 2.84 
1.48886 2.5916 
-13.6396 -14.1478 
-28.1341 -12.8652 
-6.6128 1.8532 
-11.006 -7.496 
25.986 23.11 
0.506 0.186 
2.88 -25.02 
0.8506 -12.1392 
-3.8882 -27.7854 
24.118 1.92 
4.61454 9.12471 
0.8554 -16.018 
-13.3174 -13.6827 
26.123 32.768 
-21.0122 21.9591 
23.11 16.8529 
3.91 -18.5568 
-4.924 22.152 
15.722 2.84 
1.48886 2.5916 
-13.6396 -14.1478 
-28.1341 -12.8652 
-6.6128 1.8532 
-11.006 -7.496 
25.986 23.11 
0.506 0.186 
2.88 -25.02 
0.8506 -12.1392 
-3.8882 -27.7854 
24.118 1.92 
4.61454 9.12471 
0.8554 -16.018 
-13.3174 -13.6827 
26.123 32.768 
---end
-21.0122 21.9591 
23.11 16.8529 
3.91 -18.5568 
-4.924 22.152 
15.722 2.84 
1.48886 2.5916 
-13.6396 -14.1478 
-28.1341 -12.8652 
-6.6128 1.8532 
-11.006 -7.496 
25.986 23.11 
0.506 0.186 
2.88 -25.02 
0.8506 -12.1392 
-3.8882 -27.7854 
24.118 1.92 
4.61454 9.12471 
0.8554 -16.018 
-13.3174 -13.6827 
26.123 32.768 
-21.0122 21.9591 
23.11 16.8529 
3.91 -18.5568 
-4.924 22.152 
15.722 2.84 
1.48886 2.5916 
-13.6396 -14.1478 
-28.1341 -12.8652 
-6.6128 1.8532 
-11.006 -7.496 
25.986 23.11 
0.506 0.186 
2.88 -25.02 
0.8506 -12.1392 
-3.8882 -27.7854 
24.118 1.92 
4.61454 9.12471 
0.8554 -16.018 
-13.3174 -13.6827 
26.123 32.768 
---end
-21.0122 21.9591 
23.11 16.8529 
3.91 -18.5568 
-4.924 22.152 
15.722 2.84 
1.48886 2.5916 
-13.6396 -14.1478 
-28.1341 -12.8652 
-6.6128 1.8532 
-11.006 -7.496 
25.986 23.11 
0.506 0.186 
2.88 -25.02 
0.8506 -12.1392 
-3.8882 -27.7854 
24.118 1.92 
4.61454 9.12471 
0.8554 -16.018 
-13.3174 -13.6827 
26.123 32.768 
-21.0122 21.9591 
23.11 16.8529 
3.91 -18.5568 
-4.924 22.152 
15.722 2.84 
1.48886 2.5916 
-13.6396 -14.1478 
-28.1341 -12.8652 
-6.6128 1.8532 
-11.006 -7.496 
25.986 23.11 
0.506 0.186 
2.88 -25.02 
0.8506 -12.1392 
-3.8882 -27.7854 
24.118 1.92 
4.61454 9.12471 
0.8554 -16.018 
-13.3174 -13.6827 
26.123 32.768 
---end
-21.0122 21.9591 
23.11 16.8529 
3.91 -18.5568 
-4.924 22.152 
15.722 2.84 
1.48886 2.5916 
-13.6396 -14.1478 
-28.1341 -12.8652 
-6.6128 1.8532 
-11.006 -7.496 
25.986 23.11 
0.506 0.186 
2.88 -25.02 
0.8506 -12.1392 
-3.8882 -27.7854 
24.118 1.92 
4.61454 9.12471 
0.8554 -16.018 
-13.3174 -13.6827 
26.123 32.768 
-21.0122 21.9591 
23.11 16.8529 
3.91 -18.5568 
-4.924 22.152 
15.722 2.84 
1.48886 2.5916 
-13.6396 -14.1478 
-28.1341 -12.8652 
-6.6128 1.8532 
-11.006 -7.496 
25.986 23.11 
0.506 0.186 
2.88 -25.02 
0.8506 -12.1392 
-3.8882 -27.7854 
24.118 1.92 
4.61454 9.12471 
0.8554 -16.018 
-13.3174 -13.6827 
26.123 32.768 
---end
-21.0122 21.9591 
23.11 16.8529 
3.91 -18.5568 
-4.924 22.152 
15.722 2.84 
1.48886 2.5916 
-13.6396 -14.1478 
-28.1341 -12.8652 
-6.6128 1.8532 
-11.006 -7.496 
25.986 23.11 
0.506 0.186 
2.88 -25.02 
0.8506 -12.1392 
-3.8882 -27.7854 
24.118 1.92 
4.61454 9.12471 
0.8554 -16.018 
-13.3174 -13.6827 
26.123 32.768 
-21.0122 21.9591 
23.11 16.8529 
3.91 -18.5568 
-4.924 22.152 
15.722 2.84 
1.48886 2.5916 
-13.6396 -14.1478 
-28.1341 -12.8652 
-6.6128 1.8532 
-11.006 -7.496 
25.986 23.11 
0.506 0.186 
2.88 -25.02 
0.8506 -12.1392 
-3.8882 -27.7854 
24.118 1.92 
4.61454 9.12471 
0.8554 -16.018 
-13.3174 -13.6827 
26.123 32.768 
---end
-21.0122 21.9591 
23.11 16.8529 
3.91 -18.5568 
-4.924 22.152 
15.722 2.84 
1.48886 2.5916 
-13.6396 -14.1478 
-28.1341 -12.8652 
-6.6128 1.8532 
-11.006 -7.496 
25.986 23.11 
0.506 0.186 
2.88 -25.02 
0.8506 -12.1392 
-3.8882 -27.7854 
24.118 1.92 
4.61454 9.12471 
0.8554 -16.018 
-13.3174 -13.6827 
26.123 32.768 
-21.0122 21.9591 
23.11 16.8529 
3.91 -18.5568 
-4.924 22.152 
15.722 2.84 
1.48886 2.5916 
-13.6396 -14.1478 
-28.1341 -12.8652 
-6.6128 1.8532 
-11.006 -7.496 
25.986 23.11 
0.506 0.186 
2.88 -25.02 
0.8506 -12.1392 
-3.8882 -27.7854 
24.118 1.92 
4.61454 9.12471 
0.8554 -16.018 
-13.3174 -13.6827 
26.123 32.768 
---end
-21.0122 21.9591 
23.11 16.8529 
3.91 -18.5568 
-4.924 22.152 
15.722 2.84 
1.48886 2.5916 
-13.6396 -14.1478 
-28.1341 -12.8652 
-6.6128 1.8532 
-11.006 -7.496 
25.986 23.11 
0.506 0.186 
2.88 -25.02 
0.8506 -12.1392 
-3.8882 -27.7854 
24.118 1.92 
4.61454 9.12471 
0.8554 -16.018 
-13.3174 -13.6827 
26.123 32.768 
-21.0122 21.9591 
23.11 16.8529 
3.91 -18.5568 
-4.924 22.152 
15.722 2.84 
1.48886 2.5916 
-13.6396 -14.1478 
-28.1341 -12.8652 
-6.6128 1.8532 
-11.006 -7.496 
25.986 23.11 
0.506 0.186 
2.88 -25.02 
0.8506 -12.1392 
-3.8882 -27.7854 
24.118 1.92 
4.61454 9.12471 
0.8554 -16.018 
-13.3174 -13.6827 
26.123 32.768 
---end
-21.0122 21.9591 
23.11 16.8529 
3.91 -18.5568 
-4.924 22.152 
15.722 2.84 
1.48886 2.5916 
-13.6396 -14.1478 
-28.1341 -12.8652 
-6.6128 1.8532 
-11.006 -7.496 
25.986 23.11 
0.506 0.186 
2.88 -25.02 
0.8506 -12.1392 
-3.8882 -27.7854 
24.118 1.92 
4.61454 9.12471 
0.8554 -16.018 
-13.3174 -13.6827 
26.123 32.768 
-21.0122 21.9591 
23.11 16.8529 
3.91 -18.5568 
-4.924 22.152 
15.722 2.84 
1.48886 2.5916 
-13.6396 -14.1478 
-28.1341 -12.8652 
-6.6128 1.8532 
-11.006 -7.496 
25.986 23.11 
0.506 0.186 
2.88 -25.02 
0.8506 -12.1392 
-3.8882 -27.7854 
24.118 1.92 
4.61454 9.12471 
0.8554 -16.018 
-13.3174 -13.6827 
26.123 32.768 
---end
-21.0122 21.9591 
23.11 16.8529 
3.91 -18.5568 
-4.924 22.152 
15.722 2.84 
1.48886 2.5916 
-13.6396 -14.1478 
-28.1341 -12.8652 
-6.6128 1.8532 
-11.006 -7.496 
25.986 23.11 
0.506 0.186 
2.88 -25.02 
0.8506 -12.1392 
-3.8882 -27.7854 
24.118 1.92 
4.61454 9.12471 
0.8554 -16.018 
-13.3174 -13.6827 
26.123 32.768 
-21.0122 21.9591 
23.11 16.8529 
3.91 -18.5568 
-4.924 22.152 
15.722 2.84 
1.48886 2.5916 
-13.6396 -14.1478 
-28.1341 -12.8652 
-6.6128 1.8532 
-11.006 -7.496 
25.986 23.11 
0.506 0.186 
2.88 -25.02 
0.8506 -12.1392 
-3.8882 -27.7854 
24.118 1.92 
4.61454 9.12471 
0.8554 -16.018 
-13.3174 -13.6827 
26.123 32.768 
---end
-21.0122 21.9591 
23.11 16.8529 
3.91 -18.5568 
-4.924 22.152 
15.722 2.84 
1.48886 2.5916 
-13.6396 -14.1478 
-28.1341 -12.8652 
-6.6128 1.8532 
-11.006 -7.496 
25.986 23.11 
0.506 0.186 
2.88 -25.02 
0.8506 -12.1392 
-3.8882 -27.7854 
24.118 1.92 
4.61454 9.12471 
0.8554 -16.018 
-13.3174 -13.6827 
26.123 32.768 
-21.0122 21.9591 
23.11 16.8529 
3.91 -18.5568 
-4.924 22.152 
15.722 2.84 
1.48886 2.5916 
-13.6396 -14.1478 
-28.1341 -12.8652 
-6.6128 1.8532 
-11.006 -7.496 
25.986 23.11 
0.506 0.186 
2.88 -25.02 
0.8506 -12.1392 
-3.8882 -27.7854 
24.118 1.92 
4.61454 9.12471 
0.8554 -16.018 
-13.3174 -13.6827 
26.123 32.768 
---end
-21.0122 21.9591 
23.11 16.8529 
3.91 -18.5568 
-4.924 22.152 
15.722 2.84 
1.48886 2.5916 
-13.6396 -14.1478 
-28.1341 -12.8652 
-6.6128 1.8532 
-11.006 -7.496 
25.986 23.11 
0.506 0.186 
2.88 -25.02 
0.8506 -12.1392 
-3.8882 -27.7854 
24.118 1.92 
4.61454 9.12471 
0.8554 -16.018 
-13.3174 -13.6827 
26.123 32.768 
-21.0122 21.9591 
23.11 16.8529 
3.91 -18.5568 
-4.924 22.152 
15.722 2.84 
1.48886 2.5916 
-13.6396 -14.1478 
-28.1341 -12.8652 
-6.6128 1.8532 
-11.006 -7.496 
25.986 23.11 
0.506 0.186 
2.88 -25.02 
0.8506 -12.1392 
-3.8882 -27.7854 
24.118 1.92 
4.61454 9.12471 
0.8554 -16.018 
-13.3174 -13.6827 
26.123 32.768 
---end
-21.0122 21.9591 
23.11 16.8529 
3.91 -18.5568 
-4.924 22.152 
15.722 2.84 
1.48886 2.5916 
-13.6396 -14.1478 
-28.1341 -12.8652 
-6.6128 1.8532 
-11.006 -7.496 
25.986 23.11 
0.506 0.186 
2.88 -25.02 
0.8506 -12.1392 
-3.8882 -27.7854 
24.118 1.92 
4.61454 9.12471 
0.8554 -16.018 
-13.3174 -13.6827 
26.123 32.768 
-21.0122 21.9591 
23.11 16.8529 
3.91 -18.5568 
-4.924 22.152 
15.722 2.84 
1.48886 2.5916 
-13.6396 -14.1478 
-28.1341 -12.8652 
-6.6128 1.8532 
-11.006 -7.496 
25.986 23.11 
0.506 0.186 
2.88 -25.02 
0.8506 -12.1392 
-3.8882 -27.7854 
24.118 1.92 
4.61454 9.12471 
0.8554 -16.018 
-13.3174 -13.6827 
26.123 32.768 
---end
-21.0122 21.9591 
23.11 16.8529 
3.91 -18.5568 
-4.924 22.152 
15.722 2.84 
1.48886 2.5916 
-13.6396 -14.1478 
-28.1341 -12.8652 
-6.6128 1.8532 
-11.006 -7.496 
25.986 23.11 
0.506 0.186 
2.88 -25.02 
0.8506 -12.1392 
-3.8882 -27.7854 
24.118 1.92 
4.61454 9.12471 
0.8554 -16.018 
-13.3174 -13.6827 
26.123 32.768 
-21.0122 21.9591 
23.11 16.8529 
3.91 -18.5568 
-4.924 22.152 
15.722 2.84 
1.48886 2.5916 
-13.6396 -14.1478 
-28.1341 -12.8652 
-6.6128 1.8532 
-11.006 -7.496 
25.986 23.11 
0.506 0.186 
2.88 -25.02 
0.8506 -12.1392 
-3.8882 -27.7854 
24.118 1.92 
4.61454 9.12471 
0.8554 -16.018 
-13.3174 -13.6827 
26.123 32.768 
---end
-21.0122 21.9591 
23.11 16.8529 
3.91 -18.5568 
-4.924 22.152 
15.722 2.84 
1.48886 2.5916 
-13.6396 -14.1478 
-28.1341 -12.8652 
-6.6128 1.8532 
-11.006 -7.496 
25.986 23.11 
0.506 0.186 
2.88 -25.02 
0.8506 -12.1392 
-3.8882 -27.7854 
24.118 1.92 
4.61454 9.12471 
0.8554 -16.018 
-13.3174 -13.6827 
26.123 32.768 
-21.0122 21.9591 
23.11 16.8529 
3.91 -18.5568 
-4.924 22.152 
15.722 2.84 
1.48886 2.5916 
-13.6396 -14.1478 
-28.1341 -12.8652 
-6.6128 1.8532 
-11.006 -7.496 
25.986 23.11 
0.506 0.186 
2.88 -25.02 
0.8506 -12.1392 
-3.8882 -27.7854 
24.118 1.92 
4.61454 9.12471 
0.8554 -16.018 
-13.3174 -13.6827 
26.123 32.768 
---end
-21.0122 21.9591 
23.11 16.8529 
3.91 -18.5568 
-4.924 22.152 
15.722 2.84 
1.48886 2.5916 
-13.6396 -14.1478 
-28.1341 -12.8652 
-6.6128 1.8532 
-11.006 -7.496 
25.986 23.11 
0.506 0.186 
2.88 -25.02 
0.8506 -12.1392 
-3.8882 -27.7854 
24.118 1.92 
4.61454 9.12471 
0.8554 -16.018 
-13.3174 -13.6827 
26.123 32.768 
-21.0122 21.9591 
23.11 16.8529 
3.91 -18.5568 
-4.924 22.152 
15.722 2.84 
1.48886 2.5916 
-13.6396 -14.1478 
-28.1341 -12.8652 
-6.6128 1.8532 
-11.006 -7.496 
25.986 23.11 
0.506 0.186 
2.88 -25.02 
0.8506 -12.1392 
-3.8882 -27.7854 
24.118 1.92 
4.61454 9.12471 
0.8554 -16.018 
-13.3174 -13.6827 
26.123 32.768 
---end
-21.0122 21.9591 
23.11 16.8529 
3.91 -18.5568 
-4.924 22.152 
15.722 2.84 
1.48886 2.5916 
-13.6396 -14.1478 
-28.1341 -12.8652 
-6.6128 1.8532 
-11.006 -7.496 
25.986 23.11 
0.506 0.186 
2.88 -25.02 
0.8506 -12.1392 
-3.8882 -27.7854 
24.118 1.92 
4.61454 9.12471 
0.8554 -16.018 
-13.3174 -13.6827 
26.123 32.768 
-21.0122 21.9591 
23.11 16.8529 
3.91 -18.5568 
-4.924 22.152 
15.722 2.84 
1.48886 2.5916 
-13.6396 -14.1478 
-28.1341 -12.8652 
-6.6128 1.8532 
-11.006 -7.496 
25.986 23.11 
0.506 0.186 
2.88 -25.02 
0.8506 -12.1392 
-3.8882 -27.7854 
24.118 1.92 
4.61454 9.12471 
0.8554 -16.018 
-13.3174 -13.6827 
26.123 32.768 
---end
-21.0122 21.9591 
23.11 16.8529 
3.91 -18.5568 
-4.924 22.152 
15.722 2.84 
1.48886 2.5916 
-13.6396 -14.1478 
-28.1341 -12.8652 
-6.6128 1.8532 
-11.006 -7.496 
25.986 23.11 
0.506 0.186 
2.88 -25.02 
0.8506 -12.1392 
-3.8882 -27.7854 
24.118 1.92 
4.61454 9.12471 
0.8554 -16.018 
-13.3174 -13.6827 
26.123 32.768 
-21.0122 21.9591 
23.11 16.8529 
3.91 -18.5568 
-4.924 22.152 
15.722 2.84 
1.48886 2.5916 
-13.6396 -14.1478 
-28.1341 -12.8652 
-6.6128 1.8532 
-11.006 -7.496 
25.986 23.11 
0.506 0.186 
2.88 -25.02 
0.8506 -12.1392 
-3.8882 -27.7854 
24.118 1.92 
4.61454 9.12471 
0.8554 -16.018 
-13.3174 -13.6827 
26.123 32.768 
---end
-21.0122 21.9591 
23.11 16.8529 
3.91 -18.5568 
-4.924 22.152 
15.722 2.84 
1.48886 2.5916 
-13.6396 -14.1478 
-28.1341 -12.8652 
-6.6128 1.8532 
-11.006 -7.496 
25.986 23.11 
0.506 0.186 
2.88 -25.02 
0.8506 -12.1392 
-3.8882 -27.7854 
24.118 1.92 
4.61454 9.12471 
0.8554 -16.018 
-13.3174 -13.6827 
26.123 32.768 
-21.0122 21.9591 
23.11 16.8529 
3.91 -18.5568 
-4.924 22.152 
15.722 2.84 
1.48886 2.5916 
-13.6396 -14.1478 
-28.1341 -12.8652 
-6.6128 1.8532 
-11.006 -7.496 
25.986 23.11 
0.506 0.186 
2.88 -25.02 
0.8506 -12.1392 
-3.8882 -27.7854 
24.118 1.92 
4.61454 9.12471 
0.8554 -16.018 
-13.3174 -13.6827 
26.123 32.768 
---end
-21.0122 21.9591 
23.11 16.8529 
3.91 -18.5568 
-4.924 22.152 
15.722 2.84 
1.48886 2.5916 
-13.6396 -14.1478 
-28.1341 -12.8652 
-6.6128 1.8532 
-11.006 -7.496 
25.986 23.11 
0.506 0.186 
2.88 -25.02 
0.8506 -12.1392 
-3.8882 -27.7854 
24.118 1.92 
4.61454 9.12471 
0.8554 -16.018 
-13.3174 -13.6827 
26.123 32.768 
-21.0122 21.9591 
23.11 16.8529 
3.91 -18.5568 
-4.924 22.152 
15.722 2.84 
1.48886 2.5916 
-13.6396 -14.1478 
-28.1341 -12.8652 
-6.6128 1.8532 
-11.006 -7.496 
25.986 23.11 
0.506 0.186 
2.88 -25.02 
0.8506 -12.1392 
-3.8882 -27.7854 
24.118 1.92 
4.61454 9.12471 
0.8554 -16.018 
-13.3174 -13.6827 
26.123 32.768 
---end
-21.0122 21.9591 
23.11 16.8529 
3.91 -18.5568 
-4.924 22.152 
15.722 2.84 
1.48886 2.5916 
-13.6396 -14.1478 
-28.1341 -12.8652 
-6.6128 1.8532 
-11.006 -7.496 
25.986 23.11 
0.506 0.186 
2.88 -25.02 
0.8506 -12.1392 
-3.8882 -27.7854 
24.118 1.92 
4.61454 9.12471 
0.8554 -16.018 
-13.3174 -13.6827 
26.123 32.768 
-21.0122 21.9591 
23.11 16.8529 
3.91 -18.5568 
-4.924 22.152 
15.722 2.84 
1.48886 2.5916 
-13.6396 -14.1478 
-28.1341 -12.8652 
-6.6128 1.8532 
-11.006 -7.496 
25.986 23.11 
0.506 0.186 
2.88 -25.02 
0.8506 -12.1392 
-3.8882 -27.7854 
24.118 1.92 
4.61454 9.12471 
0.8554 -16.018 
-13.3174 -13.6827 
26.123 32.768 
---end
-21.0122 21.9591 
23.11 16.8529 
3.91 -18.5568 
-4.924 22.152 
15.722 2.84 
1.48886 2.5916 
-13.6396 -14.1478 
-28.1341 -12.8652 
-6.6128 1.8532 
-11.006 -7.496 
25.986 23.11 
0.506 0.186 
2.88 -25.02 
0.8506 -12.1392 
-3.8882 -27.7854 
24.118 1.92 
4.61454 9.12471 
0.8554 -16.018 
-13.3174 -13.6827 
26.123 32.768 
-21.0122 21.9591 
23.11 16.8529 
3.91 -18.5568 
-4.924 22.152 
15.722 2.84 
1.48886 2.5916 
-13.6396 -14.1478 
-28.1341 -12.8652 
-6.6128 1.8532 
-11.006 -7.496 
25.986 23.11 
0.506 0.186 
2.88 -25.02 
0.8506 -12.1392 
-3.8882 -27.7854 
24.118 1.92 
4.61454 9.12471 
0.8554 -16.018 
-13.3174 -13.6827 
26.123 32.768 
---end
-21.0122 21.9591 
23.11 16.8529 
3.91 -18.5568 
-4.924 22.152 
15.722 2.84 
1.48886 2.5916 
-13.6396 -14.1478 
-28.1341 -12.8652 
-6.6128 1.8532 
-11.006 -7.496 
25.986 23.11 
0.506 0.186 
2.88 -25.02 
0.8506 -12.1392 
-3.8882 -27.7854 
24.118 1.92 
4.61454 9.12471 
0.8554 -16.018 
-13.3174 -13.6827 
26.123 32.768 
-21.0122 21.9591 
23.11 16.8529 
3.91 -18.5568 
-4.924 22.152 
15.722 2.84 
1.48886 2.5916 
-13.6396 -14.1478 
-28.1341 -12.8652 
-6.6128 1.8532 
-11.006 -7.496 
25.986 23.11 
0.506 0.186 
2.88 -25.02 
0.8506 -12.1392 
-3.8882 -27.7854 
24.118 1.92 
4.61454 9.12471 
0.8554 -16.018 
-13.3174 -13.6827 
26.123 32.768 
---end
-21.0122 21.9591 
23.11 16.8529 
3.91 -18.5568 
-4.924 22.152 
15.722 2.84 
1.48886 2.5916 
-13.6396 -14.1478 
-28.1341 -12.8652 
-6.6128 1.8532 
-11.006 -7.496 
25.986 23.11 
0.506 0.186 
2.88 -25.02 
0.8506 -12.1392 
-3.8882 -27.7854 
24.118 1.92 
4.61454 9.12471 
0.8554 -16.018 
-13.3174 -13.6827 
26.123 32.768 
-21.0122 21.9591 
23.11 16.8529 
3.91 -18.5568 
-4.924 22.152 
15.722 2.84 
1.48886 2.5916 
-13.6396 -14.1478 
-28.1341 -12.8652 
-6.6128 1.8532 
-11.006 -7.496 
25.986 23.11 
0.506 0.186 
2.88 -25.02 
0.8506 -12.1392 
-3.8882 -27.7854 
24.118 1.92 
4.61454 9.12471 
0.8554 -16.018 
-13.3174 -13.6827 
26.123 32.768 
---end
-21.0122 21.9591 
23.11 16.8529 
3.91 -18.5568 
-4.924 22.152 
15.722 2.84 
1.48886 2.5916 
-13.6396 -14.1478 
-28.1341 -12.8652 
-6.6128 1.8532 
-11.006 -7.496 
25.986 23.11 
0.506 0.186 
2.88 -25.02 
0.8506 -12.1392 
-3.8882 -27.7854 
24.118 1.92 
4.61454 9.12471 
0.8554 -16.018 
-13.3174 -13.6827 
26.123 32.768 
-21.0122 21.9591 
23.11 16.8529 
3.91 -18.5568 
-4.924 22.152 
15.722 2.84 
1.48886 2.5916 
-13.6396 -14.1478 
-28.1341 -12.8652 
-6.6128 1.8532 
-11.006 -7.496 
25.986 23.11 
0.506 0.186 
2.88 -25.02 
0.8506 -12.1392 
-3.8882 -27.7854 
24.118 1.92 
4.61454 9.12471 
0.8554 -16.018 
-13.3174 -13.6827 
26.123 32.768 
---end
-21.0122 21.9591 
23.11 16.8529 
3.91 -18.5568 
-4.924 22.152 
15.722 2.84 
1.48886 2.5916 
-13.6396 -14.1478 
-28.1341 -12.8652 
-6.6128 1.8532 
-11.006 -7.496 
25.986 23.11 
0.506 0.186 
2.88 -25.02 
0.8506 -12.1392 
-3.8882 -27.7854 
24.118 1.92 
4.61454 9.12471 
0.8554 -16.018 
-13.3174 -13.6827 
26.123 32.768 
-21.0122 21.9591 
23.11 16.8529 
3.91 -18.5568 
-4.924 22.152 
15.722 2.84 
1.48886 2.5916 
-13.6396 -14.1478 
-28.1341 -12.8652 
-6.6128 1.8532 
-11.006 -7.496 
25.986 23.11 
0.506 0.186 
2.88 -25.02 
0.8506 -12.1392 
-3.8882 -27.7854 
24.118 1.92 
4.61454 9.12471 
0.8554 -16.018 
-13.3174 -13.6827 
26.123 32.768 
---end
-21.0122 21.9591 
23.11 16.8529 
3.91 -18.5568 
-4.924 22.152 
15.722 2.84 
1.48886 2.5916 
-13.6396 -14.1478 
-28.1341 -12.8652 
-6.6128 1.8532 
-11.006 -7.496 
25.986 23.11 
0.506 0.186 
2.88 -25.02 
0.8506 -12.1392 
-3.8882 -27.7854 
24.118 1.92 
4.61454 9.12471 
0.8554 -16.018 
-13.3174 -13.6827 
26.123 32.768 
-21.0122 21.9591 
23.11 16.8529 
3.91 -18.5568 
-4.924 22.152 
15.722 2.84 
1.48886 2.5916 
-13.6396 -14.1478 
-28.1341 -12.8652 
-6.6128 1.8532 
-11.006 -7.496 
25.986 23.11 
0.506 0.186 
2.88 -25.02 
0.8506 -12.1392 
-3.8882 -27.7854 
24.118 1.92 
4.61454 9.12471 
0.8554 -16.018 
-13.3174 -13.6827 
26.123 32.768 
---end
-21.0122 21.9591 
23.11 16.8529 
3.91 -18.5568 
-4.924 22.152 
15.722 2.84 
1.48886 2.5916 
-13.6396 -14.1478 
-28.1341 -12.8652 
-6.6128 1.8532 
-11.006 -7.496 
25.986 23.11 
0.506 0.186 
2.88 -25.02 
0.8506 -12.1392 
-3.8882 -27.7854 
24.118 1.92 
4.61454 9.12471 
0.8554 -16.018 
-13.3174 -13.6827 
26.123 32.768 
-21.0122 21.9591 
23.11 16.8529 
3.91 -18.5568 
-4.924 22.152 
15.722 2.84 
1.48886 2.5916 
-13.6396 -14.1478 
-28.1341 -12.8652 
-6.6128 1.8532 
-11.006 -7.496 
25.986 23.11 
0.506 0.186 
2.88 -25.02 
0.8506 -12.1392 
-3.8882 -27.7854 
24.118 1.92 
4.61454 9.12471 
0.8554 -16.018 
-13.3174 -13.6827 
26.123 32.768 
---end
-21.0122 21.9591 
23.11 16.8529 
3.91 -18.5568 
-4.924 22.152 
15.722 2.84 
1.48886 2.5916 
-13.6396 -14.1478 
-28.1341 -12.8652 
-6.6128 1.8532 
-11.006 -7.496 
25.986 23.11 
0.506 0.186 
2.88 -25.02 
0.8506 -12.1392 
-3.8882 -27.7854 
24.118 1.92 
4.61454 9.12471 
0.8554 -16.018 
-13.3174 -13.6827 
26.123 32.768 
-21.0122 21.9591 
23.11 16.8529 
3.91 -18.5568 
-4.924 22.152 
15.722 2.84 
1.48886 2.5916 
-13.6396 -14.1478 
-28.1341 -12.8652 
-6.6128 1.8532 
-11.006 -7.496 
25.986 23.11 
0.506 0.186 
2.88 -25.02 
0.8506 -12.1392 
-3.8882 -27.7854 
24.118 1.92 
4.61454 9.12471 
0.8554 -16.018 
-13.3174 -13.6827 
26.123 32.768 
---end
-21.0122 21.9591 
23.11 16.8529 
3.91 -18.5568 
-4.924 22.152 
15.722 2.84 
1.48886 2.5916 
-13.6396 -14.1478 
-28.1341 -12.8652 
-6.6128 1.8532 
-11.006 -7.496 
25.986 23.11 
0.506 0.186 
2.88 -25.02 
0.8506 -12.1392 
-3.8882 -27.7854 
24.118 1.92 
4.61454 9.12471 
0.8554 -16.018 
-13.3174 -13.6827 
26.123 32.768 
-21.0122 21.9591 
23.11 16.8529 
3.91 -18.5568 
-4.924 22.152 
15.722 2.84 
1.48886 2.5916 
-13.6396 -14.1478 
-28.1341 -12.8652 
-6.6128 1.8532 
-11.006 -7.496 
25.986 23.11 
0.506 0.186 
2.88 -25.02 
0.8506 -12.1392 
-3.8882 -27.7854 
24.118 1.92 
4.61454 9.12471 
0.8554 -16.018 
-13.3174 -13.6827 
26.123 32.768 
---end
-21.0122 21.9591 
23.11 16.8529 
3.91 -18.5568 
-4.924 22.152 
15.722 2.84 
1.48886 2.5916 
-13.6396 -14.1478 
-28.1341 -12.8652 
-6.6128 1.8532 
-11.006 -7.496 
25.986 23.11 
0.506 0.186 
2.88 -25.02 
0.8506 -12.1392 
-3.8882 -27.7854 
24.118 1.92 
4.61454 9.12471 
0.8554 -16.018 
-13.3174 -13.6827 
26.123 32.768 
-21.0122 21.9591 
23.11 16.8529 
3.91 -18.5568 
-4.924 22.152 
15.722 2.84 
1.48886 2.5916 
-13.6396 -14.1478 
-28.1341 -12.8652 
-6.6128 1.8532 
-11.006 -7.496 
25.986 23.11 
0.506 0.186 
2.88 -25.02 
0.8506 -12.1392 
-3.8882 -27.7854 
24.118 1.92 
4.61454 9.12471 
0.8554 -16.018 
-13.3174 -13.6827 
26.123 32.768 
---end
-21.0122 21.9591 
23.11 16.8529 
3.91 -18.5568 
-4.924 22.152 
15.722 2.84 
1.48886 2.5916 
-13.6396 -14.1478 
-28.1341 -12.8652 
-6.6128 1.8532 
-11.006 -7.496 
25.986 23.11 
0.506 0.186 
2.88 -25.02 
0.8506 -12.1392 
-3.8882 -27.7854 
24.118 1.92 
4.61454 9.12471 
0.8554 -16.018 
-13.3174 -13.6827 
26.123 32.768 
-21.0122 21.9591 
23.11 16.8529 
3.91 -18.5568 
-4.924 22.152 
15.722 2.84 
1.48886 2.5916 
-13.6396 -14.1478 
-28.1341 -12.8652 
-6.6128 1.8532 
-11.006 -7.496 
25.986 23.11 
0.506 0.186 
2.88 -25.02 
0.8506 -12.1392 
-3.8882 -27.7854 
24.118 1.92 
4.61454 9.12471 
0.8554 -16.018 
-13.3174 -13.6827 
26.123 32.768 
---end
-21.0122 21.9591 
23.11 16.8529 
3.91 -18.5568 
-4.924 22.152 
15.722 2.84 
1.48886 2.5916 
-13.6396 -14.1478 
-28.1341 -12.8652 
-6.6128 1.8532 
-11.006 -7.496 
25.986 23.11 
0.506 0.186 
2.88 -25.02 
0.8506 -12.1392 
-3.8882 -27.7854 
24.118 1.92 
4.61454 9.12471 
0.8554 -16.018 
-13.3174 -13.6827 
26.123 32.768 
-21.0122 21.9591 
23.11 16.8529 
3.91 -18.5568 
-4.924 22.152 
15.722 2.84 
1.48886 2.5916 
-13.6396 -14.1478 
-28.1341 -12.8652 
-6.6128 1.8532 
-11.006 -7.496 
25.986 23.11 
0.506 0.186 
2.88 -25.02 
0.8506 -12.1392 
-3.8882 -27.7854 
24.118 1.92 
4.61454 9.12471 
0.8554 -16.018 
-13.3174 -13.6827 
26.123 32.768 
---end
-21.0122 21.9591 
23.11 16.8529 
3.91 -18.5568 
-4.924 22.152 
15.722 2.84 
1.48886 2.5916 
-13.6396 -14.1478 
-28.1341 -12.8652 
-6.6128 1.8532 
-11.006 -7.496 
25.986 23.11 
0.506 0.186 
2.88 -25.02 
0.8506 -12.1392 
-3.8882 -27.7854 
24.118 1.92 
4.61454 9.12471 
0.8554 -16.018 
-13.3174 -13.6827 
26.123 32.768 
-21.0122 21.9591 
23.11 16.8529 
3.91 -18.5568 
-4.924 22.152 
15.722 2.84 
1.48886 2.5916 
-13.6396 -14.1478 
-28.1341 -12.8652 
-6.6128 1.8532 
-11.006 -7.496 
25.986 23.11 
0.506 0.186 
2.88 -25.02 
0.8506 -12.1392 
-3.8882 -27.7854 
24.118 1.92 
4.61454 9.12471 
0.8554 -16.018 
-13.3174 -13.6827 
26.123 32.768 
---end
-21.0122 21.9591 
23.11 16.8529 
3.91 -18.5568 
-4.924 22.152 
15.722 2.84 
1.48886 2.5916 
-13.6396 -14.1478 
-28.1341 -12.8652 
-6.6128 1.8532 
-11.006 -7.496 
25.986 23.11 
0.506 0.186 
2.88 -25.02 
0.8506 -12.1392 
-3.8882 -27.7854 
24.118 1.92 
4.61454 9.12471 
0.8554 -16.018 
-13.3174 -13.6827 
26.123 32.768 
-21.0122 21.9591 
23.11 16.8529 
3.91 -18.5568 
-4.924 22.152 
15.722 2.84 
1.48886 2.5916 
-13.6396 -14.1478 
-28.1341 -12.8652 
-6.6128 1.8532 
-11.006 -7.496 
25.986 23.11 
0.506 0.186 
2.88 -25.02 
0.8506 -12.1392 
-3.8882 -27.7854 
24.118 1.92 
4.61454 9.12471 
0.8554 -16.018 
-13.3174 -13.6827 
26.123 32.768 
---end
-21.0122 21.9591 
23.11 16.8529 
3.91 -18.5568 
-4.924 22.152 
15.722 2.84 
1.48886 2.5916 
-13.6396 -14.1478 
-28.1341 -12.8652 
-6.6128 1.8532 
-11.006 -7.496 
25.986 23.11 
0.506 0.186 
2.88 -25.02 
0.8506 -12.1392 
-3.8882 -27.7854 
24.118 1.92 
4.61454 9.12471 
0.8554 -16.018 
-13.3174 -13.6827 
26.123 32.768 
-21.0122 21.9591 
23.11 16.8529 
3.91 -18.5568 
-4.924 22.152 
15.722 2.84 
1.48886 2.5916 
-13.6396 -14.1478 
-28.1341 -12.8652 
-6.6128 1.8532 
-11.006 -7.496 
25.986 23.11 
0.506 0.186 
2.88 -25.02 
0.8506 -12.1392 
-3.8882 -27.7854 
24.118 1.92 
4.61454 9.12471 
0.8554 -16.018 
-13.3174 -13.6827 
26.123 32.768 
---end
-21.0122 21.9591 
23.11 16.8529 
3.91 -18.5568 
-4.924 22.152 
15.722 2.84 
1.48886 2.5916 
-13.6396 -14.1478 
-28.1341 -12.8652 
-6.6128 1.8532 
-11.006 -7.496 
25.986 23.11 
0.506 0.186 
2.88 -25.02 
0.8506 -12.1392 
-3.8882 -27.7854 
24.118 1.92 
4.61454 9.12471 
0.8554 -16.018 
-13.3174 -13.6827 
26.123 32.768 
-21.0122 21.9591 
23.11 16.8529 
3.91 -18.5568 
-4.924 22.152 
15.722 2.84 
1.48886 2.5916 
-13.6396 -14.1478 
-28.1341 -12.8652 
-6.6128 1.8532 
-11.006 -7.496 
25.986 23.11 
0.506 0.186 
2.88 -25.02 
0.8506 -12.1392 
-3.8882 -27.7854 
24.118 1.92 
4.61454 9.12471 
0.8554 -16.018 
-13.3174 -13.6827 
26.123 32.768 
---end
-21.0122 21.9591 
23.11 16.8529 
3.91 -18.5568 
-4.924 22.152 
15.722 2.84 
1.48886 2.5916 
-13.6396 -14.1478 
-28.1341 -12.8652 
-6.6128 1.8532 
-11.006 -7.496 
25.986 23.11 
0.506 0.186 
2.88 -25.02 
0.8506 -12.1392 
-3.8882 -27.7854 
24.118 1.92 
4.61454 9.12471 
0.8554 -16.018 
-13.3174 -13.6827 
26.123 32.768 
-21.0122 21.9591 
23.11 16.8529 
3.91 -18.5568 
-4.924 22.152 
15.722 2.84 
1.48886 2.5916 
-13.6396 -14.1478 
-28.1341 -12.8652 
-6.6128 1.8532 
-11.006 -7.496 
25.986 23.11 
0.506 0.186 
2.88 -25.02 
0.8506 -12.1392 
-3.8882 -27.7854 
24.118 1.92 
4.61454 9.12471 
0.8554 -16.018 
-13.3174 -13.6827 
26.123 32.768 
---end
-21.0122 21.9591 
23.11 16.8529 
3.91 -18.5568 
-4.924 22.152 
15.722 2.84 
1.48886 2.5916 
-13.6396 -14.1478 
-28.1341 -12.8652 
-6.6128 1.8532 
-11.006 -7.496 
25.986 23.11 
0.506 0.186 
2.88 -25.02 
0.8506 -12.1392 
-3.8882 -27.7854 
24.118 1.92 
4.61454 9.12471 
0.8554 -16.018 
-13.3174 -13.6827 
26.123 32.768 
-21.0122 21.9591 
23.11 16.8529 
3.91 -18.5568 
-4.924 22.152 
15.722 2.84 
1.48886 2.5916 
-13.6396 -14.1478 
-28.1341 -12.8652 
-6.6128 1.8532 
-11.006 -7.496 
25.986 23.11 
0.506 0.186 
2.88 -25.02 
0.8506 -12.1392 
-3.8882 -27.7854 
24.118 1.92 
4.61454 9.12471 
0.8554 -16.018 
-13.3174 -13.6827 
26.123 32.768 
---end
-21.0122 21.9591 
23.11 16.8529 
3.91 -18.5568 
-4.924 22.152 
15.722 2.84 
1.48886 2.5916 
-13.6396 -14.1478 
-28.1341 -12.8652 
-6.6128 1.8532 
-11.006 -7.496 
25.986 23.11 
0.506 0.186 
2.88 -25.02 
0.8506 -12.1392 
-3.8882 -27.7854 
24.118 1.92 
4.61454 9.12471 
0.8554 -16.018 
-13.3174 -13.6827 
26.123 32.768 
-21.0122 21.9591 
23.11 16.8529 
3.91 -18.5568 
-4.924 22.152 
15.722 2.84 
1.48886 2.5916 
-13.6396 -14.1478 
-28.1341 -12.8652 
-6.6128 1.8532 
-11.006 -7.496 
25.986 23.11 
0.506 0.186 
2.88 -25.02 
0.8506 -12.1392 
-3.8882 -27.7854 
24.118 1.92 
4.61454 9.12471 
0.8554 -16.018 
-13.3174 -13.6827 
26.123 32.768 
---end
-21.0122 21.9591 
23.11 16.8529 
3.91 -18.5568 
-4.924 22.152 
15.722 2.84 
1.48886 2.5916 
-13.6396 -14.1478 
-28.1341 -12.8652 
-6.6128 1.8532 
-11.006 -7.496 
25.986 23.11 
0.506 0.186 
2.88 -25.02 
0.8506 -12.1392 
-3.8882 -27.7854 
24.118 1.92 
4.61454 9.12471 
0.8554 -16.018 
-13.3174 -13.6827 
26.123 32.768 
-21.0122 21.9591 
23.11 16.8529 
3.91 -18.5568 
-4.924 22.152 
15.722 2.84 
1.48886 2.5916 
-13.6396 -14.1478 
-28.1341 -12.8652 
-6.6128 1.8532 
-11.006 -7.496 
25.986 23.11 
0.506 0.186 
2.88 -25.02 
0.8506 -12.1392 
-3.8882 -27.7854 
24.118 1.92 
4.61454 9.12471 
0.8554 -16.018 
-13.3174 -13.6827 
26.123 32.768 
---end
-21.0122 21.9591 
23.11 16.8529 
3.91 -18.5568 
-4.924 22.152 
15.722 2.84 
1.48886 2.5916 
-13.6396 -14.1478 
-28.1341 -12.8652 
-6.6128 1.8532 
-11.006 -7.496 
25.986 23.11 
0.506 0.186 
2.88 -25.02 
0.8506 -12.1392 
-3.8882 -27.7854 
24.118 1.92 
4.61454 9.12471 
0.8554 -16.018 
-13.3174 -13.6827 
26.123 32.768 
-21.0122 21.9591 
23.11 16.8529 
3.91 -18.5568 
-4.924 22.152 
15.722 2.84 
1.48886 2.5916 
-13.6396 -14.1478 
-28.1341 -12.8652 
-6.6128 1.8532 
-11.006 -7.496 
25.986 23.11 
0.506 0.186 
2.88 -25.02 
0.8506 -12.1392 
-3.8882 -27.7854 
24.118 1.92 
4.61454 9.12471 
0.8554 -16.018 
-13.3174 -13.6827 
26.123 32.768 
---end
-21.0122 21.9591 
23.11 16.8529 
3.91 -18.5568 
-4.924 22.152 
15.722 2.84 
1.48886 2.5916 
-13.6396 -14.1478 
-28.1341 -12.8652 
-6.6128 1.8532 
-11.006 -7.496 
25.986 23.11 
0.506 0.186 
2.88 -25.02 
0.8506 -12.1392 
-3.8882 -27.7854 
24.118 1.92 
4.61454 9.12471 
0.8554 -16.018 
-13.3174 -13.6827 
26.123 32.768 
-21.0122 21.9591 
23.11 16.8529 
3.91 -18.5568 
-4.924 22.152 
15.722 2.84 
1.48886 2.5916 
-13.6396 -14.1478 
-28.1341 -12.8652 
-6.6128 1.8532 
-11.006 -7.496 
25.986 23.11 
0.506 0.186 
2.88 -25.02 
0.8506 -12.1392 
-3.8882 -27.7854 
24.118 1.92 
4.61454 9.12471 
0.8554 -16.018 
-13.3174 -13.6827 
26.123 32.768 
---end
-21.0122 21.9591 
23.11 16.8529 
3.91 -18.5568 
-4.924 22.152 
15.722 2.84 
1.48886 2.5916 
-13.6396 -14.1478 
-28.1341 -12.8652 
-6.6128 1.8532 
-11.006 -7.496 
25.986 23.11 
0.506 0.186 
2.88 -25.02 
0.8506 -12.1392 
-3.8882 -27.7854 
24.118 1.92 
4.61454 9.12471 
0.8554 -16.018 
-13.3174 -13.6827 
26.123 32.768 
-21.0122 21.9591 
23.11 16.8529 
3.91 -18.5568 
-4.924 22.152 
15.722 2.84 
1.48886 2.5916 
-13.6396 -14.1478 
-28.1341 -12.8652 
-6.6128 1.8532 
-11.006 -7.496 
25.986 23.11 
0.506 0.186 
2.88 -25.02 
0.8506 -12.1392 
-3.8882 -27.7854 
24.118 1.92 
4.61454 9.12471 
0.8554 -16.018 
-13.3174 -13.6827 
26.123 32.768 
---end
-21.0122 21.9591 
23.11 16.8529 
3.91 -18.5568 
-4.924 22.152 
15.722 2.84 
1.48886 2.5916 
-13.6396 -14.1478 
-28.1341 -12.8652 
-6.6128 1.8532 
-11.006 -7.496 
25.986 23.11 
0.506 0.186 
2.88 -25.02 
0.8506 -12.1392 
-3.8882 -27.7854 
24.118 1.92 
4.61454 9.12471 
0.8554 -16.018 
-13.3174 -13.6827 
26.123 32.768 
-21.0122 21.9591 
23.11 16.8529 
3.91 -18.5568 
-4.924 22.152 
15.722 2.84 
1.48886 2.5916 
-13.6396 -14.1478 
-28.1341 -12.8652 
-6.6128 1.8532 
-11.006 -7.496 
25.986 23.11 
0.506 0.186 
2.88 -25.02 
0.8506 -12.1392 
-3.8882 -27.7854 
24.118 1.92 
4.61454 9.12471 
0.8554 -16.018 
-13.3174 -13.6827 
26.123 32.768 
---end
-21.0122 21.9591 
23.11 16.8529 
3.91 -18.5568 
-4.924 22.152 
15.722 2.84 
1.48886 2.5916 
-13.6396 -14.1478 
-28.1341 -12.8652 
-6.6128 1.8532 
-11.006 -7.496 
25.986 23.11 
0.506 0.186 
2.88 -25.02 
0.8506 -12.1392 
-3.8882 -27.7854 
24.118 1.92 
4.61454 9.12471 
0.8554 -16.018 
-13.3174 -13.6827 
26.123 32.768 
-21.0122 21.9591 
23.11 16.8529 
3.91 -18.5568 
-4.924 22.152 
15.722 2.84 
1.48886 2.5916 
-13.6396 -14.1478 
-28.1341 -12.8652 
-6.6128 1.8532 
-11.006 -7.496 
25.986 23.11 
0.506 0.186 
2.88 -25.02 
0.8506 -12.1392 
-3.8882 -27.7854 
24.118 1.92 
4.61454 9.12471 
0.8554 -16.018 
-13.3174 -13.6827 
26.123 32.768 
---end
-21.0122 21.9591 
23.11 16.8529 
3.91 -18.5568 
-4.924 22.152 
15.722 2.84 
1.48886 2.5916 
-13.6396 -14.1478 
-28.1341 -12.8652 
-6.6128 1.8532 
-11.006 -7.496 
25.986 23.11 
0.506 0.186 
2.88 -25.02 
0.8506 -12.1392 
-3.8882 -27.7854 
24.118 1.92 
4.61454 9.12471 
0.8554 -16.018 
-13.3174 -13.6827 
26.123 32.768 
-21.0122 21.9591 
23.11 16.8529 
3.91 -18.5568 
-4.924 22.152 
15.722 2.84 
1.48886 2.5916 
-13.6396 -14.1478 
-28.1341 -12.8652 
-6.6128 1.8532 
-11.006 -7.496 
25.986 23.11 
0.506 0.186 
2.88 -25.02 
0.8506 -12.1392 
-3.8882 -27.7854 
24.118 1.92 
4.61454 9.12471 
0.8554 -16.018 
-13.3174 -13.6827 
26.123 32.768 
---end
-21.0122 21.9591 
23.11 16.8529 
3.91 -18.5568 
-4.924 22.152 
15.722 2.84 
1.48886 2.5916 
-13.6396 -14.1478 
-28.1341 -12.8652 
-6.6128 1.8532 
-11.006 -7.496 
25.986 23.11 
0.506 0.186 
2.88 -25.02 
0.8506 -12.1392 
-3.8882 -27.7854 
24.118 1.92 
4.61454 9.12471 
0.8554 -16.018 
-13.3174 -13.6827 
26.123 32.768 
-21.0122 21.9591 
23.11 16.8529 
3.91 -18.5568 
-4.924 22.152 
15.722 2.84 
1.48886 2.5916 
-13.6396 -14.1478 
-28.1341 -12.8652 
-6.6128 1.8532 
-11.006 -7.496 
25.986 23.11 
0.506 0.186 
2.88 -25.02 
0.8506 -12.1392 
-3.8882 -27.7854 
24.118 1.92 
4.61454 9.12471 
0.8554 -16.018 
-13.3174 -13.6827 
26.123 32.768 
---end
-21.0122 21.9591 
23.11 16.8529 
3.91 -18.5568 
-4.924 22.152 
15.722 2.84 
1.48886 2.5916 
-13.6396 -14.1478 
-28.1341 -12.8652 
-6.6128 1.8532 
-11.006 -7.496 
25.986 23.11 
0.506 0.186 
2.88 -25.02 
0.8506 -12.1392 
-3.8882 -27.7854 
24.118 1.92 
4.61454 9.12471 
0.8554 -16.018 
-13.3174 -13.6827 
26.123 32.768 
-21.0122 21.9591 
23.11 16.8529 
3.91 -18.5568 
-4.924 22.152 
15.722 2.84 
1.48886 2.5916 
-13.6396 -14.1478 
-28.1341 -12.8652 
-6.6128 1.8532 
-11.006 -7.496 
25.986 23.11 
0.506 0.186 
2.88 -25.02 
0.8506 -12.1392 
-3.8882 -27.7854 
24.118 1.92 
4.61454 9.12471 
0.8554 -16.018 
-13.3174 -13.6827 
26.123 32.768 
---end
-21.0122 21.9591 
23.11 16.8529 
3.91 -18.5568 
-4.924 22.152 
15.722 2.84 
1.48886 2.5916 
-13.6396 -14.1478 
-28.1341 -12.8652 
-6.6128 1.8532 
-11.006 -7.496 
25.986 23.11 
0.506 0.186 
2.88 -25.02 
0.8506 -12.1392 
-3.8882 -27.7854 
24.118 1.92 
4.61454 9.12471 
0.8554 -16.018 
-13.3174 -13.6827 
26.123 32.768 
-21.0122 21.9591 
23.11 16.8529 
3.91 -18.5568 
-4.924 22.152 
15.722 2.84 
1.48886 2.5916 
-13.6396 -14.1478 
-28.1341 -12.8652 
-6.6128 1.8532 
-11.006 -7.496 
25.986 23.11 
0.506 0.186 
2.88 -25.02 
0.8506 -12.1392 
-3.8882 -27.7854 
24.118 1.92 
4.61454 9.12471 
0.8554 -16.018 
-13.3174 -13.6827 
26.123 32.768 
---end
-21.0122 21.9591 
23.11 16.8529 
3.91 -18.5568 
-4.924 22.152 
15.722 2.84 
1.48886 2.5916 
-13.6396 -14.1478 
-28.1341 -12.8652 
-6.6128 1.8532 
-11.006 -7.496 
25.986 23.11 
0.506 0.186 
2.88 -25.02 
0.8506 -12.1392 
-3.8882 -27.7854 
24.118 1.92 
4.61454 9.12471 
0.8554 -16.018 
-13.3174 -13.6827 
26.123 32.768 
-21.0122 21.9591 
23.11 16.8529 
3.91 -18.5568 
-4.924 22.152 
15.722 2.84 
1.48886 2.5916 
-13.6396 -14.1478 
-28.1341 -12.8652 
-6.6128 1.8532 
-11.006 -7.496 
25.986 23.11 
0.506 0.186 
2.88 -25.02 
0.8506 -12.1392 
-3.8882 -27.7854 
24.118 1.92 
4.61454 9.12471 
0.8554 -16.018 
-13.3174 -13.6827 
26.123 32.768 
---end
-21.0122 21.9591 
23.11 16.8529 
3.91 -18.5568 
-4.924 22.152 
15.722 2.84 
1.48886 2.5916 
-13.6396 -14.1478 
-28.1341 -12.8652 
-6.6128 1.8532 
-11.006 -7.496 
25.986 23.11 
0.506 0.186 
2.88 -25.02 
0.8506 -12.1392 
-3.8882 -27.7854 
24.118 1.92 
4.61454 9.12471 
0.8554 -16.018 
-13.3174 -13.6827 
26.123 32.768 
-21.0122 21.9591 
23.11 16.8529 
3.91 -18.5568 
-4.924 22.152 
15.722 2.84 
1.48886 2.5916 
-13.6396 -14.1478 
-28.1341 -12.8652 
-6.6128 1.8532 
-11.006 -7.496 
25.986 23.11 
0.506 0.186 
2.88 -25.02 
0.8506 -12.1392 
-3.8882 -27.7854 
24.118 1.92 
4.61454 9.12471 
0.8554 -16.018 
-13.3174 -13.6827 
26.123 32.768 
---end
-21.0122 21.9591 
23.11 16.8529 
3.91 -18.5568 
-4.924 22.152 
15.722 2.84 
1.48886 2.5916 
-13.6396 -14.1478 
-28.1341 -12.8652 
-6.6128 1.8532 
-11.006 -7.496 
25.986 23.11 
0.506 0.186 
2.88 -25.02 
0.8506 -12.1392 
-3.8882 -27.7854 
24.118 1.92 
4.61454 9.12471 
0.8554 -16.018 
-13.3174 -13.6827 
26.123 32.768 
-21.0122 21.9591 
23.11 16.8529 
3.91 -18.5568 
-4.924 22.152 
15.722 2.84 
1.48886 2.5916 
-13.6396 -14.1478 
-28.1341 -12.8652 
-6.6128 1.8532 
-11.006 -7.496 
25.986 23.11 
0.506 0.186 
2.88 -25.02 
0.8506 -12.1392 
-3.8882 -27.7854 
24.118 1.92 
4.61454 9.12471 
0.8554 -16.018 
-13.3174 -13.6827 
26.123 32.768 
---end
-21.0122 21.9591 
23.11 16.8529 
3.91 -18.5568 
-4.924 22.152 
15.722 2.84 
1.48886 2.5916 
-13.6396 -14.1478 
-28.1341 -12.8652 
-6.6128 1.8532 
-11.006 -7.496 
25.986 23.11 
0.506 0.186 
2.88 -25.02 
0.8506 -12.1392 
-3.8882 -27.7854 
24.118 1.92 
4.61454 9.12471 
0.8554 -16.018 
-13.3174 -13.6827 
26.123 32.768 
-21.0122 21.9591 
23.11 16.8529 
3.91 -18.5568 
-4.924 22.152 
15.722 2.84 
1.48886 2.5916 
-13.6396 -14.1478 
-28.1341 -12.8652 
-6.6128 1.8532 
-11.006 -7.496 
25.986 23.11 
0.506 0.186 
2.88 -25.02 
0.8506 -12.1392 
-3.8882 -27.7854 
24.118 1.92 
4.61454 9.12471 
0.8554 -16.018 
-13.3174 -13.6827 
26.123 32.768 
---end
-21.0122 21.9591 
23.11 16.8529 
3.91 -18.5568 
-4.924 22.152 
15.722 2.84 
1.48886 2.5916 
-13.6396 -14.1478 
-28.1341 -12.8652 
-6.6128 1.8532 
-11.006 -7.496 
25.986 23.11 
0.506 0.186 
2.88 -25.02 
0.8506 -12.1392 
-3.8882 -27.7854 
24.118 1.92 
4.61454 9.12471 
0.8554 -16.018 
-13.3174 -13.6827 
26.123 32.768 
-21.0122 21.9591 
23.11 16.8529 
3.91 -18.5568 
-4.924 22.152 
15.722 2.84 
1.48886 2.5916 
-13.6396 -14.1478 
-28.1341 -12.8652 
-6.6128 1.8532 
-11.006 -7.496 
25.986 23.11 
0.506 0.186 
2.88 -25.02 
0.8506 -12.1392 
-3.8882 -27.7854 
24.118 1.92 
4.61454 9.12471 
0.8554 -16.018 
-13.3174 -13.6827 
26.123 32.768 
---end
-21.0122 21.9591 
23.11 16.8529 
3.91 -18.5568 
-4.924 22.152 
15.722 2.84 
1.48886 2.5916 
-13.6396 -14.1478 
-28.1341 -12.8652 
-6.6128 1.8532 
-11.006 -7.496 
25.986 23.11 
0.506 0.186 
2.88 -25.02 
0.8506 -12.1392 
-3.8882 -27.7854 
24.118 1.92 
4.61454 9.12471 
0.8554 -16.018 
-13.3174 -13.6827 
26.123 32.768 
-21.0122 21.9591 
23.11 16.8529 
3.91 -18.5568 
-4.924 22.152 
15.722 2.84 
1.48886 2.5916 
-13.6396 -14.1478 
-28.1341 -12.8652 
-6.6128 1.8532 
-11.006 -7.496 
25.986 23.11 
0.506 0.186 
2.88 -25.02 
0.8506 -12.1392 
-3.8882 -27.7854 
24.118 1.92 
4.61454 9.12471 
0.8554 -16.018 
-13.3174 -13.6827 
26.123 32.768 
---end
-21.0122 21.9591 
23.11 16.8529 
3.91 -18.5568 
-4.924 22.152 
15.722 2.84 
1.48886 2.5916 
-13.6396 -14.1478 
-28.1341 -12.8652 
-6.6128 1.8532 
-11.006 -7.496 
25.986 23.11 
0.506 0.186 
2.88 -25.02 
0.8506 -12.1392 
-3.8882 -27.7854 
24.118 1.92 
4.61454 9.12471 
0.8554 -16.018 
-13.3174 -13.6827 
26.123 32.768 
-21.0122 21.9591 
23.11 16.8529 
3.91 -18.5568 
-4.924 22.152 
15.722 2.84 
1.48886 2.5916 
-13.6396 -14.1478 
-28.1341 -12.8652 
-6.6128 1.8532 
-11.006 -7.496 
25.986 23.11 
0.506 0.186 
2.88 -25.02 
0.8506 -12.1392 
-3.8882 -27.7854 
24.118 1.92 
4.61454 9.12471 
0.8554 -16.018 
-13.3174 -13.6827 
26.123 32.768 
---end
-21.0122 21.9591 
23.11 16.8529 
3.91 -18.5568 
-4.924 22.152 
15.722 2.84 
1.48886 2.5916 
-13.6396 -14.1478 
-28.1341 -12.8652 
-6.6128 1.8532 
-11.006 -7.496 
25.986 23.11 
0.506 0.186 
2.88 -25.02 
0.8506 -12.1392 
-3.8882 -27.7854 
24.118 1.92 
4.61454 9.12471 
0.8554 -16.018 
-13.3174 -13.6827 
26.123 32.768 
-21.0122 21.9591 
23.11 16.8529 
3.91 -18.5568 
-4.924 22.152 
15.722 2.84 
1.48886 2.5916 
-13.6396 -14.1478 
-28.1341 -12.8652 
-6.6128 1.8532 
-11.006 -7.496 
25.986 23.11 
0.506 0.186 
2.88 -25.02 
0.8506 -12.1392 
-3.8882 -27.7854 
24.118 1.92 
4.61454 9.12471 
0.8554 -16.018 
-13.3174 -13.6827 
26.123 32.768 
---end
-21.0122 21.9591 
23.11 16.8529 
3.91 -18.5568 
-4.924 22.152 
15.722 2.84 
1.48886 2.5916 
-13.6396 -14.1478 
-28.1341 -12.8652 
-6.6128 1.8532 
-11.006 -7.496 
25.986 23.11 
0.506 0.186 
2.88 -25.02 
0.8506 -12.1392 
-3.8882 -27.7854 
24.118 1.92 
4.61454 9.12471 
0.8554 -16.018 
-13.3174 -13.6827 
26.123 32.768 
-21.0122 21.9591 
23.11 16.8529 
3.91 -18.5568 
-4.924 22.152 
15.722 2.84 
1.48886 2.5916 
-13.6396 -14.1478 
-28.1341 -12.8652 
-6.6128 1.8532 
-11.006 -7.496 
25.986 23.11 
0.506 0.186 
2.88 -25.02 
0.8506 -12.1392 
-3.8882 -27.7854 
24.118 1.92 
4.61454 9.12471 
0.8554 -16.018 
-13.3174 -13.6827 
26.123 32.768 
---end
-21.0122 21.9591 
23.11 16.8529 
3.91 -18.5568 
-4.924 22.152 
15.722 2.84 
1.48886 2.5916 
-13.6396 -14.1478 
-28.1341 -12.8652 
-6.6128 1.8532 
-11.006 -7.496 
25.986 23.11 
0.506 0.186 
2.88 -25.02 
0.8506 -12.1392 
-3.8882 -27.7854 
24.118 1.92 
4.61454 9.12471 
0.8554 -16.018 
-13.3174 -13.6827 
26.123 32.768 
-21.0122 21.9591 
23.11 16.8529 
3.91 -18.5568 
-4.924 22.152 
15.722 2.84 
1.48886 2.5916 
-13.6396 -14.1478 
-28.1341 -12.8652 
-6.6128 1.8532 
-11.006 -7.496 
25.986 23.11 
0.506 0.186 
2.88 -25.02 
0.8506 -12.1392 
-3.8882 -27.7854 
24.118 1.92 
4.61454 9.12471 
0.8554 -16.018 
-13.3174 -13.6827 
26.123 32.768 
---end
-21.0122 21.9591 
23.11 16.8529 
3.91 -18.5568 
-4.924 22.152 
15.722 2.84 
1.48886 2.5916 
-13.6396 -14.1478 
-28.1341 -12.8652 
-6.6128 1.8532 
-11.006 -7.496 
25.986 23.11 
0.506 0.186 
2.88 -25.02 
0.8506 -12.1392 
-3.8882 -27.7854 
24.118 1.92 
4.61454 9.12471 
0.8554 -16.018 
-13.3174 -13.6827 
26.123 32.768 
-21.0122 21.9591 
23.11 16.8529 
3.91 -18.5568 
-4.924 22.152 
15.722 2.84 
1.48886 2.5916 
-13.6396 -14.1478 
-28.1341 -12.8652 
-6.6128 1.8532 
-11.006 -7.496 
25.986 23.11 
0.506 0.186 
2.88 -25.02 
0.8506 -12.1392 
-3.8882 -27.7854 
24.118 1.92 
4.61454 9.12471 
0.8554 -16.018 
-13.3174 -13.6827 
26.123 32.768 
---end
-21.0122 21.9591 
23.11 16.8529 
3.91 -18.5568 
-4.924 22.152 
15.722 2.84 
1.48886 2.5916 
-13.6396 -14.1478 
-28.1341 -12.8652 
-6.6128 1.8532 
-11.006 -7.496 
25.986 23.11 
0.506 0.186 
2.88 -25.02 
0.8506 -12.1392 
-3.8882 -27.7854 
24.118 1.92 
4.61454 9.12471 
0.8554 -16.018 
-13.3174 -13.6827 
26.123 32.768 
-21.0122 21.9591 
23.11 16.8529 
3.91 -18.5568 
-4.924 22.152 
15.722 2.84 
1.48886 2.5916 
-13.6396 -14.1478 
-28.1341 -12.8652 
-6.6128 1.8532 
-11.006 -7.496 
25.986 23.11 
0.506 0.186 
2.88 -25.02 
0.8506 -12.1392 
-3.8882 -27.7854 
24.118 1.92 
4.61454 9.12471 
0.8554 -16.018 
-13.3174 -13.6827 
26.123 32.768 
---end
-21.0122 21.9591 
23.11 16.8529 
3.91 -18.5568 
-4.924 22.152 
15.722 2.84 
1.48886 2.5916 
-13.6396 -14.1478 
-28.1341 -12.8652 
-6.6128 1.8532 
-11.006 -7.496 
25.986 23.11 
0.506 0.186 
2.88 -25.02 
0.8506 -12.1392 
-3.8882 -27.7854 
24.118 1.92 
4.61454 9.12471 
0.8554 -16.018 
-13.3174 -13.6827 
26.123 32.768 
-21.0122 21.9591 
23.11 16.8529 
3.91 -18.5568 
-4.924 22.152 
15.722 2.84 
1.48886 2.5916 
-13.6396 -14.1478 
-28.1341 -12.8652 
-6.6128 1.8532 
-11.006 -7.496 
25.986 23.11 
0.506 0.186 
2.88 -25.02 
0.8506 -12.1392 
-3.8882 -27.7854 
24.118 1.92 
4.61454 9.12471 
0.8554 -16.018 
-13.3174 -13.6827 
26.123 32.768 
---end
-21.0122 21.9591 
23.11 16.8529 
3.91 -18.5568 
-4.924 22.152 
15.722 2.84 
1.48886 2.5916 
-13.6396 -14.1478 
-28.1341 -12.8652 
-6.6128 1.8532 
-11.006 -7.496 
25.986 23.11 
0.506 0.186 
2.88 -25.02 
0.8506 -12.1392 
-3.8882 -27.7854 
24.118 1.92 
4.61454 9.12471 
0.8554 -16.018 
-13.3174 -13.6827 
26.123 32.768 
-21.0122 21.9591 
23.11 16.8529 
3.91 -18.5568 
-4.924 22.152 
15.722 2.84 
1.48886 2.5916 
-13.6396 -14.1478 
-28.1341 -12.8652 
-6.6128 1.8532 
-11.006 -7.496 
25.986 23.11 
0.506 0.186 
2.88 -25.02 
0.8506 -12.1392 
-3.8882 -27.7854 
24.118 1.92 
4.61454 9.12471 
0.8554 -16.018 
-13.3174 -13.6827 
26.123 32.768 
---end
-21.0122 21.9591 
23.11 16.8529 
3.91 -18.5568 
-4.924 22.152 
15.722 2.84 
1.48886 2.5916 
-13.6396 -14.1478 
-28.1341 -12.8652 
-6.6128 1.8532 
-11.006 -7.496 
25.986 23.11 
0.506 0.186 
2.88 -25.02 
0.8506 -12.1392 
-3.8882 -27.7854 
24.118 1.92 
4.61454 9.12471 
0.8554 -16.018 
-13.3174 -13.6827 
26.123 32.768 
-21.0122 21.9591 
23.11 16.8529 
3.91 -18.5568 
-4.924 22.152 
15.722 2.84 
1.48886 2.5916 
-13.6396 -14.1478 
-28.1341 -12.8652 
-6.6128 1.8532 
-11.006 -7.496 
25.986 23.11 
0.506 0.186 
2.88 -25.02 
0.8506 -12.1392 
-3.8882 -27.7854 
24.118 1.92 
4.61454 9.12471 
0.8554 -16.018 
-13.3174 -13.6827 
26.123 32.768 
---end
-21.0122 21.9591 
23.11 16.8529 
3.91 -18.5568 
-4.924 22.152 
15.722 2.84 
1.48886 2.5916 
-13.6396 -14.1478 
-28.1341 -12.8652 
-6.6128 1.8532 
-11.006 -7.496 
25.986 23.11 
0.506 0.186 
2.88 -25.02 
0.8506 -12.1392 
-3.8882 -27.7854 
24.118 1.92 
4.61454 9.12471 
0.8554 -16.018 
-13.3174 -13.6827 
26.123 32.768 
-21.0122 21.9591 
23.11 16.8529 
3.91 -18.5568 
-4.924 22.152 
15.722 2.84 
1.48886 2.5916 
-13.6396 -14.1478 
-28.1341 -12.8652 
-6.6128 1.8532 
-11.006 -7.496 
25.986 23.11 
0.506 0.186 
2.88 -25.02 
0.8506 -12.1392 
-3.8882 -27.7854 
24.118 1.92 
4.61454 9.12471 
0.8554 -16.018 
-13.3174 -13.6827 
26.123 32.768 
---end
-21.0122 21.9591 
23.11 16.8529 
3.91 -18.5568 
-4.924 22.152 
15.722 2.84 
1.48886 2.5916 
-13.6396 -14.1478 
-28.1341 -12.8652 
-6.6128 1.8532 
-11.006 -7.496 
25.986 23.11 
0.506 0.186 
2.88 -25.02 
0.8506 -12.1392 
-3.8882 -27.7854 
24.118 1.92 
4.61454 9.12471 
0.8554 -16.018 
-13.3174 -13.6827 
26.123 32.768 
-21.0122 21.9591 
23.11 16.8529 
3.91 -18.5568 
-4.924 22.152 
15.722 2.84 
1.48886 2.5916 
-13.6396 -14.1478 
-28.1341 -12.8652 
-6.6128 1.8532 
-11.006 -7.496 
25.986 23.11 
0.506 0.186 
2.88 -25.02 
0.8506 -12.1392 
-3.8882 -27.7854 
24.118 1.92 
4.61454 9.12471 
0.8554 -16.018 
-13.3174 -13.6827 
26.123 32.768 
---end
-21.0122 21.9591 
23.11 16.8529 
3.91 -18.5568 
-4.924 22.152 
15.722 2.84 
1.48886 2.5916 
-13.6396 -14.1478 
-28.1341 -12.8652 
-6.6128 1.8532 
-11.006 -7.496 
25.986 23.11 
0.506 0.186 
2.88 -25.02 
0.8506 -12.1392 
-3.8882 -27.7854 
24.118 1.92 
4.61454 9.12471 
0.8554 -16.018 
-13.3174 -13.6827 
26.123 32.768 
-21.0122 21.9591 
23.11 16.8529 
3.91 -18.5568 
-4.924 22.152 
15.722 2.84 
1.48886 2.5916 
-13.6396 -14.1478 
-28.1341 -12.8652 
-6.6128 1.8532 
-11.006 -7.496 
25.986 23.11 
0.506 0.186 
2.88 -25.02 
0.8506 -12.1392 
-3.8882 -27.7854 
24.118 1.92 
4.61454 9.12471 
0.8554 -16.018 
-13.3174 -13.6827 
26.123 32.768 
---end
-21.0122 21.9591 
23.11 16.8529 
3.91 -18.5568 
-4.924 22.152 
15.722 2.84 
1.48886 2.5916 
-13.6396 -14.1478 
-28.1341 -12.8652 
-6.6128 1.8532 
-11.006 -7.496 
25.986 23.11 
0.506 0.186 
2.88 -25.02 
0.8506 -12.1392 
-3.8882 -27.7854 
24.118 1.92 
4.61454 9.12471 
0.8554 -16.018 
-13.3174 -13.6827 
26.123 32.768 
-21.0122 21.9591 
23.11 16.8529 
3.91 -18.5568 
-4.924 22.152 
15.722 2.84 
1.48886 2.5916 
-13.6396 -14.1478 
-28.1341 -12.8652 
-6.6128 1.8532 
-11.006 -7.496 
25.986 23.11 
0.506 0.186 
2.88 -25.02 
0.8506 -12.1392 
-3.8882 -27.7854 
24.118 1.92 
4.61454 9.12471 
0.8554 -16.018 
-13.3174 -13.6827 
26.123 32.768 
---end
-21.0122 21.9591 
23.11 16.8529 
3.91 -18.5568 
-4.924 22.152 
15.722 2.84 
1.48886 2.5916 
-13.6396 -14.1478 
-28.1341 -12.8652 
-6.6128 1.8532 
-11.006 -7.496 
25.986 23.11 
0.506 0.186 
2.88 -25.02 
0.8506 -12.1392 
-3.8882 -27.7854 
24.118 1.92 
4.61454 9.12471 
0.8554 -16.018 
-13.3174 -13.6827 
26.123 32.768 
-21.0122 21.9591 
23.11 16.8529 
3.91 -18.5568 
-4.924 22.152 
15.722 2.84 
1.48886 2.5916 
-13.6396 -14.1478 
-28.1341 -12.8652 
-6.6128 1.8532 
-11.006 -7.496 
25.986 23.11 
0.506 0.186 
2.88 -25.02 
0.8506 -12.1392 
-3.8882 -27.7854 
24.118 1.92 
4.61454 9.12471 
0.8554 -16.018 
-13.3174 -13.6827 
26.123 32.768 
---end
-21.0122 21.9591 
23.11 16.8529 
3.91 -18.5568 
-4.924 22.152 
15.722 2.84 
1.48886 2.5916 
-13.6396 -14.1478 
-28.1341 -12.8652 
-6.6128 1.8532 
-11.006 -7.496 
25.986 23.11 
0.506 0.186 
2.88 -25.02 
0.8506 -12.1392 
-3.8882 -27.7854 
24.118 1.92 
4.61454 9.12471 
0.8554 -16.018 
-13.3174 -13.6827 
26.123 32.768 
-21.0122 21.9591 
23.11 16.8529 
3.91 -18.5568 
-4.924 22.152 
15.722 2.84 
1.48886 2.5916 
-13.6396 -14.1478 
-28.1341 -12.8652 
-6.6128 1.8532 
-11.006 -7.496 
25.986 23.11 
0.506 0.186 
2.88 -25.02 
0.8506 -12.1392 
-3.8882 -27.7854 
24.118 1.92 
4.61454 9.12471 
0.8554 -16.018 
-13.3174 -13.6827 
26.123 32.768 
---end
-21.0122 21.9591 
23.11 16.8529 
3.91 -18.5568 
-4.924 22.152 
15.722 2.84 
1.48886 2.5916 
-13.6396 -14.1478 
-28.1341 -12.8652 
-6.6128 1.8532 
-11.006 -7.496 
25.986 23.11 
0.506 0.186 
2.88 -25.02 
0.8506 -12.1392 
-3.8882 -27.7854 
24.118 1.92 
4.61454 9.12471 
0.8554 -16.018 
-13.3174 -13.6827 
26.123 32.768 
-21.0122 21.9591 
23.11 16.8529 
3.91 -18.5568 
-4.924 22.152 
15.722 2.84 
1.48886 2.5916 
-13.6396 -14.1478 
-28.1341 -12.8652 
-6.6128 1.8532 
-11.006 -7.496 
25.986 23.11 
0.506 0.186 
2.88 -25.02 
0.8506 -12.1392 
-3.8882 -27.7854 
24.118 1.92 
4.61454 9.12471 
0.8554 -16.018 
-13.3174 -13.6827 
26.123 32.768 
---end
-21.0122 21.9591 
23.11 16.8529 
3.91 -18.5568 
-4.924 22.152 
15.722 2.84 
1.48886 2.5916 
-13.6396 -14.1478 
-28.1341 -12.8652 
-6.6128 1.8532 
-11.006 -7.496 
25.986 23.11 
0.506 0.186 
2.88 -25.02 
0.8506 -12.1392 
-3.8882 -27.7854 
24.118 1.92 
4.61454 9.12471 
0.8554 -16.018 
-13.3174 -13.6827 
26.123 32.768 
-21.0122 21.9591 
23.11 16.8529 
3.91 -18.5568 
-4.924 22.152 
15.722 2.84 
1.48886 2.5916 
-13.6396 -14.1478 
-28.1341 -12.8652 
-6.6128 1.8532 
-11.006 -7.496 
25.986 23.11 
0.506 0.186 
2.88 -25.02 
0.8506 -12.1392 
-3.8882 -27.7854 
24.118 1.92 
4.61454 9.12471 
0.8554 -16.018 
-13.3174 -13.6827 
26.123 32.768 
---end
-21.0122 21.9591 
23.11 16.8529 
3.91 -18.5568 
-4.924 22.152 
15.722 2.84 
1.48886 2.5916 
-13.6396 -14.1478 
-28.1341 -12.8652 
-6.6128 1.8532 
-11.006 -7.496 
25.986 23.11 
0.506 0.186 
2.88 -25.02 
0.8506 -12.1392 
-3.8882 -27.7854 
24.118 1.92 
4.61454 9.12471 
0.8554 -16.018 
-13.3174 -13.6827 
26.123 32.768 
-21.0122 21.9591 
23.11 16.8529 
3.91 -18.5568 
-4.924 22.152 
15.722 2.84 
1.48886 2.5916 
-13.6396 -14.1478 
-28.1341 -12.8652 
-6.6128 1.8532 
-11.006 -7.496 
25.986 23.11 
0.506 0.186 
2.88 -25.02 
0.8506 -12.1392 
-3.8882 -27.7854 
24.118 1.92 
4.61454 9.12471 
0.8554 -16.018 
-13.3174 -13.6827 
26.123 32.768 
---end
-21.0122 21.9591 
23.11 16.8529 
3.91 -18.5568 
-4.924 22.152 
15.722 2.84 
1.48886 2.5916 
-13.6396 -14.1478 
-28.1341 -12.8652 
-6.6128 1.8532 
-11.006 -7.496 
25.986 23.11 
0.506 0.186 
2.88 -25.02 
0.8506 -12.1392 
-3.8882 -27.7854 
24.118 1.92 
4.61454 9.12471 
0.8554 -16.018 
-13.3174 -13.6827 
26.123 32.768 
-21.0122 21.9591 
23.11 16.8529 
3.91 -18.5568 
-4.924 22.152 
15.722 2.84 
1.48886 2.5916 
-13.6396 -14.1478 
-28.1341 -12.8652 
-6.6128 1.8532 
-11.006 -7.496 
25.986 23.11 
0.506 0.186 
2.88 -25.02 
0.8506 -12.1392 
-3.8882 -27.7854 
24.118 1.92 
4.61454 9.12471 
0.8554 -16.018 
-13.3174 -13.6827 
26.123 32.768 
---end
-21.0122 21.9591 
23.11 16.8529 
3.91 -18.5568 
-4.924 22.152 
15.722 2.84 
1.48886 2.5916 
-13.6396 -14.1478 
-28.1341 -12.8652 
-6.6128 1.8532 
-11.006 -7.496 
25.986 23.11 
0.506 0.186 
2.88 -25.02 
0.8506 -12.1392 
-3.8882 -27.7854 
24.118 1.92 
4.61454 9.12471 
0.8554 -16.018 
-13.3174 -13.6827 
26.123 32.768 
-21.0122 21.9591 
23.11 16.8529 
3.91 -18.5568 
-4.924 22.152 
15.722 2.84 
1.48886 2.5916 
-13.6396 -14.1478 
-28.1341 -12.8652 
-6.6128 1.8532 
-11.006 -7.496 
25.986 23.11 
0.506 0.186 
2.88 -25.02 
0.8506 -12.1392 
-3.8882 -27.7854 
24.118 1.92 
4.61454 9.12471 
0.8554 -16.018 
-13.3174 -13.6827 
26.123 32.768 
---end
-21.0122 21.9591 
23.11 16.8529 
3.91 -18.5568 
-4.924 22.152 
15.722 2.84 
1.48886 2.5916 
-13.6396 -14.1478 
-28.1341 -12.8652 
-6.6128 1.8532 
-11.006 -7.496 
25.986 23.11 
0.506 0.186 
2.88 -25.02 
0.8506 -12.1392 
-3.8882 -27.7854 
24.118 1.92 
4.61454 9.12471 
0.8554 -16.018 
-13.3174 -13.6827 
26.123 32.768 
-21.0122 21.9591 
23.11 16.8529 
3.91 -18.5568 
-4.924 22.152 
15.722 2.84 
1.48886 2.5916 
-13.6396 -14.1478 
-28.1341 -12.8652 
-6.6128 1.8532 
-11.006 -7.496 
25.986 23.11 
0.506 0.186 
2.88 -25.02 
0.8506 -12.1392 
-3.8882 -27.7854 
24.118 1.92 
4.61454 9.12471 
0.8554 -16.018 
-13.3174 -13.6827 
26.123 32.768 
---end
-21.0122 21.9591 
23.11 16.8529 
3.91 -18.5568 
-4.924 22.152 
15.722 2.84 
1.48886 2.5916 
-13.6396 -14.1478 
-28.1341 -12.8652 
-6.6128 1.8532 
-11.006 -7.496 
25.986 23.11 
0.506 0.186 
2.88 -25.02 
0.8506 -12.1392 
-3.8882 -27.7854 
24.118 1.92 
4.61454 9.12471 
0.8554 -16.018 
-13.3174 -13.6827 
26.123 32.768 
-21.0122 21.9591 
23.11 16.8529 
3.91 -18.5568 
-4.924 22.152 
15.722 2.84 
1.48886 2.5916 
-13.6396 -14.1478 
-28.1341 -12.8652 
-6.6128 1.8532 
-11.006 -7.496 
25.986 23.11 
0.506 0.186 
2.88 -25.02 
0.8506 -12.1392 
-3.8882 -27.7854 
24.118 1.92 
4.61454 9.12471 
0.8554 -16.018 
-13.3174 -13.6827 
26.123 32.768 
---end
-21.0122 21.9591 
23.11 16.8529 
3.91 -18.5568 
-4.924 22.152 
15.722 2.84 
1.48886 2.5916 
-13.6396 -14.1478 
-28.1341 -12.8652 
-6.6128 1.8532 
-11.006 -7.496 
25.986 23.11 
0.506 0.186 
2.88 -25.02 
0.8506 -12.1392 
-3.8882 -27.7854 
24.118 1.92 
4.61454 9.12471 
0.8554 -16.018 
-13.3174 -13.6827 
26.123 32.768 
-21.0122 21.9591 
23.11 16.8529 
3.91 -18.5568 
-4.924 22.152 
15.722 2.84 
1.48886 2.5916 
-13.6396 -14.1478 
-28.1341 -12.8652 
-6.6128 1.8532 
-11.006 -7.496 
25.986 23.11 
0.506 0.186 
2.88 -25.02 
0.8506 -12.1392 
-3.8882 -27.7854 
24.118 1.92 
4.61454 9.12471 
0.8554 -16.018 
-13.3174 -13.6827 
26.123 32.768 
---end
-21.0122 21.9591 
23.11 16.8529 
3.91 -18.5568 
-4.924 22.152 
15.722 2.84 
1.48886 2.5916 
-13.6396 -14.1478 
-28.1341 -12.8652 
-6.6128 1.8532 
-11.006 -7.496 
25.986 23.11 
0.506 0.186 
2.88 -25.02 
0.8506 -12.1392 
-3.8882 -27.7854 
24.118 1.92 
4.61454 9.12471 
0.8554 -16.018 
-13.3174 -13.6827 
26.123 32.768 
-21.0122 21.9591 
23.11 16.8529 
3.91 -18.5568 
-4.924 22.152 
15.722 2.84 
1.48886 2.5916 
-13.6396 -14.1478 
-28.1341 -12.8652 
-6.6128 1.8532 
-11.006 -7.496 
25.986 23.11 
0.506 0.186 
2.88 -25.02 
0.8506 -12.1392 
-3.8882 -27.7854 
24.118 1.92 
4.61454 9.12471 
0.8554 -16.018 
-13.3174 -13.6827 
26.123 32.768 
---end
-21.0122 21.9591 
23.11 16.8529 
3.91 -18.5568 
-4.924 22.152 
15.722 2.84 
1.48886 2.5916 
-13.6396 -14.1478 
-28.1341 -12.8652 
-6.6128 1.8532 
-11.006 -7.496 
25.986 23.11 
0.506 0.186 
2.88 -25.02 
0.8506 -12.1392 
-3.8882 -27.7854 
24.118 1.92 
4.61454 9.12471 
0.8554 -16.018 
-13.3174 -13.6827 
26.123 32.768 
-21.0122 21.9591 
23.11 16.8529 
3.91 -18.5568 
-4.924 22.152 
15.722 2.84 
1.48886 2.5916 
-13.6396 -14.1478 
-28.1341 -12.8652 
-6.6128 1.8532 
-11.006 -7.496 
25.986 23.11 
0.506 0.186 
2.88 -25.02 
0.8506 -12.1392 
-3.8882 -27.7854 
24.118 1.92 
4.61454 9.12471 
0.8554 -16.018 
-13.3174 -13.6827 
26.123 32.768 
---end
-21.0122 21.9591 
23.11 16.8529 
3.91 -18.5568 
-4.924 22.152 
15.722 2.84 
1.48886 2.5916 
-13.6396 -14.1478 
-28.1341 -12.8652 
-6.6128 1.8532 
-11.006 -7.496 
25.986 23.11 
0.506 0.186 
2.88 -25.02 
0.8506 -12.1392 
-3.8882 -27.7854 
24.118 1.92 
4.61454 9.12471 
0.8554 -16.018 
-13.3174 -13.6827 
26.123 32.768 
-21.0122 21.9591 
23.11 16.8529 
3.91 -18.5568 
-4.924 22.152 
15.722 2.84 
1.48886 2.5916 
-13.6396 -14.1478 
-28.1341 -12.8652 
-6.6128 1.8532 
-11.006 -7.496 
25.986 23.11 
0.506 0.186 
2.88 -25.02 
0.8506 -12.1392 
-3.8882 -27.7854 
24.118 1.92 
4.61454 9.12471 
0.8554 -16.018 
-13.3174 -13.6827 
26.123 32.768 
---end
-21.0122 21.9591 
23.11 16.8529 
3.91 -18.5568 
-4.924 22.152 
15.722 2.84 
1.48886 2.5916 
-13.6396 -14.1478 
-28.1341 -12.8652 
-6.6128 1.8532 
-11.006 -7.496 
25.986 23.11 
0.506 0.186 
2.88 -25.02 
0.8506 -12.1392 
-3.8882 -27.7854 
24.118 1.92 
4.61454 9.12471 
0.8554 -16.018 
-13.3174 -13.6827 
26.123 32.768 
-21.0122 21.9591 
23.11 16.8529 
3.91 -18.5568 
-4.924 22.152 
15.722 2.84 
1.48886 2.5916 
-13.6396 -14.1478 
-28.1341 -12.8652 
-6.6128 1.8532 
-11.006 -7.496 
25.986 23.11 
0.506 0.186 
2.88 -25.02 
0.8506 -12.1392 
-3.8882 -27.7854 
24.118 1.92 
4.61454 9.12471 
0.8554 -16.018 
-13.3174 -13.6827 
26.123 32.768 
---end
-21.0122 21.9591 
23.11 16.8529 
3.91 -18.5568 
-4.924 22.152 
15.722 2.84 
1.48886 2.5916 
-13.6396 -14.1478 
-28.1341 -12.8652 
-6.6128 1.8532 
-11.006 -7.496 
25.986 23.11 
0.506 0.186 
2.88 -25.02 
0.8506 -12.1392 
-3.8882 -27.7854 
24.118 1.92 
4.61454 9.12471 
0.8554 -16.018 
-13.3174 -13.6827 
26.123 32.768 
-21.0122 21.9591 
23.11 16.8529 
3.91 -18.5568 
-4.924 22.152 
15.722 2.84 
1.48886 2.5916 
-13.6396 -14.1478 
-28.1341 -12.8652 
-6.6128 1.8532 
-11.006 -7.496 
25.986 23.11 
0.506 0.186 
2.88 -25.02 
0.8506 -12.1392 
-3.8882 -27.7854 
24.118 1.92 
4.61454 9.12471 
0.8554 -16.018 
-13.3174 -13.6827 
26.123 32.768 
---end
-21.0122 21.9591 
23.11 16.8529 
3.91 -18.5568 
-4.924 22.152 
15.722 2.84 
1.48886 2.5916 
-13.6396 -14.1478 
-28.1341 -12.8652 
-6.6128 1.8532 
-11.006 -7.496 
25.986 23.11 
0.506 0.186 
2.88 -25.02 
0.8506 -12.1392 
-3.8882 -27.7854 
24.118 1.92 
4.61454 9.12471 
0.8554 -16.018 
-13.3174 -13.6827 
26.123 32.768 
-21.0122 21.9591 
23.11 16.8529 
3.91 -18.5568 
-4.924 22.152 
15.722 2.84 
1.48886 2.5916 
-13.6396 -14.1478 
-28.1341 -12.8652 
-6.6128 1.8532 
-11.006 -7.496 
25.986 23.11 
0.506 0.186 
2.88 -25.02 
0.8506 -12.1392 
-3.8882 -27.7854 
24.118 1.92 
4.61454 9.12471 
0.8554 -16.018 
-13.3174 -13.6827 
26.123 32.768 
---end
-21.0122 21.9591 
23.11 16.8529 
3.91 -18.5568 
-4.924 22.152 
15.722 2.84 
1.48886 2.5916 
-13.6396 -14.1478 
-28.1341 -12.8652 
-6.6128 1.8532 
-11.006 -7.496 
25.986 23.11 
0.506 0.186 
2.88 -25.02 
0.8506 -12.1392 
-3.8882 -27.7854 
24.118 1.92 
4.61454 9.12471 
0.8554 -16.018 
-13.3174 -13.6827 
26.123 32.768 
-21.0122 21.9591 
23.11 16.8529 
3.91 -18.5568 
-4.924 22.152 
15.722 2.84 
1.48886 2.5916 
-13.6396 -14.1478 
-28.1341 -12.8652 
-6.6128 1.8532 
-11.006 -7.496 
25.986 23.11 
0.506 0.186 
2.88 -25.02 
0.8506 -12.1392 
-3.8882 -27.7854 
24.118 1.92 
4.61454 9.12471 
0.8554 -16.018 
-13.3174 -13.6827 
26.123 32.768 
---end
-21.0122 21.9591 
23.11 16.8529 
3.91 -18.5568 
-4.924 22.152 
15.722 2.84 
1.48886 2.5916 
-13.6396 -14.1478 
-28.1341 -12.8652 
-6.6128 1.8532 
-11.006 -7.496 
25.986 23.11 
0.506 0.186 
2.88 -25.02 
0.8506 -12.1392 
-3.8882 -27.7854 
24.118 1.92 
4.61454 9.12471 
0.8554 -16.018 
-13.3174 -13.6827 
26.123 32.768 
-21.0122 21.9591 
23.11 16.8529 
3.91 -18.5568 
-4.924 22.152 
15.722 2.84 
1.48886 2.5916 
-13.6396 -14.1478 
-28.1341 -12.8652 
-6.6128 1.8532 
-11.006 -7.496 
25.986 23.11 
0.506 0.186 
2.88 -25.02 
0.8506 -12.1392 
-3.8882 -27.7854 
24.118 1.92 
4.61454 9.12471 
0.8554 -16.018 
-13.3174 -13.6827 
26.123 32.768 
---end
-21.0122 21.9591 
23.11 16.8529 
3.91 -18.5568 
-4.924 22.152 
15.722 2.84 
1.48886 2.5916 
-13.6396 -14.1478 
-28.1341 -12.8652 
-6.6128 1.8532 
-11.006 -7.496 
25.986 23.11 
0.506 0.186 
2.88 -25.02 
0.8506 -12.1392 
-3.8882 -27.7854 
24.118 1.92 
4.61454 9.12471 
0.8554 -16.018 
-13.3174 -13.6827 
26.123 32.768 
-21.0122 21.9591 
23.11 16.8529 
3.91 -18.5568 
-4.924 22.152 
15.722 2.84 
1.48886 2.5916 
-13.6396 -14.1478 
-28.1341 -12.8652 
-6.6128 1.8532 
-11.006 -7.496 
25.986 23.11 
0.506 0.186 
2.88 -25.02 
0.8506 -12.1392 
-3.8882 -27.7854 
24.118 1.92 
4.61454 9.12471 
0.8554 -16.018 
-13.3174 -13.6827 
26.123 32.768 
---end
-21.0122 21.9591 
23.11 16.8529 
3.91 -18.5568 
-4.924 22.152 
15.722 2.84 
1.48886 2.5916 
-13.6396 -14.1478 
-28.1341 -12.8652 
-6.6128 1.8532 
-11.006 -7.496 
25.986 23.11 
0.506 0.186 
2.88 -25.02 
0.8506 -12.1392 
-3.8882 -27.7854 
24.118 1.92 
4.61454 9.12471 
0.8554 -16.018 
-13.3174 -13.6827 
26.123 32.768 
-21.0122 21.9591 
23.11 16.8529 
3.91 -18.5568 
-4.924 22.152 
15.722 2.84 
1.48886 2.5916 
-13.6396 -14.1478 
-28.1341 -12.8652 
-6.6128 1.8532 
-11.006 -7.496 
25.986 23.11 
0.506 0.186 
2.88 -25.02 
0.8506 -12.1392 
-3.8882 -27.7854 
24.118 1.92 
4.61454 9.12471 
0.8554 -16.018 
-13.3174 -13.6827 
26.123 32.768 
---end
-21.0122 21.9591 
23.11 16.8529 
3.91 -18.5568 
-4.924 22.152 
15.722 2.84 
1.48886 2.5916 
-13.6396 -14.1478 
-28.1341 -12.8652 
-6.6128 1.8532 
-11.006 -7.496 
25.986 23.11 
0.506 0.186 
2.88 -25.02 
0.8506 -12.1392 
-3.8882 -27.7854 
24.118 1.92 
4.61454 9.12471 
0.8554 -16.018 
-13.3174 -13.6827 
26.123 32.768 
-21.0122 21.9591 
23.11 16.8529 
3.91 -18.5568 
-4.924 22.152 
15.722 2.84 
1.48886 2.5916 
-13.6396 -14.1478 
-28.1341 -12.8652 
-6.6128 1.8532 
-11.006 -7.496 
25.986 23.11 
0.506 0.186 
2.88 -25.02 
0.8506 -12.1392 
-3.8882 -27.7854 
24.118 1.92 
4.61454 9.12471 
0.8554 -16.018 
-13.3174 -13.6827 
26.123 32.768 
---end
-21.0122 21.9591 
23.11 16.8529 
3.91 -18.5568 
-4.924 22.152 
15.722 2.84 
1.48886 2.5916 
-13.6396 -14.1478 
-28.1341 -12.8652 
-6.6128 1.8532 
-11.006 -7.496 
25.986 23.11 
0.506 0.186 
2.88 -25.02 
0.8506 -12.1392 
-3.8882 -27.7854 
24.118 1.92 
4.61454 9.12471 
0.8554 -16.018 
-13.3174 -13.6827 
26.123 32.768 
-21.0122 21.9591 
23.11 16.8529 
3.91 -18.5568 
-4.924 22.152 
15.722 2.84 
1.48886 2.5916 
-13.6396 -14.1478 
-28.1341 -12.8652 
-6.6128 1.8532 
-11.006 -7.496 
25.986 23.11 
0.506 0.186 
2.88 -25.02 
0.8506 -12.1392 
-3.8882 -27.7854 
24.118 1.92 
4.61454 9.12471 
0.8554 -16.018 
-13.3174 -13.6827 
26.123 32.768 
---end
-21.0122 21.9591 
23.11 16.8529 
3.91 -18.5568 
-4.924 22.152 
15.722 2.84 
1.48886 2.5916 
-13.6396 -14.1478 
-28.1341 -12.8652 
-6.6128 1.8532 
-11.006 -7.496 
25.986 23.11 
0.506 0.186 
2.88 -25.02 
0.8506 -12.1392 
-3.8882 -27.7854 
24.118 1.92 
4.61454 9.12471 
0.8554 -16.018 
-13.3174 -13.6827 
26.123 32.768 
-21.0122 21.9591 
23.11 16.8529 
3.91 -18.5568 
-4.924 22.152 
15.722 2.84 
1.48886 2.5916 
-13.6396 -14.1478 
-28.1341 -12.8652 
-6.6128 1.8532 
-11.006 -7.496 
25.986 23.11 
0.506 0.186 
2.88 -25.02 
0.8506 -12.1392 
-3.8882 -27.7854 
24.118 1.92 
4.61454 9.12471 
0.8554 -16.018 
-13.3174 -13.6827 
26.123 32.768 
---end
-21.0122 21.9591 
23.11 16.8529 
3.91 -18.5568 
-4.924 22.152 
15.722 2.84 
1.48886 2.5916 
-13.6396 -14.1478 
-28.1341 -12.8652 
-6.6128 1.8532 
-11.006 -7.496 
25.986 23.11 
0.506 0.186 
2.88 -25.02 
0.8506 -12.1392 
-3.8882 -27.7854 
24.118 1.92 
4.61454 9.12471 
0.8554 -16.018 
-13.3174 -13.6827 
26.123 32.768 
-21.0122 21.9591 
23.11 16.8529 
3.91 -18.5568 
-4.924 22.152 
15.722 2.84 
1.48886 2.5916 
-13.6396 -14.1478 
-28.1341 -12.8652 
-6.6128 1.8532 
-11.006 -7.496 
25.986 23.11 
0.506 0.186 
2.88 -25.02 
0.8506 -12.1392 
-3.8882 -27.7854 
24.118 1.92 
4.61454 9.12471 
0.8554 -16.018 
-13.3174 -13.6827 
26.123 32.768 
---end
-21.0122 21.9591 
23.11 16.8529 
3.91 -18.5568 
-4.924 22.152 
15.722 2.84 
1.48886 2.5916 
-13.6396 -14.1478 
-28.1341 -12.8652 
-6.6128 1.8532 
-11.006 -7.496 
25.986 23.11 
0.506 0.186 
2.88 -25.02 
0.8506 -12.1392 
-3.8882 -27.7854 
24.118 1.92 
4.61454 9.12471 
0.8554 -16.018 
-13.3174 -13.6827 
26.123 32.768 
-21.0122 21.9591 
23.11 16.8529 
3.91 -18.5568 
-4.924 22.152 
15.722 2.84 
1.48886 2.5916 
-13.6396 -14.1478 
-28.1341 -12.8652 
-6.6128 1.8532 
-11.006 -7.496 
25.986 23.11 
0.506 0.186 
2.88 -25.02 
0.8506 -12.1392 
-3.8882 -27.7854 
24.118 1.92 
4.61454 9.12471 
0.8554 -16.018 
-13.3174 -13.6827 
26.123 32.768 
---end
-21.0122 21.9591 
23.11 16.8529 
3.91 -18.5568 
-4.924 22.152 
15.722 2.84 
1.48886 2.5916 
-13.6396 -14.1478 
-28.1341 -12.8652 
-6.6128 1.8532 
-11.006 -7.496 
25.986 23.11 
0.506 0.186 
2.88 -25.02 
0.8506 -12.1392 
-3.8882 -27.7854 
24.118 1.92 
4.61454 9.12471 
0.8554 -16.018 
-13.3174 -13.6827 
26.123 32.768 
-21.0122 21.9591 
23.11 16.8529 
3.91 -18.5568 
-4.924 22.152 
15.722 2.84 
1.48886 2.5916 
-13.6396 -14.1478 
-28.1341 -12.8652 
-6.6128 1.8532 
-11.006 -7.496 
25.986 23.11 
0.506 0.186 
2.88 -25.02 
0.8506 -12.1392 
-3.8882 -27.7854 
24.118 1.92 
4.61454 9.12471 
0.8554 -16.018 
-13.3174 -13.6827 
26.123 32.768 
---end
-21.0122 21.9591 
23.11 16.8529 
3.91 -18.5568 
-4.924 22.152 
15.722 2.84 
1.48886 2.5916 
-13.6396 -14.1478 
-28.1341 -12.8652 
-6.6128 1.8532 
-11.006 -7.496 
25.986 23.11 
0.506 0.186 
2.88 -25.02 
0.8506 -12.1392 
-3.8882 -27.7854 
24.118 1.92 
4.61454 9.12471 
0.8554 -16.018 
-13.3174 -13.6827 
26.123 32.768 
-21.0122 21.9591 
23.11 16.8529 
3.91 -18.5568 
-4.924 22.152 
15.722 2.84 
1.48886 2.5916 
-13.6396 -14.1478 
-28.1341 -12.8652 
-6.6128 1.8532 
-11.006 -7.496 
25.986 23.11 
0.506 0.186 
2.88 -25.02 
0.8506 -12.1392 
-3.8882 -27.7854 
24.118 1.92 
4.61454 9.12471 
0.8554 -16.018 
-13.3174 -13.6827 
26.123 32.768 
---end
-21.0122 21.9591 
23.11 16.8529 
3.91 -18.5568 
-4.924 22.152 
15.722 2.84 
1.48886 2.5916 
-13.6396 -14.1478 
-28.1341 -12.8652 
-6.6128 1.8532 
-11.006 -7.496 
25.986 23.11 
0.506 0.186 
2.88 -25.02 
0.8506 -12.1392 
-3.8882 -27.7854 
24.118 1.92 
4.61454 9.12471 
0.8554 -16.018 
-13.3174 -13.6827 
26.123 32.768 
-21.0122 21.9591 
23.11 16.8529 
3.91 -18.5568 
-4.924 22.152 
15.722 2.84 
1.48886 2.5916 
-13.6396 -14.1478 
-28.1341 -12.8652 
-6.6128 1.8532 
-11.006 -7.496 
25.986 23.11 
0.506 0.186 
2.88 -25.02 
0.8506 -12.1392 
-3.8882 -27.7854 
24.118 1.92 
4.61454 9.12471 
0.8554 -16.018 
-13.3174 -13.6827 
26.123 32.768 
---end
-21.0122 21.9591 
23.11 16.8529 
3.91 -18.5568 
-4.924 22.152 
15.722 2.84 
1.48886 2.5916 
-13.6396 -14.1478 
-28.1341 -12.8652 
-6.6128 1.8532 
-11.006 -7.496 
25.986 23.11 
0.506 0.186 
2.88 -25.02 
0.8506 -12.1392 
-3.8882 -27.7854 
24.118 1.92 
4.61454 9.12471 
0.8554 -16.018 
-13.3174 -13.6827 
26.123 32.768 
-21.0122 21.9591 
23.11 16.8529 
3.91 -18.5568 
-4.924 22.152 
15.722 2.84 
1.48886 2.5916 
-13.6396 -14.1478 
-28.1341 -12.8652 
-6.6128 1.8532 
-11.006 -7.496 
25.986 23.11 
0.506 0.186 
2.88 -25.02 
0.8506 -12.1392 
-3.8882 -27.7854 
24.118 1.92 
4.61454 9.12471 
0.8554 -16.018 
-13.3174 -13.6827 
26.123 32.768 
---end
-21.0122 21.9591 
23.11 16.8529 
3.91 -18.5568 
-4.924 22.152 
15.722 2.84 
1.48886 2.5916 
-13.6396 -14.1478 
-28.1341 -12.8652 
-6.6128 1.8532 
-11.006 -7.496 
25.986 23.11 
0.506 0.186 
2.88 -25.02 
0.8506 -12.1392 
-3.8882 -27.7854 
24.118 1.92 
4.61454 9.12471 
0.8554 -16.018 
-13.3174 -13.6827 
26.123 32.768 
-21.0122 21.9591 
23.11 16.8529 
3.91 -18.5568 
-4.924 22.152 
15.722 2.84 
1.48886 2.5916 
-13.6396 -14.1478 
-28.1341 -12.8652 
-6.6128 1.8532 
-11.006 -7.496 
25.986 23.11 
0.506 0.186 
2.88 -25.02 
0.8506 -12.1392 
-3.8882 -27.7854 
24.118 1.92 
4.61454 9.12471 
0.8554 -16.018 
-13.3174 -13.6827 
26.123 32.768 
---end
-21.0122 21.9591 
23.11 16.8529 
3.91 -18.5568 
-4.924 22.152 
15.722 2.84 
1.48886 2.5916 
-13.6396 -14.1478 
-28.1341 -12.8652 
-6.6128 1.8532 
-11.006 -7.496 
25.986 23.11 
0.506 0.186 
2.88 -25.02 
0.8506 -12.1392 
-3.8882 -27.7854 
24.118 1.92 
4.61454 9.12471 
0.8554 -16.018 
-13.3174 -13.6827 
26.123 32.768 
-21.0122 21.9591 
23.11 16.8529 
3.91 -18.5568 
-4.924 22.152 
15.722 2.84 
1.48886 2.5916 
-13.6396 -14.1478 
-28.1341 -12.8652 
-6.6128 1.8532 
-11.006 -7.496 
25.986 23.11 
0.506 0.186 
2.88 -25.02 
0.8506 -12.1392 
-3.8882 -27.7854 
24.118 1.92 
4.61454 9.12471 
0.8554 -16.018 
-13.3174 -13.6827 
26.123 32.768 
---end
-21.0122 21.9591 
23.11 16.8529 
3.91 -18.5568 
-4.924 22.152 
15.722 2.84 
1.48886 2.5916 
-13.6396 -14.1478 
-28.1341 -12.8652 
-6.6128 1.8532 
-11.006 -7.496 
25.986 23.11 
0.506 0.186 
2.88 -25.02 
0.8506 -12.1392 
-3.8882 -27.7854 
24.118 1.92 
4.61454 9.12471 
0.8554 -16.018 
-13.3174 -13.6827 
26.123 32.768 
-21.0122 21.9591 
23.11 16.8529 
3.91 -18.5568 
-4.924 22.152 
15.722 2.84 
1.48886 2.5916 
-13.6396 -14.1478 
-28.1341 -12.8652 
-6.6128 1.8532 
-11.006 -7.496 
25.986 23.11 
0.506 0.186 
2.88 -25.02 
0.8506 -12.1392 
-3.8882 -27.7854 
24.118 1.92 
4.61454 9.12471 
0.8554 -16.018 
-13.3174 -13.6827 
26.123 32.768 
---end
-21.0122 21.9591 
23.11 16.8529 
3.91 -18.5568 
-4.924 22.152 
15.722 2.84 
1.48886 2.5916 
-13.6396 -14.1478 
-28.1341 -12.8652 
-6.6128 1.8532 
-11.006 -7.496 
25.986 23.11 
0.506 0.186 
2.88 -25.02 
0.8506 -12.1392 
-3.8882 -27.7854 
24.118 1.92 
4.61454 9.12471 
0.8554 -16.018 
-13.3174 -13.6827 
26.123 32.768 
-21.0122 21.9591 
23.11 16.8529 
3.91 -18.5568 
-4.924 22.152 
15.722 2.84 
1.48886 2.5916 
-13.6396 -14.1478 
-28.1341 -12.8652 
-6.6128 1.8532 
-11.006 -7.496 
25.986 23.11 
0.506 0.186 
2.88 -25.02 
0.8506 -12.1392 
-3.8882 -27.7854 
24.118 1.92 
4.61454 9.12471 
0.8554 -16.018 
-13.3174 -13.6827 
26.123 32.768 
---end
-21.0122 21.9591 
23.11 16.8529 
3.91 -18.5568 
-4.924 22.152 
15.722 2.84 
1.48886 2.5916 
-13.6396 -14.1478 
-28.1341 -12.8652 
-6.6128 1.8532 
-11.006 -7.496 
25.986 23.11 
0.506 0.186 
2.88 -25.02 
0.8506 -12.1392 
-3.8882 -27.7854 
24.118 1.92 
4.61454 9.12471 
0.8554 -16.018 
-13.3174 -13.6827 
26.123 32.768 
-21.0122 21.9591 
23.11 16.8529 
3.91 -18.5568 
-4.924 22.152 
15.722 2.84 
1.48886 2.5916 
-13.6396 -14.1478 
-28.1341 -12.8652 
-6.6128 1.8532 
-11.006 -7.496 
25.986 23.11 
0.506 0.186 
2.88 -25.02 
0.8506 -12.1392 
-3.8882 -27.7854 
24.118 1.92 
4.61454 9.12471 
0.8554 -16.018 
-13.3174 -13.6827 
26.123 32.768 
---end
-21.0122 21.9591 
23.11 16.8529 
3.91 -18.5568 
-4.924 22.152 
15.722 2.84 
1.48886 2.5916 
-13.6396 -14.1478 
-28.1341 -12.8652 
-6.6128 1.8532 
-11.006 -7.496 
25.986 23.11 
0.506 0.186 
2.88 -25.02 
0.8506 -12.1392 
-3.8882 -27.7854 
24.118 1.92 
4.61454 9.12471 
0.8554 -16.018 
-13.3174 -13.6827 
26.123 32.768 
-21.0122 21.9591 
23.11 16.8529 
3.91 -18.5568 
-4.924 22.152 
15.722 2.84 
1.48886 2.5916 
-13.6396 -14.1478 
-28.1341 -12.8652 
-6.6128 1.8532 
-11.006 -7.496 
25.986 23.11 
0.506 0.186 
2.88 -25.02 
0.8506 -12.1392 
-3.8882 -27.7854 
24.118 1.92 
4.61454 9.12471 
0.8554 -16.018 
-13.3174 -13.6827 
26.123 32.768 
---end
-21.0122 21.9591 
23.11 16.8529 
3.91 -18.5568 
-4.924 22.152 
15.722 2.84 
1.48886 2.5916 
-13.6396 -14.1478 
-28.1341 -12.8652 
-6.6128 1.8532 
-11.006 -7.496 
25.986 23.11 
0.506 0.186 
2.88 -25.02 
0.8506 -12.1392 
-3.8882 -27.7854 
24.118 1.92 
4.61454 9.12471 
0.8554 -16.018 
-13.3174 -13.6827 
26.123 32.768 
-21.0122 21.9591 
23.11 16.8529 
3.91 -18.5568 
-4.924 22.152 
15.722 2.84 
1.48886 2.5916 
-13.6396 -14.1478 
-28.1341 -12.8652 
-6.6128 1.8532 
-11.006 -7.496 
25.986 23.11 
0.506 0.186 
2.88 -25.02 
0.8506 -12.1392 
-3.8882 -27.7854 
24.118 1.92 
4.61454 9.12471 
0.8554 -16.018 
-13.3174 -13.6827 
26.123 32.768 
---end
-21.0122 21.9591 
23.11 16.8529 
3.91 -18.5568 
-4.924 22.152 
15.722 2.84 
1.48886 2.5916 
-13.6396 -14.1478 
-28.1341 -12.8652 
-6.6128 1.8532 
-11.006 -7.496 
25.986 23.11 
0.506 0.186 
2.88 -25.02 
0.8506 -12.1392 
-3.8882 -27.7854 
24.118 1.92 
4.61454 9.12471 
0.8554 -16.018 
-13.3174 -13.6827 
26.123 32.768 
-21.0122 21.9591 
23.11 16.8529 
3.91 -18.5568 
-4.924 22.152 
15.722 2.84 
1.48886 2.5916 
-13.6396 -14.1478 
-28.1341 -12.8652 
-6.6128 1.8532 
-11.006 -7.496 
25.986 23.11 
0.506 0.186 
2.88 -25.02 
0.8506 -12.1392 
-3.8882 -27.7854 
24.118 1.92 
4.61454 9.12471 
0.8554 -16.018 
-13.3174 -13.6827 
26.123 32.768 
---end
-21.0122 21.9591 
23.11 16.8529 
3.91 -18.5568 
-4.924 22.152 
15.722 2.84 
1.48886 2.5916 
-13.6396 -14.1478 
-28.1341 -12.8652 
-6.6128 1.8532 
-11.006 -7.496 
25.986 23.11 
0.506 0.186 
2.88 -25.02 
0.8506 -12.1392 
-3.8882 -27.7854 
24.118 1.92 
4.61454 9.12471 
0.8554 -16.018 
-13.3174 -13.6827 
26.123 32.768 
-21.0122 21.9591 
23.11 16.8529 
3.91 -18.5568 
-4.924 22.152 
15.722 2.84 
1.48886 2.5916 
-13.6396 -14.1478 
-28.1341 -12.8652 
-6.6128 1.8532 
-11.006 -7.496 
25.986 23.11 
0.506 0.186 
2.88 -25.02 
0.8506 -12.1392 
-3.8882 -27.7854 
24.118 1.92 
4.61454 9.12471 
0.8554 -16.018 
-13.3174 -13.6827 
26.123 32.768 
---end
-21.0122 21.9591 
23.11 16.8529 
3.91 -18.5568 
-4.924 22.152 
15.722 2.84 
1.48886 2.5916 
-13.6396 -14.1478 
-28.1341 -12.8652 
-6.6128 1.8532 
-11.006 -7.496 
25.986 23.11 
0.506 0.186 
2.88 -25.02 
0.8506 -12.1392 
-3.8882 -27.7854 
24.118 1.92 
4.61454 9.12471 
0.8554 -16.018 
-13.3174 -13.6827 
26.123 32.768 
-21.0122 21.9591 
23.11 16.8529 
3.91 -18.5568 
-4.924 22.152 
15.722 2.84 
1.48886 2.5916 
-13.6396 -14.1478 
-28.1341 -12.8652 
-6.6128 1.8532 
-11.006 -7.496 
25.986 23.11 
0.506 0.186 
2.88 -25.02 
0.8506 -12.1392 
-3.8882 -27.7854 
24.118 1.92 
4.61454 9.12471 
0.8554 -16.018 
-13.3174 -13.6827 
26.123 32.768 
---end
-21.0122 21.9591 
23.11 16.8529 
3.91 -18.5568 
-4.924 22.152 
15.722 2.84 
1.48886 2.5916 
-13.6396 -14.1478 
-28.1341 -12.8652 
-6.6128 1.8532 
-11.006 -7.496 
25.986 23.11 
0.506 0.186 
2.88 -25.02 
0.8506 -12.1392 
-3.8882 -27.7854 
24.118 1.92 
4.61454 9.12471 
0.8554 -16.018 
-13.3174 -13.6827 
26.123 32.768 
-21.0122 21.9591 
23.11 16.8529 
3.91 -18.5568 
-4.924 22.152 
15.722 2.84 
1.48886 2.5916 
-13.6396 -14.1478 
-28.1341 -12.8652 
-6.6128 1.8532 
-11.006 -7.496 
25.986 23.11 
0.506 0.186 
2.88 -25.02 
0.8506 -12.1392 
-3.8882 -27.7854 
24.118 1.92 
4.61454 9.12471 
0.8554 -16.018 
-13.3174 -13.6827 
26.123 32.768 
---end
-21.0122 21.9591 
23.11 16.8529 
3.91 -18.5568 
-4.924 22.152 
15.722 2.84 
1.48886 2.5916 
-13.6396 -14.1478 
-28.1341 -12.8652 
-6.6128 1.8532 
-11.006 -7.496 
25.986 23.11 
0.506 0.186 
2.88 -25.02 
0.8506 -12.1392 
-3.8882 -27.7854 
24.118 1.92 
4.61454 9.12471 
0.8554 -16.018 
-13.3174 -13.6827 
26.123 32.768 
-21.0122 21.9591 
23.11 16.8529 
3.91 -18.5568 
-4.924 22.152 
15.722 2.84 
1.48886 2.5916 
-13.6396 -14.1478 
-28.1341 -12.8652 
-6.6128 1.8532 
-11.006 -7.496 
25.986 23.11 
0.506 0.186 
2.88 -25.02 
0.8506 -12.1392 
-3.8882 -27.7854 
24.118 1.92 
4.61454 9.12471 
0.8554 -16.018 
-13.3174 -13.6827 
26.123 32.768 
---end
-21.0122 21.9591 
23.11 16.8529 
3.91 -18.5568 
-4.924 22.152 
15.722 2.84 
1.48886 2.5916 
-13.6396 -14.1478 
-28.1341 -12.8652 
-6.6128 1.8532 
-11.006 -7.496 
25.986 23.11 
0.506 0.186 
2.88 -25.02 
0.8506 -12.1392 
-3.8882 -27.7854 
24.118 1.92 
4.61454 9.12471 
0.8554 -16.018 
-13.3174 -13.6827 
26.123 32.768 
-21.0122 21.9591 
23.11 16.8529 
3.91 -18.5568 
-4.924 22.152 
15.722 2.84 
1.48886 2.5916 
-13.6396 -14.1478 
-28.1341 -12.8652 
-6.6128 1.8532 
-11.006 -7.496 
25.986 23.11 
0.506 0.186 
2.88 -25.02 
0.8506 -12.1392 
-3.8882 -27.7854 
24.118 1.92 
4.61454 9.12471 
0.8554 -16.018 
-13.3174 -13.6827 
26.123 32.768 
---end
-21.0122 21.9591 
23.11 16.8529 
3.91 -18.5568 
-4.924 22.152 
15.722 2.84 
1.48886 2.5916 
-13.6396 -14.1478 
-28.1341 -12.8652 
-6.6128 1.8532 
-11.006 -7.496 
25.986 23.11 
0.506 0.186 
2.88 -25.02 
0.8506 -12.1392 
-3.8882 -27.7854 
24.118 1.92 
4.61454 9.12471 
0.8554 -16.018 
-13.3174 -13.6827 
26.123 32.768 
-21.0122 21.9591 
23.11 16.8529 
3.91 -18.5568 
-4.924 22.152 
15.722 2.84 
1.48886 2.5916 
-13.6396 -14.1478 
-28.1341 -12.8652 
-6.6128 1.8532 
-11.006 -7.496 
25.986 23.11 
0.506 0.186 
2.88 -25.02 
0.8506 -12.1392 
-3.8882 -27.7854 
24.118 1.92 
4.61454 9.12471 
0.8554 -16.018 
-13.3174 -13.6827 
26.123 32.768 
---end
-21.0122 21.9591 
23.11 16.8529 
3.91 -18.5568 
-4.924 22.152 
15.722 2.84 
1.48886 2.5916 
-13.6396 -14.1478 
-28.1341 -12.8652 
-6.6128 1.8532 
-11.006 -7.496 
25.986 23.11 
0.506 0.186 
2.88 -25.02 
0.8506 -12.1392 
-3.8882 -27.7854 
24.118 1.92 
4.61454 9.12471 
0.8554 -16.018 
-13.3174 -13.6827 
26.123 32.768 
-21.0122 21.9591 
23.11 16.8529 
3.91 -18.5568 
-4.924 22.152 
15.722 2.84 
1.48886 2.5916 
-13.6396 -14.1478 
-28.1341 -12.8652 
-6.6128 1.8532 
-11.006 -7.496 
25.986 23.11 
0.506 0.186 
2.88 -25.02 
0.8506 -12.1392 
-3.8882 -27.7854 
24.118 1.92 
4.61454 9.12471 
0.8554 -16.018 
-13.3174 -13.6827 
26.123 32.768 
---end
-21.0122 21.9591 
23.11 16.8529 
3.91 -18.5568 
-4.924 22.152 
15.722 2.84 
1.48886 2.5916 
-13.6396 -14.1478 
-28.1341 -12.8652 
-6.6128 1.8532 
-11.006 -7.496 
25.986 23.11 
0.506 0.186 
2.88 -25.02 
0.8506 -12.1392 
-3.8882 -27.7854 
24.118 1.92 
4.61454 9.12471 
0.8554 -16.018 
-13.3174 -13.6827 
26.123 32.768 
-21.0122 21.9591 
23.11 16.8529 
3.91 -18.5568 
-4.924 22.152 
15.722 2.84 
1.48886 2.5916 
-13.6396 -14.1478 
-28.1341 -12.8652 
-6.6128 1.8532 
-11.006 -7.496 
25.986 23.11 
0.506 0.186 
2.88 -25.02 
0.8506 -12.1392 
-3.8882 -27.7854 
24.118 1.92 
4.61454 9.12471 
0.8554 -16.018 
-13.3174 -13.6827 
26.123 32.768 
---end
-21.0122 21.9591 
23.11 16.8529 
3.91 -18.5568 
-4.924 22.152 
15.722 2.84 
1.48886 2.5916 
-13.6396 -14.1478 
-28.1341 -12.8652 
-6.6128 1.8532 
-11.006 -7.496 
25.986 23.11 
0.506 0.186 
2.88 -25.02 
0.8506 -12.1392 
-3.8882 -27.7854 
24.118 1.92 
4.61454 9.12471 
0.8554 -16.018 
-13.3174 -13.6827 
26.123 32.768 
-21.0122 21.9591 
23.11 16.8529 
3.91 -18.5568 
-4.924 22.152 
15.722 2.84 
1.48886 2.5916 
-13.6396 -14.1478 
-28.1341 -12.8652 
-6.6128 1.8532 
-11.006 -7.496 
25.986 23.11 
0.506 0.186 
2.88 -25.02 
0.8506 -12.1392 
-3.8882 -27.7854 
24.118 1.92 
4.61454 9.12471 
0.8554 -16.018 
-13.3174 -13.6827 
26.123 32.768 
---end
-21.0122 21.9591 
23.11 16.8529 
3.91 -18.5568 
-4.924 22.152 
15.722 2.84 
1.48886 2.5916 
-13.6396 -14.1478 
-28.1341 -12.8652 
-6.6128 1.8532 
-11.006 -7.496 
25.986 23.11 
0.506 0.186 
2.88 -25.02 
0.8506 -12.1392 
-3.8882 -27.7854 
24.118 1.92 
4.61454 9.12471 
0.8554 -16.018 
-13.3174 -13.6827 
26.123 32.768 
-21.0122 21.9591 
23.11 16.8529 
3.91 -18.5568 
-4.924 22.152 
15.722 2.84 
1.48886 2.5916 
-13.6396 -14.1478 
-28.1341 -12.8652 
-6.6128 1.8532 
-11.006 -7.496 
25.986 23.11 
0.506 0.186 
2.88 -25.02 
0.8506 -12.1392 
-3.8882 -27.7854 
24.118 1.92 
4.61454 9.12471 
0.8554 -16.018 
-13.3174 -13.6827 
26.123 32.768 
---end
-21.0122 21.9591 
23.11 16.8529 
3.91 -18.5568 
-4.924 22.152 
15.722 2.84 
1.48886 2.5916 
-13.6396 -14.1478 
-28.1341 -12.8652 
-6.6128 1.8532 
-11.006 -7.496 
25.986 23.11 
0.506 0.186 
2.88 -25.02 
0.8506 -12.1392 
-3.8882 -27.7854 
24.118 1.92 
4.61454 9.12471 
0.8554 -16.018 
-13.3174 -13.6827 
26.123 32.768 
-21.0122 21.9591 
23.11 16.8529 
3.91 -18.5568 
-4.924 22.152 
15.722 2.84 
1.48886 2.5916 
-13.6396 -14.1478 
-28.1341 -12.8652 
-6.6128 1.8532 
-11.006 -7.496 
25.986 23.11 
0.506 0.186 
2.88 -25.02 
0.8506 -12.1392 
-3.8882 -27.7854 
24.118 1.92 
4.61454 9.12471 
0.8554 -16.018 
-13.3174 -13.6827 
26.123 32.768 
---end
-21.0122 21.9591 
23.11 16.8529 
3.91 -18.5568 
-4.924 22.152 
15.722 2.84 
1.48886 2.5916 
-13.6396 -14.1478 
-28.1341 -12.8652 
-6.6128 1.8532 
-11.006 -7.496 
25.986 23.11 
0.506 0.186 
2.88 -25.02 
0.8506 -12.1392 
-3.8882 -27.7854 
24.118 1.92 
4.61454 9.12471 
0.8554 -16.018 
-13.3174 -13.6827 
26.123 32.768 
-21.0122 21.9591 
23.11 16.8529 
3.91 -18.5568 
-4.924 22.152 
15.722 2.84 
1.48886 2.5916 
-13.6396 -14.1478 
-28.1341 -12.8652 
-6.6128 1.8532 
-11.006 -7.496 
25.986 23.11 
0.506 0.186 
2.88 -25.02 
0.8506 -12.1392 
-3.8882 -27.7854 
24.118 1.92 
4.61454 9.12471 
0.8554 -16.018 
-13.3174 -13.6827 
26.123 32.768 
---end
-21.0122 21.9591 
23.11 16.8529 
3.91 -18.5568 
-4.924 22.152 
15.722 2.84 
1.48886 2.5916 
-13.6396 -14.1478 
-28.1341 -12.8652 
-6.6128 1.8532 
-11.006 -7.496 
25.986 23.11 
0.506 0.186 
2.88 -25.02 
0.8506 -12.1392 
-3.8882 -27.7854 
24.118 1.92 
4.61454 9.12471 
0.8554 -16.018 
-13.3174 -13.6827 
26.123 32.768 
-21.0122 21.9591 
23.11 16.8529 
3.91 -18.5568 
-4.924 22.152 
15.722 2.84 
1.48886 2.5916 
-13.6396 -14.1478 
-28.1341 -12.8652 
-6.6128 1.8532 
-11.006 -7.496 
25.986 23.11 
0.506 0.186 
2.88 -25.02 
0.8506 -12.1392 
-3.8882 -27.7854 
24.118 1.92 
4.61454 9.12471 
0.8554 -16.018 
-13.3174 -13.6827 
26.123 32.768 
---end
-21.0122 21.9591 
23.11 16.8529 
3.91 -18.5568 
-4.924 22.152 
15.722 2.84 
1.48886 2.5916 
-13.6396 -14.1478 
-28.1341 -12.8652 
-6.6128 1.8532 
-11.006 -7.496 
25.986 23.11 
0.506 0.186 
2.88 -25.02 
0.8506 -12.1392 
-3.8882 -27.7854 
24.118 1.92 
4.61454 9.12471 
0.8554 -16.018 
-13.3174 -13.6827 
26.123 32.768 
-21.0122 21.9591 
23.11 16.8529 
3.91 -18.5568 
-4.924 22.152 
15.722 2.84 
1.48886 2.5916 
-13.6396 -14.1478 
-28.1341 -12.8652 
-6.6128 1.8532 
-11.006 -7.496 
25.986 23.11 
0.506 0.186 
2.88 -25.02 
0.8506 -12.1392 
-3.8882 -27.7854 
24.118 1.92 
4.61454 9.12471 
0.8554 -16.018 
-13.3174 -13.6827 
26.123 32.768 
---end
-21.0122 21.9591 
23.11 16.8529 
3.91 -18.5568 
-4.924 22.152 
15.722 2.84 
1.48886 2.5916 
-13.6396 -14.1478 
-28.1341 -12.8652 
-6.6128 1.8532 
-11.006 -7.496 
25.986 23.11 
0.506 0.186 
2.88 -25.02 
0.8506 -12.1392 
-3.8882 -27.7854 
24.118 1.92 
4.61454 9.12471 
0.8554 -16.018 
-13.3174 -13.6827 
26.123 32.768 
-21.0122 21.9591 
23.11 16.8529 
3.91 -18.5568 
-4.924 22.152 
15.722 2.84 
1.48886 2.5916 
-13.6396 -14.1478 
-28.1341 -12.8652 
-6.6128 1.8532 
-11.006 -7.496 
25.986 23.11 
0.506 0.186 
2.88 -25.02 
0.8506 -12.1392 
-3.8882 -27.7854 
24.118 1.92 
4.61454 9.12471 
0.8554 -16.018 
-13.3174 -13.6827 
26.123 32.768 
---end
-21.0122 21.9591 
23.11 16.8529 
3.91 -18.5568 
-4.924 22.152 
15.722 2.84 
1.48886 2.5916 
-13.6396 -14.1478 
-28.1341 -12.8652 
-6.6128 1.8532 
-11.006 -7.496 
25.986 23.11 
0.506 0.186 
2.88 -25.02 
0.8506 -12.1392 
-3.8882 -27.7854 
24.118 1.92 
4.61454 9.12471 
0.8554 -16.018 
-13.3174 -13.6827 
26.123 32.768 
-21.0122 21.9591 
23.11 16.8529 
3.91 -18.5568 
-4.924 22.152 
15.722 2.84 
1.48886 2.5916 
-13.6396 -14.1478 
-28.1341 -12.8652 
-6.6128 1.8532 
-11.006 -7.496 
25.986 23.11 
0.506 0.186 
2.88 -25.02 
0.8506 -12.1392 
-3.8882 -27.7854 
24.118 1.92 
4.61454 9.12471 
0.8554 -16.018 
-13.3174 -13.6827 
26.123 32.768 
---end
-21.0122 21.9591 
23.11 16.8529 
3.91 -18.5568 
-4.924 22.152 
15.722 2.84 
1.48886 2.5916 
-13.6396 -14.1478 
-28.1341 -12.8652 
-6.6128 1.8532 
-11.006 -7.496 
25.986 23.11 
0.506 0.186 
2.88 -25.02 
0.8506 -12.1392 
-3.8882 -27.7854 
24.118 1.92 
4.61454 9.12471 
0.8554 -16.018 
-13.3174 -13.6827 
26.123 32.768 
-21.0122 21.9591 
23.11 16.8529 
3.91 -18.5568 
-4.924 22.152 
15.722 2.84 
1.48886 2.5916 
-13.6396 -14.1478 
-28.1341 -12.8652 
-6.6128 1.8532 
-11.006 -7.496 
25.986 23.11 
0.506 0.186 
2.88 -25.02 
0.8506 -12.1392 
-3.8882 -27.7854 
24.118 1.92 
4.61454 9.12471 
0.8554 -16.018 
-13.3174 -13.6827 
26.123 32.768 
---end
-21.0122 21.9591 
23.11 16.8529 
3.91 -18.5568 
-4.924 22.152 
15.722 2.84 
1.48886 2.5916 
-13.6396 -14.1478 
-28.1341 -12.8652 
-6.6128 1.8532 
-11.006 -7.496 
25.986 23.11 
0.506 0.186 
2.88 -25.02 
0.8506 -12.1392 
-3.8882 -27.7854 
24.118 1.92 
4.61454 9.12471 
0.8554 -16.018 
-13.3174 -13.6827 
26.123 32.768 
-21.0122 21.9591 
23.11 16.8529 
3.91 -18.5568 
-4.924 22.152 
15.722 2.84 
1.48886 2.5916 
-13.6396 -14.1478 
-28.1341 -12.8652 
-6.6128 1.8532 
-11.006 -7.496 
25.986 23.11 
0.506 0.186 
2.88 -25.02 
0.8506 -12.1392 
-3.8882 -27.7854 
24.118 1.92 
4.61454 9.12471 
0.8554 -16.018 
-13.3174 -13.6827 
26.123 32.768 
---end
-21.0122 21.9591 
23.11 16.8529 
3.91 -18.5568 
-4.924 22.152 
15.722 2.84 
1.48886 2.5916 
-13.6396 -14.1478 
-28.1341 -12.8652 
-6.6128 1.8532 
-11.006 -7.496 
25.986 23.11 
0.506 0.186 
2.88 -25.02 
0.8506 -12.1392 
-3.8882 -27.7854 
24.118 1.92 
4.61454 9.12471 
0.8554 -16.018 
-13.3174 -13.6827 
26.123 32.768 
-21.0122 21.9591 
23.11 16.8529 
3.91 -18.5568 
-4.924 22.152 
15.722 2.84 
1.48886 2.5916 
-13.6396 -14.1478 
-28.1341 -12.8652 
-6.6128 1.8532 
-11.006 -7.496 
25.986 23.11 
0.506 0.186 
2.88 -25.02 
0.8506 -12.1392 
-3.8882 -27.7854 
24.118 1.92 
4.61454 9.12471 
0.8554 -16.018 
-13.3174 -13.6827 
26.123 32.768 
---end
-21.0122 21.9591 
23.11 16.8529 
3.91 -18.5568 
-4.924 22.152 
15.722 2.84 
1.48886 2.5916 
-13.6396 -14.1478 
-28.1341 -12.8652 
-6.6128 1.8532 
-11.006 -7.496 
25.986 23.11 
0.506 0.186 
2.88 -25.02 
0.8506 -12.1392 
-3.8882 -27.7854 
24.118 1.92 
4.61454 9.12471 
0.8554 -16.018 
-13.3174 -13.6827 
26.123 32.768 
-21.0122 21.9591 
23.11 16.8529 
3.91 -18.5568 
-4.924 22.152 
15.722 2.84 
1.48886 2.5916 
-13.6396 -14.1478 
-28.1341 -12.8652 
-6.6128 1.8532 
-11.006 -7.496 
25.986 23.11 
0.506 0.186 
2.88 -25.02 
0.8506 -12.1392 
-3.8882 -27.7854 
24.118 1.92 
4.61454 9.12471 
0.8554 -16.018 
-13.3174 -13.6827 
26.123 32.768 
---end
-21.0122 21.9591 
23.11 16.8529 
3.91 -18.5568 
-4.924 22.152 
15.722 2.84 
1.48886 2.5916 
-13.6396 -14.1478 
-28.1341 -12.8652 
-6.6128 1.8532 
-11.006 -7.496 
25.986 23.11 
0.506 0.186 
2.88 -25.02 
0.8506 -12.1392 
-3.8882 -27.7854 
24.118 1.92 
4.61454 9.12471 
0.8554 -16.018 
-13.3174 -13.6827 
26.123 32.768 
-21.0122 21.9591 
23.11 16.8529 
3.91 -18.5568 
-4.924 22.152 
15.722 2.84 
1.48886 2.5916 
-13.6396 -14.1478 
-28.1341 -12.8652 
-6.6128 1.8532 
-11.006 -7.496 
25.986 23.11 
0.506 0.186 
2.88 -25.02 
0.8506 -12.1392 
-3.8882 -27.7854 
24.118 1.92 
4.61454 9.12471 
0.8554 -16.018 
-13.3174 -13.6827 
26.123 32.768 
---end
-21.0122 21.9591 
23.11 16.8529 
3.91 -18.5568 
-4.924 22.152 
15.722 2.84 
1.48886 2.5916 
-13.6396 -14.1478 
-28.1341 -12.8652 
-6.6128 1.8532 
-11.006 -7.496 
25.986 23.11 
0.506 0.186 
2.88 -25.02 
0.8506 -12.1392 
-3.8882 -27.7854 
24.118 1.92 
4.61454 9.12471 
0.8554 -16.018 
-13.3174 -13.6827 
26.123 32.768 
-21.0122 21.9591 
23.11 16.8529 
3.91 -18.5568 
-4.924 22.152 
15.722 2.84 
1.48886 2.5916 
-13.6396 -14.1478 
-28.1341 -12.8652 
-6.6128 1.8532 
-11.006 -7.496 
25.986 23.11 
0.506 0.186 
2.88 -25.02 
0.8506 -12.1392 
-3.8882 -27.7854 
24.118 1.92 
4.61454 9.12471 
0.8554 -16.018 
-13.3174 -13.6827 
26.123 32.768 
---end
-21.0122 21.9591 
23.11 16.8529 
3.91 -18.5568 
-4.924 22.152 
15.722 2.84 
1.48886 2.5916 
-13.6396 -14.1478 
-28.1341 -12.8652 
-6.6128 1.8532 
-11.006 -7.496 
25.986 23.11 
0.506 0.186 
2.88 -25.02 
0.8506 -12.1392 
-3.8882 -27.7854 
24.118 1.92 
4.61454 9.12471 
0.8554 -16.018 
-13.3174 -13.6827 
26.123 32.768 
-21.0122 21.9591 
23.11 16.8529 
3.91 -18.5568 
-4.924 22.152 
15.722 2.84 
1.48886 2.5916 
-13.6396 -14.1478 
-28.1341 -12.8652 
-6.6128 1.8532 
-11.006 -7.496 
25.986 23.11 
0.506 0.186 
2.88 -25.02 
0.8506 -12.1392 
-3.8882 -27.7854 
24.118 1.92 
4.61454 9.12471 
0.8554 -16.018 
-13.3174 -13.6827 
26.123 32.768 
---end
-21.0122 21.9591 
23.11 16.8529 
3.91 -18.5568 
-4.924 22.152 
15.722 2.84 
1.48886 2.5916 
-13.6396 -14.1478 
-28.1341 -12.8652 
-6.6128 1.8532 
-11.006 -7.496 
25.986 23.11 
0.506 0.186 
2.88 -25.02 
0.8506 -12.1392 
-3.8882 -27.7854 
24.118 1.92 
4.61454 9.12471 
0.8554 -16.018 
-13.3174 -13.6827 
26.123 32.768 
-21.0122 21.9591 
23.11 16.8529 
3.91 -18.5568 
-4.924 22.152 
15.722 2.84 
1.48886 2.5916 
-13.6396 -14.1478 
-28.1341 -12.8652 
-6.6128 1.8532 
-11.006 -7.496 
25.986 23.11 
0.506 0.186 
2.88 -25.02 
0.8506 -12.1392 
-3.8882 -27.7854 
24.118 1.92 
4.61454 9.12471 
0.8554 -16.018 
-13.3174 -13.6827 
26.123 32.768 
---end
-21.0122 21.9591 
23.11 16.8529 
3.91 -18.5568 
-4.924 22.152 
15.722 2.84 
1.48886 2.5916 
-13.6396 -14.1478 
-28.1341 -12.8652 
-6.6128 1.8532 
-11.006 -7.496 
25.986 23.11 
0.506 0.186 
2.88 -25.02 
0.8506 -12.1392 
-3.8882 -27.7854 
24.118 1.92 
4.61454 9.12471 
0.8554 -16.018 
-13.3174 -13.6827 
26.123 32.768 
-21.0122 21.9591 
23.11 16.8529 
3.91 -18.5568 
-4.924 22.152 
15.722 2.84 
1.48886 2.5916 
-13.6396 -14.1478 
-28.1341 -12.8652 
-6.6128 1.8532 
-11.006 -7.496 
25.986 23.11 
0.506 0.186 
2.88 -25.02 
0.8506 -12.1392 
-3.8882 -27.7854 
24.118 1.92 
4.61454 9.12471 
0.8554 -16.018 
-13.3174 -13.6827 
26.123 32.768 
---end
-21.0122 21.9591 
23.11 16.8529 
3.91 -18.5568 
-4.924 22.152 
15.722 2.84 
1.48886 2.5916 
-13.6396 -14.1478 
-28.1341 -12.8652 
-6.6128 1.8532 
-11.006 -7.496 
25.986 23.11 
0.506 0.186 
2.88 -25.02 
0.8506 -12.1392 
-3.8882 -27.7854 
24.118 1.92 
4.61454 9.12471 
0.8554 -16.018 
-13.3174 -13.6827 
26.123 32.768 
-21.0122 21.9591 
23.11 16.8529 
3.91 -18.5568 
-4.924 22.152 
15.722 2.84 
1.48886 2.5916 
-13.6396 -14.1478 
-28.1341 -12.8652 
-6.6128 1.8532 
-11.006 -7.496 
25.986 23.11 
0.506 0.186 
2.88 -25.02 
0.8506 -12.1392 
-3.8882 -27.7854 
24.118 1.92 
4.61454 9.12471 
0.8554 -16.018 
-13.3174 -13.6827 
26.123 32.768 
---end
-21.0122 21.9591 
23.11 16.8529 
3.91 -18.5568 
-4.924 22.152 
15.722 2.84 
1.48886 2.5916 
-13.6396 -14.1478 
-28.1341 -12.8652 
-6.6128 1.8532 
-11.006 -7.496 
25.986 23.11 
0.506 0.186 
2.88 -25.02 
0.8506 -12.1392 
-3.8882 -27.7854 
24.118 1.92 
4.61454 9.12471 
0.8554 -16.018 
-13.3174 -13.6827 
26.123 32.768 
-21.0122 21.9591 
23.11 16.8529 
3.91 -18.5568 
-4.924 22.152 
15.722 2.84 
1.48886 2.5916 
-13.6396 -14.1478 
-28.1341 -12.8652 
-6.6128 1.8532 
-11.006 -7.496 
25.986 23.11 
0.506 0.186 
2.88 -25.02 
0.8506 -12.1392 
-3.8882 -27.7854 
24.118 1.92 
4.61454 9.12471 
0.8554 -16.018 
-13.3174 -13.6827 
26.123 32.768 
---end
-21.0122 21.9591 
23.11 16.8529 
3.91 -18.5568 
-4.924 22.152 
15.722 2.84 
1.48886 2.5916 
-13.6396 -14.1478 
-28.1341 -12.8652 
-6.6128 1.8532 
-11.006 -7.496 
25.986 23.11 
0.506 0.186 
2.88 -25.02 
0.8506 -12.1392 
-3.8882 -27.7854 
24.118 1.92 
4.61454 9.12471 
0.8554 -16.018 
-13.3174 -13.6827 
26.123 32.768 
-21.0122 21.9591 
23.11 16.8529 
3.91 -18.5568 
-4.924 22.152 
15.722 2.84 
1.48886 2.5916 
-13.6396 -14.1478 
-28.1341 -12.8652 
-6.6128 1.8532 
-11.006 -7.496 
25.986 23.11 
0.506 0.186 
2.88 -25.02 
0.8506 -12.1392 
-3.8882 -27.7854 
24.118 1.92 
4.61454 9.12471 
0.8554 -16.018 
-13.3174 -13.6827 
26.123 32.768 
---end
-21.0122 21.9591 
23.11 16.8529 
3.91 -18.5568 
-4.924 22.152 
15.722 2.84 
1.48886 2.5916 
-13.6396 -14.1478 
-28.1341 -12.8652 
-6.6128 1.8532 
-11.006 -7.496 
25.986 23.11 
0.506 0.186 
2.88 -25.02 
0.8506 -12.1392 
-3.8882 -27.7854 
24.118 1.92 
4.61454 9.12471 
0.8554 -16.018 
-13.3174 -13.6827 
26.123 32.768 
-21.0122 21.9591 
23.11 16.8529 
3.91 -18.5568 
-4.924 22.152 
15.722 2.84 
1.48886 2.5916 
-13.6396 -14.1478 
-28.1341 -12.8652 
-6.6128 1.8532 
-11.006 -7.496 
25.986 23.11 
0.506 0.186 
2.88 -25.02 
0.8506 -12.1392 
-3.8882 -27.7854 
24.118 1.92 
4.61454 9.12471 
0.8554 -16.018 
-13.3174 -13.6827 
26.123 32.768 
---end
-21.0122 21.9591 
23.11 16.8529 
3.91 -18.5568 
-4.924 22.152 
15.722 2.84 
1.48886 2.5916 
-13.6396 -14.1478 
-28.1341 -12.8652 
-6.6128 1.8532 
-11.006 -7.496 
25.986 23.11 
0.506 0.186 
2.88 -25.02 
0.8506 -12.1392 
-3.8882 -27.7854 
24.118 1.92 
4.61454 9.12471 
0.8554 -16.018 
-13.3174 -13.6827 
26.123 32.768 
-21.0122 21.9591 
23.11 16.8529 
3.91 -18.5568 
-4.924 22.152 
15.722 2.84 
1.48886 2.5916 
-13.6396 -14.1478 
-28.1341 -12.8652 
-6.6128 1.8532 
-11.006 -7.496 
25.986 23.11 
0.506 0.186 
2.88 -25.02 
0.8506 -12.1392 
-3.8882 -27.7854 
24.118 1.92 
4.61454 9.12471 
0.8554 -16.018 
-13.3174 -13.6827 
26.123 32.768 
---end
-21.0122 21.9591 
23.11 16.8529 
3.91 -18.5568 
-4.924 22.152 
15.722 2.84 
1.48886 2.5916 
-13.6396 -14.1478 
-28.1341 -12.8652 
-6.6128 1.8532 
-11.006 -7.496 
25.986 23.11 
0.506 0.186 
2.88 -25.02 
0.8506 -12.1392 
-3.8882 -27.7854 
24.118 1.92 
4.61454 9.12471 
0.8554 -16.018 
-13.3174 -13.6827 
26.123 32.768 
-21.0122 21.9591 
23.11 16.8529 
3.91 -18.5568 
-4.924 22.152 
15.722 2.84 
1.48886 2.5916 
-13.6396 -14.1478 
-28.1341 -12.8652 
-6.6128 1.8532 
-11.006 -7.496 
25.986 23.11 
0.506 0.186 
2.88 -25.02 
0.8506 -12.1392 
-3.8882 -27.7854 
24.118 1.92 
4.61454 9.12471 
0.8554 -16.018 
-13.3174 -13.6827 
26.123 32.768 
---end
-21.0122 21.9591 
23.11 16.8529 
3.91 -18.5568 
-4.924 22.152 
15.722 2.84 
1.48886 2.5916 
-13.6396 -14.1478 
-28.1341 -12.8652 
-6.6128 1.8532 
-11.006 -7.496 
25.986 23.11 
0.506 0.186 
2.88 -25.02 
0.8506 -12.1392 
-3.8882 -27.7854 
24.118 1.92 
4.61454 9.12471 
0.8554 -16.018 
-13.3174 -13.6827 
26.123 32.768 
-21.0122 21.9591 
23.11 16.8529 
3.91 -18.5568 
-4.924 22.152 
15.722 2.84 
1.48886 2.5916 
-13.6396 -14.1478 
-28.1341 -12.8652 
-6.6128 1.8532 
-11.006 -7.496 
25.986 23.11 
0.506 0.186 
2.88 -25.02 
0.8506 -12.1392 
-3.8882 -27.7854 
24.118 1.92 
4.61454 9.12471 
0.8554 -16.018 
-13.3174 -13.6827 
26.123 32.768 
---end
-21.0122 21.9591 
23.11 16.8529 
3.91 -18.5568 
-4.924 22.152 
15.722 2.84 
1.48886 2.5916 
-13.6396 -14.1478 
-28.1341 -12.8652 
-6.6128 1.8532 
-11.006 -7.496 
25.986 23.11 
0.506 0.186 
2.88 -25.02 
0.8506 -12.1392 
-3.8882 -27.7854 
24.118 1.92 
4.61454 9.12471 
0.8554 -16.018 
-13.3174 -13.6827 
26.123 32.768 
-21.0122 21.9591 
23.11 16.8529 
3.91 -18.5568 
-4.924 22.152 
15.722 2.84 
1.48886 2.5916 
-13.6396 -14.1478 
-28.1341 -12.8652 
-6.6128 1.8532 
-11.006 -7.496 
25.986 23.11 
0.506 0.186 
2.88 -25.02 
0.8506 -12.1392 
-3.8882 -27.7854 
24.118 1.92 
4.61454 9.12471 
0.8554 -16.018 
-13.3174 -13.6827 
26.123 32.768 
---end
-21.0122 21.9591 
23.11 16.8529 
3.91 -18.5568 
-4.924 22.152 
15.722 2.84 
1.48886 2.5916 
-13.6396 -14.1478 
-28.1341 -12.8652 
-6.6128 1.8532 
-11.006 -7.496 
25.986 23.11 
0.506 0.186 
2.88 -25.02 
0.8506 -12.1392 
-3.8882 -27.7854 
24.118 1.92 
4.61454 9.12471 
0.8554 -16.018 
-13.3174 -13.6827 
26.123 32.768 
-21.0122 21.9591 
23.11 16.8529 
3.91 -18.5568 
-4.924 22.152 
15.722 2.84 
1.48886 2.5916 
-13.6396 -14.1478 
-28.1341 -12.8652 
-6.6128 1.8532 
-11.006 -7.496 
25.986 23.11 
0.506 0.186 
2.88 -25.02 
0.8506 -12.1392 
-3.8882 -27.7854 
24.118 1.92 
4.61454 9.12471 
0.8554 -16.018 
-13.3174 -13.6827 
26.123 32.768 
---end
-21.0122 21.9591 
23.11 16.8529 
3.91 -18.5568 
-4.924 22.152 
15.722 2.84 
1.48886 2.5916 
-13.6396 -14.1478 
-28.1341 -12.8652 
-6.6128 1.8532 
-11.006 -7.496 
25.986 23.11 
0.506 0.186 
2.88 -25.02 
0.8506 -12.1392 
-3.8882 -27.7854 
24.118 1.92 
4.61454 9.12471 
0.8554 -16.018 
-13.3174 -13.6827 
26.123 32.768 
-21.0122 21.9591 
23.11 16.8529 
3.91 -18.5568 
-4.924 22.152 
15.722 2.84 
1.48886 2.5916 
-13.6396 -14.1478 
-28.1341 -12.8652 
-6.6128 1.8532 
-11.006 -7.496 
25.986 23.11 
0.506 0.186 
2.88 -25.02 
0.8506 -12.1392 
-3.8882 -27.7854 
24.118 1.92 
4.61454 9.12471 
0.8554 -16.018 
-13.3174 -13.6827 
26.123 32.768 
---end
-21.0122 21.9591 
23.11 16.8529 
3.91 -18.5568 
-4.924 22.152 
15.722 2.84 
1.48886 2.5916 
-13.6396 -14.1478 
-28.1341 -12.8652 
-6.6128 1.8532 
-11.006 -7.496 
25.986 23.11 
0.506 0.186 
2.88 -25.02 
0.8506 -12.1392 
-3.8882 -27.7854 
24.118 1.92 
4.61454 9.12471 
0.8554 -16.018 
-13.3174 -13.6827 
26.123 32.768 
-21.0122 21.9591 
23.11 16.8529 
3.91 -18.5568 
-4.924 22.152 
15.722 2.84 
1.48886 2.5916 
-13.6396 -14.1478 
-28.1341 -12.8652 
-6.6128 1.8532 
-11.006 -7.496 
25.986 23.11 
0.506 0.186 
2.88 -25.02 
0.8506 -12.1392 
-3.8882 -27.7854 
24.118 1.92 
4.61454 9.12471 
0.8554 -16.018 
-13.3174 -13.6827 
26.123 32.768 
---end
-21.0122 21.9591 
23.11 16.8529 
3.91 -18.5568 
-4.924 22.152 
15.722 2.84 
1.48886 2.5916 
-13.6396 -14.1478 
-28.1341 -12.8652 
-6.6128 1.8532 
-11.006 -7.496 
25.986 23.11 
0.506 0.186 
2.88 -25.02 
0.8506 -12.1392 
-3.8882 -27.7854 
24.118 1.92 
4.61454 9.12471 
0.8554 -16.018 
-13.3174 -13.6827 
26.123 32.768 
-21.0122 21.9591 
23.11 16.8529 
3.91 -18.5568 
-4.924 22.152 
15.722 2.84 
1.48886 2.5916 
-13.6396 -14.1478 
-28.1341 -12.8652 
-6.6128 1.8532 
-11.006 -7.496 
25.986 23.11 
0.506 0.186 
2.88 -25.02 
0.8506 -12.1392 
-3.8882 -27.7854 
24.118 1.92 
4.61454 9.12471 
0.8554 -16.018 
-13.3174 -13.6827 
26.123 32.768 
---end
-21.0122 21.9591 
23.11 16.8529 
3.91 -18.5568 
-4.924 22.152 
15.722 2.84 
1.48886 2.5916 
-13.6396 -14.1478 
-28.1341 -12.8652 
-6.6128 1.8532 
-11.006 -7.496 
25.986 23.11 
0.506 0.186 
2.88 -25.02 
0.8506 -12.1392 
-3.8882 -27.7854 
24.118 1.92 
4.61454 9.12471 
0.8554 -16.018 
-13.3174 -13.6827 
26.123 32.768 
-21.0122 21.9591 
23.11 16.8529 
3.91 -18.5568 
-4.924 22.152 
15.722 2.84 
1.48886 2.5916 
-13.6396 -14.1478 
-28.1341 -12.8652 
-6.6128 1.8532 
-11.006 -7.496 
25.986 23.11 
0.506 0.186 
2.88 -25.02 
0.8506 -12.1392 
-3.8882 -27.7854 
24.118 1.92 
4.61454 9.12471 
0.8554 -16.018 
-13.3174 -13.6827 
26.123 32.768 
---end
-21.0122 21.9591 
23.11 16.8529 
3.91 -18.5568 
-4.924 22.152 
15.722 2.84 
1.48886 2.5916 
-13.6396 -14.1478 
-28.1341 -12.8652 
-6.6128 1.8532 
-11.006 -7.496 
25.986 23.11 
0.506 0.186 
2.88 -25.02 
0.8506 -12.1392 
-3.8882 -27.7854 
24.118 1.92 
4.61454 9.12471 
0.8554 -16.018 
-13.3174 -13.6827 
26.123 32.768 
-21.0122 21.9591 
23.11 16.8529 
3.91 -18.5568 
-4.924 22.152 
15.722 2.84 
1.48886 2.5916 
-13.6396 -14.1478 
-28.1341 -12.8652 
-6.6128 1.8532 
-11.006 -7.496 
25.986 23.11 
0.506 0.186 
2.88 -25.02 
0.8506 -12.1392 
-3.8882 -27.7854 
24.118 1.92 
4.61454 9.12471 
0.8554 -16.018 
-13.3174 -13.6827 
26.123 32.768 
---end
-21.0122 21.9591 
23.11 16.8529 
3.91 -18.5568 
-4.924 22.152 
15.722 2.84 
1.48886 2.5916 
-13.6396 -14.1478 
-28.1341 -12.8652 
-6.6128 1.8532 
-11.006 -7.496 
25.986 23.11 
0.506 0.186 
2.88 -25.02 
0.8506 -12.1392 
-3.8882 -27.7854 
24.118 1.92 
4.61454 9.12471 
0.8554 -16.018 
-13.3174 -13.6827 
26.123 32.768 
-21.0122 21.9591 
23.11 16.8529 
3.91 -18.5568 
-4.924 22.152 
15.722 2.84 
1.48886 2.5916 
-13.6396 -14.1478 
-28.1341 -12.8652 
-6.6128 1.8532 
-11.006 -7.496 
25.986 23.11 
0.506 0.186 
2.88 -25.02 
0.8506 -12.1392 
-3.8882 -27.7854 
24.118 1.92 
4.61454 9.12471 
0.8554 -16.018 
-13.3174 -13.6827 
26.123 32.768 
---end
-21.0122 21.9591 
23.11 16.8529 
3.91 -18.5568 
-4.924 22.152 
15.722 2.84 
1.48886 2.5916 
-13.6396 -14.1478 
-28.1341 -12.8652 
-6.6128 1.8532 
-11.006 -7.496 
25.986 23.11 
0.506 0.186 
2.88 -25.02 
0.8506 -12.1392 
-3.8882 -27.7854 
24.118 1.92 
4.61454 9.12471 
0.8554 -16.018 
-13.3174 -13.6827 
26.123 32.768 
-21.0122 21.9591 
23.11 16.8529 
3.91 -18.5568 
-4.924 22.152 
15.722 2.84 
1.48886 2.5916 
-13.6396 -14.1478 
-28.1341 -12.8652 
-6.6128 1.8532 
-11.006 -7.496 
25.986 23.11 
0.506 0.186 
2.88 -25.02 
0.8506 -12.1392 
-3.8882 -27.7854 
24.118 1.92 
4.61454 9.12471 
0.8554 -16.018 
-13.3174 -13.6827 
26.123 32.768 
---end
-21.0122 21.9591 
23.11 16.8529 
3.91 -18.5568 
-4.924 22.152 
15.722 2.84 
1.48886 2.5916 
-13.6396 -14.1478 
-28.1341 -12.8652 
-6.6128 1.8532 
-11.006 -7.496 
25.986 23.11 
0.506 0.186 
2.88 -25.02 
0.8506 -12.1392 
-3.8882 -27.7854 
24.118 1.92 
4.61454 9.12471 
0.8554 -16.018 
-13.3174 -13.6827 
26.123 32.768 
-21.0122 21.9591 
23.11 16.8529 
3.91 -18.5568 
-4.924 22.152 
15.722 2.84 
1.48886 2.5916 
-13.6396 -14.1478 
-28.1341 -12.8652 
-6.6128 1.8532 
-11.006 -7.496 
25.986 23.11 
0.506 0.186 
2.88 -25.02 
0.8506 -12.1392 
-3.8882 -27.7854 
24.118 1.92 
4.61454 9.12471 
0.8554 -16.018 
-13.3174 -13.6827 
26.123 32.768 
---end
-21.0122 21.9591 
23.11 16.8529 
3.91 -18.5568 
-4.924 22.152 
15.722 2.84 
1.48886 2.5916 
-13.6396 -14.1478 
-28.1341 -12.8652 
-6.6128 1.8532 
-11.006 -7.496 
25.986 23.11 
0.506 0.186 
2.88 -25.02 
0.8506 -12.1392 
-3.8882 -27.7854 
24.118 1.92 
4.61454 9.12471 
0.8554 -16.018 
-13.3174 -13.6827 
26.123 32.768 
-21.0122 21.9591 
23.11 16.8529 
3.91 -18.5568 
-4.924 22.152 
15.722 2.84 
1.48886 2.5916 
-13.6396 -14.1478 
-28.1341 -12.8652 
-6.6128 1.8532 
-11.006 -7.496 
25.986 23.11 
0.506 0.186 
2.88 -25.02 
0.8506 -12.1392 
-3.8882 -27.7854 
24.118 1.92 
4.61454 9.12471 
0.8554 -16.018 
-13.3174 -13.6827 
26.123 32.768 
---end
-21.0122 21.9591 
23.11 16.8529 
3.91 -18.5568 
-4.924 22.152 
15.722 2.84 
1.48886 2.5916 
-13.6396 -14.1478 
-28.1341 -12.8652 
-6.6128 1.8532 
-11.006 -7.496 
25.986 23.11 
0.506 0.186 
2.88 -25.02 
0.8506 -12.1392 
-3.8882 -27.7854 
24.118 1.92 
4.61454 9.12471 
0.8554 -16.018 
-13.3174 -13.6827 
26.123 32.768 
-21.0122 21.9591 
23.11 16.8529 
3.91 -18.5568 
-4.924 22.152 
15.722 2.84 
1.48886 2.5916 
-13.6396 -14.1478 
-28.1341 -12.8652 
-6.6128 1.8532 
-11.006 -7.496 
25.986 23.11 
0.506 0.186 
2.88 -25.02 
0.8506 -12.1392 
-3.8882 -27.7854 
24.118 1.92 
4.61454 9.12471 
0.8554 -16.018 
-13.3174 -13.6827 
26.123 32.768 
---end
-21.0122 21.9591 
23.11 16.8529 
3.91 -18.5568 
-4.924 22.152 
15.722 2.84 
1.48886 2.5916 
-13.6396 -14.1478 
-28.1341 -12.8652 
-6.6128 1.8532 
-11.006 -7.496 
25.986 23.11 
0.506 0.186 
2.88 -25.02 
0.8506 -12.1392 
-3.8882 -27.7854 
24.118 1.92 
4.61454 9.12471 
0.8554 -16.018 
-13.3174 -13.6827 
26.123 32.768 
-21.0122 21.9591 
23.11 16.8529 
3.91 -18.5568 
-4.924 22.152 
15.722 2.84 
1.48886 2.5916 
-13.6396 -14.1478 
-28.1341 -12.8652 
-6.6128 1.8532 
-11.006 -7.496 
25.986 23.11 
0.506 0.186 
2.88 -25.02 
0.8506 -12.1392 
-3.8882 -27.7854 
24.118 1.92 
4.61454 9.12471 
0.8554 -16.018 
-13.3174 -13.6827 
26.123 32.768 
---end
-21.0122 21.9591 
23.11 16.8529 
3.91 -18.5568 
-4.924 22.152 
15.722 2.84 
1.48886 2.5916 
-13.6396 -14.1478 
-28.1341 -12.8652 
-6.6128 1.8532 
-11.006 -7.496 
25.986 23.11 
0.506 0.186 
2.88 -25.02 
0.8506 -12.1392 
-3.8882 -27.7854 
24.118 1.92 
4.61454 9.12471 
0.8554 -16.018 
-13.3174 -13.6827 
26.123 32.768 
-21.0122 21.9591 
23.11 16.8529 
3.91 -18.5568 
-4.924 22.152 
15.722 2.84 
1.48886 2.5916 
-13.6396 -14.1478 
-28.1341 -12.8652 
-6.6128 1.8532 
-11.006 -7.496 
25.986 23.11 
0.506 0.186 
2.88 -25.02 
0.8506 -12.1392 
-3.8882 -27.7854 
24.118 1.92 
4.61454 9.12471 
0.8554 -16.018 
-13.3174 -13.6827 
26.123 32.768 
---end
-21.0122 21.9591 
23.11 16.8529 
3.91 -18.5568 
-4.924 22.152 
15.722 2.84 
1.48886 2.5916 
-13.6396 -14.1478 
-28.1341 -12.8652 
-6.6128 1.8532 
-11.006 -7.496 
25.986 23.11 
0.506 0.186 
2.88 -25.02 
0.8506 -12.1392 
-3.8882 -27.7854 
24.118 1.92 
4.61454 9.12471 
0.8554 -16.018 
-13.3174 -13.6827 
26.123 32.768 
-21.0122 21.9591 
23.11 16.8529 
3.91 -18.5568 
-4.924 22.152 
15.722 2.84 
1.48886 2.5916 
-13.6396 -14.1478 
-28.1341 -12.8652 
-6.6128 1.8532 
-11.006 -7.496 
25.986 23.11 
0.506 0.186 
2.88 -25.02 
0.8506 -12.1392 
-3.8882 -27.7854 
24.118 1.92 
4.61454 9.12471 
0.8554 -16.018 
-13.3174 -13.6827 
26.123 32.768 
---end
-21.0122 21.9591 
23.11 16.8529 
3.91 -18.5568 
-4.924 22.152 
15.722 2.84 
1.48886 2.5916 
-13.6396 -14.1478 
-28.1341 -12.8652 
-6.6128 1.8532 
-11.006 -7.496 
25.986 23.11 
0.506 0.186 
2.88 -25.02 
0.8506 -12.1392 
-3.8882 -27.7854 
24.118 1.92 
4.61454 9.12471 
0.8554 -16.018 
-13.3174 -13.6827 
26.123 32.768 
-21.0122 21.9591 
23.11 16.8529 
3.91 -18.5568 
-4.924 22.152 
15.722 2.84 
1.48886 2.5916 
-13.6396 -14.1478 
-28.1341 -12.8652 
-6.6128 1.8532 
-11.006 -7.496 
25.986 23.11 
0.506 0.186 
2.88 -25.02 
0.8506 -12.1392 
-3.8882 -27.7854 
24.118 1.92 
4.61454 9.12471 
0.8554 -16.018 
-13.3174 -13.6827 
26.123 32.768 
---end
-21.0122 21.9591 
23.11 16.8529 
3.91 -18.5568 
-4.924 22.152 
15.722 2.84 
1.48886 2.5916 
-13.6396 -14.1478 
-28.1341 -12.8652 
-6.6128 1.8532 
-11.006 -7.496 
25.986 23.11 
0.506 0.186 
2.88 -25.02 
0.8506 -12.1392 
-3.8882 -27.7854 
24.118 1.92 
4.61454 9.12471 
0.8554 -16.018 
-13.3174 -13.6827 
26.123 32.768 
-21.0122 21.9591 
23.11 16.8529 
3.91 -18.5568 
-4.924 22.152 
15.722 2.84 
1.48886 2.5916 
-13.6396 -14.1478 
-28.1341 -12.8652 
-6.6128 1.8532 
-11.006 -7.496 
25.986 23.11 
0.506 0.186 
2.88 -25.02 
0.8506 -12.1392 
-3.8882 -27.7854 
24.118 1.92 
4.61454 9.12471 
0.8554 -16.018 
-13.3174 -13.6827 
26.123 32.768 
---end
-21.0122 21.9591 
23.11 16.8529 
3.91 -18.5568 
-4.924 22.152 
15.722 2.84 
1.48886 2.5916 
-13.6396 -14.1478 
-28.1341 -12.8652 
-6.6128 1.8532 
-11.006 -7.496 
25.986 23.11 
0.506 0.186 
2.88 -25.02 
0.8506 -12.1392 
-3.8882 -27.7854 
24.118 1.92 
4.61454 9.12471 
0.8554 -16.018 
-13.3174 -13.6827 
26.123 32.768 
-21.0122 21.9591 
23.11 16.8529 
3.91 -18.5568 
-4.924 22.152 
15.722 2.84 
1.48886 2.5916 
-13.6396 -14.1478 
-28.1341 -12.8652 
-6.6128 1.8532 
-11.006 -7.496 
25.986 23.11 
0.506 0.186 
2.88 -25.02 
0.8506 -12.1392 
-3.8882 -27.7854 
24.118 1.92 
4.61454 9.12471 
0.8554 -16.018 
-13.3174 -13.6827 
26.123 32.768 
---end
-21.0122 21.9591 
23.11 16.8529 
3.91 -18.5568 
-4.924 22.152 
15.722 2.84 
1.48886 2.5916 
-13.6396 -14.1478 
-28.1341 -12.8652 
-6.6128 1.8532 
-11.006 -7.496 
25.986 23.11 
0.506 0.186 
2.88 -25.02 
0.8506 -12.1392 
-3.8882 -27.7854 
24.118 1.92 
4.61454 9.12471 
0.8554 -16.018 
-13.3174 -13.6827 
26.123 32.768 
-21.0122 21.9591 
23.11 16.8529 
3.91 -18.5568 
-4.924 22.152 
15.722 2.84 
1.48886 2.5916 
-13.6396 -14.1478 
-28.1341 -12.8652 
-6.6128 1.8532 
-11.006 -7.496 
25.986 23.11 
0.506 0.186 
2.88 -25.02 
0.8506 -12.1392 
-3.8882 -27.7854 
24.118 1.92 
4.61454 9.12471 
0.8554 -16.018 
-13.3174 -13.6827 
26.123 32.768 
---end
-21.0122 21.9591 
23.11 16.8529 
3.91 -18.5568 
-4.924 22.152 
15.722 2.84 
1.48886 2.5916 
-13.6396 -14.1478 
-28.1341 -12.8652 
-6.6128 1.8532 
-11.006 -7.496 
25.986 23.11 
0.506 0.186 
2.88 -25.02 
0.8506 -12.1392 
-3.8882 -27.7854 
24.118 1.92 
4.61454 9.12471 
0.8554 -16.018 
-13.3174 -13.6827 
26.123 32.768 
-21.0122 21.9591 
23.11 16.8529 
3.91 -18.5568 
-4.924 22.152 
15.722 2.84 
1.48886 2.5916 
-13.6396 -14.1478 
-28.1341 -12.8652 
-6.6128 1.8532 
-11.006 -7.496 
25.986 23.11 
0.506 0.186 
2.88 -25.02 
0.8506 -12.1392 
-3.8882 -27.7854 
24.118 1.92 
4.61454 9.12471 
0.8554 -16.018 
-13.3174 -13.6827 
26.123 32.768 
---end
-21.0122 21.9591 
23.11 16.8529 
3.91 -18.5568 
-4.924 22.152 
15.722 2.84 
1.48886 2.5916 
-13.6396 -14.1478 
-28.1341 -12.8652 
-6.6128 1.8532 
-11.006 -7.496 
25.986 23.11 
0.506 0.186 
2.88 -25.02 
0.8506 -12.1392 
-3.8882 -27.7854 
24.118 1.92 
4.61454 9.12471 
0.8554 -16.018 
-13.3174 -13.6827 
26.123 32.768 
-21.0122 21.9591 
23.11 16.8529 
3.91 -18.5568 
-4.924 22.152 
15.722 2.84 
1.48886 2.5916 
-13.6396 -14.1478 
-28.1341 -12.8652 
-6.6128 1.8532 
-11.006 -7.496 
25.986 23.11 
0.506 0.186 
2.88 -25.02 
0.8506 -12.1392 
-3.8882 -27.7854 
24.118 1.92 
4.61454 9.12471 
0.8554 -16.018 
-13.3174 -13.6827 
26.123 32.768 
---end
-21.0122 21.9591 
23.11 16.8529 
3.91 -18.5568 
-4.924 22.152 
15.722 2.84 
1.48886 2.5916 
-13.6396 -14.1478 
-28.1341 -12.8652 
-6.6128 1.8532 
-11.006 -7.496 
25.986 23.11 
0.506 0.186 
2.88 -25.02 
0.8506 -12.1392 
-3.8882 -27.7854 
24.118 1.92 
4.61454 9.12471 
0.8554 -16.018 
-13.3174 -13.6827 
26.123 32.768 
-21.0122 21.9591 
23.11 16.8529 
3.91 -18.5568 
-4.924 22.152 
15.722 2.84 
1.48886 2.5916 
-13.6396 -14.1478 
-28.1341 -12.8652 
-6.6128 1.8532 
-11.006 -7.496 
25.986 23.11 
0.506 0.186 
2.88 -25.02 
0.8506 -12.1392 
-3.8882 -27.7854 
24.118 1.92 
4.61454 9.12471 
0.8554 -16.018 
-13.3174 -13.6827 
26.123 32.768 
---end
-21.0122 21.9591 
23.11 16.8529 
3.91 -18.5568 
-4.924 22.152 
15.722 2.84 
1.48886 2.5916 
-13.6396 -14.1478 
-28.1341 -12.8652 
-6.6128 1.8532 
-11.006 -7.496 
25.986 23.11 
0.506 0.186 
2.88 -25.02 
0.8506 -12.1392 
-3.8882 -27.7854 
24.118 1.92 
4.61454 9.12471 
0.8554 -16.018 
-13.3174 -13.6827 
26.123 32.768 
-21.0122 21.9591 
23.11 16.8529 
3.91 -18.5568 
-4.924 22.152 
15.722 2.84 
1.48886 2.5916 
-13.6396 -14.1478 
-28.1341 -12.8652 
-6.6128 1.8532 
-11.006 -7.496 
25.986 23.11 
0.506 0.186 
2.88 -25.02 
0.8506 -12.1392 
-3.8882 -27.7854 
24.118 1.92 
4.61454 9.12471 
0.8554 -16.018 
-13.3174 -13.6827 
26.123 32.768 
---end
-21.0122 21.9591 
23.11 16.8529 
3.91 -18.5568 
-4.924 22.152 
15.722 2.84 
1.48886 2.5916 
-13.6396 -14.1478 
-28.1341 -12.8652 
-6.6128 1.8532 
-11.006 -7.496 
25.986 23.11 
0.506 0.186 
2.88 -25.02 
0.8506 -12.1392 
-3.8882 -27.7854 
24.118 1.92 
4.61454 9.12471 
0.8554 -16.018 
-13.3174 -13.6827 
26.123 32.768 
-21.0122 21.9591 
23.11 16.8529 
3.91 -18.5568 
-4.924 22.152 
15.722 2.84 
1.48886 2.5916 
-13.6396 -14.1478 
-28.1341 -12.8652 
-6.6128 1.8532 
-11.006 -7.496 
25.986 23.11 
0.506 0.186 
2.88 -25.02 
0.8506 -12.1392 
-3.8882 -27.7854 
24.118 1.92 
4.61454 9.12471 
0.8554 -16.018 
-13.3174 -13.6827 
26.123 32.768 
---end
-21.0122 21.9591 
23.11 16.8529 
3.91 -18.5568 
-4.924 22.152 
15.722 2.84 
1.48886 2.5916 
-13.6396 -14.1478 
-28.1341 -12.8652 
-6.6128 1.8532 
-11.006 -7.496 
25.986 23.11 
0.506 0.186 
2.88 -25.02 
0.8506 -12.1392 
-3.8882 -27.7854 
24.118 1.92 
4.61454 9.12471 
0.8554 -16.018 
-13.3174 -13.6827 
26.123 32.768 
-21.0122 21.9591 
23.11 16.8529 
3.91 -18.5568 
-4.924 22.152 
15.722 2.84 
1.48886 2.5916 
-13.6396 -14.1478 
-28.1341 -12.8652 
-6.6128 1.8532 
-11.006 -7.496 
25.986 23.11 
0.506 0.186 
2.88 -25.02 
0.8506 -12.1392 
-3.8882 -27.7854 
24.118 1.92 
4.61454 9.12471 
0.8554 -16.018 
-13.3174 -13.6827 
26.123 32.768 
---end
-21.0122 21.9591 
23.11 16.8529 
3.91 -18.5568 
-4.924 22.152 
15.722 2.84 
1.48886 2.5916 
-13.6396 -14.1478 
-28.1341 -12.8652 
-6.6128 1.8532 
-11.006 -7.496 
25.986 23.11 
0.506 0.186 
2.88 -25.02 
0.8506 -12.1392 
-3.8882 -27.7854 
24.118 1.92 
4.61454 9.12471 
0.8554 -16.018 
-13.3174 -13.6827 
26.123 32.768 
-21.0122 21.9591 
23.11 16.8529 
3.91 -18.5568 
-4.924 22.152 
15.722 2.84 
1.48886 2.5916 
-13.6396 -14.1478 
-28.1341 -12.8652 
-6.6128 1.8532 
-11.006 -7.496 
25.986 23.11 
0.506 0.186 
2.88 -25.02 
0.8506 -12.1392 
-3.8882 -27.7854 
24.118 1.92 
4.61454 9.12471 
0.8554 -16.018 
-13.3174 -13.6827 
26.123 32.768 
---end
-21.0122 21.9591 
23.11 16.8529 
3.91 -18.5568 
-4.924 22.152 
15.722 2.84 
1.48886 2.5916 
-13.6396 -14.1478 
-28.1341 -12.8652 
-6.6128 1.8532 
-11.006 -7.496 
25.986 23.11 
0.506 0.186 
2.88 -25.02 
0.8506 -12.1392 
-3.8882 -27.7854 
24.118 1.92 
4.61454 9.12471 
0.8554 -16.018 
-13.3174 -13.6827 
26.123 32.768 
-21.0122 21.9591 
23.11 16.8529 
3.91 -18.5568 
-4.924 22.152 
15.722 2.84 
1.48886 2.5916 
-13.6396 -14.1478 
-28.1341 -12.8652 
-6.6128 1.8532 
-11.006 -7.496 
25.986 23.11 
0.506 0.186 
2.88 -25.02 
0.8506 -12.1392 
-3.8882 -27.7854 
24.118 1.92 
4.61454 9.12471 
0.8554 -16.018 
-13.3174 -13.6827 
26.123 32.768 
---end
-21.0122 21.9591 
23.11 16.8529 
3.91 -18.5568 
-4.924 22.152 
15.722 2.84 
1.48886 2.5916 
-13.6396 -14.1478 
-28.1341 -12.8652 
-6.6128 1.8532 
-11.006 -7.496 
25.986 23.11 
0.506 0.186 
2.88 -25.02 
0.8506 -12.1392 
-3.8882 -27.7854 
24.118 1.92 
4.61454 9.12471 
0.8554 -16.018 
-13.3174 -13.6827 
26.123 32.768 
-21.0122 21.9591 
23.11 16.8529 
3.91 -18.5568 
-4.924 22.152 
15.722 2.84 
1.48886 2.5916 
-13.6396 -14.1478 
-28.1341 -12.8652 
-6.6128 1.8532 
-11.006 -7.496 
25.986 23.11 
0.506 0.186 
2.88 -25.02 
0.8506 -12.1392 
-3.8882 -27.7854 
24.118 1.92 
4.61454 9.12471 
0.8554 -16.018 
-13.3174 -13.6827 
26.123 32.768 
---end
-21.0122 21.9591 
23.11 16.8529 
3.91 -18.5568 
-4.924 22.152 
15.722 2.84 
1.48886 2.5916 
-13.6396 -14.1478 
-28.1341 -12.8652 
-6.6128 1.8532 
-11.006 -7.496 
25.986 23.11 
0.506 0.186 
2.88 -25.02 
0.8506 -12.1392 
-3.8882 -27.7854 
24.118 1.92 
4.61454 9.12471 
0.8554 -16.018 
-13.3174 -13.6827 
26.123 32.768 
-21.0122 21.9591 
23.11 16.8529 
3.91 -18.5568 
-4.924 22.152 
15.722 2.84 
1.48886 2.5916 
-13.6396 -14.1478 
-28.1341 -12.8652 
-6.6128 1.8532 
-11.006 -7.496 
25.986 23.11 
0.506 0.186 
2.88 -25.02 
0.8506 -12.1392 
-3.8882 -27.7854 
24.118 1.92 
4.61454 9.12471 
0.8554 -16.018 
-13.3174 -13.6827 
26.123 32.768 
---end
-21.0122 21.9591 
23.11 16.8529 
3.91 -18.5568 
-4.924 22.152 
15.722 2.84 
1.48886 2.5916 
-13.6396 -14.1478 
-28.1341 -12.8652 
-6.6128 1.8532 
-11.006 -7.496 
25.986 23.11 
0.506 0.186 
2.88 -25.02 
0.8506 -12.1392 
-3.8882 -27.7854 
24.118 1.92 
4.61454 9.12471 
0.8554 -16.018 
-13.3174 -13.6827 
26.123 32.768 
-21.0122 21.9591 
23.11 16.8529 
3.91 -18.5568 
-4.924 22.152 
15.722 2.84 
1.48886 2.5916 
-13.6396 -14.1478 
-28.1341 -12.8652 
-6.6128 1.8532 
-11.006 -7.496 
25.986 23.11 
0.506 0.186 
2.88 -25.02 
0.8506 -12.1392 
-3.8882 -27.7854 
24.118 1.92 
4.61454 9.12471 
0.8554 -16.018 
-13.3174 -13.6827 
26.123 32.768 
---end
-21.0122 21.9591 
23.11 16.8529 
3.91 -18.5568 
-4.924 22.152 
15.722 2.84 
1.48886 2.5916 
-13.6396 -14.1478 
-28.1341 -12.8652 
-6.6128 1.8532 
-11.006 -7.496 
25.986 23.11 
0.506 0.186 
2.88 -25.02 
0.8506 -12.1392 
-3.8882 -27.7854 
24.118 1.92 
4.61454 9.12471 
0.8554 -16.018 
-13.3174 -13.6827 
26.123 32.768 
-21.0122 21.9591 
23.11 16.8529 
3.91 -18.5568 
-4.924 22.152 
15.722 2.84 
1.48886 2.5916 
-13.6396 -14.1478 
-28.1341 -12.8652 
-6.6128 1.8532 
-11.006 -7.496 
25.986 23.11 
0.506 0.186 
2.88 -25.02 
0.8506 -12.1392 
-3.8882 -27.7854 
24.118 1.92 
4.61454 9.12471 
0.8554 -16.018 
-13.3174 -13.6827 
26.123 32.768 
---end
-21.0122 21.9591 
23.11 16.8529 
3.91 -18.5568 
-4.924 22.152 
15.722 2.84 
1.48886 2.5916 
-13.6396 -14.1478 
-28.1341 -12.8652 
-6.6128 1.8532 
-11.006 -7.496 
25.986 23.11 
0.506 0.186 
2.88 -25.02 
0.8506 -12.1392 
-3.8882 -27.7854 
24.118 1.92 
4.61454 9.12471 
0.8554 -16.018 
-13.3174 -13.6827 
26.123 32.768 
-21.0122 21.9591 
23.11 16.8529 
3.91 -18.5568 
-4.924 22.152 
15.722 2.84 
1.48886 2.5916 
-13.6396 -14.1478 
-28.1341 -12.8652 
-6.6128 1.8532 
-11.006 -7.496 
25.986 23.11 
0.506 0.186 
2.88 -25.02 
0.8506 -12.1392 
-3.8882 -27.7854 
24.118 1.92 
4.61454 9.12471 
0.8554 -16.018 
-13.3174 -13.6827 
26.123 32.768 
---end
-21.0122 21.9591 
23.11 16.8529 
3.91 -18.5568 
-4.924 22.152 
15.722 2.84 
1.48886 2.5916 
-13.6396 -14.1478 
-28.1341 -12.8652 
-6.6128 1.8532 
-11.006 -7.496 
25.986 23.11 
0.506 0.186 
2.88 -25.02 
0.8506 -12.1392 
-3.8882 -27.7854 
24.118 1.92 
4.61454 9.12471 
0.8554 -16.018 
-13.3174 -13.6827 
26.123 32.768 
-21.0122 21.9591 
23.11 16.8529 
3.91 -18.5568 
-4.924 22.152 
15.722 2.84 
1.48886 2.5916 
-13.6396 -14.1478 
-28.1341 -12.8652 
-6.6128 1.8532 
-11.006 -7.496 
25.986 23.11 
0.506 0.186 
2.88 -25.02 
0.8506 -12.1392 
-3.8882 -27.7854 
24.118 1.92 
4.61454 9.12471 
0.8554 -16.018 
-13.3174 -13.6827 
26.123 32.768 
---end
-21.0122 21.9591 
23.11 16.8529 
3.91 -18.5568 
-4.924 22.152 
15.722 2.84 
1.48886 2.5916 
-13.6396 -14.1478 
-28.1341 -12.8652 
-6.6128 1.8532 
-11.006 -7.496 
25.986 23.11 
0.506 0.186 
2.88 -25.02 
0.8506 -12.1392 
-3.8882 -27.7854 
24.118 1.92 
4.61454 9.12471 
0.8554 -16.018 
-13.3174 -13.6827 
26.123 32.768 
-21.0122 21.9591 
23.11 16.8529 
3.91 -18.5568 
-4.924 22.152 
15.722 2.84 
1.48886 2.5916 
-13.6396 -14.1478 
-28.1341 -12.8652 
-6.6128 1.8532 
-11.006 -7.496 
25.986 23.11 
0.506 0.186 
2.88 -25.02 
0.8506 -12.1392 
-3.8882 -27.7854 
24.118 1.92 
4.61454 9.12471 
0.8554 -16.018 
-13.3174 -13.6827 
26.123 32.768 
---end
-21.0122 21.9591 
23.11 16.8529 
3.91 -18.5568 
-4.924 22.152 
15.722 2.84 
1.48886 2.5916 
-13.6396 -14.1478 
-28.1341 -12.8652 
-6.6128 1.8532 
-11.006 -7.496 
25.986 23.11 
0.506 0.186 
2.88 -25.02 
0.8506 -12.1392 
-3.8882 -27.7854 
24.118 1.92 
4.61454 9.12471 
0.8554 -16.018 
-13.3174 -13.6827 
26.123 32.768 
-21.0122 21.9591 
23.11 16.8529 
3.91 -18.5568 
-4.924 22.152 
15.722 2.84 
1.48886 2.5916 
-13.6396 -14.1478 
-28.1341 -12.8652 
-6.6128 1.8532 
-11.006 -7.496 
25.986 23.11 
0.506 0.186 
2.88 -25.02 
0.8506 -12.1392 
-3.8882 -27.7854 
24.118 1.92 
4.61454 9.12471 
0.8554 -16.018 
-13.3174 -13.6827 
26.123 32.768 
---end
-21.0122 21.9591 
23.11 16.8529 
3.91 -18.5568 
-4.924 22.152 
15.722 2.84 
1.48886 2.5916 
-13.6396 -14.1478 
-28.1341 -12.8652 
-6.6128 1.8532 
-11.006 -7.496 
25.986 23.11 
0.506 0.186 
2.88 -25.02 
0.8506 -12.1392 
-3.8882 -27.7854 
24.118 1.92 
4.61454 9.12471 
0.8554 -16.018 
-13.3174 -13.6827 
26.123 32.768 
-21.0122 21.9591 
23.11 16.8529 
3.91 -18.5568 
-4.924 22.152 
15.722 2.84 
1.48886 2.5916 
-13.6396 -14.1478 
-28.1341 -12.8652 
-6.6128 1.8532 
-11.006 -7.496 
25.986 23.11 
0.506 0.186 
2.88 -25.02 
0.8506 -12.1392 
-3.8882 -27.7854 
24.118 1.92 
4.61454 9.12471 
0.8554 -16.018 
-13.3174 -13.6827 
26.123 32.768 
---end
-21.0122 21.9591 
23.11 16.8529 
3.91 -18.5568 
-4.924 22.152 
15.722 2.84 
1.48886 2.5916 
-13.6396 -14.1478 
-28.1341 -12.8652 
-6.6128 1.8532 
-11.006 -7.496 
25.986 23.11 
0.506 0.186 
2.88 -25.02 
0.8506 -12.1392 
-3.8882 -27.7854 
24.118 1.92 
4.61454 9.12471 
0.8554 -16.018 
-13.3174 -13.6827 
26.123 32.768 
-21.0122 21.9591 
23.11 16.8529 
3.91 -18.5568 
-4.924 22.152 
15.722 2.84 
1.48886 2.5916 
-13.6396 -14.1478 
-28.1341 -12.8652 
-6.6128 1.8532 
-11.006 -7.496 
25.986 23.11 
0.506 0.186 
2.88 -25.02 
0.8506 -12.1392 
-3.8882 -27.7854 
24.118 1.92 
4.61454 9.12471 
0.8554 -16.018 
-13.3174 -13.6827 
26.123 32.768 
---end
-21.0122 21.9591 
23.11 16.8529 
3.91 -18.5568 
-4.924 22.152 
15.722 2.84 
1.48886 2.5916 
-13.6396 -14.1478 
-28.1341 -12.8652 
-6.6128 1.8532 
-11.006 -7.496 
25.986 23.11 
0.506 0.186 
2.88 -25.02 
0.8506 -12.1392 
-3.8882 -27.7854 
24.118 1.92 
4.61454 9.12471 
0.8554 -16.018 
-13.3174 -13.6827 
26.123 32.768 
-21.0122 21.9591 
23.11 16.8529 
3.91 -18.5568 
-4.924 22.152 
15.722 2.84 
1.48886 2.5916 
-13.6396 -14.1478 
-28.1341 -12.8652 
-6.6128 1.8532 
-11.006 -7.496 
25.986 23.11 
0.506 0.186 
2.88 -25.02 
0.8506 -12.1392 
-3.8882 -27.7854 
24.118 1.92 
4.61454 9.12471 
0.8554 -16.018 
-13.3174 -13.6827 
26.123 32.768 
---end
-21.0122 21.9591 
23.11 16.8529 
3.91 -18.5568 
-4.924 22.152 
15.722 2.84 
1.48886 2.5916 
-13.6396 -14.1478 
-28.1341 -12.8652 
-6.6128 1.8532 
-11.006 -7.496 
25.986 23.11 
0.506 0.186 
2.88 -25.02 
0.8506 -12.1392 
-3.8882 -27.7854 
24.118 1.92 
4.61454 9.12471 
0.8554 -16.018 
-13.3174 -13.6827 
26.123 32.768 
-21.0122 21.9591 
23.11 16.8529 
3.91 -18.5568 
-4.924 22.152 
15.722 2.84 
1.48886 2.5916 
-13.6396 -14.1478 
-28.1341 -12.8652 
-6.6128 1.8532 
-11.006 -7.496 
25.986 23.11 
0.506 0.186 
2.88 -25.02 
0.8506 -12.1392 
-3.8882 -27.7854 
24.118 1.92 
4.61454 9.12471 
0.8554 -16.018 
-13.3174 -13.6827 
26.123 32.768 
---end
-21.0122 21.9591 
23.11 16.8529 
3.91 -18.5568 
-4.924 22.152 
15.722 2.84 
1.48886 2.5916 
-13.6396 -14.1478 
-28.1341 -12.8652 
-6.6128 1.8532 
-11.006 -7.496 
25.986 23.11 
0.506 0.186 
2.88 -25.02 
0.8506 -12.1392 
-3.8882 -27.7854 
24.118 1.92 
4.61454 9.12471 
0.8554 -16.018 
-13.3174 -13.6827 
26.123 32.768 
-21.0122 21.9591 
23.11 16.8529 
3.91 -18.5568 
-4.924 22.152 
15.722 2.84 
1.48886 2.5916 
-13.6396 -14.1478 
-28.1341 -12.8652 
-6.6128 1.8532 
-11.006 -7.496 
25.986 23.11 
0.506 0.186 
2.88 -25.02 
0.8506 -12.1392 
-3.8882 -27.7854 
24.118 1.92 
4.61454 9.12471 
0.8554 -16.018 
-13.3174 -13.6827 
26.123 32.768 
---end
-21.0122 21.9591 
23.11 16.8529 
3.91 -18.5568 
-4.924 22.152 
15.722 2.84 
1.48886 2.5916 
-13.6396 -14.1478 
-28.1341 -12.8652 
-6.6128 1.8532 
-11.006 -7.496 
25.986 23.11 
0.506 0.186 
2.88 -25.02 
0.8506 -12.1392 
-3.8882 -27.7854 
24.118 1.92 
4.61454 9.12471 
0.8554 -16.018 
-13.3174 -13.6827 
26.123 32.768 
-21.0122 21.9591 
23.11 16.8529 
3.91 -18.5568 
-4.924 22.152 
15.722 2.84 
1.48886 2.5916 
-13.6396 -14.1478 
-28.1341 -12.8652 
-6.6128 1.8532 
-11.006 -7.496 
25.986 23.11 
0.506 0.186 
2.88 -25.02 
0.8506 -12.1392 
-3.8882 -27.7854 
24.118 1.92 
4.61454 9.12471 
0.8554 -16.018 
-13.3174 -13.6827 
26.123 32.768 
---end
-21.0122 21.9591 
23.11 16.8529 
3.91 -18.5568 
-4.924 22.152 
15.722 2.84 
1.48886 2.5916 
-13.6396 -14.1478 
-28.1341 -12.8652 
-6.6128 1.8532 
-11.006 -7.496 
25.986 23.11 
0.506 0.186 
2.88 -25.02 
0.8506 -12.1392 
-3.8882 -27.7854 
24.118 1.92 
4.61454 9.12471 
0.8554 -16.018 
-13.3174 -13.6827 
26.123 32.768 
-21.0122 21.9591 
23.11 16.8529 
3.91 -18.5568 
-4.924 22.152 
15.722 2.84 
1.48886 2.5916 
-13.6396 -14.1478 
-28.1341 -12.8652 
-6.6128 1.8532 
-11.006 -7.496 
25.986 23.11 
0.506 0.186 
2.88 -25.02 
0.8506 -12.1392 
-3.8882 -27.7854 
24.118 1.92 
4.61454 9.12471 
0.8554 -16.018 
-13.3174 -13.6827 
26.123 32.768 
---end
-21.0122 21.9591 
23.11 16.8529 
3.91 -18.5568 
-4.924 22.152 
15.722 2.84 
1.48886 2.5916 
-13.6396 -14.1478 
-28.1341 -12.8652 
-6.6128 1.8532 
-11.006 -7.496 
25.986 23.11 
0.506 0.186 
2.88 -25.02 
0.8506 -12.1392 
-3.8882 -27.7854 
24.118 1.92 
4.61454 9.12471 
0.8554 -16.018 
-13.3174 -13.6827 
26.123 32.768 
-21.0122 21.9591 
23.11 16.8529 
3.91 -18.5568 
-4.924 22.152 
15.722 2.84 
1.48886 2.5916 
-13.6396 -14.1478 
-28.1341 -12.8652 
-6.6128 1.8532 
-11.006 -7.496 
25.986 23.11 
0.506 0.186 
2.88 -25.02 
0.8506 -12.1392 
-3.8882 -27.7854 
24.118 1.92 
4.61454 9.12471 
0.8554 -16.018 
-13.3174 -13.6827 
26.123 32.768 
---end
-21.0122 21.9591 
23.11 16.8529 
3.91 -18.5568 
-4.924 22.152 
15.722 2.84 
1.48886 2.5916 
-13.6396 -14.1478 
-28.1341 -12.8652 
-6.6128 1.8532 
-11.006 -7.496 
25.986 23.11 
0.506 0.186 
2.88 -25.02 
0.8506 -12.1392 
-3.8882 -27.7854 
24.118 1.92 
4.61454 9.12471 
0.8554 -16.018 
-13.3174 -13.6827 
26.123 32.768 
-21.0122 21.9591 
23.11 16.8529 
3.91 -18.5568 
-4.924 22.152 
15.722 2.84 
1.48886 2.5916 
-13.6396 -14.1478 
-28.1341 -12.8652 
-6.6128 1.8532 
-11.006 -7.496 
25.986 23.11 
0.506 0.186 
2.88 -25.02 
0.8506 -12.1392 
-3.8882 -27.7854 
24.118 1.92 
4.61454 9.12471 
0.8554 -16.018 
-13.3174 -13.6827 
26.123 32.768 
---end
-21.0122 21.9591 
23.11 16.8529 
3.91 -18.5568 
-4.924 22.152 
15.722 2.84 
1.48886 2.5916 
-13.6396 -14.1478 
-28.1341 -12.8652 
-6.6128 1.8532 
-11.006 -7.496 
25.986 23.11 
0.506 0.186 
2.88 -25.02 
0.8506 -12.1392 
-3.8882 -27.7854 
24.118 1.92 
4.61454 9.12471 
0.8554 -16.018 
-13.3174 -13.6827 
26.123 32.768 
-21.0122 21.9591 
23.11 16.8529 
3.91 -18.5568 
-4.924 22.152 
15.722 2.84 
1.48886 2.5916 
-13.6396 -14.1478 
-28.1341 -12.8652 
-6.6128 1.8532 
-11.006 -7.496 
25.986 23.11 
0.506 0.186 
2.88 -25.02 
0.8506 -12.1392 
-3.8882 -27.7854 
24.118 1.92 
4.61454 9.12471 
0.8554 -16.018 
-13.3174 -13.6827 
26.123 32.768 
---end
-21.0122 21.9591 
23.11 16.8529 
3.91 -18.5568 
-4.924 22.152 
15.722 2.84 
1.48886 2.5916 
-13.6396 -14.1478 
-28.1341 -12.8652 
-6.6128 1.8532 
-11.006 -7.496 
25.986 23.11 
0.506 0.186 
2.88 -25.02 
0.8506 -12.1392 
-3.8882 -27.7854 
24.118 1.92 
4.61454 9.12471 
0.8554 -16.018 
-13.3174 -13.6827 
26.123 32.768 
-21.0122 21.9591 
23.11 16.8529 
3.91 -18.5568 
-4.924 22.152 
15.722 2.84 
1.48886 2.5916 
-13.6396 -14.1478 
-28.1341 -12.8652 
-6.6128 1.8532 
-11.006 -7.496 
25.986 23.11 
0.506 0.186 
2.88 -25.02 
0.8506 -12.1392 
-3.8882 -27.7854 
24.118 1.92 
4.61454 9.12471 
0.8554 -16.018 
-13.3174 -13.6827 
26.123 32.768 
---end
-21.0122 21.9591 
23.11 16.8529 
3.91 -18.5568 
-4.924 22.152 
15.722 2.84 
1.48886 2.5916 
-13.6396 -14.1478 
-28.1341 -12.8652 
-6.6128 1.8532 
-11.006 -7.496 
25.986 23.11 
0.506 0.186 
2.88 -25.02 
0.8506 -12.1392 
-3.8882 -27.7854 
24.118 1.92 
4.61454 9.12471 
0.8554 -16.018 
-13.3174 -13.6827 
26.123 32.768 
-21.0122 21.9591 
23.11 16.8529 
3.91 -18.5568 
-4.924 22.152 
15.722 2.84 
1.48886 2.5916 
-13.6396 -14.1478 
-28.1341 -12.8652 
-6.6128 1.8532 
-11.006 -7.496 
25.986 23.11 
0.506 0.186 
2.88 -25.02 
0.8506 -12.1392 
-3.8882 -27.7854 
24.118 1.92 
4.61454 9.12471 
0.8554 -16.018 
-13.3174 -13.6827 
26.123 32.768 
---end
-21.0122 21.9591 
23.11 16.8529 
3.91 -18.5568 
-4.924 22.152 
15.722 2.84 
1.48886 2.5916 
-13.6396 -14.1478 
-28.1341 -12.8652 
-6.6128 1.8532 
-11.006 -7.496 
25.986 23.11 
0.506 0.186 
2.88 -25.02 
0.8506 -12.1392 
-3.8882 -27.7854 
24.118 1.92 
4.61454 9.12471 
0.8554 -16.018 
-13.3174 -13.6827 
26.123 32.768 
-21.0122 21.9591 
23.11 16.8529 
3.91 -18.5568 
-4.924 22.152 
15.722 2.84 
1.48886 2.5916 
-13.6396 -14.1478 
-28.1341 -12.8652 
-6.6128 1.8532 
-11.006 -7.496 
25.986 23.11 
0.506 0.186 
2.88 -25.02 
0.8506 -12.1392 
-3.8882 -27.7854 
24.118 1.92 
4.61454 9.12471 
0.8554 -16.018 
-13.3174 -13.6827 
26.123 32.768 
---end
-21.0122 21.9591 
23.11 16.8529 
3.91 -18.5568 
-4.924 22.152 
15.722 2.84 
1.48886 2.5916 
-13.6396 -14.1478 
-28.1341 -12.8652 
-6.6128 1.8532 
-11.006 -7.496 
25.986 23.11 
0.506 0.186 
2.88 -25.02 
0.8506 -12.1392 
-3.8882 -27.7854 
24.118 1.92 
4.61454 9.12471 
0.8554 -16.018 
-13.3174 -13.6827 
26.123 32.768 
-21.0122 21.9591 
23.11 16.8529 
3.91 -18.5568 
-4.924 22.152 
15.722 2.84 
1.48886 2.5916 
-13.6396 -14.1478 
-28.1341 -12.8652 
-6.6128 1.8532 
-11.006 -7.496 
25.986 23.11 
0.506 0.186 
2.88 -25.02 
0.8506 -12.1392 
-3.8882 -27.7854 
24.118 1.92 
4.61454 9.12471 
0.8554 -16.018 
-13.3174 -13.6827 
26.123 32.768 
---end
-21.0122 21.9591 
23.11 16.8529 
3.91 -18.5568 
-4.924 22.152 
15.722 2.84 
1.48886 2.5916 
-13.6396 -14.1478 
-28.1341 -12.8652 
-6.6128 1.8532 
-11.006 -7.496 
25.986 23.11 
0.506 0.186 
2.88 -25.02 
0.8506 -12.1392 
-3.8882 -27.7854 
24.118 1.92 
4.61454 9.12471 
0.8554 -16.018 
-13.3174 -13.6827 
26.123 32.768 
-21.0122 21.9591 
23.11 16.8529 
3.91 -18.5568 
-4.924 22.152 
15.722 2.84 
1.48886 2.5916 
-13.6396 -14.1478 
-28.1341 -12.8652 
-6.6128 1.8532 
-11.006 -7.496 
25.986 23.11 
0.506 0.186 
2.88 -25.02 
0.8506 -12.1392 
-3.8882 -27.7854 
24.118 1.92 
4.61454 9.12471 
0.8554 -16.018 
-13.3174 -13.6827 
26.123 32.768 
---end
-21.0122 21.9591 
23.11 16.8529 
3.91 -18.5568 
-4.924 22.152 
15.722 2.84 
1.48886 2.5916 
-13.6396 -14.1478 
-28.1341 -12.8652 
-6.6128 1.8532 
-11.006 -7.496 
25.986 23.11 
0.506 0.186 
2.88 -25.02 
0.8506 -12.1392 
-3.8882 -27.7854 
24.118 1.92 
4.61454 9.12471 
0.8554 -16.018 
-13.3174 -13.6827 
26.123 32.768 
-21.0122 21.9591 
23.11 16.8529 
3.91 -18.5568 
-4.924 22.152 
15.722 2.84 
1.48886 2.5916 
-13.6396 -14.1478 
-28.1341 -12.8652 
-6.6128 1.8532 
-11.006 -7.496 
25.986 23.11 
0.506 0.186 
2.88 -25.02 
0.8506 -12.1392 
-3.8882 -27.7854 
24.118 1.92 
4.61454 9.12471 
0.8554 -16.018 
-13.3174 -13.6827 
26.123 32.768 
---end
-21.0122 21.9591 
23.11 16.8529 
3.91 -18.5568 
-4.924 22.152 
15.722 2.84 
1.48886 2.5916 
-13.6396 -14.1478 
-28.1341 -12.8652 
-6.6128 1.8532 
-11.006 -7.496 
25.986 23.11 
0.506 0.186 
2.88 -25.02 
0.8506 -12.1392 
-3.8882 -27.7854 
24.118 1.92 
4.61454 9.12471 
0.8554 -16.018 
-13.3174 -13.6827 
26.123 32.768 
-21.0122 21.9591 
23.11 16.8529 
3.91 -18.5568 
-4.924 22.152 
15.722 2.84 
1.48886 2.5916 
-13.6396 -14.1478 
-28.1341 -12.8652 
-6.6128 1.8532 
-11.006 -7.496 
25.986 23.11 
0.506 0.186 
2.88 -25.02 
0.8506 -12.1392 
-3.8882 -27.7854 
24.118 1.92 
4.61454 9.12471 
0.8554 -16.018 
-13.3174 -13.6827 
26.123 32.768 
---end
-21.0122 21.9591 
23.11 16.8529 
3.91 -18.5568 
-4.924 22.152 
15.722 2.84 
1.48886 2.5916 
-13.6396 -14.1478 
-28.1341 -12.8652 
-6.6128 1.8532 
-11.006 -7.496 
25.986 23.11 
0.506 0.186 
2.88 -25.02 
0.8506 -12.1392 
-3.8882 -27.7854 
24.118 1.92 
4.61454 9.12471 
0.8554 -16.018 
-13.3174 -13.6827 
26.123 32.768 
-21.0122 21.9591 
23.11 16.8529 
3.91 -18.5568 
-4.924 22.152 
15.722 2.84 
1.48886 2.5916 
-13.6396 -14.1478 
-28.1341 -12.8652 
-6.6128 1.8532 
-11.006 -7.496 
25.986 23.11 
0.506 0.186 
2.88 -25.02 
0.8506 -12.1392 
-3.8882 -27.7854 
24.118 1.92 
4.61454 9.12471 
0.8554 -16.018 
-13.3174 -13.6827 
26.123 32.768 
---end
-21.0122 21.9591 
23.11 16.8529 
3.91 -18.5568 
-4.924 22.152 
15.722 2.84 
1.48886 2.5916 
-13.6396 -14.1478 
-28.1341 -12.8652 
-6.6128 1.8532 
-11.006 -7.496 
25.986 23.11 
0.506 0.186 
2.88 -25.02 
0.8506 -12.1392 
-3.8882 -27.7854 
24.118 1.92 
4.61454 9.12471 
0.8554 -16.018 
-13.3174 -13.6827 
26.123 32.768 
-21.0122 21.9591 
23.11 16.8529 
3.91 -18.5568 
-4.924 22.152 
15.722 2.84 
1.48886 2.5916 
-13.6396 -14.1478 
-28.1341 -12.8652 
-6.6128 1.8532 
-11.006 -7.496 
25.986 23.11 
0.506 0.186 
2.88 -25.02 
0.8506 -12.1392 
-3.8882 -27.7854 
24.118 1.92 
4.61454 9.12471 
0.8554 -16.018 
-13.3174 -13.6827 
26.123 32.768 
---end
-21.0122 21.9591 
23.11 16.8529 
3.91 -18.5568 
-4.924 22.152 
15.722 2.84 
1.48886 2.5916 
-13.6396 -14.1478 
-28.1341 -12.8652 
-6.6128 1.8532 
-11.006 -7.496 
25.986 23.11 
0.506 0.186 
2.88 -25.02 
0.8506 -12.1392 
-3.8882 -27.7854 
24.118 1.92 
4.61454 9.12471 
0.8554 -16.018 
-13.3174 -13.6827 
26.123 32.768 
-21.0122 21.9591 
23.11 16.8529 
3.91 -18.5568 
-4.924 22.152 
15.722 2.84 
1.48886 2.5916 
-13.6396 -14.1478 
-28.1341 -12.8652 
-6.6128 1.8532 
-11.006 -7.496 
25.986 23.11 
0.506 0.186 
2.88 -25.02 
0.8506 -12.1392 
-3.8882 -27.7854 
24.118 1.92 
4.61454 9.12471 
0.8554 -16.018 
-13.3174 -13.6827 
26.123 32.768 
---end
-21.0122 21.9591 
23.11 16.8529 
3.91 -18.5568 
-4.924 22.152 
15.722 2.84 
1.48886 2.5916 
-13.6396 -14.1478 
-28.1341 -12.8652 
-6.6128 1.8532 
-11.006 -7.496 
25.986 23.11 
0.506 0.186 
2.88 -25.02 
0.8506 -12.1392 
-3.8882 -27.7854 
24.118 1.92 
4.61454 9.12471 
0.8554 -16.018 
-13.3174 -13.6827 
26.123 32.768 
-21.0122 21.9591 
23.11 16.8529 
3.91 -18.5568 
-4.924 22.152 
15.722 2.84 
1.48886 2.5916 
-13.6396 -14.1478 
-28.1341 -12.8652 
-6.6128 1.8532 
-11.006 -7.496 
25.986 23.11 
0.506 0.186 
2.88 -25.02 
0.8506 -12.1392 
-3.8882 -27.7854 
24.118 1.92 
4.61454 9.12471 
0.8554 -16.018 
-13.3174 -13.6827 
26.123 32.768 
---end
-21.0122 21.9591 
23.11 16.8529 
3.91 -18.5568 
-4.924 22.152 
15.722 2.84 
1.48886 2.5916 
-13.6396 -14.1478 
-28.1341 -12.8652 
-6.6128 1.8532 
-11.006 -7.496 
25.986 23.11 
0.506 0.186 
2.88 -25.02 
0.8506 -12.1392 
-3.8882 -27.7854 
24.118 1.92 
4.61454 9.12471 
0.8554 -16.018 
-13.3174 -13.6827 
26.123 32.768 
-21.0122 21.9591 
23.11 16.8529 
3.91 -18.5568 
-4.924 22.152 
15.722 2.84 
1.48886 2.5916 
-13.6396 -14.1478 
-28.1341 -12.8652 
-6.6128 1.8532 
-11.006 -7.496 
25.986 23.11 
0.506 0.186 
2.88 -25.02 
0.8506 -12.1392 
-3.8882 -27.7854 
24.118 1.92 
4.61454 9.12471 
0.8554 -16.018 
-13.3174 -13.6827 
26.123 32.768 
---end
-21.0122 21.9591 
23.11 16.8529 
3.91 -18.5568 
-4.924 22.152 
15.722 2.84 
1.48886 2.5916 
-13.6396 -14.1478 
-28.1341 -12.8652 
-6.6128 1.8532 
-11.006 -7.496 
25.986 23.11 
0.506 0.186 
2.88 -25.02 
0.8506 -12.1392 
-3.8882 -27.7854 
24.118 1.92 
4.61454 9.12471 
0.8554 -16.018 
-13.3174 -13.6827 
26.123 32.768 
-21.0122 21.9591 
23.11 16.8529 
3.91 -18.5568 
-4.924 22.152 
15.722 2.84 
1.48886 2.5916 
-13.6396 -14.1478 
-28.1341 -12.8652 
-6.6128 1.8532 
-11.006 -7.496 
25.986 23.11 
0.506 0.186 
2.88 -25.02 
0.8506 -12.1392 
-3.8882 -27.7854 
24.118 1.92 
4.61454 9.12471 
0.8554 -16.018 
-13.3174 -13.6827 
26.123 32.768 
---end
-21.0122 21.9591 
23.11 16.8529 
3.91 -18.5568 
-4.924 22.152 
15.722 2.84 
1.48886 2.5916 
-13.6396 -14.1478 
-28.1341 -12.8652 
-6.6128 1.8532 
-11.006 -7.496 
25.986 23.11 
0.506 0.186 
2.88 -25.02 
0.8506 -12.1392 
-3.8882 -27.7854 
24.118 1.92 
4.61454 9.12471 
0.8554 -16.018 
-13.3174 -13.6827 
26.123 32.768 
-21.0122 21.9591 
23.11 16.8529 
3.91 -18.5568 
-4.924 22.152 
15.722 2.84 
1.48886 2.5916 
-13.6396 -14.1478 
-28.1341 -12.8652 
-6.6128 1.8532 
-11.006 -7.496 
25.986 23.11 
0.506 0.186 
2.88 -25.02 
0.8506 -12.1392 
-3.8882 -27.7854 
24.118 1.92 
4.61454 9.12471 
0.8554 -16.018 
-13.3174 -13.6827 
26.123 32.768 
---end
-21.0122 21.9591 
23.11 16.8529 
3.91 -18.5568 
-4.924 22.152 
15.722 2.84 
1.48886 2.5916 
-13.6396 -14.1478 
-28.1341 -12.8652 
-6.6128 1.8532 
-11.006 -7.496 
25.986 23.11 
0.506 0.186 
2.88 -25.02 
0.8506 -12.1392 
-3.8882 -27.7854 
24.118 1.92 
4.61454 9.12471 
0.8554 -16.018 
-13.3174 -13.6827 
26.123 32.768 
-21.0122 21.9591 
23.11 16.8529 
3.91 -18.5568 
-4.924 22.152 
15.722 2.84 
1.48886 2.5916 
-13.6396 -14.1478 
-28.1341 -12.8652 
-6.6128 1.8532 
-11.006 -7.496 
25.986 23.11 
0.506 0.186 
2.88 -25.02 
0.8506 -12.1392 
-3.8882 -27.7854 
24.118 1.92 
4.61454 9.12471 
0.8554 -16.018 
-13.3174 -13.6827 
26.123 32.768 
---end
-21.0122 21.9591 
23.11 16.8529 
3.91 -18.5568 
-4.924 22.152 
15.722 2.84 
1.48886 2.5916 
-13.6396 -14.1478 
-28.1341 -12.8652 
-6.6128 1.8532 
-11.006 -7.496 
25.986 23.11 
0.506 0.186 
2.88 -25.02 
0.8506 -12.1392 
-3.8882 -27.7854 
24.118 1.92 
4.61454 9.12471 
0.8554 -16.018 
-13.3174 -13.6827 
26.123 32.768 
-21.0122 21.9591 
23.11 16.8529 
3.91 -18.5568 
-4.924 22.152 
15.722 2.84 
1.48886 2.5916 
-13.6396 -14.1478 
-28.1341 -12.8652 
-6.6128 1.8532 
-11.006 -7.496 
25.986 23.11 
0.506 0.186 
2.88 -25.02 
0.8506 -12.1392 
-3.8882 -27.7854 
24.118 1.92 
4.61454 9.12471 
0.8554 -16.018 
-13.3174 -13.6827 
26.123 32.768 
---end
-21.0122 21.9591 
23.11 16.8529 
3.91 -18.5568 
-4.924 22.152 
15.722 2.84 
1.48886 2.5916 
-13.6396 -14.1478 
-28.1341 -12.8652 
-6.6128 1.8532 
-11.006 -7.496 
25.986 23.11 
0.506 0.186 
2.88 -25.02 
0.8506 -12.1392 
-3.8882 -27.7854 
24.118 1.92 
4.61454 9.12471 
0.8554 -16.018 
-13.3174 -13.6827 
26.123 32.768 
-21.0122 21.9591 
23.11 16.8529 
3.91 -18.5568 
-4.924 22.152 
15.722 2.84 
1.48886 2.5916 
-13.6396 -14.1478 
-28.1341 -12.8652 
-6.6128 1.8532 
-11.006 -7.496 
25.986 23.11 
0.506 0.186 
2.88 -25.02 
0.8506 -12.1392 
-3.8882 -27.7854 
24.118 1.92 
4.61454 9.12471 
0.8554 -16.018 
-13.3174 -13.6827 
26.123 32.768 
---end
-21.0122 21.9591 
23.11 16.8529 
3.91 -18.5568 
-4.924 22.152 
15.722 2.84 
1.48886 2.5916 
-13.6396 -14.1478 
-28.1341 -12.8652 
-6.6128 1.8532 
-11.006 -7.496 
25.986 23.11 
0.506 0.186 
2.88 -25.02 
0.8506 -12.1392 
-3.8882 -27.7854 
24.118 1.92 
4.61454 9.12471 
0.8554 -16.018 
-13.3174 -13.6827 
26.123 32.768 
-21.0122 21.9591 
23.11 16.8529 
3.91 -18.5568 
-4.924 22.152 
15.722 2.84 
1.48886 2.5916 
-13.6396 -14.1478 
-28.1341 -12.8652 
-6.6128 1.8532 
-11.006 -7.496 
25.986 23.11 
0.506 0.186 
2.88 -25.02 
0.8506 -12.1392 
-3.8882 -27.7854 
24.118 1.92 
4.61454 9.12471 
0.8554 -16.018 
-13.3174 -13.6827 
26.123 32.768 
---end
-21.0122 21.9591 
23.11 16.8529 
3.91 -18.5568 
-4.924 22.152 
15.722 2.84 
1.48886 2.5916 
-13.6396 -14.1478 
-28.1341 -12.8652 
-6.6128 1.8532 
-11.006 -7.496 
25.986 23.11 
0.506 0.186 
2.88 -25.02 
0.8506 -12.1392 
-3.8882 -27.7854 
24.118 1.92 
4.61454 9.12471 
0.8554 -16.018 
-13.3174 -13.6827 
26.123 32.768 
-21.0122 21.9591 
23.11 16.8529 
3.91 -18.5568 
-4.924 22.152 
15.722 2.84 
1.48886 2.5916 
-13.6396 -14.1478 
-28.1341 -12.8652 
-6.6128 1.8532 
-11.006 -7.496 
25.986 23.11 
0.506 0.186 
2.88 -25.02 
0.8506 -12.1392 
-3.8882 -27.7854 
24.118 1.92 
4.61454 9.12471 
0.8554 -16.018 
-13.3174 -13.6827 
26.123 32.768 
---end
-21.0122 21.9591 
23.11 16.8529 
3.91 -18.5568 
-4.924 22.152 
15.722 2.84 
1.48886 2.5916 
-13.6396 -14.1478 
-28.1341 -12.8652 
-6.6128 1.8532 
-11.006 -7.496 
25.986 23.11 
0.506 0.186 
2.88 -25.02 
0.8506 -12.1392 
-3.8882 -27.7854 
24.118 1.92 
4.61454 9.12471 
0.8554 -16.018 
-13.3174 -13.6827 
26.123 32.768 
-21.0122 21.9591 
23.11 16.8529 
3.91 -18.5568 
-4.924 22.152 
15.722 2.84 
1.48886 2.5916 
-13.6396 -14.1478 
-28.1341 -12.8652 
-6.6128 1.8532 
-11.006 -7.496 
25.986 23.11 
0.506 0.186 
2.88 -25.02 
0.8506 -12.1392 
-3.8882 -27.7854 
24.118 1.92 
4.61454 9.12471 
0.8554 -16.018 
-13.3174 -13.6827 
26.123 32.768 
---end
-21.0122 21.9591 
23.11 16.8529 
3.91 -18.5568 
-4.924 22.152 
15.722 2.84 
1.48886 2.5916 
-13.6396 -14.1478 
-28.1341 -12.8652 
-6.6128 1.8532 
-11.006 -7.496 
25.986 23.11 
0.506 0.186 
2.88 -25.02 
0.8506 -12.1392 
-3.8882 -27.7854 
24.118 1.92 
4.61454 9.12471 
0.8554 -16.018 
-13.3174 -13.6827 
26.123 32.768 
-21.0122 21.9591 
23.11 16.8529 
3.91 -18.5568 
-4.924 22.152 
15.722 2.84 
1.48886 2.5916 
-13.6396 -14.1478 
-28.1341 -12.8652 
-6.6128 1.8532 
-11.006 -7.496 
25.986 23.11 
0.506 0.186 
2.88 -25.02 
0.8506 -12.1392 
-3.8882 -27.7854 
24.118 1.92 
4.61454 9.12471 
0.8554 -16.018 
-13.3174 -13.6827 
26.123 32.768 
---end
-21.0122 21.9591 
23.11 16.8529 
3.91 -18.5568 
-4.924 22.152 
15.722 2.84 
1.48886 2.5916 
-13.6396 -14.1478 
-28.1341 -12.8652 
-6.6128 1.8532 
-11.006 -7.496 
25.986 23.11 
0.506 0.186 
2.88 -25.02 
0.8506 -12.1392 
-3.8882 -27.7854 
24.118 1.92 
4.61454 9.12471 
0.8554 -16.018 
-13.3174 -13.6827 
26.123 32.768 
-21.0122 21.9591 
23.11 16.8529 
3.91 -18.5568 
-4.924 22.152 
15.722 2.84 
1.48886 2.5916 
-13.6396 -14.1478 
-28.1341 -12.8652 
-6.6128 1.8532 
-11.006 -7.496 
25.986 23.11 
0.506 0.186 
2.88 -25.02 
0.8506 -12.1392 
-3.8882 -27.7854 
24.118 1.92 
4.61454 9.12471 
0.8554 -16.018 
-13.3174 -13.6827 
26.123 32.768 
---end
-21.0122 21.9591 
23.11 16.8529 
3.91 -18.5568 
-4.924 22.152 
15.722 2.84 
1.48886 2.5916 
-13.6396 -14.1478 
-28.1341 -12.8652 
-6.6128 1.8532 
-11.006 -7.496 
25.986 23.11 
0.506 0.186 
2.88 -25.02 
0.8506 -12.1392 
-3.8882 -27.7854 
24.118 1.92 
4.61454 9.12471 
0.8554 -16.018 
-13.3174 -13.6827 
26.123 32.768 
-21.0122 21.9591 
23.11 16.8529 
3.91 -18.5568 
-4.924 22.152 
15.722 2.84 
1.48886 2.5916 
-13.6396 -14.1478 
-28.1341 -12.8652 
-6.6128 1.8532 
-11.006 -7.496 
25.986 23.11 
0.506 0.186 
2.88 -25.02 
0.8506 -12.1392 
-3.8882 -27.7854 
24.118 1.92 
4.61454 9.12471 
0.8554 -16.018 
-13.3174 -13.6827 
26.123 32.768 
---end
-21.0122 21.9591 
23.11 16.8529 
3.91 -18.5568 
-4.924 22.152 
15.722 2.84 
1.48886 2.5916 
-13.6396 -14.1478 
-28.1341 -12.8652 
-6.6128 1.8532 
-11.006 -7.496 
25.986 23.11 
0.506 0.186 
2.88 -25.02 
0.8506 -12.1392 
-3.8882 -27.7854 
24.118 1.92 
4.61454 9.12471 
0.8554 -16.018 
-13.3174 -13.6827 
26.123 32.768 
-21.0122 21.9591 
23.11 16.8529 
3.91 -18.5568 
-4.924 22.152 
15.722 2.84 
1.48886 2.5916 
-13.6396 -14.1478 
-28.1341 -12.8652 
-6.6128 1.8532 
-11.006 -7.496 
25.986 23.11 
0.506 0.186 
2.88 -25.02 
0.8506 -12.1392 
-3.8882 -27.7854 
24.118 1.92 
4.61454 9.12471 
0.8554 -16.018 
-13.3174 -13.6827 
26.123 32.768 
---end
-21.0122 21.9591 
23.11 16.8529 
3.91 -18.5568 
-4.924 22.152 
15.722 2.84 
1.48886 2.5916 
-13.6396 -14.1478 
-28.1341 -12.8652 
-6.6128 1.8532 
-11.006 -7.496 
25.986 23.11 
0.506 0.186 
2.88 -25.02 
0.8506 -12.1392 
-3.8882 -27.7854 
24.118 1.92 
4.61454 9.12471 
0.8554 -16.018 
-13.3174 -13.6827 
26.123 32.768 
-21.0122 21.9591 
23.11 16.8529 
3.91 -18.5568 
-4.924 22.152 
15.722 2.84 
1.48886 2.5916 
-13.6396 -14.1478 
-28.1341 -12.8652 
-6.6128 1.8532 
-11.006 -7.496 
25.986 23.11 
0.506 0.186 
2.88 -25.02 
0.8506 -12.1392 
-3.8882 -27.7854 
24.118 1.92 
4.61454 9.12471 
0.8554 -16.018 
-13.3174 -13.6827 
26.123 32.768 
---end
-21.0122 21.9591 
23.11 16.8529 
3.91 -18.5568 
-4.924 22.152 
15.722 2.84 
1.48886 2.5916 
-13.6396 -14.1478 
-28.1341 -12.8652 
-6.6128 1.8532 
-11.006 -7.496 
25.986 23.11 
0.506 0.186 
2.88 -25.02 
0.8506 -12.1392 
-3.8882 -27.7854 
24.118 1.92 
4.61454 9.12471 
0.8554 -16.018 
-13.3174 -13.6827 
26.123 32.768 
-21.0122 21.9591 
23.11 16.8529 
3.91 -18.5568 
-4.924 22.152 
15.722 2.84 
1.48886 2.5916 
-13.6396 -14.1478 
-28.1341 -12.8652 
-6.6128 1.8532 
-11.006 -7.496 
25.986 23.11 
0.506 0.186 
2.88 -25.02 
0.8506 -12.1392 
-3.8882 -27.7854 
24.118 1.92 
4.61454 9.12471 
0.8554 -16.018 
-13.3174 -13.6827 
26.123 32.768 
---end
-21.0122 21.9591 
23.11 16.8529 
3.91 -18.5568 
-4.924 22.152 
15.722 2.84 
1.48886 2.5916 
-13.6396 -14.1478 
-28.1341 -12.8652 
-6.6128 1.8532 
-11.006 -7.496 
25.986 23.11 
0.506 0.186 
2.88 -25.02 
0.8506 -12.1392 
-3.8882 -27.7854 
24.118 1.92 
4.61454 9.12471 
0.8554 -16.018 
-13.3174 -13.6827 
26.123 32.768 
-21.0122 21.9591 
23.11 16.8529 
3.91 -18.5568 
-4.924 22.152 
15.722 2.84 
1.48886 2.5916 
-13.6396 -14.1478 
-28.1341 -12.8652 
-6.6128 1.8532 
-11.006 -7.496 
25.986 23.11 
0.506 0.186 
2.88 -25.02 
0.8506 -12.1392 
-3.8882 -27.7854 
24.118 1.92 
4.61454 9.12471 
0.8554 -16.018 
-13.3174 -13.6827 
26.123 32.768 
---end
-21.0122 21.9591 
23.11 16.8529 
3.91 -18.5568 
-4.924 22.152 
15.722 2.84 
1.48886 2.5916 
-13.6396 -14.1478 
-28.1341 -12.8652 
-6.6128 1.8532 
-11.006 -7.496 
25.986 23.11 
0.506 0.186 
2.88 -25.02 
0.8506 -12.1392 
-3.8882 -27.7854 
24.118 1.92 
4.61454 9.12471 
0.8554 -16.018 
-13.3174 -13.6827 
26.123 32.768 
-21.0122 21.9591 
23.11 16.8529 
3.91 -18.5568 
-4.924 22.152 
15.722 2.84 
1.48886 2.5916 
-13.6396 -14.1478 
-28.1341 -12.8652 
-6.6128 1.8532 
-11.006 -7.496 
25.986 23.11 
0.506 0.186 
2.88 -25.02 
0.8506 -12.1392 
-3.8882 -27.7854 
24.118 1.92 
4.61454 9.12471 
0.8554 -16.018 
-13.3174 -13.6827 
26.123 32.768 
---end
-21.0122 21.9591 
23.11 16.8529 
3.91 -18.5568 
-4.924 22.152 
15.722 2.84 
1.48886 2.5916 
-13.6396 -14.1478 
-28.1341 -12.8652 
-6.6128 1.8532 
-11.006 -7.496 
25.986 23.11 
0.506 0.186 
2.88 -25.02 
0.8506 -12.1392 
-3.8882 -27.7854 
24.118 1.92 
4.61454 9.12471 
0.8554 -16.018 
-13.3174 -13.6827 
26.123 32.768 
-21.0122 21.9591 
23.11 16.8529 
3.91 -18.5568 
-4.924 22.152 
15.722 2.84 
1.48886 2.5916 
-13.6396 -14.1478 
-28.1341 -12.8652 
-6.6128 1.8532 
-11.006 -7.496 
25.986 23.11 
0.506 0.186 
2.88 -25.02 
0.8506 -12.1392 
-3.8882 -27.7854 
24.118 1.92 
4.61454 9.12471 
0.8554 -16.018 
-13.3174 -13.6827 
26.123 32.768 
---end
-21.0122 21.9591 
23.11 16.8529 
3.91 -18.5568 
-4.924 22.152 
15.722 2.84 
1.48886 2.5916 
-13.6396 -14.1478 
-28.1341 -12.8652 
-6.6128 1.8532 
-11.006 -7.496 
25.986 23.11 
0.506 0.186 
2.88 -25.02 
0.8506 -12.1392 
-3.8882 -27.7854 
24.118 1.92 
4.61454 9.12471 
0.8554 -16.018 
-13.3174 -13.6827 
26.123 32.768 
-21.0122 21.9591 
23.11 16.8529 
3.91 -18.5568 
-4.924 22.152 
15.722 2.84 
1.48886 2.5916 
-13.6396 -14.1478 
-28.1341 -12.8652 
-6.6128 1.8532 
-11.006 -7.496 
25.986 23.11 
0.506 0.186 
2.88 -25.02 
0.8506 -12.1392 
-3.8882 -27.7854 
24.118 1.92 
4.61454 9.12471 
0.8554 -16.018 
-13.3174 -13.6827 
26.123 32.768 
---end
-21.0122 21.9591 
23.11 16.8529 
3.91 -18.5568 
-4.924 22.152 
15.722 2.84 
1.48886 2.5916 
-13.6396 -14.1478 
-28.1341 -12.8652 
-6.6128 1.8532 
-11.006 -7.496 
25.986 23.11 
0.506 0.186 
2.88 -25.02 
0.8506 -12.1392 
-3.8882 -27.7854 
24.118 1.92 
4.61454 9.12471 
0.8554 -16.018 
-13.3174 -13.6827 
26.123 32.768 
-21.0122 21.9591 
23.11 16.8529 
3.91 -18.5568 
-4.924 22.152 
15.722 2.84 
1.48886 2.5916 
-13.6396 -14.1478 
-28.1341 -12.8652 
-6.6128 1.8532 
-11.006 -7.496 
25.986 23.11 
0.506 0.186 
2.88 -25.02 
0.8506 -12.1392 
-3.8882 -27.7854 
24.118 1.92 
4.61454 9.12471 
0.8554 -16.018 
-13.3174 -13.6827 
26.123 32.768 
---end
-21.0122 21.9591 
23.11 16.8529 
3.91 -18.5568 
-4.924 22.152 
15.722 2.84 
1.48886 2.5916 
-13.6396 -14.1478 
-28.1341 -12.8652 
-6.6128 1.8532 
-11.006 -7.496 
25.986 23.11 
0.506 0.186 
2.88 -25.02 
0.8506 -12.1392 
-3.8882 -27.7854 
24.118 1.92 
4.61454 9.12471 
0.8554 -16.018 
-13.3174 -13.6827 
26.123 32.768 
-21.0122 21.9591 
23.11 16.8529 
3.91 -18.5568 
-4.924 22.152 
15.722 2.84 
1.48886 2.5916 
-13.6396 -14.1478 
-28.1341 -12.8652 
-6.6128 1.8532 
-11.006 -7.496 
25.986 23.11 
0.506 0.186 
2.88 -25.02 
0.8506 -12.1392 
-3.8882 -27.7854 
24.118 1.92 
4.61454 9.12471 
0.8554 -16.018 
-13.3174 -13.6827 
26.123 32.768 
---end
-21.0122 21.9591 
23.11 16.8529 
3.91 -18.5568 
-4.924 22.152 
15.722 2.84 
1.48886 2.5916 
-13.6396 -14.1478 
-28.1341 -12.8652 
-6.6128 1.8532 
-11.006 -7.496 
25.986 23.11 
0.506 0.186 
2.88 -25.02 
0.8506 -12.1392 
-3.8882 -27.7854 
24.118 1.92 
4.61454 9.12471 
0.8554 -16.018 
-13.3174 -13.6827 
26.123 32.768 
-21.0122 21.9591 
23.11 16.8529 
3.91 -18.5568 
-4.924 22.152 
15.722 2.84 
1.48886 2.5916 
-13.6396 -14.1478 
-28.1341 -12.8652 
-6.6128 1.8532 
-11.006 -7.496 
25.986 23.11 
0.506 0.186 
2.88 -25.02 
0.8506 -12.1392 
-3.8882 -27.7854 
24.118 1.92 
4.61454 9.12471 
0.8554 -16.018 
-13.3174 -13.6827 
26.123 32.768 
---end
-21.0122 21.9591 
23.11 16.8529 
3.91 -18.5568 
-4.924 22.152 
15.722 2.84 
1.48886 2.5916 
-13.6396 -14.1478 
-28.1341 -12.8652 
-6.6128 1.8532 
-11.006 -7.496 
25.986 23.11 
0.506 0.186 
2.88 -25.02 
0.8506 -12.1392 
-3.8882 -27.7854 
24.118 1.92 
4.61454 9.12471 
0.8554 -16.018 
-13.3174 -13.6827 
26.123 32.768 
-21.0122 21.9591 
23.11 16.8529 
3.91 -18.5568 
-4.924 22.152 
15.722 2.84 
1.48886 2.5916 
-13.6396 -14.1478 
-28.1341 -12.8652 
-6.6128 1.8532 
-11.006 -7.496 
25.986 23.11 
0.506 0.186 
2.88 -25.02 
0.8506 -12.1392 
-3.8882 -27.7854 
24.118 1.92 
4.61454 9.12471 
0.8554 -16.018 
-13.3174 -13.6827 
26.123 32.768 
---end
-21.0122 21.9591 
23.11 16.8529 
3.91 -18.5568 
-4.924 22.152 
15.722 2.84 
1.48886 2.5916 
-13.6396 -14.1478 
-28.1341 -12.8652 
-6.6128 1.8532 
-11.006 -7.496 
25.986 23.11 
0.506 0.186 
2.88 -25.02 
0.8506 -12.1392 
-3.8882 -27.7854 
24.118 1.92 
4.61454 9.12471 
0.8554 -16.018 
-13.3174 -13.6827 
26.123 32.768 
-21.0122 21.9591 
23.11 16.8529 
3.91 -18.5568 
-4.924 22.152 
15.722 2.84 
1.48886 2.5916 
-13.6396 -14.1478 
-28.1341 -12.8652 
-6.6128 1.8532 
-11.006 -7.496 
25.986 23.11 
0.506 0.186 
2.88 -25.02 
0.8506 -12.1392 
-3.8882 -27.7854 
24.118 1.92 
4.61454 9.12471 
0.8554 -16.018 
-13.3174 -13.6827 
26.123 32.768 
---end
-21.0122 21.9591 
23.11 16.8529 
3.91 -18.5568 
-4.924 22.152 
15.722 2.84 
1.48886 2.5916 
-13.6396 -14.1478 
-28.1341 -12.8652 
-6.6128 1.8532 
-11.006 -7.496 
25.986 23.11 
0.506 0.186 
2.88 -25.02 
0.8506 -12.1392 
-3.8882 -27.7854 
24.118 1.92 
4.61454 9.12471 
0.8554 -16.018 
-13.3174 -13.6827 
26.123 32.768 
-21.0122 21.9591 
23.11 16.8529 
3.91 -18.5568 
-4.924 22.152 
15.722 2.84 
1.48886 2.5916 
-13.6396 -14.1478 
-28.1341 -12.8652 
-6.6128 1.8532 
-11.006 -7.496 
25.986 23.11 
0.506 0.186 
2.88 -25.02 
0.8506 -12.1392 
-3.8882 -27.7854 
24.118 1.92 
4.61454 9.12471 
0.8554 -16.018 
-13.3174 -13.6827 
26.123 32.768 
---end
-21.0122 21.9591 
23.11 16.8529 
3.91 -18.5568 
-4.924 22.152 
15.722 2.84 
1.48886 2.5916 
-13.6396 -14.1478 
-28.1341 -12.8652 
-6.6128 1.8532 
-11.006 -7.496 
25.986 23.11 
0.506 0.186 
2.88 -25.02 
0.8506 -12.1392 
-3.8882 -27.7854 
24.118 1.92 
4.61454 9.12471 
0.8554 -16.018 
-13.3174 -13.6827 
26.123 32.768 
-21.0122 21.9591 
23.11 16.8529 
3.91 -18.5568 
-4.924 22.152 
15.722 2.84 
1.48886 2.5916 
-13.6396 -14.1478 
-28.1341 -12.8652 
-6.6128 1.8532 
-11.006 -7.496 
25.986 23.11 
0.506 0.186 
2.88 -25.02 
0.8506 -12.1392 
-3.8882 -27.7854 
24.118 1.92 
4.61454 9.12471 
0.8554 -16.018 
-13.3174 -13.6827 
26.123 32.768 
---end
-21.0122 21.9591 
23.11 16.8529 
3.91 -18.5568 
-4.924 22.152 
15.722 2.84 
1.48886 2.5916 
-13.6396 -14.1478 
-28.1341 -12.8652 
-6.6128 1.8532 
-11.006 -7.496 
25.986 23.11 
0.506 0.186 
2.88 -25.02 
0.8506 -12.1392 
-3.8882 -27.7854 
24.118 1.92 
4.61454 9.12471 
0.8554 -16.018 
-13.3174 -13.6827 
26.123 32.768 
-21.0122 21.9591 
23.11 16.8529 
3.91 -18.5568 
-4.924 22.152 
15.722 2.84 
1.48886 2.5916 
-13.6396 -14.1478 
-28.1341 -12.8652 
-6.6128 1.8532 
-11.006 -7.496 
25.986 23.11 
0.506 0.186 
2.88 -25.02 
0.8506 -12.1392 
-3.8882 -27.7854 
24.118 1.92 
4.61454 9.12471 
0.8554 -16.018 
-13.3174 -13.6827 
26.123 32.768 
---end
-21.0122 21.9591 
23.11 16.8529 
3.91 -18.5568 
-4.924 22.152 
15.722 2.84 
1.48886 2.5916 
-13.6396 -14.1478 
-28.1341 -12.8652 
-6.6128 1.8532 
-11.006 -7.496 
25.986 23.11 
0.506 0.186 
2.88 -25.02 
0.8506 -12.1392 
-3.8882 -27.7854 
24.118 1.92 
4.61454 9.12471 
0.8554 -16.018 
-13.3174 -13.6827 
26.123 32.768 
-21.0122 21.9591 
23.11 16.8529 
3.91 -18.5568 
-4.924 22.152 
15.722 2.84 
1.48886 2.5916 
-13.6396 -14.1478 
-28.1341 -12.8652 
-6.6128 1.8532 
-11.006 -7.496 
25.986 23.11 
0.506 0.186 
2.88 -25.02 
0.8506 -12.1392 
-3.8882 -27.7854 
24.118 1.92 
4.61454 9.12471 
0.8554 -16.018 
-13.3174 -13.6827 
26.123 32.768 
---end
-21.0122 21.9591 
23.11 16.8529 
3.91 -18.5568 
-4.924 22.152 
15.722 2.84 
1.48886 2.5916 
-13.6396 -14.1478 
-28.1341 -12.8652 
-6.6128 1.8532 
-11.006 -7.496 
25.986 23.11 
0.506 0.186 
2.88 -25.02 
0.8506 -12.1392 
-3.8882 -27.7854 
24.118 1.92 
4.61454 9.12471 
0.8554 -16.018 
-13.3174 -13.6827 
26.123 32.768 
-21.0122 21.9591 
23.11 16.8529 
3.91 -18.5568 
-4.924 22.152 
15.722 2.84 
1.48886 2.5916 
-13.6396 -14.1478 
-28.1341 -12.8652 
-6.6128 1.8532 
-11.006 -7.496 
25.986 23.11 
0.506 0.186 
2.88 -25.02 
0.8506 -12.1392 
-3.8882 -27.7854 
24.118 1.92 
4.61454 9.12471 
0.8554 -16.018 
-13.3174 -13.6827 
26.123 32.768 
---end
-21.0122 21.9591 
23.11 16.8529 
3.91 -18.5568 
-4.924 22.152 
15.722 2.84 
1.48886 2.5916 
-13.6396 -14.1478 
-28.1341 -12.8652 
-6.6128 1.8532 
-11.006 -7.496 
25.986 23.11 
0.506 0.186 
2.88 -25.02 
0.8506 -12.1392 
-3.8882 -27.7854 
24.118 1.92 
4.61454 9.12471 
0.8554 -16.018 
-13.3174 -13.6827 
26.123 32.768 
-21.0122 21.9591 
23.11 16.8529 
3.91 -18.5568 
-4.924 22.152 
15.722 2.84 
1.48886 2.5916 
-13.6396 -14.1478 
-28.1341 -12.8652 
-6.6128 1.8532 
-11.006 -7.496 
25.986 23.11 
0.506 0.186 
2.88 -25.02 
0.8506 -12.1392 
-3.8882 -27.7854 
24.118 1.92 
4.61454 9.12471 
0.8554 -16.018 
-13.3174 -13.6827 
26.123 32.768 
---end
-21.0122 21.9591 
23.11 16.8529 
3.91 -18.5568 
-4.924 22.152 
15.722 2.84 
1.48886 2.5916 
-13.6396 -14.1478 
-28.1341 -12.8652 
-6.6128 1.8532 
-11.006 -7.496 
25.986 23.11 
0.506 0.186 
2.88 -25.02 
0.8506 -12.1392 
-3.8882 -27.7854 
24.118 1.92 
4.61454 9.12471 
0.8554 -16.018 
-13.3174 -13.6827 
26.123 32.768 
-21.0122 21.9591 
23.11 16.8529 
3.91 -18.5568 
-4.924 22.152 
15.722 2.84 
1.48886 2.5916 
-13.6396 -14.1478 
-28.1341 -12.8652 
-6.6128 1.8532 
-11.006 -7.496 
25.986 23.11 
0.506 0.186 
2.88 -25.02 
0.8506 -12.1392 
-3.8882 -27.7854 
24.118 1.92 
4.61454 9.12471 
0.8554 -16.018 
-13.3174 -13.6827 
26.123 32.768 
---end
-21.0122 21.9591 
23.11 16.8529 
3.91 -18.5568 
-4.924 22.152 
15.722 2.84 
1.48886 2.5916 
-13.6396 -14.1478 
-28.1341 -12.8652 
-6.6128 1.8532 
-11.006 -7.496 
25.986 23.11 
0.506 0.186 
2.88 -25.02 
0.8506 -12.1392 
-3.8882 -27.7854 
24.118 1.92 
4.61454 9.12471 
0.8554 -16.018 
-13.3174 -13.6827 
26.123 32.768 
-21.0122 21.9591 
23.11 16.8529 
3.91 -18.5568 
-4.924 22.152 
15.722 2.84 
1.48886 2.5916 
-13.6396 -14.1478 
-28.1341 -12.8652 
-6.6128 1.8532 
-11.006 -7.496 
25.986 23.11 
0.506 0.186 
2.88 -25.02 
0.8506 -12.1392 
-3.8882 -27.7854 
24.118 1.92 
4.61454 9.12471 
0.8554 -16.018 
-13.3174 -13.6827 
26.123 32.768 
---end
-21.0122 21.9591 
23.11 16.8529 
3.91 -18.5568 
-4.924 22.152 
15.722 2.84 
1.48886 2.5916 
-13.6396 -14.1478 
-28.1341 -12.8652 
-6.6128 1.8532 
-11.006 -7.496 
25.986 23.11 
0.506 0.186 
2.88 -25.02 
0.8506 -12.1392 
-3.8882 -27.7854 
24.118 1.92 
4.61454 9.12471 
0.8554 -16.018 
-13.3174 -13.6827 
26.123 32.768 
-21.0122 21.9591 
23.11 16.8529 
3.91 -18.5568 
-4.924 22.152 
15.722 2.84 
1.48886 2.5916 
-13.6396 -14.1478 
-28.1341 -12.8652 
-6.6128 1.8532 
-11.006 -7.496 
25.986 23.11 
0.506 0.186 
2.88 -25.02 
0.8506 -12.1392 
-3.8882 -27.7854 
24.118 1.92 
4.61454 9.12471 
0.8554 -16.018 
-13.3174 -13.6827 
26.123 32.768 
---end
-21.0122 21.9591 
23.11 16.8529 
3.91 -18.5568 
-4.924 22.152 
15.722 2.84 
1.48886 2.5916 
-13.6396 -14.1478 
-28.1341 -12.8652 
-6.6128 1.8532 
-11.006 -7.496 
25.986 23.11 
0.506 0.186 
2.88 -25.02 
0.8506 -12.1392 
-3.8882 -27.7854 
24.118 1.92 
4.61454 9.12471 
0.8554 -16.018 
-13.3174 -13.6827 
26.123 32.768 
-21.0122 21.9591 
23.11 16.8529 
3.91 -18.5568 
-4.924 22.152 
15.722 2.84 
1.48886 2.5916 
-13.6396 -14.1478 
-28.1341 -12.8652 
-6.6128 1.8532 
-11.006 -7.496 
25.986 23.11 
0.506 0.186 
2.88 -25.02 
0.8506 -12.1392 
-3.8882 -27.7854 
24.118 1.92 
4.61454 9.12471 
0.8554 -16.018 
-13.3174 -13.6827 
26.123 32.768 
---end
-21.0122 21.9591 
23.11 16.8529 
3.91 -18.5568 
-4.924 22.152 
15.722 2.84 
1.48886 2.5916 
-13.6396 -14.1478 
-28.1341 -12.8652 
-6.6128 1.8532 
-11.006 -7.496 
25.986 23.11 
0.506 0.186 
2.88 -25.02 
0.8506 -12.1392 
-3.8882 -27.7854 
24.118 1.92 
4.61454 9.12471 
0.8554 -16.018 
-13.3174 -13.6827 
26.123 32.768 
-21.0122 21.9591 
23.11 16.8529 
3.91 -18.5568 
-4.924 22.152 
15.722 2.84 
1.48886 2.5916 
-13.6396 -14.1478 
-28.1341 -12.8652 
-6.6128 1.8532 
-11.006 -7.496 
25.986 23.11 
0.506 0.186 
2.88 -25.02 
0.8506 -12.1392 
-3.8882 -27.7854 
24.118 1.92 
4.61454 9.12471 
0.8554 -16.018 
-13.3174 -13.6827 
26.123 32.768 
---end
-21.0122 21.9591 
23.11 16.8529 
3.91 -18.5568 
-4.924 22.152 
15.722 2.84 
1.48886 2.5916 
-13.6396 -14.1478 
-28.1341 -12.8652 
-6.6128 1.8532 
-11.006 -7.496 
25.986 23.11 
0.506 0.186 
2.88 -25.02 
0.8506 -12.1392 
-3.8882 -27.7854 
24.118 1.92 
4.61454 9.12471 
0.8554 -16.018 
-13.3174 -13.6827 
26.123 32.768 
-21.0122 21.9591 
23.11 16.8529 
3.91 -18.5568 
-4.924 22.152 
15.722 2.84 
1.48886 2.5916 
-13.6396 -14.1478 
-28.1341 -12.8652 
-6.6128 1.8532 
-11.006 -7.496 
25.986 23.11 
0.506 0.186 
2.88 -25.02 
0.8506 -12.1392 
-3.8882 -27.7854 
24.118 1.92 
4.61454 9.12471 
0.8554 -16.018 
-13.3174 -13.6827 
26.123 32.768 
---end
-21.0122 21.9591 
23.11 16.8529 
3.91 -18.5568 
-4.924 22.152 
15.722 2.84 
1.48886 2.5916 
-13.6396 -14.1478 
-28.1341 -12.8652 
-6.6128 1.8532 
-11.006 -7.496 
25.986 23.11 
0.506 0.186 
2.88 -25.02 
0.8506 -12.1392 
-3.8882 -27.7854 
24.118 1.92 
4.61454 9.12471 
0.8554 -16.018 
-13.3174 -13.6827 
26.123 32.768 
-21.0122 21.9591 
23.11 16.8529 
3.91 -18.5568 
-4.924 22.152 
15.722 2.84 
1.48886 2.5916 
-13.6396 -14.1478 
-28.1341 -12.8652 
-6.6128 1.8532 
-11.006 -7.496 
25.986 23.11 
0.506 0.186 
2.88 -25.02 
0.8506 -12.1392 
-3.8882 -27.7854 
24.118 1.92 
4.61454 9.12471 
0.8554 -16.018 
-13.3174 -13.6827 
26.123 32.768 
---end
-21.0122 21.9591 
23.11 16.8529 
3.91 -18.5568 
-4.924 22.152 
15.722 2.84 
1.48886 2.5916 
-13.6396 -14.1478 
-28.1341 -12.8652 
-6.6128 1.8532 
-11.006 -7.496 
25.986 23.11 
0.506 0.186 
2.88 -25.02 
0.8506 -12.1392 
-3.8882 -27.7854 
24.118 1.92 
4.61454 9.12471 
0.8554 -16.018 
-13.3174 -13.6827 
26.123 32.768 
-21.0122 21.9591 
23.11 16.8529 
3.91 -18.5568 
-4.924 22.152 
15.722 2.84 
1.48886 2.5916 
-13.6396 -14.1478 
-28.1341 -12.8652 
-6.6128 1.8532 
-11.006 -7.496 
25.986 23.11 
0.506 0.186 
2.88 -25.02 
0.8506 -12.1392 
-3.8882 -27.7854 
24.118 1.92 
4.61454 9.12471 
0.8554 -16.018 
-13.3174 -13.6827 
26.123 32.768 
---end
-21.0122 21.9591 
23.11 16.8529 
3.91 -18.5568 
-4.924 22.152 
15.722 2.84 
1.48886 2.5916 
-13.6396 -14.1478 
-28.1341 -12.8652 
-6.6128 1.8532 
-11.006 -7.496 
25.986 23.11 
0.506 0.186 
2.88 -25.02 
0.8506 -12.1392 
-3.8882 -27.7854 
24.118 1.92 
4.61454 9.12471 
0.8554 -16.018 
-13.3174 -13.6827 
26.123 32.768 
-21.0122 21.9591 
23.11 16.8529 
3.91 -18.5568 
-4.924 22.152 
15.722 2.84 
1.48886 2.5916 
-13.6396 -14.1478 
-28.1341 -12.8652 
-6.6128 1.8532 
-11.006 -7.496 
25.986 23.11 
0.506 0.186 
2.88 -25.02 
0.8506 -12.1392 
-3.8882 -27.7854 
24.118 1.92 
4.61454 9.12471 
0.8554 -16.018 
-13.3174 -13.6827 
26.123 32.768 
---end
-21.0122 21.9591 
23.11 16.8529 
3.91 -18.5568 
-4.924 22.152 
15.722 2.84 
1.48886 2.5916 
-13.6396 -14.1478 
-28.1341 -12.8652 
-6.6128 1.8532 
-11.006 -7.496 
25.986 23.11 
0.506 0.186 
2.88 -25.02 
0.8506 -12.1392 
-3.8882 -27.7854 
24.118 1.92 
4.61454 9.12471 
0.8554 -16.018 
-13.3174 -13.6827 
26.123 32.768 
-21.0122 21.9591 
23.11 16.8529 
3.91 -18.5568 
-4.924 22.152 
15.722 2.84 
1.48886 2.5916 
-13.6396 -14.1478 
-28.1341 -12.8652 
-6.6128 1.8532 
-11.006 -7.496 
25.986 23.11 
0.506 0.186 
2.88 -25.02 
0.8506 -12.1392 
-3.8882 -27.7854 
24.118 1.92 
4.61454 9.12471 
0.8554 -16.018 
-13.3174 -13.6827 
26.123 32.768 
---end
-21.0122 21.9591 
23.11 16.8529 
3.91 -18.5568 
-4.924 22.152 
15.722 2.84 
1.48886 2.5916 
-13.6396 -14.1478 
-28.1341 -12.8652 
-6.6128 1.8532 
-11.006 -7.496 
25.986 23.11 
0.506 0.186 
2.88 -25.02 
0.8506 -12.1392 
-3.8882 -27.7854 
24.118 1.92 
4.61454 9.12471 
0.8554 -16.018 
-13.3174 -13.6827 
26.123 32.768 
-21.0122 21.9591 
23.11 16.8529 
3.91 -18.5568 
-4.924 22.152 
15.722 2.84 
1.48886 2.5916 
-13.6396 -14.1478 
-28.1341 -12.8652 
-6.6128 1.8532 
-11.006 -7.496 
25.986 23.11 
0.506 0.186 
2.88 -25.02 
0.8506 -12.1392 
-3.8882 -27.7854 
24.118 1.92 
4.61454 9.12471 
0.8554 -16.018 
-13.3174 -13.6827 
26.123 32.768 
---end
-21.0122 21.9591 
23.11 16.8529 
3.91 -18.5568 
-4.924 22.152 
15.722 2.84 
1.48886 2.5916 
-13.6396 -14.1478 
-28.1341 -12.8652 
-6.6128 1.8532 
-11.006 -7.496 
25.986 23.11 
0.506 0.186 
2.88 -25.02 
0.8506 -12.1392 
-3.8882 -27.7854 
24.118 1.92 
4.61454 9.12471 
0.8554 -16.018 
-13.3174 -13.6827 
26.123 32.768 
-21.0122 21.9591 
23.11 16.8529 
3.91 -18.5568 
-4.924 22.152 
15.722 2.84 
1.48886 2.5916 
-13.6396 -14.1478 
-28.1341 -12.8652 
-6.6128 1.8532 
-11.006 -7.496 
25.986 23.11 
0.506 0.186 
2.88 -25.02 
0.8506 -12.1392 
-3.8882 -27.7854 
24.118 1.92 
4.61454 9.12471 
0.8554 -16.018 
-13.3174 -13.6827 
26.123 32.768 
---end
-21.0122 21.9591 
23.11 16.8529 
3.91 -18.5568 
-4.924 22.152 
15.722 2.84 
1.48886 2.5916 
-13.6396 -14.1478 
-28.1341 -12.8652 
-6.6128 1.8532 
-11.006 -7.496 
25.986 23.11 
0.506 0.186 
2.88 -25.02 
0.8506 -12.1392 
-3.8882 -27.7854 
24.118 1.92 
4.61454 9.12471 
0.8554 -16.018 
-13.3174 -13.6827 
26.123 32.768 
-21.0122 21.9591 
23.11 16.8529 
3.91 -18.5568 
-4.924 22.152 
15.722 2.84 
1.48886 2.5916 
-13.6396 -14.1478 
-28.1341 -12.8652 
-6.6128 1.8532 
-11.006 -7.496 
25.986 23.11 
0.506 0.186 
2.88 -25.02 
0.8506 -12.1392 
-3.8882 -27.7854 
24.118 1.92 
4.61454 9.12471 
0.8554 -16.018 
-13.3174 -13.6827 
26.123 32.768 
---end
-21.0122 21.9591 
23.11 16.8529 
3.91 -18.5568 
-4.924 22.152 
15.722 2.84 
1.48886 2.5916 
-13.6396 -14.1478 
-28.1341 -12.8652 
-6.6128 1.8532 
-11.006 -7.496 
25.986 23.11 
0.506 0.186 
2.88 -25.02 
0.8506 -12.1392 
-3.8882 -27.7854 
24.118 1.92 
4.61454 9.12471 
0.8554 -16.018 
-13.3174 -13.6827 
26.123 32.768 
-21.0122 21.9591 
23.11 16.8529 
3.91 -18.5568 
-4.924 22.152 
15.722 2.84 
1.48886 2.5916 
-13.6396 -14.1478 
-28.1341 -12.8652 
-6.6128 1.8532 
-11.006 -7.496 
25.986 23.11 
0.506 0.186 
2.88 -25.02 
0.8506 -12.1392 
-3.8882 -27.7854 
24.118 1.92 
4.61454 9.12471 
0.8554 -16.018 
-13.3174 -13.6827 
26.123 32.768 
---end
-21.0122 21.9591 
23.11 16.8529 
3.91 -18.5568 
-4.924 22.152 
15.722 2.84 
1.48886 2.5916 
-13.6396 -14.1478 
-28.1341 -12.8652 
-6.6128 1.8532 
-11.006 -7.496 
25.986 23.11 
0.506 0.186 
2.88 -25.02 
0.8506 -12.1392 
-3.8882 -27.7854 
24.118 1.92 
4.61454 9.12471 
0.8554 -16.018 
-13.3174 -13.6827 
26.123 32.768 
-21.0122 21.9591 
23.11 16.8529 
3.91 -18.5568 
-4.924 22.152 
15.722 2.84 
1.48886 2.5916 
-13.6396 -14.1478 
-28.1341 -12.8652 
-6.6128 1.8532 
-11.006 -7.496 
25.986 23.11 
0.506 0.186 
2.88 -25.02 
0.8506 -12.1392 
-3.8882 -27.7854 
24.118 1.92 
4.61454 9.12471 
0.8554 -16.018 
-13.3174 -13.6827 
26.123 32.768 
---end
-21.0122 21.9591 
23.11 16.8529 
3.91 -18.5568 
-4.924 22.152 
15.722 2.84 
1.48886 2.5916 
-13.6396 -14.1478 
-28.1341 -12.8652 
-6.6128 1.8532 
-11.006 -7.496 
25.986 23.11 
0.506 0.186 
2.88 -25.02 
0.8506 -12.1392 
-3.8882 -27.7854 
24.118 1.92 
4.61454 9.12471 
0.8554 -16.018 
-13.3174 -13.6827 
26.123 32.768 
-21.0122 21.9591 
23.11 16.8529 
3.91 -18.5568 
-4.924 22.152 
15.722 2.84 
1.48886 2.5916 
-13.6396 -14.1478 
-28.1341 -12.8652 
-6.6128 1.8532 
-11.006 -7.496 
25.986 23.11 
0.506 0.186 
2.88 -25.02 
0.8506 -12.1392 
-3.8882 -27.7854 
24.118 1.92 
4.61454 9.12471 
0.8554 -16.018 
-13.3174 -13.6827 
26.123 32.768 
---end
-21.0122 21.9591 
23.11 16.8529 
3.91 -18.5568 
-4.924 22.152 
15.722 2.84 
1.48886 2.5916 
-13.6396 -14.1478 
-28.1341 -12.8652 
-6.6128 1.8532 
-11.006 -7.496 
25.986 23.11 
0.506 0.186 
2.88 -25.02 
0.8506 -12.1392 
-3.8882 -27.7854 
24.118 1.92 
4.61454 9.12471 
0.8554 -16.018 
-13.3174 -13.6827 
26.123 32.768 
-21.0122 21.9591 
23.11 16.8529 
3.91 -18.5568 
-4.924 22.152 
15.722 2.84 
1.48886 2.5916 
-13.6396 -14.1478 
-28.1341 -12.8652 
-6.6128 1.8532 
-11.006 -7.496 
25.986 23.11 
0.506 0.186 
2.88 -25.02 
0.8506 -12.1392 
-3.8882 -27.7854 
24.118 1.92 
4.61454 9.12471 
0.8554 -16.018 
-13.3174 -13.6827 
26.123 32.768 
---end
-21.0122 21.9591 
23.11 16.8529 
3.91 -18.5568 
-4.924 22.152 
15.722 2.84 
1.48886 2.5916 
-13.6396 -14.1478 
-28.1341 -12.8652 
-6.6128 1.8532 
-11.006 -7.496 
25.986 23.11 
0.506 0.186 
2.88 -25.02 
0.8506 -12.1392 
-3.8882 -27.7854 
24.118 1.92 
4.61454 9.12471 
0.8554 -16.018 
-13.3174 -13.6827 
26.123 32.768 
-21.0122 21.9591 
23.11 16.8529 
3.91 -18.5568 
-4.924 22.152 
15.722 2.84 
1.48886 2.5916 
-13.6396 -14.1478 
-28.1341 -12.8652 
-6.6128 1.8532 
-11.006 -7.496 
25.986 23.11 
0.506 0.186 
2.88 -25.02 
0.8506 -12.1392 
-3.8882 -27.7854 
24.118 1.92 
4.61454 9.12471 
0.8554 -16.018 
-13.3174 -13.6827 
26.123 32.768 
---end
-21.0122 21.9591 
23.11 16.8529 
3.91 -18.5568 
-4.924 22.152 
15.722 2.84 
1.48886 2.5916 
-13.6396 -14.1478 
-28.1341 -12.8652 
-6.6128 1.8532 
-11.006 -7.496 
25.986 23.11 
0.506 0.186 
2.88 -25.02 
0.8506 -12.1392 
-3.8882 -27.7854 
24.118 1.92 
4.61454 9.12471 
0.8554 -16.018 
-13.3174 -13.6827 
26.123 32.768 
-21.0122 21.9591 
23.11 16.8529 
3.91 -18.5568 
-4.924 22.152 
15.722 2.84 
1.48886 2.5916 
-13.6396 -14.1478 
-28.1341 -12.8652 
-6.6128 1.8532 
-11.006 -7.496 
25.986 23.11 
0.506 0.186 
2.88 -25.02 
0.8506 -12.1392 
-3.8882 -27.7854 
24.118 1.92 
4.61454 9.12471 
0.8554 -16.018 
-13.3174 -13.6827 
26.123 32.768 
---end
-21.0122 21.9591 
23.11 16.8529 
3.91 -18.5568 
-4.924 22.152 
15.722 2.84 
1.48886 2.5916 
-13.6396 -14.1478 
-28.1341 -12.8652 
-6.6128 1.8532 
-11.006 -7.496 
25.986 23.11 
0.506 0.186 
2.88 -25.02 
0.8506 -12.1392 
-3.8882 -27.7854 
24.118 1.92 
4.61454 9.12471 
0.8554 -16.018 
-13.3174 -13.6827 
26.123 32.768 
-21.0122 21.9591 
23.11 16.8529 
3.91 -18.5568 
-4.924 22.152 
15.722 2.84 
1.48886 2.5916 
-13.6396 -14.1478 
-28.1341 -12.8652 
-6.6128 1.8532 
-11.006 -7.496 
25.986 23.11 
0.506 0.186 
2.88 -25.02 
0.8506 -12.1392 
-3.8882 -27.7854 
24.118 1.92 
4.61454 9.12471 
0.8554 -16.018 
-13.3174 -13.6827 
26.123 32.768 
---end
-21.0122 21.9591 
23.11 16.8529 
3.91 -18.5568 
-4.924 22.152 
15.722 2.84 
1.48886 2.5916 
-13.6396 -14.1478 
-28.1341 -12.8652 
-6.6128 1.8532 
-11.006 -7.496 
25.986 23.11 
0.506 0.186 
2.88 -25.02 
0.8506 -12.1392 
-3.8882 -27.7854 
24.118 1.92 
4.61454 9.12471 
0.8554 -16.018 
-13.3174 -13.6827 
26.123 32.768 
-21.0122 21.9591 
23.11 16.8529 
3.91 -18.5568 
-4.924 22.152 
15.722 2.84 
1.48886 2.5916 
-13.6396 -14.1478 
-28.1341 -12.8652 
-6.6128 1.8532 
-11.006 -7.496 
25.986 23.11 
0.506 0.186 
2.88 -25.02 
0.8506 -12.1392 
-3.8882 -27.7854 
24.118 1.92 
4.61454 9.12471 
0.8554 -16.018 
-13.3174 -13.6827 
26.123 32.768 
---end
-21.0122 21.9591 
23.11 16.8529 
3.91 -18.5568 
-4.924 22.152 
15.722 2.84 
1.48886 2.5916 
-13.6396 -14.1478 
-28.1341 -12.8652 
-6.6128 1.8532 
-11.006 -7.496 
25.986 23.11 
0.506 0.186 
2.88 -25.02 
0.8506 -12.1392 
-3.8882 -27.7854 
24.118 1.92 
4.61454 9.12471 
0.8554 -16.018 
-13.3174 -13.6827 
26.123 32.768 
-21.0122 21.9591 
23.11 16.8529 
3.91 -18.5568 
-4.924 22.152 
15.722 2.84 
1.48886 2.5916 
-13.6396 -14.1478 
-28.1341 -12.8652 
-6.6128 1.8532 
-11.006 -7.496 
25.986 23.11 
0.506 0.186 
2.88 -25.02 
0.8506 -12.1392 
-3.8882 -27.7854 
24.118 1.92 
4.61454 9.12471 
0.8554 -16.018 
-13.3174 -13.6827 
26.123 32.768 
---end
-21.0122 21.9591 
23.11 16.8529 
3.91 -18.5568 
-4.924 22.152 
15.722 2.84 
1.48886 2.5916 
-13.6396 -14.1478 
-28.1341 -12.8652 
-6.6128 1.8532 
-11.006 -7.496 
25.986 23.11 
0.506 0.186 
2.88 -25.02 
0.8506 -12.1392 
-3.8882 -27.7854 
24.118 1.92 
4.61454 9.12471 
0.8554 -16.018 
-13.3174 -13.6827 
26.123 32.768 
-21.0122 21.9591 
23.11 16.8529 
3.91 -18.5568 
-4.924 22.152 
15.722 2.84 
1.48886 2.5916 
-13.6396 -14.1478 
-28.1341 -12.8652 
-6.6128 1.8532 
-11.006 -7.496 
25.986 23.11 
0.506 0.186 
2.88 -25.02 
0.8506 -12.1392 
-3.8882 -27.7854 
24.118 1.92 
4.61454 9.12471 
0.8554 -16.018 
-13.3174 -13.6827 
26.123 32.768 
---end
-21.0122 21.9591 
23.11 16.8529 
3.91 -18.5568 
-4.924 22.152 
15.722 2.84 
1.48886 2.5916 
-13.6396 -14.1478 
-28.1341 -12.8652 
-6.6128 1.8532 
-11.006 -7.496 
25.986 23.11 
0.506 0.186 
2.88 -25.02 
0.8506 -12.1392 
-3.8882 -27.7854 
24.118 1.92 
4.61454 9.12471 
0.8554 -16.018 
-13.3174 -13.6827 
26.123 32.768 
-21.0122 21.9591 
23.11 16.8529 
3.91 -18.5568 
-4.924 22.152 
15.722 2.84 
1.48886 2.5916 
-13.6396 -14.1478 
-28.1341 -12.8652 
-6.6128 1.8532 
-11.006 -7.496 
25.986 23.11 
0.506 0.186 
2.88 -25.02 
0.8506 -12.1392 
-3.8882 -27.7854 
24.118 1.92 
4.61454 9.12471 
0.8554 -16.018 
-13.3174 -13.6827 
26.123 32.768 
---end
-21.0122 21.9591 
23.11 16.8529 
3.91 -18.5568 
-4.924 22.152 
15.722 2.84 
1.48886 2.5916 
-13.6396 -14.1478 
-28.1341 -12.8652 
-6.6128 1.8532 
-11.006 -7.496 
25.986 23.11 
0.506 0.186 
2.88 -25.02 
0.8506 -12.1392 
-3.8882 -27.7854 
24.118 1.92 
4.61454 9.12471 
0.8554 -16.018 
-13.3174 -13.6827 
26.123 32.768 
-21.0122 21.9591 
23.11 16.8529 
3.91 -18.5568 
-4.924 22.152 
15.722 2.84 
1.48886 2.5916 
-13.6396 -14.1478 
-28.1341 -12.8652 
-6.6128 1.8532 
-11.006 -7.496 
25.986 23.11 
0.506 0.186 
2.88 -25.02 
0.8506 -12.1392 
-3.8882 -27.7854 
24.118 1.92 
4.61454 9.12471 
0.8554 -16.018 
-13.3174 -13.6827 
26.123 32.768 
---end
-21.0122 21.9591 
23.11 16.8529 
3.91 -18.5568 
-4.924 22.152 
15.722 2.84 
1.48886 2.5916 
-13.6396 -14.1478 
-28.1341 -12.8652 
-6.6128 1.8532 
-11.006 -7.496 
25.986 23.11 
0.506 0.186 
2.88 -25.02 
0.8506 -12.1392 
-3.8882 -27.7854 
24.118 1.92 
4.61454 9.12471 
0.8554 -16.018 
-13.3174 -13.6827 
26.123 32.768 
-21.0122 21.9591 
23.11 16.8529 
3.91 -18.5568 
-4.924 22.152 
15.722 2.84 
1.48886 2.5916 
-13.6396 -14.1478 
-28.1341 -12.8652 
-6.6128 1.8532 
-11.006 -7.496 
25.986 23.11 
0.506 0.186 
2.88 -25.02 
0.8506 -12.1392 
-3.8882 -27.7854 
24.118 1.92 
4.61454 9.12471 
0.8554 -16.018 
-13.3174 -13.6827 
26.123 32.768 
---end
-21.0122 21.9591 
23.11 16.8529 
3.91 -18.5568 
-4.924 22.152 
15.722 2.84 
1.48886 2.5916 
-13.6396 -14.1478 
-28.1341 -12.8652 
-6.6128 1.8532 
-11.006 -7.496 
25.986 23.11 
0.506 0.186 
2.88 -25.02 
0.8506 -12.1392 
-3.8882 -27.7854 
24.118 1.92 
4.61454 9.12471 
0.8554 -16.018 
-13.3174 -13.6827 
26.123 32.768 
-21.0122 21.9591 
23.11 16.8529 
3.91 -18.5568 
-4.924 22.152 
15.722 2.84 
1.48886 2.5916 
-13.6396 -14.1478 
-28.1341 -12.8652 
-6.6128 1.8532 
-11.006 -7.496 
25.986 23.11 
0.506 0.186 
2.88 -25.02 
0.8506 -12.1392 
-3.8882 -27.7854 
24.118 1.92 
4.61454 9.12471 
0.8554 -16.018 
-13.3174 -13.6827 
26.123 32.768 
---end
-21.0122 21.9591 
23.11 16.8529 
3.91 -18.5568 
-4.924 22.152 
15.722 2.84 
1.48886 2.5916 
-13.6396 -14.1478 
-28.1341 -12.8652 
-6.6128 1.8532 
-11.006 -7.496 
25.986 23.11 
0.506 0.186 
2.88 -25.02 
0.8506 -12.1392 
-3.8882 -27.7854 
24.118 1.92 
4.61454 9.12471 
0.8554 -16.018 
-13.3174 -13.6827 
26.123 32.768 
-21.0122 21.9591 
23.11 16.8529 
3.91 -18.5568 
-4.924 22.152 
15.722 2.84 
1.48886 2.5916 
-13.6396 -14.1478 
-28.1341 -12.8652 
-6.6128 1.8532 
-11.006 -7.496 
25.986 23.11 
0.506 0.186 
2.88 -25.02 
0.8506 -12.1392 
-3.8882 -27.7854 
24.118 1.92 
4.61454 9.12471 
0.8554 -16.018 
-13.3174 -13.6827 
26.123 32.768 
---end
-21.0122 21.9591 
23.11 16.8529 
3.91 -18.5568 
-4.924 22.152 
15.722 2.84 
1.48886 2.5916 
-13.6396 -14.1478 
-28.1341 -12.8652 
-6.6128 1.8532 
-11.006 -7.496 
25.986 23.11 
0.506 0.186 
2.88 -25.02 
0.8506 -12.1392 
-3.8882 -27.7854 
24.118 1.92 
4.61454 9.12471 
0.8554 -16.018 
-13.3174 -13.6827 
26.123 32.768 
-21.0122 21.9591 
23.11 16.8529 
3.91 -18.5568 
-4.924 22.152 
15.722 2.84 
1.48886 2.5916 
-13.6396 -14.1478 
-28.1341 -12.8652 
-6.6128 1.8532 
-11.006 -7.496 
25.986 23.11 
0.506 0.186 
2.88 -25.02 
0.8506 -12.1392 
-3.8882 -27.7854 
24.118 1.92 
4.61454 9.12471 
0.8554 -16.018 
-13.3174 -13.6827 
26.123 32.768 
---end
-21.0122 21.9591 
23.11 16.8529 
3.91 -18.5568 
-4.924 22.152 
15.722 2.84 
1.48886 2.5916 
-13.6396 -14.1478 
-28.1341 -12.8652 
-6.6128 1.8532 
-11.006 -7.496 
25.986 23.11 
0.506 0.186 
2.88 -25.02 
0.8506 -12.1392 
-3.8882 -27.7854 
24.118 1.92 
4.61454 9.12471 
0.8554 -16.018 
-13.3174 -13.6827 
26.123 32.768 
-21.0122 21.9591 
23.11 16.8529 
3.91 -18.5568 
-4.924 22.152 
15.722 2.84 
1.48886 2.5916 
-13.6396 -14.1478 
-28.1341 -12.8652 
-6.6128 1.8532 
-11.006 -7.496 
25.986 23.11 
0.506 0.186 
2.88 -25.02 
0.8506 -12.1392 
-3.8882 -27.7854 
24.118 1.92 
4.61454 9.12471 
0.8554 -16.018 
-13.3174 -13.6827 
26.123 32.768 
---end
-21.0122 21.9591 
23.11 16.8529 
3.91 -18.5568 
-4.924 22.152 
15.722 2.84 
1.48886 2.5916 
-13.6396 -14.1478 
-28.1341 -12.8652 
-6.6128 1.8532 
-11.006 -7.496 
25.986 23.11 
0.506 0.186 
2.88 -25.02 
0.8506 -12.1392 
-3.8882 -27.7854 
24.118 1.92 
4.61454 9.12471 
0.8554 -16.018 
-13.3174 -13.6827 
26.123 32.768 
-21.0122 21.9591 
23.11 16.8529 
3.91 -18.5568 
-4.924 22.152 
15.722 2.84 
1.48886 2.5916 
-13.6396 -14.1478 
-28.1341 -12.8652 
-6.6128 1.8532 
-11.006 -7.496 
25.986 23.11 
0.506 0.186 
2.88 -25.02 
0.8506 -12.1392 
-3.8882 -27.7854 
24.118 1.92 
4.61454 9.12471 
0.8554 -16.018 
-13.3174 -13.6827 
26.123 32.768 
---end
-21.0122 21.9591 
23.11 16.8529 
3.91 -18.5568 
-4.924 22.152 
15.722 2.84 
1.48886 2.5916 
-13.6396 -14.1478 
-28.1341 -12.8652 
-6.6128 1.8532 
-11.006 -7.496 
25.986 23.11 
0.506 0.186 
2.88 -25.02 
0.8506 -12.1392 
-3.8882 -27.7854 
24.118 1.92 
4.61454 9.12471 
0.8554 -16.018 
-13.3174 -13.6827 
26.123 32.768 
-21.0122 21.9591 
23.11 16.8529 
3.91 -18.5568 
-4.924 22.152 
15.722 2.84 
1.48886 2.5916 
-13.6396 -14.1478 
-28.1341 -12.8652 
-6.6128 1.8532 
-11.006 -7.496 
25.986 23.11 
0.506 0.186 
2.88 -25.02 
0.8506 -12.1392 
-3.8882 -27.7854 
24.118 1.92 
4.61454 9.12471 
0.8554 -16.018 
-13.3174 -13.6827 
26.123 32.768 
---end
-21.0122 21.9591 
23.11 16.8529 
3.91 -18.5568 
-4.924 22.152 
15.722 2.84 
1.48886 2.5916 
-13.6396 -14.1478 
-28.1341 -12.8652 
-6.6128 1.8532 
-11.006 -7.496 
25.986 23.11 
0.506 0.186 
2.88 -25.02 
0.8506 -12.1392 
-3.8882 -27.7854 
24.118 1.92 
4.61454 9.12471 
0.8554 -16.018 
-13.3174 -13.6827 
26.123 32.768 
-21.0122 21.9591 
23.11 16.8529 
3.91 -18.5568 
-4.924 22.152 
15.722 2.84 
1.48886 2.5916 
-13.6396 -14.1478 
-28.1341 -12.8652 
-6.6128 1.8532 
-11.006 -7.496 
25.986 23.11 
0.506 0.186 
2.88 -25.02 
0.8506 -12.1392 
-3.8882 -27.7854 
24.118 1.92 
4.61454 9.12471 
0.8554 -16.018 
-13.3174 -13.6827 
26.123 32.768 
---end
-21.0122 21.9591 
23.11 16.8529 
3.91 -18.5568 
-4.924 22.152 
15.722 2.84 
1.48886 2.5916 
-13.6396 -14.1478 
-28.1341 -12.8652 
-6.6128 1.8532 
-11.006 -7.496 
25.986 23.11 
0.506 0.186 
2.88 -25.02 
0.8506 -12.1392 
-3.8882 -27.7854 
24.118 1.92 
4.61454 9.12471 
0.8554 -16.018 
-13.3174 -13.6827 
26.123 32.768 
-21.0122 21.9591 
23.11 16.8529 
3.91 -18.5568 
-4.924 22.152 
15.722 2.84 
1.48886 2.5916 
-13.6396 -14.1478 
-28.1341 -12.8652 
-6.6128 1.8532 
-11.006 -7.496 
25.986 23.11 
0.506 0.186 
2.88 -25.02 
0.8506 -12.1392 
-3.8882 -27.7854 
24.118 1.92 
4.61454 9.12471 
0.8554 -16.018 
-13.3174 -13.6827 
26.123 32.768 
---end
-21.0122 21.9591 
23.11 16.8529 
3.91 -18.5568 
-4.924 22.152 
15.722 2.84 
1.48886 2.5916 
-13.6396 -14.1478 
-28.1341 -12.8652 
-6.6128 1.8532 
-11.006 -7.496 
25.986 23.11 
0.506 0.186 
2.88 -25.02 
0.8506 -12.1392 
-3.8882 -27.7854 
24.118 1.92 
4.61454 9.12471 
0.8554 -16.018 
-13.3174 -13.6827 
26.123 32.768 
-21.0122 21.9591 
23.11 16.8529 
3.91 -18.5568 
-4.924 22.152 
15.722 2.84 
1.48886 2.5916 
-13.6396 -14.1478 
-28.1341 -12.8652 
-6.6128 1.8532 
-11.006 -7.496 
25.986 23.11 
0.506 0.186 
2.88 -25.02 
0.8506 -12.1392 
-3.8882 -27.7854 
24.118 1.92 
4.61454 9.12471 
0.8554 -16.018 
-13.3174 -13.6827 
26.123 32.768 
---end
-21.0122 21.9591 
23.11 16.8529 
3.91 -18.5568 
-4.924 22.152 
15.722 2.84 
1.48886 2.5916 
-13.6396 -14.1478 
-28.1341 -12.8652 
-6.6128 1.8532 
-11.006 -7.496 
25.986 23.11 
0.506 0.186 
2.88 -25.02 
0.8506 -12.1392 
-3.8882 -27.7854 
24.118 1.92 
4.61454 9.12471 
0.8554 -16.018 
-13.3174 -13.6827 
26.123 32.768 
-21.0122 21.9591 
23.11 16.8529 
3.91 -18.5568 
-4.924 22.152 
15.722 2.84 
1.48886 2.5916 
-13.6396 -14.1478 
-28.1341 -12.8652 
-6.6128 1.8532 
-11.006 -7.496 
25.986 23.11 
0.506 0.186 
2.88 -25.02 
0.8506 -12.1392 
-3.8882 -27.7854 
24.118 1.92 
4.61454 9.12471 
0.8554 -16.018 
-13.3174 -13.6827 
26.123 32.768 
---end
-21.0122 21.9591 
23.11 16.8529 
3.91 -18.5568 
-4.924 22.152 
15.722 2.84 
1.48886 2.5916 
-13.6396 -14.1478 
-28.1341 -12.8652 
-6.6128 1.8532 
-11.006 -7.496 
25.986 23.11 
0.506 0.186 
2.88 -25.02 
0.8506 -12.1392 
-3.8882 -27.7854 
24.118 1.92 
4.61454 9.12471 
0.8554 -16.018 
-13.3174 -13.6827 
26.123 32.768 
-21.0122 21.9591 
23.11 16.8529 
3.91 -18.5568 
-4.924 22.152 
15.722 2.84 
1.48886 2.5916 
-13.6396 -14.1478 
-28.1341 -12.8652 
-6.6128 1.8532 
-11.006 -7.496 
25.986 23.11 
0.506 0.186 
2.88 -25.02 
0.8506 -12.1392 
-3.8882 -27.7854 
24.118 1.92 
4.61454 9.12471 
0.8554 -16.018 
-13.3174 -13.6827 
26.123 32.768 
---end
-21.0122 21.9591 
23.11 16.8529 
3.91 -18.5568 
-4.924 22.152 
15.722 2.84 
1.48886 2.5916 
-13.6396 -14.1478 
-28.1341 -12.8652 
-6.6128 1.8532 
-11.006 -7.496 
25.986 23.11 
0.506 0.186 
2.88 -25.02 
0.8506 -12.1392 
-3.8882 -27.7854 
24.118 1.92 
4.61454 9.12471 
0.8554 -16.018 
-13.3174 -13.6827 
26.123 32.768 
-21.0122 21.9591 
23.11 16.8529 
3.91 -18.5568 
-4.924 22.152 
15.722 2.84 
1.48886 2.5916 
-13.6396 -14.1478 
-28.1341 -12.8652 
-6.6128 1.8532 
-11.006 -7.496 
25.986 23.11 
0.506 0.186 
2.88 -25.02 
0.8506 -12.1392 
-3.8882 -27.7854 
24.118 1.92 
4.61454 9.12471 
0.8554 -16.018 
-13.3174 -13.6827 
26.123 32.768 
---end
-21.0122 21.9591 
23.11 16.8529 
3.91 -18.5568 
-4.924 22.152 
15.722 2.84 
1.48886 2.5916 
-13.6396 -14.1478 
-28.1341 -12.8652 
-6.6128 1.8532 
-11.006 -7.496 
25.986 23.11 
0.506 0.186 
2.88 -25.02 
0.8506 -12.1392 
-3.8882 -27.7854 
24.118 1.92 
4.61454 9.12471 
0.8554 -16.018 
-13.3174 -13.6827 
26.123 32.768 
-21.0122 21.9591 
23.11 16.8529 
3.91 -18.5568 
-4.924 22.152 
15.722 2.84 
1.48886 2.5916 
-13.6396 -14.1478 
-28.1341 -12.8652 
-6.6128 1.8532 
-11.006 -7.496 
25.986 23.11 
0.506 0.186 
2.88 -25.02 
0.8506 -12.1392 
-3.8882 -27.7854 
24.118 1.92 
4.61454 9.12471 
0.8554 -16.018 
-13.3174 -13.6827 
26.123 32.768 
---end
-21.0122 21.9591 
23.11 16.8529 
3.91 -18.5568 
-4.924 22.152 
15.722 2.84 
1.48886 2.5916 
-13.6396 -14.1478 
-28.1341 -12.8652 
-6.6128 1.8532 
-11.006 -7.496 
25.986 23.11 
0.506 0.186 
2.88 -25.02 
0.8506 -12.1392 
-3.8882 -27.7854 
24.118 1.92 
4.61454 9.12471 
0.8554 -16.018 
-13.3174 -13.6827 
26.123 32.768 
-21.0122 21.9591 
23.11 16.8529 
3.91 -18.5568 
-4.924 22.152 
15.722 2.84 
1.48886 2.5916 
-13.6396 -14.1478 
-28.1341 -12.8652 
-6.6128 1.8532 
-11.006 -7.496 
25.986 23.11 
0.506 0.186 
2.88 -25.02 
0.8506 -12.1392 
-3.8882 -27.7854 
24.118 1.92 
4.61454 9.12471 
0.8554 -16.018 
-13.3174 -13.6827 
26.123 32.768 
---end
-21.0122 21.9591 
23.11 16.8529 
3.91 -18.5568 
-4.924 22.152 
15.722 2.84 
1.48886 2.5916 
-13.6396 -14.1478 
-28.1341 -12.8652 
-6.6128 1.8532 
-11.006 -7.496 
25.986 23.11 
0.506 0.186 
2.88 -25.02 
0.8506 -12.1392 
-3.8882 -27.7854 
24.118 1.92 
4.61454 9.12471 
0.8554 -16.018 
-13.3174 -13.6827 
26.123 32.768 
-21.0122 21.9591 
23.11 16.8529 
3.91 -18.5568 
-4.924 22.152 
15.722 2.84 
1.48886 2.5916 
-13.6396 -14.1478 
-28.1341 -12.8652 
-6.6128 1.8532 
-11.006 -7.496 
25.986 23.11 
0.506 0.186 
2.88 -25.02 
0.8506 -12.1392 
-3.8882 -27.7854 
24.118 1.92 
4.61454 9.12471 
0.8554 -16.018 
-13.3174 -13.6827 
26.123 32.768 
---end
-21.0122 21.9591 
23.11 16.8529 
3.91 -18.5568 
-4.924 22.152 
15.722 2.84 
1.48886 2.5916 
-13.6396 -14.1478 
-28.1341 -12.8652 
-6.6128 1.8532 
-11.006 -7.496 
25.986 23.11 
0.506 0.186 
2.88 -25.02 
0.8506 -12.1392 
-3.8882 -27.7854 
24.118 1.92 
4.61454 9.12471 
0.8554 -16.018 
-13.3174 -13.6827 
26.123 32.768 
-21.0122 21.9591 
23.11 16.8529 
3.91 -18.5568 
-4.924 22.152 
15.722 2.84 
1.48886 2.5916 
-13.6396 -14.1478 
-28.1341 -12.8652 
-6.6128 1.8532 
-11.006 -7.496 
25.986 23.11 
0.506 0.186 
2.88 -25.02 
0.8506 -12.1392 
-3.8882 -27.7854 
24.118 1.92 
4.61454 9.12471 
0.8554 -16.018 
-13.3174 -13.6827 
26.123 32.768 
---end
-21.0122 21.9591 
23.11 16.8529 
3.91 -18.5568 
-4.924 22.152 
15.722 2.84 
1.48886 2.5916 
-13.6396 -14.1478 
-28.1341 -12.8652 
-6.6128 1.8532 
-11.006 -7.496 
25.986 23.11 
0.506 0.186 
2.88 -25.02 
0.8506 -12.1392 
-3.8882 -27.7854 
24.118 1.92 
4.61454 9.12471 
0.8554 -16.018 
-13.3174 -13.6827 
26.123 32.768 
-21.0122 21.9591 
23.11 16.8529 
3.91 -18.5568 
-4.924 22.152 
15.722 2.84 
1.48886 2.5916 
-13.6396 -14.1478 
-28.1341 -12.8652 
-6.6128 1.8532 
-11.006 -7.496 
25.986 23.11 
0.506 0.186 
2.88 -25.02 
0.8506 -12.1392 
-3.8882 -27.7854 
24.118 1.92 
4.61454 9.12471 
0.8554 -16.018 
-13.3174 -13.6827 
26.123 32.768 
---end
-21.0122 21.9591 
23.11 16.8529 
3.91 -18.5568 
-4.924 22.152 
15.722 2.84 
1.48886 2.5916 
-13.6396 -14.1478 
-28.1341 -12.8652 
-6.6128 1.8532 
-11.006 -7.496 
25.986 23.11 
0.506 0.186 
2.88 -25.02 
0.8506 -12.1392 
-3.8882 -27.7854 
24.118 1.92 
4.61454 9.12471 
0.8554 -16.018 
-13.3174 -13.6827 
26.123 32.768 
-21.0122 21.9591 
23.11 16.8529 
3.91 -18.5568 
-4.924 22.152 
15.722 2.84 
1.48886 2.5916 
-13.6396 -14.1478 
-28.1341 -12.8652 
-6.6128 1.8532 
-11.006 -7.496 
25.986 23.11 
0.506 0.186 
2.88 -25.02 
0.8506 -12.1392 
-3.8882 -27.7854 
24.118 1.92 
4.61454 9.12471 
0.8554 -16.018 
-13.3174 -13.6827 
26.123 32.768 
---end
-21.0122 21.9591 
23.11 16.8529 
3.91 -18.5568 
-4.924 22.152 
15.722 2.84 
1.48886 2.5916 
-13.6396 -14.1478 
-28.1341 -12.8652 
-6.6128 1.8532 
-11.006 -7.496 
25.986 23.11 
0.506 0.186 
2.88 -25.02 
0.8506 -12.1392 
-3.8882 -27.7854 
24.118 1.92 
4.61454 9.12471 
0.8554 -16.018 
-13.3174 -13.6827 
26.123 32.768 
-21.0122 21.9591 
23.11 16.8529 
3.91 -18.5568 
-4.924 22.152 
15.722 2.84 
1.48886 2.5916 
-13.6396 -14.1478 
-28.1341 -12.8652 
-6.6128 1.8532 
-11.006 -7.496 
25.986 23.11 
0.506 0.186 
2.88 -25.02 
0.8506 -12.1392 
-3.8882 -27.7854 
24.118 1.92 
4.61454 9.12471 
0.8554 -16.018 
-13.3174 -13.6827 
26.123 32.768 
---end
-21.0122 21.9591 
23.11 16.8529 
3.91 -18.5568 
-4.924 22.152 
15.722 2.84 
1.48886 2.5916 
-13.6396 -14.1478 
-28.1341 -12.8652 
-6.6128 1.8532 
-11.006 -7.496 
25.986 23.11 
0.506 0.186 
2.88 -25.02 
0.8506 -12.1392 
-3.8882 -27.7854 
24.118 1.92 
4.61454 9.12471 
0.8554 -16.018 
-13.3174 -13.6827 
26.123 32.768 
-21.0122 21.9591 
23.11 16.8529 
3.91 -18.5568 
-4.924 22.152 
15.722 2.84 
1.48886 2.5916 
-13.6396 -14.1478 
-28.1341 -12.8652 
-6.6128 1.8532 
-11.006 -7.496 
25.986 23.11 
0.506 0.186 
2.88 -25.02 
0.8506 -12.1392 
-3.8882 -27.7854 
24.118 1.92 
4.61454 9.12471 
0.8554 -16.018 
-13.3174 -13.6827 
26.123 32.768 
---end
-21.0122 21.9591 
23.11 16.8529 
3.91 -18.5568 
-4.924 22.152 
15.722 2.84 
1.48886 2.5916 
-13.6396 -14.1478 
-28.1341 -12.8652 
-6.6128 1.8532 
-11.006 -7.496 
25.986 23.11 
0.506 0.186 
2.88 -25.02 
0.8506 -12.1392 
-3.8882 -27.7854 
24.118 1.92 
4.61454 9.12471 
0.8554 -16.018 
-13.3174 -13.6827 
26.123 32.768 
-21.0122 21.9591 
23.11 16.8529 
3.91 -18.5568 
-4.924 22.152 
15.722 2.84 
1.48886 2.5916 
-13.6396 -14.1478 
-28.1341 -12.8652 
-6.6128 1.8532 
-11.006 -7.496 
25.986 23.11 
0.506 0.186 
2.88 -25.02 
0.8506 -12.1392 
-3.8882 -27.7854 
24.118 1.92 
4.61454 9.12471 
0.8554 -16.018 
-13.3174 -13.6827 
26.123 32.768 
---end
-21.0122 21.9591 
23.11 16.8529 
3.91 -18.5568 
-4.924 22.152 
15.722 2.84 
1.48886 2.5916 
-13.6396 -14.1478 
-28.1341 -12.8652 
-6.6128 1.8532 
-11.006 -7.496 
25.986 23.11 
0.506 0.186 
2.88 -25.02 
0.8506 -12.1392 
-3.8882 -27.7854 
24.118 1.92 
4.61454 9.12471 
0.8554 -16.018 
-13.3174 -13.6827 
26.123 32.768 
-21.0122 21.9591 
23.11 16.8529 
3.91 -18.5568 
-4.924 22.152 
15.722 2.84 
1.48886 2.5916 
-13.6396 -14.1478 
-28.1341 -12.8652 
-6.6128 1.8532 
-11.006 -7.496 
25.986 23.11 
0.506 0.186 
2.88 -25.02 
0.8506 -12.1392 
-3.8882 -27.7854 
24.118 1.92 
4.61454 9.12471 
0.8554 -16.018 
-13.3174 -13.6827 
26.123 32.768 
---end
-21.0122 21.9591 
23.11 16.8529 
3.91 -18.5568 
-4.924 22.152 
15.722 2.84 
1.48886 2.5916 
-13.6396 -14.1478 
-28.1341 -12.8652 
-6.6128 1.8532 
-11.006 -7.496 
25.986 23.11 
0.506 0.186 
2.88 -25.02 
0.8506 -12.1392 
-3.8882 -27.7854 
24.118 1.92 
4.61454 9.12471 
0.8554 -16.018 
-13.3174 -13.6827 
26.123 32.768 
-21.0122 21.9591 
23.11 16.8529 
3.91 -18.5568 
-4.924 22.152 
15.722 2.84 
1.48886 2.5916 
-13.6396 -14.1478 
-28.1341 -12.8652 
-6.6128 1.8532 
-11.006 -7.496 
25.986 23.11 
0.506 0.186 
2.88 -25.02 
0.8506 -12.1392 
-3.8882 -27.7854 
24.118 1.92 
4.61454 9.12471 
0.8554 -16.018 
-13.3174 -13.6827 
26.123 32.768 
---end
-21.0122 21.9591 
23.11 16.8529 
3.91 -18.5568 
-4.924 22.152 
15.722 2.84 
1.48886 2.5916 
-13.6396 -14.1478 
-28.1341 -12.8652 
-6.6128 1.8532 
-11.006 -7.496 
25.986 23.11 
0.506 0.186 
2.88 -25.02 
0.8506 -12.1392 
-3.8882 -27.7854 
24.118 1.92 
4.61454 9.12471 
0.8554 -16.018 
-13.3174 -13.6827 
26.123 32.768 
-21.0122 21.9591 
23.11 16.8529 
3.91 -18.5568 
-4.924 22.152 
15.722 2.84 
1.48886 2.5916 
-13.6396 -14.1478 
-28.1341 -12.8652 
-6.6128 1.8532 
-11.006 -7.496 
25.986 23.11 
0.506 0.186 
2.88 -25.02 
0.8506 -12.1392 
-3.8882 -27.7854 
24.118 1.92 
4.61454 9.12471 
0.8554 -16.018 
-13.3174 -13.6827 
26.123 32.768 
---end
-21.0122 21.9591 
23.11 16.8529 
3.91 -18.5568 
-4.924 22.152 
15.722 2.84 
1.48886 2.5916 
-13.6396 -14.1478 
-28.1341 -12.8652 
-6.6128 1.8532 
-11.006 -7.496 
25.986 23.11 
0.506 0.186 
2.88 -25.02 
0.8506 -12.1392 
-3.8882 -27.7854 
24.118 1.92 
4.61454 9.12471 
0.8554 -16.018 
-13.3174 -13.6827 
26.123 32.768 
-21.0122 21.9591 
23.11 16.8529 
3.91 -18.5568 
-4.924 22.152 
15.722 2.84 
1.48886 2.5916 
-13.6396 -14.1478 
-28.1341 -12.8652 
-6.6128 1.8532 
-11.006 -7.496 
25.986 23.11 
0.506 0.186 
2.88 -25.02 
0.8506 -12.1392 
-3.8882 -27.7854 
24.118 1.92 
4.61454 9.12471 
0.8554 -16.018 
-13.3174 -13.6827 
26.123 32.768 
---end
-21.0122 21.9591 
23.11 16.8529 
3.91 -18.5568 
-4.924 22.152 
15.722 2.84 
1.48886 2.5916 
-13.6396 -14.1478 
-28.1341 -12.8652 
-6.6128 1.8532 
-11.006 -7.496 
25.986 23.11 
0.506 0.186 
2.88 -25.02 
0.8506 -12.1392 
-3.8882 -27.7854 
24.118 1.92 
4.61454 9.12471 
0.8554 -16.018 
-13.3174 -13.6827 
26.123 32.768 
-21.0122 21.9591 
23.11 16.8529 
3.91 -18.5568 
-4.924 22.152 
15.722 2.84 
1.48886 2.5916 
-13.6396 -14.1478 
-28.1341 -12.8652 
-6.6128 1.8532 
-11.006 -7.496 
25.986 23.11 
0.506 0.186 
2.88 -25.02 
0.8506 -12.1392 
-3.8882 -27.7854 
24.118 1.92 
4.61454 9.12471 
0.8554 -16.018 
-13.3174 -13.6827 
26.123 32.768 
---end
-21.0122 21.9591 
23.11 16.8529 
3.91 -18.5568 
-4.924 22.152 
15.722 2.84 
1.48886 2.5916 
-13.6396 -14.1478 
-28.1341 -12.8652 
-6.6128 1.8532 
-11.006 -7.496 
25.986 23.11 
0.506 0.186 
2.88 -25.02 
0.8506 -12.1392 
-3.8882 -27.7854 
24.118 1.92 
4.61454 9.12471 
0.8554 -16.018 
-13.3174 -13.6827 
26.123 32.768 
-21.0122 21.9591 
23.11 16.8529 
3.91 -18.5568 
-4.924 22.152 
15.722 2.84 
1.48886 2.5916 
-13.6396 -14.1478 
-28.1341 -12.8652 
-6.6128 1.8532 
-11.006 -7.496 
25.986 23.11 
0.506 0.186 
2.88 -25.02 
0.8506 -12.1392 
-3.8882 -27.7854 
24.118 1.92 
4.61454 9.12471 
0.8554 -16.018 
-13.3174 -13.6827 
26.123 32.768 
---end
-21.0122 21.9591 
23.11 16.8529 
3.91 -18.5568 
-4.924 22.152 
15.722 2.84 
1.48886 2.5916 
-13.6396 -14.1478 
-28.1341 -12.8652 
-6.6128 1.8532 
-11.006 -7.496 
25.986 23.11 
0.506 0.186 
2.88 -25.02 
0.8506 -12.1392 
-3.8882 -27.7854 
24.118 1.92 
4.61454 9.12471 
0.8554 -16.018 
-13.3174 -13.6827 
26.123 32.768 
-21.0122 21.9591 
23.11 16.8529 
3.91 -18.5568 
-4.924 22.152 
15.722 2.84 
1.48886 2.5916 
-13.6396 -14.1478 
-28.1341 -12.8652 
-6.6128 1.8532 
-11.006 -7.496 
25.986 23.11 
0.506 0.186 
2.88 -25.02 
0.8506 -12.1392 
-3.8882 -27.7854 
24.118 1.92 
4.61454 9.12471 
0.8554 -16.018 
-13.3174 -13.6827 
26.123 32.768 
---end
-21.0122 21.9591 
23.11 16.8529 
3.91 -18.5568 
-4.924 22.152 
15.722 2.84 
1.48886 2.5916 
-13.6396 -14.1478 
-28.1341 -12.8652 
-6.6128 1.8532 
-11.006 -7.496 
25.986 23.11 
0.506 0.186 
2.88 -25.02 
0.8506 -12.1392 
-3.8882 -27.7854 
24.118 1.92 
4.61454 9.12471 
0.8554 -16.018 
-13.3174 -13.6827 
26.123 32.768 
-21.0122 21.9591 
23.11 16.8529 
3.91 -18.5568 
-4.924 22.152 
15.722 2.84 
1.48886 2.5916 
-13.6396 -14.1478 
-28.1341 -12.8652 
-6.6128 1.8532 
-11.006 -7.496 
25.986 23.11 
0.506 0.186 
2.88 -25.02 
0.8506 -12.1392 
-3.8882 -27.7854 
24.118 1.92 
4.61454 9.12471 
0.8554 -16.018 
-13.3174 -13.6827 
26.123 32.768 
---end
-21.0122 21.9591 
23.11 16.8529 
3.91 -18.5568 
-4.924 22.152 
15.722 2.84 
1.48886 2.5916 
-13.6396 -14.1478 
-28.1341 -12.8652 
-6.6128 1.8532 
-11.006 -7.496 
25.986 23.11 
0.506 0.186 
2.88 -25.02 
0.8506 -12.1392 
-3.8882 -27.7854 
24.118 1.92 
4.61454 9.12471 
0.8554 -16.018 
-13.3174 -13.6827 
26.123 32.768 
-21.0122 21.9591 
23.11 16.8529 
3.91 -18.5568 
-4.924 22.152 
15.722 2.84 
1.48886 2.5916 
-13.6396 -14.1478 
-28.1341 -12.8652 
-6.6128 1.8532 
-11.006 -7.496 
25.986 23.11 
0.506 0.186 
2.88 -25.02 
0.8506 -12.1392 
-3.8882 -27.7854 
24.118 1.92 
4.61454 9.12471 
0.8554 -16.018 
-13.3174 -13.6827 
26.123 32.768 
---end
-21.0122 21.9591 
23.11 16.8529 
3.91 -18.5568 
-4.924 22.152 
15.722 2.84 
1.48886 2.5916 
-13.6396 -14.1478 
-28.1341 -12.8652 
-6.6128 1.8532 
-11.006 -7.496 
25.986 23.11 
0.506 0.186 
2.88 -25.02 
0.8506 -12.1392 
-3.8882 -27.7854 
24.118 1.92 
4.61454 9.12471 
0.8554 -16.018 
-13.3174 -13.6827 
26.123 32.768 
-21.0122 21.9591 
23.11 16.8529 
3.91 -18.5568 
-4.924 22.152 
15.722 2.84 
1.48886 2.5916 
-13.6396 -14.1478 
-28.1341 -12.8652 
-6.6128 1.8532 
-11.006 -7.496 
25.986 23.11 
0.506 0.186 
2.88 -25.02 
0.8506 -12.1392 
-3.8882 -27.7854 
24.118 1.92 
4.61454 9.12471 
0.8554 -16.018 
-13.3174 -13.6827 
26.123 32.768 
---end
-21.0122 21.9591 
23.11 16.8529 
3.91 -18.5568 
-4.924 22.152 
15.722 2.84 
1.48886 2.5916 
-13.6396 -14.1478 
-28.1341 -12.8652 
-6.6128 1.8532 
-11.006 -7.496 
25.986 23.11 
0.506 0.186 
2.88 -25.02 
0.8506 -12.1392 
-3.8882 -27.7854 
24.118 1.92 
4.61454 9.12471 
0.8554 -16.018 
-13.3174 -13.6827 
26.123 32.768 
-21.0122 21.9591 
23.11 16.8529 
3.91 -18.5568 
-4.924 22.152 
15.722 2.84 
1.48886 2.5916 
-13.6396 -14.1478 
-28.1341 -12.8652 
-6.6128 1.8532 
-11.006 -7.496 
25.986 23.11 
0.506 0.186 
2.88 -25.02 
0.8506 -12.1392 
-3.8882 -27.7854 
24.118 1.92 
4.61454 9.12471 
0.8554 -16.018 
-13.3174 -13.6827 
26.123 32.768 
---end
-21.0122 21.9591 
23.11 16.8529 
3.91 -18.5568 
-4.924 22.152 
15.722 2.84 
1.48886 2.5916 
-13.6396 -14.1478 
-28.1341 -12.8652 
-6.6128 1.8532 
-11.006 -7.496 
25.986 23.11 
0.506 0.186 
2.88 -25.02 
0.8506 -12.1392 
-3.8882 -27.7854 
24.118 1.92 
4.61454 9.12471 
0.8554 -16.018 
-13.3174 -13.6827 
26.123 32.768 
-21.0122 21.9591 
23.11 16.8529 
3.91 -18.5568 
-4.924 22.152 
15.722 2.84 
1.48886 2.5916 
-13.6396 -14.1478 
-28.1341 -12.8652 
-6.6128 1.8532 
-11.006 -7.496 
25.986 23.11 
0.506 0.186 
2.88 -25.02 
0.8506 -12.1392 
-3.8882 -27.7854 
24.118 1.92 
4.61454 9.12471 
0.8554 -16.018 
-13.3174 -13.6827 
26.123 32.768 
---end
-21.0122 21.9591 
23.11 16.8529 
3.91 -18.5568 
-4.924 22.152 
15.722 2.84 
1.48886 2.5916 
-13.6396 -14.1478 
-28.1341 -12.8652 
-6.6128 1.8532 
-11.006 -7.496 
25.986 23.11 
0.506 0.186 
2.88 -25.02 
0.8506 -12.1392 
-3.8882 -27.7854 
24.118 1.92 
4.61454 9.12471 
0.8554 -16.018 
-13.3174 -13.6827 
26.123 32.768 
-21.0122 21.9591 
23.11 16.8529 
3.91 -18.5568 
-4.924 22.152 
15.722 2.84 
1.48886 2.5916 
-13.6396 -14.1478 
-28.1341 -12.8652 
-6.6128 1.8532 
-11.006 -7.496 
25.986 23.11 
0.506 0.186 
2.88 -25.02 
0.8506 -12.1392 
-3.8882 -27.7854 
24.118 1.92 
4.61454 9.12471 
0.8554 -16.018 
-13.3174 -13.6827 
26.123 32.768 
---end
-21.0122 21.9591 
23.11 16.8529 
3.91 -18.5568 
-4.924 22.152 
15.722 2.84 
1.48886 2.5916 
-13.6396 -14.1478 
-28.1341 -12.8652 
-6.6128 1.8532 
-11.006 -7.496 
25.986 23.11 
0.506 0.186 
2.88 -25.02 
0.8506 -12.1392 
-3.8882 -27.7854 
24.118 1.92 
4.61454 9.12471 
0.8554 -16.018 
-13.3174 -13.6827 
26.123 32.768 
-21.0122 21.9591 
23.11 16.8529 
3.91 -18.5568 
-4.924 22.152 
15.722 2.84 
1.48886 2.5916 
-13.6396 -14.1478 
-28.1341 -12.8652 
-6.6128 1.8532 
-11.006 -7.496 
25.986 23.11 
0.506 0.186 
2.88 -25.02 
0.8506 -12.1392 
-3.8882 -27.7854 
24.118 1.92 
4.61454 9.12471 
0.8554 -16.018 
-13.3174 -13.6827 
26.123 32.768 
---end
-21.0122 21.9591 
23.11 16.8529 
3.91 -18.5568 
-4.924 22.152 
15.722 2.84 
1.48886 2.5916 
-13.6396 -14.1478 
-28.1341 -12.8652 
-6.6128 1.8532 
-11.006 -7.496 
25.986 23.11 
0.506 0.186 
2.88 -25.02 
0.8506 -12.1392 
-3.8882 -27.7854 
24.118 1.92 
4.61454 9.12471 
0.8554 -16.018 
-13.3174 -13.6827 
26.123 32.768 
-21.0122 21.9591 
23.11 16.8529 
3.91 -18.5568 
-4.924 22.152 
15.722 2.84 
1.48886 2.5916 
-13.6396 -14.1478 
-28.1341 -12.8652 
-6.6128 1.8532 
-11.006 -7.496 
25.986 23.11 
0.506 0.186 
2.88 -25.02 
0.8506 -12.1392 
-3.8882 -27.7854 
24.118 1.92 
4.61454 9.12471 
0.8554 -16.018 
-13.3174 -13.6827 
26.123 32.768 
---end
-21.0122 21.9591 
23.11 16.8529 
3.91 -18.5568 
-4.924 22.152 
15.722 2.84 
1.48886 2.5916 
-13.6396 -14.1478 
-28.1341 -12.8652 
-6.6128 1.8532 
-11.006 -7.496 
25.986 23.11 
0.506 0.186 
2.88 -25.02 
0.8506 -12.1392 
-3.8882 -27.7854 
24.118 1.92 
4.61454 9.12471 
0.8554 -16.018 
-13.3174 -13.6827 
26.123 32.768 
-21.0122 21.9591 
23.11 16.8529 
3.91 -18.5568 
-4.924 22.152 
15.722 2.84 
1.48886 2.5916 
-13.6396 -14.1478 
-28.1341 -12.8652 
-6.6128 1.8532 
-11.006 -7.496 
25.986 23.11 
0.506 0.186 
2.88 -25.02 
0.8506 -12.1392 
-3.8882 -27.7854 
24.118 1.92 
4.61454 9.12471 
0.8554 -16.018 
-13.3174 -13.6827 
26.123 32.768 
---end
-21.0122 21.9591 
23.11 16.8529 
3.91 -18.5568 
-4.924 22.152 
15.722 2.84 
1.48886 2.5916 
-13.6396 -14.1478 
-28.1341 -12.8652 
-6.6128 1.8532 
-11.006 -7.496 
25.986 23.11 
0.506 0.186 
2.88 -25.02 
0.8506 -12.1392 
-3.8882 -27.7854 
24.118 1.92 
4.61454 9.12471 
0.8554 -16.018 
-13.3174 -13.6827 
26.123 32.768 
-21.0122 21.9591 
23.11 16.8529 
3.91 -18.5568 
-4.924 22.152 
15.722 2.84 
1.48886 2.5916 
-13.6396 -14.1478 
-28.1341 -12.8652 
-6.6128 1.8532 
-11.006 -7.496 
25.986 23.11 
0.506 0.186 
2.88 -25.02 
0.8506 -12.1392 
-3.8882 -27.7854 
24.118 1.92 
4.61454 9.12471 
0.8554 -16.018 
-13.3174 -13.6827 
26.123 32.768 
---end
-21.0122 21.9591 
23.11 16.8529 
3.91 -18.5568 
-4.924 22.152 
15.722 2.84 
1.48886 2.5916 
-13.6396 -14.1478 
-28.1341 -12.8652 
-6.6128 1.8532 
-11.006 -7.496 
25.986 23.11 
0.506 0.186 
2.88 -25.02 
0.8506 -12.1392 
-3.8882 -27.7854 
24.118 1.92 
4.61454 9.12471 
0.8554 -16.018 
-13.3174 -13.6827 
26.123 32.768 
-21.0122 21.9591 
23.11 16.8529 
3.91 -18.5568 
-4.924 22.152 
15.722 2.84 
1.48886 2.5916 
-13.6396 -14.1478 
-28.1341 -12.8652 
-6.6128 1.8532 
-11.006 -7.496 
25.986 23.11 
0.506 0.186 
2.88 -25.02 
0.8506 -12.1392 
-3.8882 -27.7854 
24.118 1.92 
4.61454 9.12471 
0.8554 -16.018 
-13.3174 -13.6827 
26.123 32.768 
---end
-21.0122 21.9591 
23.11 16.8529 
3.91 -18.5568 
-4.924 22.152 
15.722 2.84 
1.48886 2.5916 
-13.6396 -14.1478 
-28.1341 -12.8652 
-6.6128 1.8532 
-11.006 -7.496 
25.986 23.11 
0.506 0.186 
2.88 -25.02 
0.8506 -12.1392 
-3.8882 -27.7854 
24.118 1.92 
4.61454 9.12471 
0.8554 -16.018 
-13.3174 -13.6827 
26.123 32.768 
-21.0122 21.9591 
23.11 16.8529 
3.91 -18.5568 
-4.924 22.152 
15.722 2.84 
1.48886 2.5916 
-13.6396 -14.1478 
-28.1341 -12.8652 
-6.6128 1.8532 
-11.006 -7.496 
25.986 23.11 
0.506 0.186 
2.88 -25.02 
0.8506 -12.1392 
-3.8882 -27.7854 
24.118 1.92 
4.61454 9.12471 
0.8554 -16.018 
-13.3174 -13.6827 
26.123 32.768 
---end
-21.0122 21.9591 
23.11 16.8529 
3.91 -18.5568 
-4.924 22.152 
15.722 2.84 
1.48886 2.5916 
-13.6396 -14.1478 
-28.1341 -12.8652 
-6.6128 1.8532 
-11.006 -7.496 
25.986 23.11 
0.506 0.186 
2.88 -25.02 
0.8506 -12.1392 
-3.8882 -27.7854 
24.118 1.92 
4.61454 9.12471 
0.8554 -16.018 
-13.3174 -13.6827 
26.123 32.768 
-21.0122 21.9591 
23.11 16.8529 
3.91 -18.5568 
-4.924 22.152 
15.722 2.84 
1.48886 2.5916 
-13.6396 -14.1478 
-28.1341 -12.8652 
-6.6128 1.8532 
-11.006 -7.496 
25.986 23.11 
0.506 0.186 
2.88 -25.02 
0.8506 -12.1392 
-3.8882 -27.7854 
24.118 1.92 
4.61454 9.12471 
0.8554 -16.018 
-13.3174 -13.6827 
26.123 32.768 
---end
-21.0122 21.9591 
23.11 16.8529 
3.91 -18.5568 
-4.924 22.152 
15.722 2.84 
1.48886 2.5916 
-13.6396 -14.1478 
-28.1341 -12.8652 
-6.6128 1.8532 
-11.006 -7.496 
25.986 23.11 
0.506 0.186 
2.88 -25.02 
0.8506 -12.1392 
-3.8882 -27.7854 
24.118 1.92 
4.61454 9.12471 
0.8554 -16.018 
-13.3174 -13.6827 
26.123 32.768 
-21.0122 21.9591 
23.11 16.8529 
3.91 -18.5568 
-4.924 22.152 
15.722 2.84 
1.48886 2.5916 
-13.6396 -14.1478 
-28.1341 -12.8652 
-6.6128 1.8532 
-11.006 -7.496 
25.986 23.11 
0.506 0.186 
2.88 -25.02 
0.8506 -12.1392 
-3.8882 -27.7854 
24.118 1.92 
4.61454 9.12471 
0.8554 -16.018 
-13.3174 -13.6827 
26.123 32.768 
---end
-21.0122 21.9591 
23.11 16.8529 
3.91 -18.5568 
-4.924 22.152 
15.722 2.84 
1.48886 2.5916 
-13.6396 -14.1478 
-28.1341 -12.8652 
-6.6128 1.8532 
-11.006 -7.496 
25.986 23.11 
0.506 0.186 
2.88 -25.02 
0.8506 -12.1392 
-3.8882 -27.7854 
24.118 1.92 
4.61454 9.12471 
0.8554 -16.018 
-13.3174 -13.6827 
26.123 32.768 
-21.0122 21.9591 
23.11 16.8529 
3.91 -18.5568 
-4.924 22.152 
15.722 2.84 
1.48886 2.5916 
-13.6396 -14.1478 
-28.1341 -12.8652 
-6.6128 1.8532 
-11.006 -7.496 
25.986 23.11 
0.506 0.186 
2.88 -25.02 
0.8506 -12.1392 
-3.8882 -27.7854 
24.118 1.92 
4.61454 9.12471 
0.8554 -16.018 
-13.3174 -13.6827 
26.123 32.768 
---end
-21.0122 21.9591 
23.11 16.8529 
3.91 -18.5568 
-4.924 22.152 
15.722 2.84 
1.48886 2.5916 
-13.6396 -14.1478 
-28.1341 -12.8652 
-6.6128 1.8532 
-11.006 -7.496 
25.986 23.11 
0.506 0.186 
2.88 -25.02 
0.8506 -12.1392 
-3.8882 -27.7854 
24.118 1.92 
4.61454 9.12471 
0.8554 -16.018 
-13.3174 -13.6827 
26.123 32.768 
-21.0122 21.9591 
23.11 16.8529 
3.91 -18.5568 
-4.924 22.152 
15.722 2.84 
1.48886 2.5916 
-13.6396 -14.1478 
-28.1341 -12.8652 
-6.6128 1.8532 
-11.006 -7.496 
25.986 23.11 
0.506 0.186 
2.88 -25.02 
0.8506 -12.1392 
-3.8882 -27.7854 
24.118 1.92 
4.61454 9.12471 
0.8554 -16.018 
-13.3174 -13.6827 
26.123 32.768 
---end
-21.0122 21.9591 
23.11 16.8529 
3.91 -18.5568 
-4.924 22.152 
15.722 2.84 
1.48886 2.5916 
-13.6396 -14.1478 
-28.1341 -12.8652 
-6.6128 1.8532 
-11.006 -7.496 
25.986 23.11 
0.506 0.186 
2.88 -25.02 
0.8506 -12.1392 
-3.8882 -27.7854 
24.118 1.92 
4.61454 9.12471 
0.8554 -16.018 
-13.3174 -13.6827 
26.123 32.768 
-21.0122 21.9591 
23.11 16.8529 
3.91 -18.5568 
-4.924 22.152 
15.722 2.84 
1.48886 2.5916 
-13.6396 -14.1478 
-28.1341 -12.8652 
-6.6128 1.8532 
-11.006 -7.496 
25.986 23.11 
0.506 0.186 
2.88 -25.02 
0.8506 -12.1392 
-3.8882 -27.7854 
24.118 1.92 
4.61454 9.12471 
0.8554 -16.018 
-13.3174 -13.6827 
26.123 32.768 
---end
-21.0122 21.9591 
23.11 16.8529 
3.91 -18.5568 
-4.924 22.152 
15.722 2.84 
1.48886 2.5916 
-13.6396 -14.1478 
-28.1341 -12.8652 
-6.6128 1.8532 
-11.006 -7.496 
25.986 23.11 
0.506 0.186 
2.88 -25.02 
0.8506 -12.1392 
-3.8882 -27.7854 
24.118 1.92 
4.61454 9.12471 
0.8554 -16.018 
-13.3174 -13.6827 
26.123 32.768 
-21.0122 21.9591 
23.11 16.8529 
3.91 -18.5568 
-4.924 22.152 
15.722 2.84 
1.48886 2.5916 
-13.6396 -14.1478 
-28.1341 -12.8652 
-6.6128 1.8532 
-11.006 -7.496 
25.986 23.11 
0.506 0.186 
2.88 -25.02 
0.8506 -12.1392 
-3.8882 -27.7854 
24.118 1.92 
4.61454 9.12471 
0.8554 -16.018 
-13.3174 -13.6827 
26.123 32.768 
---end
-21.0122 21.9591 
23.11 16.8529 
3.91 -18.5568 
-4.924 22.152 
15.722 2.84 
1.48886 2.5916 
-13.6396 -14.1478 
-28.1341 -12.8652 
-6.6128 1.8532 
-11.006 -7.496 
25.986 23.11 
0.506 0.186 
2.88 -25.02 
0.8506 -12.1392 
-3.8882 -27.7854 
24.118 1.92 
4.61454 9.12471 
0.8554 -16.018 
-13.3174 -13.6827 
26.123 32.768 
-21.0122 21.9591 
23.11 16.8529 
3.91 -18.5568 
-4.924 22.152 
15.722 2.84 
1.48886 2.5916 
-13.6396 -14.1478 
-28.1341 -12.8652 
-6.6128 1.8532 
-11.006 -7.496 
25.986 23.11 
0.506 0.186 
2.88 -25.02 
0.8506 -12.1392 
-3.8882 -27.7854 
24.118 1.92 
4.61454 9.12471 
0.8554 -16.018 
-13.3174 -13.6827 
26.123 32.768 
---end
-21.0122 21.9591 
23.11 16.8529 
3.91 -18.5568 
-4.924 22.152 
15.722 2.84 
1.48886 2.5916 
-13.6396 -14.1478 
-28.1341 -12.8652 
-6.6128 1.8532 
-11.006 -7.496 
25.986 23.11 
0.506 0.186 
2.88 -25.02 
0.8506 -12.1392 
-3.8882 -27.7854 
24.118 1.92 
4.61454 9.12471 
0.8554 -16.018 
-13.3174 -13.6827 
26.123 32.768 
-21.0122 21.9591 
23.11 16.8529 
3.91 -18.5568 
-4.924 22.152 
15.722 2.84 
1.48886 2.5916 
-13.6396 -14.1478 
-28.1341 -12.8652 
-6.6128 1.8532 
-11.006 -7.496 
25.986 23.11 
0.506 0.186 
2.88 -25.02 
0.8506 -12.1392 
-3.8882 -27.7854 
24.118 1.92 
4.61454 9.12471 
0.8554 -16.018 
-13.3174 -13.6827 
26.123 32.768 
---end
-21.0122 21.9591 
23.11 16.8529 
3.91 -18.5568 
-4.924 22.152 
15.722 2.84 
1.48886 2.5916 
-13.6396 -14.1478 
-28.1341 -12.8652 
-6.6128 1.8532 
-11.006 -7.496 
25.986 23.11 
0.506 0.186 
2.88 -25.02 
0.8506 -12.1392 
-3.8882 -27.7854 
24.118 1.92 
4.61454 9.12471 
0.8554 -16.018 
-13.3174 -13.6827 
26.123 32.768 
-21.0122 21.9591 
23.11 16.8529 
3.91 -18.5568 
-4.924 22.152 
15.722 2.84 
1.48886 2.5916 
-13.6396 -14.1478 
-28.1341 -12.8652 
-6.6128 1.8532 
-11.006 -7.496 
25.986 23.11 
0.506 0.186 
2.88 -25.02 
0.8506 -12.1392 
-3.8882 -27.7854 
24.118 1.92 
4.61454 9.12471 
0.8554 -16.018 
-13.3174 -13.6827 
26.123 32.768 
---end
-21.0122 21.9591 
23.11 16.8529 
3.91 -18.5568 
-4.924 22.152 
15.722 2.84 
1.48886 2.5916 
-13.6396 -14.1478 
-28.1341 -12.8652 
-6.6128 1.8532 
-11.006 -7.496 
25.986 23.11 
0.506 0.186 
2.88 -25.02 
0.8506 -12.1392 
-3.8882 -27.7854 
24.118 1.92 
4.61454 9.12471 
0.8554 -16.018 
-13.3174 -13.6827 
26.123 32.768 
-21.0122 21.9591 
23.11 16.8529 
3.91 -18.5568 
-4.924 22.152 
15.722 2.84 
1.48886 2.5916 
-13.6396 -14.1478 
-28.1341 -12.8652 
-6.6128 1.8532 
-11.006 -7.496 
25.986 23.11 
0.506 0.186 
2.88 -25.02 
0.8506 -12.1392 
-3.8882 -27.7854 
24.118 1.92 
4.61454 9.12471 
0.8554 -16.018 
-13.3174 -13.6827 
26.123 32.768 
---end
-21.0122 21.9591 
23.11 16.8529 
3.91 -18.5568 
-4.924 22.152 
15.722 2.84 
1.48886 2.5916 
-13.6396 -14.1478 
-28.1341 -12.8652 
-6.6128 1.8532 
-11.006 -7.496 
25.986 23.11 
0.506 0.186 
2.88 -25.02 
0.8506 -12.1392 
-3.8882 -27.7854 
24.118 1.92 
4.61454 9.12471 
0.8554 -16.018 
-13.3174 -13.6827 
26.123 32.768 
-21.0122 21.9591 
23.11 16.8529 
3.91 -18.5568 
-4.924 22.152 
15.722 2.84 
1.48886 2.5916 
-13.6396 -14.1478 
-28.1341 -12.8652 
-6.6128 1.8532 
-11.006 -7.496 
25.986 23.11 
0.506 0.186 
2.88 -25.02 
0.8506 -12.1392 
-3.8882 -27.7854 
24.118 1.92 
4.61454 9.12471 
0.8554 -16.018 
-13.3174 -13.6827 
26.123 32.768 
---end
-21.0122 21.9591 
23.11 16.8529 
3.91 -18.5568 
-4.924 22.152 
15.722 2.84 
1.48886 2.5916 
-13.6396 -14.1478 
-28.1341 -12.8652 
-6.6128 1.8532 
-11.006 -7.496 
25.986 23.11 
0.506 0.186 
2.88 -25.02 
0.8506 -12.1392 
-3.8882 -27.7854 
24.118 1.92 
4.61454 9.12471 
0.8554 -16.018 
-13.3174 -13.6827 
26.123 32.768 
-21.0122 21.9591 
23.11 16.8529 
3.91 -18.5568 
-4.924 22.152 
15.722 2.84 
1.48886 2.5916 
-13.6396 -14.1478 
-28.1341 -12.8652 
-6.6128 1.8532 
-11.006 -7.496 
25.986 23.11 
0.506 0.186 
2.88 -25.02 
0.8506 -12.1392 
-3.8882 -27.7854 
24.118 1.92 
4.61454 9.12471 
0.8554 -16.018 
-13.3174 -13.6827 
26.123 32.768 
---end
-21.0122 21.9591 
23.11 16.8529 
3.91 -18.5568 
-4.924 22.152 
15.722 2.84 
1.48886 2.5916 
-13.6396 -14.1478 
-28.1341 -12.8652 
-6.6128 1.8532 
-11.006 -7.496 
25.986 23.11 
0.506 0.186 
2.88 -25.02 
0.8506 -12.1392 
-3.8882 -27.7854 
24.118 1.92 
4.61454 9.12471 
0.8554 -16.018 
-13.3174 -13.6827 
26.123 32.768 
-21.0122 21.9591 
23.11 16.8529 
3.91 -18.5568 
-4.924 22.152 
15.722 2.84 
1.48886 2.5916 
-13.6396 -14.1478 
-28.1341 -12.8652 
-6.6128 1.8532 
-11.006 -7.496 
25.986 23.11 
0.506 0.186 
2.88 -25.02 
0.8506 -12.1392 
-3.8882 -27.7854 
24.118 1.92 
4.61454 9.12471 
0.8554 -16.018 
-13.3174 -13.6827 
26.123 32.768 
---end
-21.0122 21.9591 
23.11 16.8529 
3.91 -18.5568 
-4.924 22.152 
15.722 2.84 
1.48886 2.5916 
-13.6396 -14.1478 
-28.1341 -12.8652 
-6.6128 1.8532 
-11.006 -7.496 
25.986 23.11 
0.506 0.186 
2.88 -25.02 
0.8506 -12.1392 
-3.8882 -27.7854 
24.118 1.92 
4.61454 9.12471 
0.8554 -16.018 
-13.3174 -13.6827 
26.123 32.768 
-21.0122 21.9591 
23.11 16.8529 
3.91 -18.5568 
-4.924 22.152 
15.722 2.84 
1.48886 2.5916 
-13.6396 -14.1478 
-28.1341 -12.8652 
-6.6128 1.8532 
-11.006 -7.496 
25.986 23.11 
0.506 0.186 
2.88 -25.02 
0.8506 -12.1392 
-3.8882 -27.7854 
24.118 1.92 
4.61454 9.12471 
0.8554 -16.018 
-13.3174 -13.6827 
26.123 32.768 
---end
-21.0122 21.9591 
23.11 16.8529 
3.91 -18.5568 
-4.924 22.152 
15.722 2.84 
1.48886 2.5916 
-13.6396 -14.1478 
-28.1341 -12.8652 
-6.6128 1.8532 
-11.006 -7.496 
25.986 23.11 
0.506 0.186 
2.88 -25.02 
0.8506 -12.1392 
-3.8882 -27.7854 
24.118 1.92 
4.61454 9.12471 
0.8554 -16.018 
-13.3174 -13.6827 
26.123 32.768 
-21.0122 21.9591 
23.11 16.8529 
3.91 -18.5568 
-4.924 22.152 
15.722 2.84 
1.48886 2.5916 
-13.6396 -14.1478 
-28.1341 -12.8652 
-6.6128 1.8532 
-11.006 -7.496 
25.986 23.11 
0.506 0.186 
2.88 -25.02 
0.8506 -12.1392 
-3.8882 -27.7854 
24.118 1.92 
4.61454 9.12471 
0.8554 -16.018 
-13.3174 -13.6827 
26.123 32.768 
---end
-21.0122 21.9591 
23.11 16.8529 
3.91 -18.5568 
-4.924 22.152 
15.722 2.84 
1.48886 2.5916 
-13.6396 -14.1478 
-28.1341 -12.8652 
-6.6128 1.8532 
-11.006 -7.496 
25.986 23.11 
0.506 0.186 
2.88 -25.02 
0.8506 -12.1392 
-3.8882 -27.7854 
24.118 1.92 
4.61454 9.12471 
0.8554 -16.018 
-13.3174 -13.6827 
26.123 32.768 
-21.0122 21.9591 
23.11 16.8529 
3.91 -18.5568 
-4.924 22.152 
15.722 2.84 
1.48886 2.5916 
-13.6396 -14.1478 
-28.1341 -12.8652 
-6.6128 1.8532 
-11.006 -7.496 
25.986 23.11 
0.506 0.186 
2.88 -25.02 
0.8506 -12.1392 
-3.8882 -27.7854 
24.118 1.92 
4.61454 9.12471 
0.8554 -16.018 
-13.3174 -13.6827 
26.123 32.768 
---end
-21.0122 21.9591 
23.11 16.8529 
3.91 -18.5568 
-4.924 22.152 
15.722 2.84 
1.48886 2.5916 
-13.6396 -14.1478 
-28.1341 -12.8652 
-6.6128 1.8532 
-11.006 -7.496 
25.986 23.11 
0.506 0.186 
2.88 -25.02 
0.8506 -12.1392 
-3.8882 -27.7854 
24.118 1.92 
4.61454 9.12471 
0.8554 -16.018 
-13.3174 -13.6827 
26.123 32.768 
-21.0122 21.9591 
23.11 16.8529 
3.91 -18.5568 
-4.924 22.152 
15.722 2.84 
1.48886 2.5916 
-13.6396 -14.1478 
-28.1341 -12.8652 
-6.6128 1.8532 
-11.006 -7.496 
25.986 23.11 
0.506 0.186 
2.88 -25.02 
0.8506 -12.1392 
-3.8882 -27.7854 
24.118 1.92 
4.61454 9.12471 
0.8554 -16.018 
-13.3174 -13.6827 
26.123 32.768 
---end
-21.0122 21.9591 
23.11 16.8529 
3.91 -18.5568 
-4.924 22.152 
15.722 2.84 
1.48886 2.5916 
-13.6396 -14.1478 
-28.1341 -12.8652 
-6.6128 1.8532 
-11.006 -7.496 
25.986 23.11 
0.506 0.186 
2.88 -25.02 
0.8506 -12.1392 
-3.8882 -27.7854 
24.118 1.92 
4.61454 9.12471 
0.8554 -16.018 
-13.3174 -13.6827 
26.123 32.768 
-21.0122 21.9591 
23.11 16.8529 
3.91 -18.5568 
-4.924 22.152 
15.722 2.84 
1.48886 2.5916 
-13.6396 -14.1478 
-28.1341 -12.8652 
-6.6128 1.8532 
-11.006 -7.496 
25.986 23.11 
0.506 0.186 
2.88 -25.02 
0.8506 -12.1392 
-3.8882 -27.7854 
24.118 1.92 
4.61454 9.12471 
0.8554 -16.018 
-13.3174 -13.6827 
26.123 32.768 
---end
-21.0122 21.9591 
23.11 16.8529 
3.91 -18.5568 
-4.924 22.152 
15.722 2.84 
1.48886 2.5916 
-13.6396 -14.1478 
-28.1341 -12.8652 
-6.6128 1.8532 
-11.006 -7.496 
25.986 23.11 
0.506 0.186 
2.88 -25.02 
0.8506 -12.1392 
-3.8882 -27.7854 
24.118 1.92 
4.61454 9.12471 
0.8554 -16.018 
-13.3174 -13.6827 
26.123 32.768 
-21.0122 21.9591 
23.11 16.8529 
3.91 -18.5568 
-4.924 22.152 
15.722 2.84 
1.48886 2.5916 
-13.6396 -14.1478 
-28.1341 -12.8652 
-6.6128 1.8532 
-11.006 -7.496 
25.986 23.11 
0.506 0.186 
2.88 -25.02 
0.8506 -12.1392 
-3.8882 -27.7854 
24.118 1.92 
4.61454 9.12471 
0.8554 -16.018 
-13.3174 -13.6827 
26.123 32.768 
---end
-21.0122 21.9591 
23.11 16.8529 
3.91 -18.5568 
-4.924 22.152 
15.722 2.84 
1.48886 2.5916 
-13.6396 -14.1478 
-28.1341 -12.8652 
-6.6128 1.8532 
-11.006 -7.496 
25.986 23.11 
0.506 0.186 
2.88 -25.02 
0.8506 -12.1392 
-3.8882 -27.7854 
24.118 1.92 
4.61454 9.12471 
0.8554 -16.018 
-13.3174 -13.6827 
26.123 32.768 
-21.0122 21.9591 
23.11 16.8529 
3.91 -18.5568 
-4.924 22.152 
15.722 2.84 
1.48886 2.5916 
-13.6396 -14.1478 
-28.1341 -12.8652 
-6.6128 1.8532 
-11.006 -7.496 
25.986 23.11 
0.506 0.186 
2.88 -25.02 
0.8506 -12.1392 
-3.8882 -27.7854 
24.118 1.92 
4.61454 9.12471 
0.8554 -16.018 
-13.3174 -13.6827 
26.123 32.768 
---end
-21.0122 21.9591 
23.11 16.8529 
3.91 -18.5568 
-4.924 22.152 
15.722 2.84 
1.48886 2.5916 
-13.6396 -14.1478 
-28.1341 -12.8652 
-6.6128 1.8532 
-11.006 -7.496 
25.986 23.11 
0.506 0.186 
2.88 -25.02 
0.8506 -12.1392 
-3.8882 -27.7854 
24.118 1.92 
4.61454 9.12471 
0.8554 -16.018 
-13.3174 -13.6827 
26.123 32.768 
-21.0122 21.9591 
23.11 16.8529 
3.91 -18.5568 
-4.924 22.152 
15.722 2.84 
1.48886 2.5916 
-13.6396 -14.1478 
-28.1341 -12.8652 
-6.6128 1.8532 
-11.006 -7.496 
25.986 23.11 
0.506 0.186 
2.88 -25.02 
0.8506 -12.1392 
-3.8882 -27.7854 
24.118 1.92 
4.61454 9.12471 
0.8554 -16.018 
-13.3174 -13.6827 
26.123 32.768 
---end
-21.0122 21.9591 
23.11 16.8529 
3.91 -18.5568 
-4.924 22.152 
15.722 2.84 
1.48886 2.5916 
-13.6396 -14.1478 
-28.1341 -12.8652 
-6.6128 1.8532 
-11.006 -7.496 
25.986 23.11 
0.506 0.186 
2.88 -25.02 
0.8506 -12.1392 
-3.8882 -27.7854 
24.118 1.92 
4.61454 9.12471 
0.8554 -16.018 
-13.3174 -13.6827 
26.123 32.768 
-21.0122 21.9591 
23.11 16.8529 
3.91 -18.5568 
-4.924 22.152 
15.722 2.84 
1.48886 2.5916 
-13.6396 -14.1478 
-28.1341 -12.8652 
-6.6128 1.8532 
-11.006 -7.496 
25.986 23.11 
0.506 0.186 
2.88 -25.02 
0.8506 -12.1392 
-3.8882 -27.7854 
24.118 1.92 
4.61454 9.12471 
0.8554 -16.018 
-13.3174 -13.6827 
26.123 32.768 
---end
-21.0122 21.9591 
23.11 16.8529 
3.91 -18.5568 
-4.924 22.152 
15.722 2.84 
1.48886 2.5916 
-13.6396 -14.1478 
-28.1341 -12.8652 
-6.6128 1.8532 
-11.006 -7.496 
25.986 23.11 
0.506 0.186 
2.88 -25.02 
0.8506 -12.1392 
-3.8882 -27.7854 
24.118 1.92 
4.61454 9.12471 
0.8554 -16.018 
-13.3174 -13.6827 
26.123 32.768 
-21.0122 21.9591 
23.11 16.8529 
3.91 -18.5568 
-4.924 22.152 
15.722 2.84 
1.48886 2.5916 
-13.6396 -14.1478 
-28.1341 -12.8652 
-6.6128 1.8532 
-11.006 -7.496 
25.986 23.11 
0.506 0.186 
2.88 -25.02 
0.8506 -12.1392 
-3.8882 -27.7854 
24.118 1.92 
4.61454 9.12471 
0.8554 -16.018 
-13.3174 -13.6827 
26.123 32.768 
---end
-21.0122 21.9591 
23.11 16.8529 
3.91 -18.5568 
-4.924 22.152 
15.722 2.84 
1.48886 2.5916 
-13.6396 -14.1478 
-28.1341 -12.8652 
-6.6128 1.8532 
-11.006 -7.496 
25.986 23.11 
0.506 0.186 
2.88 -25.02 
0.8506 -12.1392 
-3.8882 -27.7854 
24.118 1.92 
4.61454 9.12471 
0.8554 -16.018 
-13.3174 -13.6827 
26.123 32.768 
-21.0122 21.9591 
23.11 16.8529 
3.91 -18.5568 
-4.924 22.152 
15.722 2.84 
1.48886 2.5916 
-13.6396 -14.1478 
-28.1341 -12.8652 
-6.6128 1.8532 
-11.006 -7.496 
25.986 23.11 
0.506 0.186 
2.88 -25.02 
0.8506 -12.1392 
-3.8882 -27.7854 
24.118 1.92 
4.61454 9.12471 
0.8554 -16.018 
-13.3174 -13.6827 
26.123 32.768 
---end
-21.0122 21.9591 
23.11 16.8529 
3.91 -18.5568 
-4.924 22.152 
15.722 2.84 
1.48886 2.5916 
-13.6396 -14.1478 
-28.1341 -12.8652 
-6.6128 1.8532 
-11.006 -7.496 
25.986 23.11 
0.506 0.186 
2.88 -25.02 
0.8506 -12.1392 
-3.8882 -27.7854 
24.118 1.92 
4.61454 9.12471 
0.8554 -16.018 
-13.3174 -13.6827 
26.123 32.768 
-21.0122 21.9591 
23.11 16.8529 
3.91 -18.5568 
-4.924 22.152 
15.722 2.84 
1.48886 2.5916 
-13.6396 -14.1478 
-28.1341 -12.8652 
-6.6128 1.8532 
-11.006 -7.496 
25.986 23.11 
0.506 0.186 
2.88 -25.02 
0.8506 -12.1392 
-3.8882 -27.7854 
24.118 1.92 
4.61454 9.12471 
0.8554 -16.018 
-13.3174 -13.6827 
26.123 32.768 
---end
-21.0122 21.9591 
23.11 16.8529 
3.91 -18.5568 
-4.924 22.152 
15.722 2.84 
1.48886 2.5916 
-13.6396 -14.1478 
-28.1341 -12.8652 
-6.6128 1.8532 
-11.006 -7.496 
25.986 23.11 
0.506 0.186 
2.88 -25.02 
0.8506 -12.1392 
-3.8882 -27.7854 
24.118 1.92 
4.61454 9.12471 
0.8554 -16.018 
-13.3174 -13.6827 
26.123 32.768 
-21.0122 21.9591 
23.11 16.8529 
3.91 -18.5568 
-4.924 22.152 
15.722 2.84 
1.48886 2.5916 
-13.6396 -14.1478 
-28.1341 -12.8652 
-6.6128 1.8532 
-11.006 -7.496 
25.986 23.11 
0.506 0.186 
2.88 -25.02 
0.8506 -12.1392 
-3.8882 -27.7854 
24.118 1.92 
4.61454 9.12471 
0.8554 -16.018 
-13.3174 -13.6827 
26.123 32.768 
---end
-21.0122 21.9591 
23.11 16.8529 
3.91 -18.5568 
-4.924 22.152 
15.722 2.84 
1.48886 2.5916 
-13.6396 -14.1478 
-28.1341 -12.8652 
-6.6128 1.8532 
-11.006 -7.496 
25.986 23.11 
0.506 0.186 
2.88 -25.02 
0.8506 -12.1392 
-3.8882 -27.7854 
24.118 1.92 
4.61454 9.12471 
0.8554 -16.018 
-13.3174 -13.6827 
26.123 32.768 
-21.0122 21.9591 
23.11 16.8529 
3.91 -18.5568 
-4.924 22.152 
15.722 2.84 
1.48886 2.5916 
-13.6396 -14.1478 
-28.1341 -12.8652 
-6.6128 1.8532 
-11.006 -7.496 
25.986 23.11 
0.506 0.186 
2.88 -25.02 
0.8506 -12.1392 
-3.8882 -27.7854 
24.118 1.92 
4.61454 9.12471 
0.8554 -16.018 
-13.3174 -13.6827 
26.123 32.768 
---end
-21.0122 21.9591 
23.11 16.8529 
3.91 -18.5568 
-4.924 22.152 
15.722 2.84 
1.48886 2.5916 
-13.6396 -14.1478 
-28.1341 -12.8652 
-6.6128 1.8532 
-11.006 -7.496 
25.986 23.11 
0.506 0.186 
2.88 -25.02 
0.8506 -12.1392 
-3.8882 -27.7854 
24.118 1.92 
4.61454 9.12471 
0.8554 -16.018 
-13.3174 -13.6827 
26.123 32.768 
-21.0122 21.9591 
23.11 16.8529 
3.91 -18.5568 
-4.924 22.152 
15.722 2.84 
1.48886 2.5916 
-13.6396 -14.1478 
-28.1341 -12.8652 
-6.6128 1.8532 
-11.006 -7.496 
25.986 23.11 
0.506 0.186 
2.88 -25.02 
0.8506 -12.1392 
-3.8882 -27.7854 
24.118 1.92 
4.61454 9.12471 
0.8554 -16.018 
-13.3174 -13.6827 
26.123 32.768 
---end
-21.0122 21.9591 
23.11 16.8529 
3.91 -18.5568 
-4.924 22.152 
15.722 2.84 
1.48886 2.5916 
-13.6396 -14.1478 
-28.1341 -12.8652 
-6.6128 1.8532 
-11.006 -7.496 
25.986 23.11 
0.506 0.186 
2.88 -25.02 
0.8506 -12.1392 
-3.8882 -27.7854 
24.118 1.92 
4.61454 9.12471 
0.8554 -16.018 
-13.3174 -13.6827 
26.123 32.768 
-21.0122 21.9591 
23.11 16.8529 
3.91 -18.5568 
-4.924 22.152 
15.722 2.84 
1.48886 2.5916 
-13.6396 -14.1478 
-28.1341 -12.8652 
-6.6128 1.8532 
-11.006 -7.496 
25.986 23.11 
0.506 0.186 
2.88 -25.02 
0.8506 -12.1392 
-3.8882 -27.7854 
24.118 1.92 
4.61454 9.12471 
0.8554 -16.018 
-13.3174 -13.6827 
26.123 32.768 
---end
-21.0122 21.9591 
23.11 16.8529 
3.91 -18.5568 
-4.924 22.152 
15.722 2.84 
1.48886 2.5916 
-13.6396 -14.1478 
-28.1341 -12.8652 
-6.6128 1.8532 
-11.006 -7.496 
25.986 23.11 
0.506 0.186 
2.88 -25.02 
0.8506 -12.1392 
-3.8882 -27.7854 
24.118 1.92 
4.61454 9.12471 
0.8554 -16.018 
-13.3174 -13.6827 
26.123 32.768 
-21.0122 21.9591 
23.11 16.8529 
3.91 -18.5568 
-4.924 22.152 
15.722 2.84 
1.48886 2.5916 
-13.6396 -14.1478 
-28.1341 -12.8652 
-6.6128 1.8532 
-11.006 -7.496 
25.986 23.11 
0.506 0.186 
2.88 -25.02 
0.8506 -12.1392 
-3.8882 -27.7854 
24.118 1.92 
4.61454 9.12471 
0.8554 -16.018 
-13.3174 -13.6827 
26.123 32.768 
---end
-21.0122 21.9591 
23.11 16.8529 
3.91 -18.5568 
-4.924 22.152 
15.722 2.84 
1.48886 2.5916 
-13.6396 -14.1478 
-28.1341 -12.8652 
-6.6128 1.8532 
-11.006 -7.496 
25.986 23.11 
0.506 0.186 
2.88 -25.02 
0.8506 -12.1392 
-3.8882 -27.7854 
24.118 1.92 
4.61454 9.12471 
0.8554 -16.018 
-13.3174 -13.6827 
26.123 32.768 
-21.0122 21.9591 
23.11 16.8529 
3.91 -18.5568 
-4.924 22.152 
15.722 2.84 
1.48886 2.5916 
-13.6396 -14.1478 
-28.1341 -12.8652 
-6.6128 1.8532 
-11.006 -7.496 
25.986 23.11 
0.506 0.186 
2.88 -25.02 
0.8506 -12.1392 
-3.8882 -27.7854 
24.118 1.92 
4.61454 9.12471 
0.8554 -16.018 
-13.3174 -13.6827 
26.123 32.768 
---end
-21.0122 21.9591 
23.11 16.8529 
3.91 -18.5568 
-4.924 22.152 
15.722 2.84 
1.48886 2.5916 
-13.6396 -14.1478 
-28.1341 -12.8652 
-6.6128 1.8532 
-11.006 -7.496 
25.986 23.11 
0.506 0.186 
2.88 -25.02 
0.8506 -12.1392 
-3.8882 -27.7854 
24.118 1.92 
4.61454 9.12471 
0.8554 -16.018 
-13.3174 -13.6827 
26.123 32.768 
-21.0122 21.9591 
23.11 16.8529 
3.91 -18.5568 
-4.924 22.152 
15.722 2.84 
1.48886 2.5916 
-13.6396 -14.1478 
-28.1341 -12.8652 
-6.6128 1.8532 
-11.006 -7.496 
25.986 23.11 
0.506 0.186 
2.88 -25.02 
0.8506 -12.1392 
-3.8882 -27.7854 
24.118 1.92 
4.61454 9.12471 
0.8554 -16.018 
-13.3174 -13.6827 
26.123 32.768 
---end
-21.0122 21.9591 
23.11 16.8529 
3.91 -18.5568 
-4.924 22.152 
15.722 2.84 
1.48886 2.5916 
-13.6396 -14.1478 
-28.1341 -12.8652 
-6.6128 1.8532 
-11.006 -7.496 
25.986 23.11 
0.506 0.186 
2.88 -25.02 
0.8506 -12.1392 
-3.8882 -27.7854 
24.118 1.92 
4.61454 9.12471 
0.8554 -16.018 
-13.3174 -13.6827 
26.123 32.768 
-21.0122 21.9591 
23.11 16.8529 
3.91 -18.5568 
-4.924 22.152 
15.722 2.84 
1.48886 2.5916 
-13.6396 -14.1478 
-28.1341 -12.8652 
-6.6128 1.8532 
-11.006 -7.496 
25.986 23.11 
0.506 0.186 
2.88 -25.02 
0.8506 -12.1392 
-3.8882 -27.7854 
24.118 1.92 
4.61454 9.12471 
0.8554 -16.018 
-13.3174 -13.6827 
26.123 32.768 
---end
-21.0122 21.9591 
23.11 16.8529 
3.91 -18.5568 
-4.924 22.152 
15.722 2.84 
1.48886 2.5916 
-13.6396 -14.1478 
-28.1341 -12.8652 
-6.6128 1.8532 
-11.006 -7.496 
25.986 23.11 
0.506 0.186 
2.88 -25.02 
0.8506 -12.1392 
-3.8882 -27.7854 
24.118 1.92 
4.61454 9.12471 
0.8554 -16.018 
-13.3174 -13.6827 
26.123 32.768 
-21.0122 21.9591 
23.11 16.8529 
3.91 -18.5568 
-4.924 22.152 
15.722 2.84 
1.48886 2.5916 
-13.6396 -14.1478 
-28.1341 -12.8652 
-6.6128 1.8532 
-11.006 -7.496 
25.986 23.11 
0.506 0.186 
2.88 -25.02 
0.8506 -12.1392 
-3.8882 -27.7854 
24.118 1.92 
4.61454 9.12471 
0.8554 -16.018 
-13.3174 -13.6827 
26.123 32.768 
---end
-21.0122 21.9591 
23.11 16.8529 
3.91 -18.5568 
-4.924 22.152 
15.722 2.84 
1.48886 2.5916 
-13.6396 -14.1478 
-28.1341 -12.8652 
-6.6128 1.8532 
-11.006 -7.496 
25.986 23.11 
0.506 0.186 
2.88 -25.02 
0.8506 -12.1392 
-3.8882 -27.7854 
24.118 1.92 
4.61454 9.12471 
0.8554 -16.018 
-13.3174 -13.6827 
26.123 32.768 
-21.0122 21.9591 
23.11 16.8529 
3.91 -18.5568 
-4.924 22.152 
15.722 2.84 
1.48886 2.5916 
-13.6396 -14.1478 
-28.1341 -12.8652 
-6.6128 1.8532 
-11.006 -7.496 
25.986 23.11 
0.506 0.186 
2.88 -25.02 
0.8506 -12.1392 
-3.8882 -27.7854 
24.118 1.92 
4.61454 9.12471 
0.8554 -16.018 
-13.3174 -13.6827 
26.123 32.768 
---end
-21.0122 21.9591 
23.11 16.8529 
3.91 -18.5568 
-4.924 22.152 
15.722 2.84 
1.48886 2.5916 
-13.6396 -14.1478 
-28.1341 -12.8652 
-6.6128 1.8532 
-11.006 -7.496 
25.986 23.11 
0.506 0.186 
2.88 -25.02 
0.8506 -12.1392 
-3.8882 -27.7854 
24.118 1.92 
4.61454 9.12471 
0.8554 -16.018 
-13.3174 -13.6827 
26.123 32.768 
-21.0122 21.9591 
23.11 16.8529 
3.91 -18.5568 
-4.924 22.152 
15.722 2.84 
1.48886 2.5916 
-13.6396 -14.1478 
-28.1341 -12.8652 
-6.6128 1.8532 
-11.006 -7.496 
25.986 23.11 
0.506 0.186 
2.88 -25.02 
0.8506 -12.1392 
-3.8882 -27.7854 
24.118 1.92 
4.61454 9.12471 
0.8554 -16.018 
-13.3174 -13.6827 
26.123 32.768 
---end
-21.0122 21.9591 
23.11 16.8529 
3.91 -18.5568 
-4.924 22.152 
15.722 2.84 
1.48886 2.5916 
-13.6396 -14.1478 
-28.1341 -12.8652 
-6.6128 1.8532 
-11.006 -7.496 
25.986 23.11 
0.506 0.186 
2.88 -25.02 
0.8506 -12.1392 
-3.8882 -27.7854 
24.118 1.92 
4.61454 9.12471 
0.8554 -16.018 
-13.3174 -13.6827 
26.123 32.768 
-21.0122 21.9591 
23.11 16.8529 
3.91 -18.5568 
-4.924 22.152 
15.722 2.84 
1.48886 2.5916 
-13.6396 -14.1478 
-28.1341 -12.8652 
-6.6128 1.8532 
-11.006 -7.496 
25.986 23.11 
0.506 0.186 
2.88 -25.02 
0.8506 -12.1392 
-3.8882 -27.7854 
24.118 1.92 
4.61454 9.12471 
0.8554 -16.018 
-13.3174 -13.6827 
26.123 32.768 
---end
-21.0122 21.9591 
23.11 16.8529 
3.91 -18.5568 
-4.924 22.152 
15.722 2.84 
1.48886 2.5916 
-13.6396 -14.1478 
-28.1341 -12.8652 
-6.6128 1.8532 
-11.006 -7.496 
25.986 23.11 
0.506 0.186 
2.88 -25.02 
0.8506 -12.1392 
-3.8882 -27.7854 
24.118 1.92 
4.61454 9.12471 
0.8554 -16.018 
-13.3174 -13.6827 
26.123 32.768 
-21.0122 21.9591 
23.11 16.8529 
3.91 -18.5568 
-4.924 22.152 
15.722 2.84 
1.48886 2.5916 
-13.6396 -14.1478 
-28.1341 -12.8652 
-6.6128 1.8532 
-11.006 -7.496 
25.986 23.11 
0.506 0.186 
2.88 -25.02 
0.8506 -12.1392 
-3.8882 -27.7854 
24.118 1.92 
4.61454 9.12471 
0.8554 -16.018 
-13.3174 -13.6827 
26.123 32.768 
---end
-21.0122 21.9591 
23.11 16.8529 
3.91 -18.5568 
-4.924 22.152 
15.722 2.84 
1.48886 2.5916 
-13.6396 -14.1478 
-28.1341 -12.8652 
-6.6128 1.8532 
-11.006 -7.496 
25.986 23.11 
0.506 0.186 
2.88 -25.02 
0.8506 -12.1392 
-3.8882 -27.7854 
24.118 1.92 
4.61454 9.12471 
0.8554 -16.018 
-13.3174 -13.6827 
26.123 32.768 
-21.0122 21.9591 
23.11 16.8529 
3.91 -18.5568 
-4.924 22.152 
15.722 2.84 
1.48886 2.5916 
-13.6396 -14.1478 
-28.1341 -12.8652 
-6.6128 1.8532 
-11.006 -7.496 
25.986 23.11 
0.506 0.186 
2.88 -25.02 
0.8506 -12.1392 
-3.8882 -27.7854 
24.118 1.92 
4.61454 9.12471 
0.8554 -16.018 
-13.3174 -13.6827 
26.123 32.768 
---end
-21.0122 21.9591 
23.11 16.8529 
3.91 -18.5568 
-4.924 22.152 
15.722 2.84 
1.48886 2.5916 
-13.6396 -14.1478 
-28.1341 -12.8652 
-6.6128 1.8532 
-11.006 -7.496 
25.986 23.11 
0.506 0.186 
2.88 -25.02 
0.8506 -12.1392 
-3.8882 -27.7854 
24.118 1.92 
4.61454 9.12471 
0.8554 -16.018 
-13.3174 -13.6827 
26.123 32.768 
-21.0122 21.9591 
23.11 16.8529 
3.91 -18.5568 
-4.924 22.152 
15.722 2.84 
1.48886 2.5916 
-13.6396 -14.1478 
-28.1341 -12.8652 
-6.6128 1.8532 
-11.006 -7.496 
25.986 23.11 
0.506 0.186 
2.88 -25.02 
0.8506 -12.1392 
-3.8882 -27.7854 
24.118 1.92 
4.61454 9.12471 
0.8554 -16.018 
-13.3174 -13.6827 
26.123 32.768 
---end
-21.0122 21.9591 
23.11 16.8529 
3.91 -18.5568 
-4.924 22.152 
15.722 2.84 
1.48886 2.5916 
-13.6396 -14.1478 
-28.1341 -12.8652 
-6.6128 1.8532 
-11.006 -7.496 
25.986 23.11 
0.506 0.186 
2.88 -25.02 
0.8506 -12.1392 
-3.8882 -27.7854 
24.118 1.92 
4.61454 9.12471 
0.8554 -16.018 
-13.3174 -13.6827 
26.123 32.768 
-21.0122 21.9591 
23.11 16.8529 
3.91 -18.5568 
-4.924 22.152 
15.722 2.84 
1.48886 2.5916 
-13.6396 -14.1478 
-28.1341 -12.8652 
-6.6128 1.8532 
-11.006 -7.496 
25.986 23.11 
0.506 0.186 
2.88 -25.02 
0.8506 -12.1392 
-3.8882 -27.7854 
24.118 1.92 
4.61454 9.12471 
0.8554 -16.018 
-13.3174 -13.6827 
26.123 32.768 
---end
-21.0122 21.9591 
23.11 16.8529 
3.91 -18.5568 
-4.924 22.152 
15.722 2.84 
1.48886 2.5916 
-13.6396 -14.1478 
-28.1341 -12.8652 
-6.6128 1.8532 
-11.006 -7.496 
25.986 23.11 
0.506 0.186 
2.88 -25.02 
0.8506 -12.1392 
-3.8882 -27.7854 
24.118 1.92 
4.61454 9.12471 
0.8554 -16.018 
-13.3174 -13.6827 
26.123 32.768 
-21.0122 21.9591 
23.11 16.8529 
3.91 -18.5568 
-4.924 22.152 
15.722 2.84 
1.48886 2.5916 
-13.6396 -14.1478 
-28.1341 -12.8652 
-6.6128 1.8532 
-11.006 -7.496 
25.986 23.11 
0.506 0.186 
2.88 -25.02 
0.8506 -12.1392 
-3.8882 -27.7854 
24.118 1.92 
4.61454 9.12471 
0.8554 -16.018 
-13.3174 -13.6827 
26.123 32.768 
---end
-21.0122 21.9591 
23.11 16.8529 
3.91 -18.5568 
-4.924 22.152 
15.722 2.84 
1.48886 2.5916 
-13.6396 -14.1478 
-28.1341 -12.8652 
-6.6128 1.8532 
-11.006 -7.496 
25.986 23.11 
0.506 0.186 
2.88 -25.02 
0.8506 -12.1392 
-3.8882 -27.7854 
24.118 1.92 
4.61454 9.12471 
0.8554 -16.018 
-13.3174 -13.6827 
26.123 32.768 
-21.0122 21.9591 
23.11 16.8529 
3.91 -18.5568 
-4.924 22.152 
15.722 2.84 
1.48886 2.5916 
-13.6396 -14.1478 
-28.1341 -12.8652 
-6.6128 1.8532 
-11.006 -7.496 
25.986 23.11 
0.506 0.186 
2.88 -25.02 
0.8506 -12.1392 
-3.8882 -27.7854 
24.118 1.92 
4.61454 9.12471 
0.8554 -16.018 
-13.3174 -13.6827 
26.123 32.768 
---end
-21.0122 21.9591 
23.11 16.8529 
3.91 -18.5568 
-4.924 22.152 
15.722 2.84 
1.48886 2.5916 
-13.6396 -14.1478 
-28.1341 -12.8652 
-6.6128 1.8532 
-11.006 -7.496 
25.986 23.11 
0.506 0.186 
2.88 -25.02 
0.8506 -12.1392 
-3.8882 -27.7854 
24.118 1.92 
4.61454 9.12471 
0.8554 -16.018 
-13.3174 -13.6827 
26.123 32.768 
-21.0122 21.9591 
23.11 16.8529 
3.91 -18.5568 
-4.924 22.152 
15.722 2.84 
1.48886 2.5916 
-13.6396 -14.1478 
-28.1341 -12.8652 
-6.6128 1.8532 
-11.006 -7.496 
25.986 23.11 
0.506 0.186 
2.88 -25.02 
0.8506 -12.1392 
-3.8882 -27.7854 
24.118 1.92 
4.61454 9.12471 
0.8554 -16.018 
-13.3174 -13.6827 
26.123 32.768 
---end
-21.0122 21.9591 
23.11 16.8529 
3.91 -18.5568 
-4.924 22.152 
15.722 2.84 
1.48886 2.5916 
-13.6396 -14.1478 
-28.1341 -12.8652 
-6.6128 1.8532 
-11.006 -7.496 
25.986 23.11 
0.506 0.186 
2.88 -25.02 
0.8506 -12.1392 
-3.8882 -27.7854 
24.118 1.92 
4.61454 9.12471 
0.8554 -16.018 
-13.3174 -13.6827 
26.123 32.768 
-21.0122 21.9591 
23.11 16.8529 
3.91 -18.5568 
-4.924 22.152 
15.722 2.84 
1.48886 2.5916 
-13.6396 -14.1478 
-28.1341 -12.8652 
-6.6128 1.8532 
-11.006 -7.496 
25.986 23.11 
0.506 0.186 
2.88 -25.02 
0.8506 -12.1392 
-3.8882 -27.7854 
24.118 1.92 
4.61454 9.12471 
0.8554 -16.018 
-13.3174 -13.6827 
26.123 32.768 
---end
-21.0122 21.9591 
23.11 16.8529 
3.91 -18.5568 
-4.924 22.152 
15.722 2.84 
1.48886 2.5916 
-13.6396 -14.1478 
-28.1341 -12.8652 
-6.6128 1.8532 
-11.006 -7.496 
25.986 23.11 
0.506 0.186 
2.88 -25.02 
0.8506 -12.1392 
-3.8882 -27.7854 
24.118 1.92 
4.61454 9.12471 
0.8554 -16.018 
-13.3174 -13.6827 
26.123 32.768 
-21.0122 21.9591 
23.11 16.8529 
3.91 -18.5568 
-4.924 22.152 
15.722 2.84 
1.48886 2.5916 
-13.6396 -14.1478 
-28.1341 -12.8652 
-6.6128 1.8532 
-11.006 -7.496 
25.986 23.11 
0.506 0.186 
2.88 -25.02 
0.8506 -12.1392 
-3.8882 -27.7854 
24.118 1.92 
4.61454 9.12471 
0.8554 -16.018 
-13.3174 -13.6827 
26.123 32.768 
---end
-21.0122 21.9591 
23.11 16.8529 
3.91 -18.5568 
-4.924 22.152 
15.722 2.84 
1.48886 2.5916 
-13.6396 -14.1478 
-28.1341 -12.8652 
-6.6128 1.8532 
-11.006 -7.496 
25.986 23.11 
0.506 0.186 
2.88 -25.02 
0.8506 -12.1392 
-3.8882 -27.7854 
24.118 1.92 
4.61454 9.12471 
0.8554 -16.018 
-13.3174 -13.6827 
26.123 32.768 
-21.0122 21.9591 
23.11 16.8529 
3.91 -18.5568 
-4.924 22.152 
15.722 2.84 
1.48886 2.5916 
-13.6396 -14.1478 
-28.1341 -12.8652 
-6.6128 1.8532 
-11.006 -7.496 
25.986 23.11 
0.506 0.186 
2.88 -25.02 
0.8506 -12.1392 
-3.8882 -27.7854 
24.118 1.92 
4.61454 9.12471 
0.8554 -16.018 
-13.3174 -13.6827 
26.123 32.768 
---end
-21.0122 21.9591 
23.11 16.8529 
3.91 -18.5568 
-4.924 22.152 
15.722 2.84 
1.48886 2.5916 
-13.6396 -14.1478 
-28.1341 -12.8652 
-6.6128 1.8532 
-11.006 -7.496 
25.986 23.11 
0.506 0.186 
2.88 -25.02 
0.8506 -12.1392 
-3.8882 -27.7854 
24.118 1.92 
4.61454 9.12471 
0.8554 -16.018 
-13.3174 -13.6827 
26.123 32.768 
-21.0122 21.9591 
23.11 16.8529 
3.91 -18.5568 
-4.924 22.152 
15.722 2.84 
1.48886 2.5916 
-13.6396 -14.1478 
-28.1341 -12.8652 
-6.6128 1.8532 
-11.006 -7.496 
25.986 23.11 
0.506 0.186 
2.88 -25.02 
0.8506 -12.1392 
-3.8882 -27.7854 
24.118 1.92 
4.61454 9.12471 
0.8554 -16.018 
-13.3174 -13.6827 
26.123 32.768 
---end
-21.0122 21.9591 
23.11 16.8529 
3.91 -18.5568 
-4.924 22.152 
15.722 2.84 
1.48886 2.5916 
-13.6396 -14.1478 
-28.1341 -12.8652 
-6.6128 1.8532 
-11.006 -7.496 
25.986 23.11 
0.506 0.186 
2.88 -25.02 
0.8506 -12.1392 
-3.8882 -27.7854 
24.118 1.92 
4.61454 9.12471 
0.8554 -16.018 
-13.3174 -13.6827 
26.123 32.768 
-21.0122 21.9591 
23.11 16.8529 
3.91 -18.5568 
-4.924 22.152 
15.722 2.84 
1.48886 2.5916 
-13.6396 -14.1478 
-28.1341 -12.8652 
-6.6128 1.8532 
-11.006 -7.496 
25.986 23.11 
0.506 0.186 
2.88 -25.02 
0.8506 -12.1392 
-3.8882 -27.7854 
24.118 1.92 
4.61454 9.12471 
0.8554 -16.018 
-13.3174 -13.6827 
26.123 32.768 
---end
-21.0122 21.9591 
23.11 16.8529 
3.91 -18.5568 
-4.924 22.152 
15.722 2.84 
1.48886 2.5916 
-13.6396 -14.1478 
-28.1341 -12.8652 
-6.6128 1.8532 
-11.006 -7.496 
25.986 23.11 
0.506 0.186 
2.88 -25.02 
0.8506 -12.1392 
-3.8882 -27.7854 
24.118 1.92 
4.61454 9.12471 
0.8554 -16.018 
-13.3174 -13.6827 
26.123 32.768 
-21.0122 21.9591 
23.11 16.8529 
3.91 -18.5568 
-4.924 22.152 
15.722 2.84 
1.48886 2.5916 
-13.6396 -14.1478 
-28.1341 -12.8652 
-6.6128 1.8532 
-11.006 -7.496 
25.986 23.11 
0.506 0.186 
2.88 -25.02 
0.8506 -12.1392 
-3.8882 -27.7854 
24.118 1.92 
4.61454 9.12471 
0.8554 -16.018 
-13.3174 -13.6827 
26.123 32.768 
---end
-21.0122 21.9591 
23.11 16.8529 
3.91 -18.5568 
-4.924 22.152 
15.722 2.84 
1.48886 2.5916 
-13.6396 -14.1478 
-28.1341 -12.8652 
-6.6128 1.8532 
-11.006 -7.496 
25.986 23.11 
0.506 0.186 
2.88 -25.02 
0.8506 -12.1392 
-3.8882 -27.7854 
24.118 1.92 
4.61454 9.12471 
0.8554 -16.018 
-13.3174 -13.6827 
26.123 32.768 
-21.0122 21.9591 
23.11 16.8529 
3.91 -18.5568 
-4.924 22.152 
15.722 2.84 
1.48886 2.5916 
-13.6396 -14.1478 
-28.1341 -12.8652 
-6.6128 1.8532 
-11.006 -7.496 
25.986 23.11 
0.506 0.186 
2.88 -25.02 
0.8506 -12.1392 
-3.8882 -27.7854 
24.118 1.92 
4.61454 9.12471 
0.8554 -16.018 
-13.3174 -13.6827 
26.123 32.768 
---end
-21.0122 21.9591 
23.11 16.8529 
3.91 -18.5568 
-4.924 22.152 
15.722 2.84 
1.48886 2.5916 
-13.6396 -14.1478 
-28.1341 -12.8652 
-6.6128 1.8532 
-11.006 -7.496 
25.986 23.11 
0.506 0.186 
2.88 -25.02 
0.8506 -12.1392 
-3.8882 -27.7854 
24.118 1.92 
4.61454 9.12471 
0.8554 -16.018 
-13.3174 -13.6827 
26.123 32.768 
-21.0122 21.9591 
23.11 16.8529 
3.91 -18.5568 
-4.924 22.152 
15.722 2.84 
1.48886 2.5916 
-13.6396 -14.1478 
-28.1341 -12.8652 
-6.6128 1.8532 
-11.006 -7.496 
25.986 23.11 
0.506 0.186 
2.88 -25.02 
0.8506 -12.1392 
-3.8882 -27.7854 
24.118 1.92 
4.61454 9.12471 
0.8554 -16.018 
-13.3174 -13.6827 
26.123 32.768 
---end
-21.0122 21.9591 
23.11 16.8529 
3.91 -18.5568 
-4.924 22.152 
15.722 2.84 
1.48886 2.5916 
-13.6396 -14.1478 
-28.1341 -12.8652 
-6.6128 1.8532 
-11.006 -7.496 
25.986 23.11 
0.506 0.186 
2.88 -25.02 
0.8506 -12.1392 
-3.8882 -27.7854 
24.118 1.92 
4.61454 9.12471 
0.8554 -16.018 
-13.3174 -13.6827 
26.123 32.768 
-21.0122 21.9591 
23.11 16.8529 
3.91 -18.5568 
-4.924 22.152 
15.722 2.84 
1.48886 2.5916 
-13.6396 -14.1478 
-28.1341 -12.8652 
-6.6128 1.8532 
-11.006 -7.496 
25.986 23.11 
0.506 0.186 
2.88 -25.02 
0.8506 -12.1392 
-3.8882 -27.7854 
24.118 1.92 
4.61454 9.12471 
0.8554 -16.018 
-13.3174 -13.6827 
26.123 32.768 
---end
-21.0122 21.9591 
23.11 16.8529 
3.91 -18.5568 
-4.924 22.152 
15.722 2.84 
1.48886 2.5916 
-13.6396 -14.1478 
-28.1341 -12.8652 
-6.6128 1.8532 
-11.006 -7.496 
25.986 23.11 
0.506 0.186 
2.88 -25.02 
0.8506 -12.1392 
-3.8882 -27.7854 
24.118 1.92 
4.61454 9.12471 
0.8554 -16.018 
-13.3174 -13.6827 
26.123 32.768 
-21.0122 21.9591 
23.11 16.8529 
3.91 -18.5568 
-4.924 22.152 
15.722 2.84 
1.48886 2.5916 
-13.6396 -14.1478 
-28.1341 -12.8652 
-6.6128 1.8532 
-11.006 -7.496 
25.986 23.11 
0.506 0.186 
2.88 -25.02 
0.8506 -12.1392 
-3.8882 -27.7854 
24.118 1.92 
4.61454 9.12471 
0.8554 -16.018 
-13.3174 -13.6827 
26.123 32.768 
---end
-21.0122 21.9591 
23.11 16.8529 
3.91 -18.5568 
-4.924 22.152 
15.722 2.84 
1.48886 2.5916 
-13.6396 -14.1478 
-28.1341 -12.8652 
-6.6128 1.8532 
-11.006 -7.496 
25.986 23.11 
0.506 0.186 
2.88 -25.02 
0.8506 -12.1392 
-3.8882 -27.7854 
24.118 1.92 
4.61454 9.12471 
0.8554 -16.018 
-13.3174 -13.6827 
26.123 32.768 
-21.0122 21.9591 
23.11 16.8529 
3.91 -18.5568 
-4.924 22.152 
15.722 2.84 
1.48886 2.5916 
-13.6396 -14.1478 
-28.1341 -12.8652 
-6.6128 1.8532 
-11.006 -7.496 
25.986 23.11 
0.506 0.186 
2.88 -25.02 
0.8506 -12.1392 
-3.8882 -27.7854 
24.118 1.92 
4.61454 9.12471 
0.8554 -16.018 
-13.3174 -13.6827 
26.123 32.768 
---end
-21.0122 21.9591 
23.11 16.8529 
3.91 -18.5568 
-4.924 22.152 
15.722 2.84 
1.48886 2.5916 
-13.6396 -14.1478 
-28.1341 -12.8652 
-6.6128 1.8532 
-11.006 -7.496 
25.986 23.11 
0.506 0.186 
2.88 -25.02 
0.8506 -12.1392 
-3.8882 -27.7854 
24.118 1.92 
4.61454 9.12471 
0.8554 -16.018 
-13.3174 -13.6827 
26.123 32.768 
-21.0122 21.9591 
23.11 16.8529 
3.91 -18.5568 
-4.924 22.152 
15.722 2.84 
1.48886 2.5916 
-13.6396 -14.1478 
-28.1341 -12.8652 
-6.6128 1.8532 
-11.006 -7.496 
25.986 23.11 
0.506 0.186 
2.88 -25.02 
0.8506 -12.1392 
-3.8882 -27.7854 
24.118 1.92 
4.61454 9.12471 
0.8554 -16.018 
-13.3174 -13.6827 
26.123 32.768 
---end
-21.0122 21.9591 
23.11 16.8529 
3.91 -18.5568 
-4.924 22.152 
15.722 2.84 
1.48886 2.5916 
-13.6396 -14.1478 
-28.1341 -12.8652 
-6.6128 1.8532 
-11.006 -7.496 
25.986 23.11 
0.506 0.186 
2.88 -25.02 
0.8506 -12.1392 
-3.8882 -27.7854 
24.118 1.92 
4.61454 9.12471 
0.8554 -16.018 
-13.3174 -13.6827 
26.123 32.768 
-21.0122 21.9591 
23.11 16.8529 
3.91 -18.5568 
-4.924 22.152 
15.722 2.84 
1.48886 2.5916 
-13.6396 -14.1478 
-28.1341 -12.8652 
-6.6128 1.8532 
-11.006 -7.496 
25.986 23.11 
0.506 0.186 
2.88 -25.02 
0.8506 -12.1392 
-3.8882 -27.7854 
24.118 1.92 
4.61454 9.12471 
0.8554 -16.018 
-13.3174 -13.6827 
26.123 32.768 
---end
-21.0122 21.9591 
23.11 16.8529 
3.91 -18.5568 
-4.924 22.152 
15.722 2.84 
1.48886 2.5916 
-13.6396 -14.1478 
-28.1341 -12.8652 
-6.6128 1.8532 
-11.006 -7.496 
25.986 23.11 
0.506 0.186 
2.88 -25.02 
0.8506 -12.1392 
-3.8882 -27.7854 
24.118 1.92 
4.61454 9.12471 
0.8554 -16.018 
-13.3174 -13.6827 
26.123 32.768 
-21.0122 21.9591 
23.11 16.8529 
3.91 -18.5568 
-4.924 22.152 
15.722 2.84 
1.48886 2.5916 
-13.6396 -14.1478 
-28.1341 -12.8652 
-6.6128 1.8532 
-11.006 -7.496 
25.986 23.11 
0.506 0.186 
2.88 -25.02 
0.8506 -12.1392 
-3.8882 -27.7854 
24.118 1.92 
4.61454 9.12471 
0.8554 -16.018 
-13.3174 -13.6827 
26.123 32.768 
---end
-21.0122 21.9591 
23.11 16.8529 
3.91 -18.5568 
-4.924 22.152 
15.722 2.84 
1.48886 2.5916 
-13.6396 -14.1478 
-28.1341 -12.8652 
-6.6128 1.8532 
-11.006 -7.496 
25.986 23.11 
0.506 0.186 
2.88 -25.02 
0.8506 -12.1392 
-3.8882 -27.7854 
24.118 1.92 
4.61454 9.12471 
0.8554 -16.018 
-13.3174 -13.6827 
26.123 32.768 
-21.0122 21.9591 
23.11 16.8529 
3.91 -18.5568 
-4.924 22.152 
15.722 2.84 
1.48886 2.5916 
-13.6396 -14.1478 
-28.1341 -12.8652 
-6.6128 1.8532 
-11.006 -7.496 
25.986 23.11 
0.506 0.186 
2.88 -25.02 
0.8506 -12.1392 
-3.8882 -27.7854 
24.118 1.92 
4.61454 9.12471 
0.8554 -16.018 
-13.3174 -13.6827 
26.123 32.768 
---end
-21.0122 21.9591 
23.11 16.8529 
3.91 -18.5568 
-4.924 22.152 
15.722 2.84 
1.48886 2.5916 
-13.6396 -14.1478 
-28.1341 -12.8652 
-6.6128 1.8532 
-11.006 -7.496 
25.986 23.11 
0.506 0.186 
2.88 -25.02 
0.8506 -12.1392 
-3.8882 -27.7854 
24.118 1.92 
4.61454 9.12471 
0.8554 -16.018 
-13.3174 -13.6827 
26.123 32.768 
-21.0122 21.9591 
23.11 16.8529 
3.91 -18.5568 
-4.924 22.152 
15.722 2.84 
1.48886 2.5916 
-13.6396 -14.1478 
-28.1341 -12.8652 
-6.6128 1.8532 
-11.006 -7.496 
25.986 23.11 
0.506 0.186 
2.88 -25.02 
0.8506 -12.1392 
-3.8882 -27.7854 
24.118 1.92 
4.61454 9.12471 
0.8554 -16.018 
-13.3174 -13.6827 
26.123 32.768 
---end
-21.0122 21.9591 
23.11 16.8529 
3.91 -18.5568 
-4.924 22.152 
15.722 2.84 
1.48886 2.5916 
-13.6396 -14.1478 
-28.1341 -12.8652 
-6.6128 1.8532 
-11.006 -7.496 
25.986 23.11 
0.506 0.186 
2.88 -25.02 
0.8506 -12.1392 
-3.8882 -27.7854 
24.118 1.92 
4.61454 9.12471 
0.8554 -16.018 
-13.3174 -13.6827 
26.123 32.768 
-21.0122 21.9591 
23.11 16.8529 
3.91 -18.5568 
-4.924 22.152 
15.722 2.84 
1.48886 2.5916 
-13.6396 -14.1478 
-28.1341 -12.8652 
-6.6128 1.8532 
-11.006 -7.496 
25.986 23.11 
0.506 0.186 
2.88 -25.02 
0.8506 -12.1392 
-3.8882 -27.7854 
24.118 1.92 
4.61454 9.12471 
0.8554 -16.018 
-13.3174 -13.6827 
26.123 32.768 
---end
-21.0122 21.9591 
23.11 16.8529 
3.91 -18.5568 
-4.924 22.152 
15.722 2.84 
1.48886 2.5916 
-13.6396 -14.1478 
-28.1341 -12.8652 
-6.6128 1.8532 
-11.006 -7.496 
25.986 23.11 
0.506 0.186 
2.88 -25.02 
0.8506 -12.1392 
-3.8882 -27.7854 
24.118 1.92 
4.61454 9.12471 
0.8554 -16.018 
-13.3174 -13.6827 
26.123 32.768 
-21.0122 21.9591 
23.11 16.8529 
3.91 -18.5568 
-4.924 22.152 
15.722 2.84 
1.48886 2.5916 
-13.6396 -14.1478 
-28.1341 -12.8652 
-6.6128 1.8532 
-11.006 -7.496 
25.986 23.11 
0.506 0.186 
2.88 -25.02 
0.8506 -12.1392 
-3.8882 -27.7854 
24.118 1.92 
4.61454 9.12471 
0.8554 -16.018 
-13.3174 -13.6827 
26.123 32.768 
---end
-21.0122 21.9591 
23.11 16.8529 
3.91 -18.5568 
-4.924 22.152 
15.722 2.84 
1.48886 2.5916 
-13.6396 -14.1478 
-28.1341 -12.8652 
-6.6128 1.8532 
-11.006 -7.496 
25.986 23.11 
0.506 0.186 
2.88 -25.02 
0.8506 -12.1392 
-3.8882 -27.7854 
24.118 1.92 
4.61454 9.12471 
0.8554 -16.018 
-13.3174 -13.6827 
26.123 32.768 
-21.0122 21.9591 
23.11 16.8529 
3.91 -18.5568 
-4.924 22.152 
15.722 2.84 
1.48886 2.5916 
-13.6396 -14.1478 
-28.1341 -12.8652 
-6.6128 1.8532 
-11.006 -7.496 
25.986 23.11 
0.506 0.186 
2.88 -25.02 
0.8506 -12.1392 
-3.8882 -27.7854 
24.118 1.92 
4.61454 9.12471 
0.8554 -16.018 
-13.3174 -13.6827 
26.123 32.768 
---end
-21.0122 21.9591 
23.11 16.8529 
3.91 -18.5568 
-4.924 22.152 
15.722 2.84 
1.48886 2.5916 
-13.6396 -14.1478 
-28.1341 -12.8652 
-6.6128 1.8532 
-11.006 -7.496 
25.986 23.11 
0.506 0.186 
2.88 -25.02 
0.8506 -12.1392 
-3.8882 -27.7854 
24.118 1.92 
4.61454 9.12471 
0.8554 -16.018 
-13.3174 -13.6827 
26.123 32.768 
-21.0122 21.9591 
23.11 16.8529 
3.91 -18.5568 
-4.924 22.152 
15.722 2.84 
1.48886 2.5916 
-13.6396 -14.1478 
-28.1341 -12.8652 
-6.6128 1.8532 
-11.006 -7.496 
25.986 23.11 
0.506 0.186 
2.88 -25.02 
0.8506 -12.1392 
-3.8882 -27.7854 
24.118 1.92 
4.61454 9.12471 
0.8554 -16.018 
-13.3174 -13.6827 
26.123 32.768 
---end
-21.0122 21.9591 
23.11 16.8529 
3.91 -18.5568 
-4.924 22.152 
15.722 2.84 
1.48886 2.5916 
-13.6396 -14.1478 
-28.1341 -12.8652 
-6.6128 1.8532 
-11.006 -7.496 
25.986 23.11 
0.506 0.186 
2.88 -25.02 
0.8506 -12.1392 
-3.8882 -27.7854 
24.118 1.92 
4.61454 9.12471 
0.8554 -16.018 
-13.3174 -13.6827 
26.123 32.768 
-21.0122 21.9591 
23.11 16.8529 
3.91 -18.5568 
-4.924 22.152 
15.722 2.84 
1.48886 2.5916 
-13.6396 -14.1478 
-28.1341 -12.8652 
-6.6128 1.8532 
-11.006 -7.496 
25.986 23.11 
0.506 0.186 
2.88 -25.02 
0.8506 -12.1392 
-3.8882 -27.7854 
24.118 1.92 
4.61454 9.12471 
0.8554 -16.018 
-13.3174 -13.6827 
26.123 32.768 
---end
-21.0122 21.9591 
23.11 16.8529 
3.91 -18.5568 
-4.924 22.152 
15.722 2.84 
1.48886 2.5916 
-13.6396 -14.1478 
-28.1341 -12.8652 
-6.6128 1.8532 
-11.006 -7.496 
25.986 23.11 
0.506 0.186 
2.88 -25.02 
0.8506 -12.1392 
-3.8882 -27.7854 
24.118 1.92 
4.61454 9.12471 
0.8554 -16.018 
-13.3174 -13.6827 
26.123 32.768 
-21.0122 21.9591 
23.11 16.8529 
3.91 -18.5568 
-4.924 22.152 
15.722 2.84 
1.48886 2.5916 
-13.6396 -14.1478 
-28.1341 -12.8652 
-6.6128 1.8532 
-11.006 -7.496 
25.986 23.11 
0.506 0.186 
2.88 -25.02 
0.8506 -12.1392 
-3.8882 -27.7854 
24.118 1.92 
4.61454 9.12471 
0.8554 -16.018 
-13.3174 -13.6827 
26.123 32.768 
---end
-21.0122 21.9591 
23.11 16.8529 
3.91 -18.5568 
-4.924 22.152 
15.722 2.84 
1.48886 2.5916 
-13.6396 -14.1478 
-28.1341 -12.8652 
-6.6128 1.8532 
-11.006 -7.496 
25.986 23.11 
0.506 0.186 
2.88 -25.02 
0.8506 -12.1392 
-3.8882 -27.7854 
24.118 1.92 
4.61454 9.12471 
0.8554 -16.018 
-13.3174 -13.6827 
26.123 32.768 
-21.0122 21.9591 
23.11 16.8529 
3.91 -18.5568 
-4.924 22.152 
15.722 2.84 
1.48886 2.5916 
-13.6396 -14.1478 
-28.1341 -12.8652 
-6.6128 1.8532 
-11.006 -7.496 
25.986 23.11 
0.506 0.186 
2.88 -25.02 
0.8506 -12.1392 
-3.8882 -27.7854 
24.118 1.92 
4.61454 9.12471 
0.8554 -16.018 
-13.3174 -13.6827 
26.123 32.768 
---end
-21.0122 21.9591 
23.11 16.8529 
3.91 -18.5568 
-4.924 22.152 
15.722 2.84 
1.48886 2.5916 
-13.6396 -14.1478 
-28.1341 -12.8652 
-6.6128 1.8532 
-11.006 -7.496 
25.986 23.11 
0.506 0.186 
2.88 -25.02 
0.8506 -12.1392 
-3.8882 -27.7854 
24.118 1.92 
4.61454 9.12471 
0.8554 -16.018 
-13.3174 -13.6827 
26.123 32.768 
-21.0122 21.9591 
23.11 16.8529 
3.91 -18.5568 
-4.924 22.152 
15.722 2.84 
1.48886 2.5916 
-13.6396 -14.1478 
-28.1341 -12.8652 
-6.6128 1.8532 
-11.006 -7.496 
25.986 23.11 
0.506 0.186 
2.88 -25.02 
0.8506 -12.1392 
-3.8882 -27.7854 
24.118 1.92 
4.61454 9.12471 
0.8554 -16.018 
-13.3174 -13.6827 
26.123 32.768 
---end
-21.0122 21.9591 
23.11 16.8529 
3.91 -18.5568 
-4.924 22.152 
15.722 2.84 
1.48886 2.5916 
-13.6396 -14.1478 
-28.1341 -12.8652 
-6.6128 1.8532 
-11.006 -7.496 
25.986 23.11 
0.506 0.186 
2.88 -25.02 
0.8506 -12.1392 
-3.8882 -27.7854 
24.118 1.92 
4.61454 9.12471 
0.8554 -16.018 
-13.3174 -13.6827 
26.123 32.768 
-21.0122 21.9591 
23.11 16.8529 
3.91 -18.5568 
-4.924 22.152 
15.722 2.84 
1.48886 2.5916 
-13.6396 -14.1478 
-28.1341 -12.8652 
-6.6128 1.8532 
-11.006 -7.496 
25.986 23.11 
0.506 0.186 
2.88 -25.02 
0.8506 -12.1392 
-3.8882 -27.7854 
24.118 1.92 
4.61454 9.12471 
0.8554 -16.018 
-13.3174 -13.6827 
26.123 32.768 
---end
-21.0122 21.9591 
23.11 16.8529 
3.91 -18.5568 
-4.924 22.152 
15.722 2.84 
1.48886 2.5916 
-13.6396 -14.1478 
-28.1341 -12.8652 
-6.6128 1.8532 
-11.006 -7.496 
25.986 23.11 
0.506 0.186 
2.88 -25.02 
0.8506 -12.1392 
-3.8882 -27.7854 
24.118 1.92 
4.61454 9.12471 
0.8554 -16.018 
-13.3174 -13.6827 
26.123 32.768 
-21.0122 21.9591 
23.11 16.8529 
3.91 -18.5568 
-4.924 22.152 
15.722 2.84 
1.48886 2.5916 
-13.6396 -14.1478 
-28.1341 -12.8652 
-6.6128 1.8532 
-11.006 -7.496 
25.986 23.11 
0.506 0.186 
2.88 -25.02 
0.8506 -12.1392 
-3.8882 -27.7854 
24.118 1.92 
4.61454 9.12471 
0.8554 -16.018 
-13.3174 -13.6827 
26.123 32.768 
---end
-21.0122 21.9591 
23.11 16.8529 
3.91 -18.5568 
-4.924 22.152 
15.722 2.84 
1.48886 2.5916 
-13.6396 -14.1478 
-28.1341 -12.8652 
-6.6128 1.8532 
-11.006 -7.496 
25.986 23.11 
0.506 0.186 
2.88 -25.02 
0.8506 -12.1392 
-3.8882 -27.7854 
24.118 1.92 
4.61454 9.12471 
0.8554 -16.018 
-13.3174 -13.6827 
26.123 32.768 
-21.0122 21.9591 
23.11 16.8529 
3.91 -18.5568 
-4.924 22.152 
15.722 2.84 
1.48886 2.5916 
-13.6396 -14.1478 
-28.1341 -12.8652 
-6.6128 1.8532 
-11.006 -7.496 
25.986 23.11 
0.506 0.186 
2.88 -25.02 
0.8506 -12.1392 
-3.8882 -27.7854 
24.118 1.92 
4.61454 9.12471 
0.8554 -16.018 
-13.3174 -13.6827 
26.123 32.768 
---end
-21.0122 21.9591 
23.11 16.8529 
3.91 -18.5568 
-4.924 22.152 
15.722 2.84 
1.48886 2.5916 
-13.6396 -14.1478 
-28.1341 -12.8652 
-6.6128 1.8532 
-11.006 -7.496 
25.986 23.11 
0.506 0.186 
2.88 -25.02 
0.8506 -12.1392 
-3.8882 -27.7854 
24.118 1.92 
4.61454 9.12471 
0.8554 -16.018 
-13.3174 -13.6827 
26.123 32.768 
-21.0122 21.9591 
23.11 16.8529 
3.91 -18.5568 
-4.924 22.152 
15.722 2.84 
1.48886 2.5916 
-13.6396 -14.1478 
-28.1341 -12.8652 
-6.6128 1.8532 
-11.006 -7.496 
25.986 23.11 
0.506 0.186 
2.88 -25.02 
0.8506 -12.1392 
-3.8882 -27.7854 
24.118 1.92 
4.61454 9.12471 
0.8554 -16.018 
-13.3174 -13.6827 
26.123 32.768 
---end
-21.0122 21.9591 
23.11 16.8529 
3.91 -18.5568 
-4.924 22.152 
15.722 2.84 
1.48886 2.5916 
-13.6396 -14.1478 
-28.1341 -12.8652 
-6.6128 1.8532 
-11.006 -7.496 
25.986 23.11 
0.506 0.186 
2.88 -25.02 
0.8506 -12.1392 
-3.8882 -27.7854 
24.118 1.92 
4.61454 9.12471 
0.8554 -16.018 
-13.3174 -13.6827 
26.123 32.768 
-21.0122 21.9591 
23.11 16.8529 
3.91 -18.5568 
-4.924 22.152 
15.722 2.84 
1.48886 2.5916 
-13.6396 -14.1478 
-28.1341 -12.8652 
-6.6128 1.8532 
-11.006 -7.496 
25.986 23.11 
0.506 0.186 
2.88 -25.02 
0.8506 -12.1392 
-3.8882 -27.7854 
24.118 1.92 
4.61454 9.12471 
0.8554 -16.018 
-13.3174 -13.6827 
26.123 32.768 
---end
-21.0122 21.9591 
23.11 16.8529 
3.91 -18.5568 
-4.924 22.152 
15.722 2.84 
1.48886 2.5916 
-13.6396 -14.1478 
-28.1341 -12.8652 
-6.6128 1.8532 
-11.006 -7.496 
25.986 23.11 
0.506 0.186 
2.88 -25.02 
0.8506 -12.1392 
-3.8882 -27.7854 
24.118 1.92 
4.61454 9.12471 
0.8554 -16.018 
-13.3174 -13.6827 
26.123 32.768 
-21.0122 21.9591 
23.11 16.8529 
3.91 -18.5568 
-4.924 22.152 
15.722 2.84 
1.48886 2.5916 
-13.6396 -14.1478 
-28.1341 -12.8652 
-6.6128 1.8532 
-11.006 -7.496 
25.986 23.11 
0.506 0.186 
2.88 -25.02 
0.8506 -12.1392 
-3.8882 -27.7854 
24.118 1.92 
4.61454 9.12471 
0.8554 -16.018 
-13.3174 -13.6827 
26.123 32.768 
---end
-21.0122 21.9591 
23.11 16.8529 
3.91 -18.5568 
-4.924 22.152 
15.722 2.84 
1.48886 2.5916 
-13.6396 -14.1478 
-28.1341 -12.8652 
-6.6128 1.8532 
-11.006 -7.496 
25.986 23.11 
0.506 0.186 
2.88 -25.02 
0.8506 -12.1392 
-3.8882 -27.7854 
24.118 1.92 
4.61454 9.12471 
0.8554 -16.018 
-13.3174 -13.6827 
26.123 32.768 
-21.0122 21.9591 
23.11 16.8529 
3.91 -18.5568 
-4.924 22.152 
15.722 2.84 
1.48886 2.5916 
-13.6396 -14.1478 
-28.1341 -12.8652 
-6.6128 1.8532 
-11.006 -7.496 
25.986 23.11 
0.506 0.186 
2.88 -25.02 
0.8506 -12.1392 
-3.8882 -27.7854 
24.118 1.92 
4.61454 9.12471 
0.8554 -16.018 
-13.3174 -13.6827 
26.123 32.768 
---end
-21.0122 21.9591 
23.11 16.8529 
3.91 -18.5568 
-4.924 22.152 
15.722 2.84 
1.48886 2.5916 
-13.6396 -14.1478 
-28.1341 -12.8652 
-6.6128 1.8532 
-11.006 -7.496 
25.986 23.11 
0.506 0.186 
2.88 -25.02 
0.8506 -12.1392 
-3.8882 -27.7854 
24.118 1.92 
4.61454 9.12471 
0.8554 -16.018 
-13.3174 -13.6827 
26.123 32.768 
-21.0122 21.9591 
23.11 16.8529 
3.91 -18.5568 
-4.924 22.152 
15.722 2.84 
1.48886 2.5916 
-13.6396 -14.1478 
-28.1341 -12.8652 
-6.6128 1.8532 
-11.006 -7.496 
25.986 23.11 
0.506 0.186 
2.88 -25.02 
0.8506 -12.1392 
-3.8882 -27.7854 
24.118 1.92 
4.61454 9.12471 
0.8554 -16.018 
-13.3174 -13.6827 
26.123 32.768 
---end
-21.0122 21.9591 
23.11 16.8529 
3.91 -18.5568 
-4.924 22.152 
15.722 2.84 
1.48886 2.5916 
-13.6396 -14.1478 
-28.1341 -12.8652 
-6.6128 1.8532 
-11.006 -7.496 
25.986 23.11 
0.506 0.186 
2.88 -25.02 
0.8506 -12.1392 
-3.8882 -27.7854 
24.118 1.92 
4.61454 9.12471 
0.8554 -16.018 
-13.3174 -13.6827 
26.123 32.768 
-21.0122 21.9591 
23.11 16.8529 
3.91 -18.5568 
-4.924 22.152 
15.722 2.84 
1.48886 2.5916 
-13.6396 -14.1478 
-28.1341 -12.8652 
-6.6128 1.8532 
-11.006 -7.496 
25.986 23.11 
0.506 0.186 
2.88 -25.02 
0.8506 -12.1392 
-3.8882 -27.7854 
24.118 1.92 
4.61454 9.12471 
0.8554 -16.018 
-13.3174 -13.6827 
26.123 32.768 
---end
-21.0122 21.9591 
23.11 16.8529 
3.91 -18.5568 
-4.924 22.152 
15.722 2.84 
1.48886 2.5916 
-13.6396 -14.1478 
-28.1341 -12.8652 
-6.6128 1.8532 
-11.006 -7.496 
25.986 23.11 
0.506 0.186 
2.88 -25.02 
0.8506 -12.1392 
-3.8882 -27.7854 
24.118 1.92 
4.61454 9.12471 
0.8554 -16.018 
-13.3174 -13.6827 
26.123 32.768 
-21.0122 21.9591 
23.11 16.8529 
3.91 -18.5568 
-4.924 22.152 
15.722 2.84 
1.48886 2.5916 
-13.6396 -14.1478 
-28.1341 -12.8652 
-6.6128 1.8532 
-11.006 -7.496 
25.986 23.11 
0.506 0.186 
2.88 -25.02 
0.8506 -12.1392 
-3.8882 -27.7854 
24.118 1.92 
4.61454 9.12471 
0.8554 -16.018 
-13.3174 -13.6827 
26.123 32.768 
---end
-21.0122 21.9591 
23.11 16.8529 
3.91 -18.5568 
-4.924 22.152 
15.722 2.84 
1.48886 2.5916 
-13.6396 -14.1478 
-28.1341 -12.8652 
-6.6128 1.8532 
-11.006 -7.496 
25.986 23.11 
0.506 0.186 
2.88 -25.02 
0.8506 -12.1392 
-3.8882 -27.7854 
24.118 1.92 
4.61454 9.12471 
0.8554 -16.018 
-13.3174 -13.6827 
26.123 32.768 
-21.0122 21.9591 
23.11 16.8529 
3.91 -18.5568 
-4.924 22.152 
15.722 2.84 
1.48886 2.5916 
-13.6396 -14.1478 
-28.1341 -12.8652 
-6.6128 1.8532 
-11.006 -7.496 
25.986 23.11 
0.506 0.186 
2.88 -25.02 
0.8506 -12.1392 
-3.8882 -27.7854 
24.118 1.92 
4.61454 9.12471 
0.8554 -16.018 
-13.3174 -13.6827 
26.123 32.768 
---end
-21.0122 21.9591 
23.11 16.8529 
3.91 -18.5568 
-4.924 22.152 
15.722 2.84 
1.48886 2.5916 
-13.6396 -14.1478 
-28.1341 -12.8652 
-6.6128 1.8532 
-11.006 -7.496 
25.986 23.11 
0.506 0.186 
2.88 -25.02 
0.8506 -12.1392 
-3.8882 -27.7854 
24.118 1.92 
4.61454 9.12471 
0.8554 -16.018 
-13.3174 -13.6827 
26.123 32.768 
-21.0122 21.9591 
23.11 16.8529 
3.91 -18.5568 
-4.924 22.152 
15.722 2.84 
1.48886 2.5916 
-13.6396 -14.1478 
-28.1341 -12.8652 
-6.6128 1.8532 
-11.006 -7.496 
25.986 23.11 
0.506 0.186 
2.88 -25.02 
0.8506 -12.1392 
-3.8882 -27.7854 
24.118 1.92 
4.61454 9.12471 
0.8554 -16.018 
-13.3174 -13.6827 
26.123 32.768 
---end
-21.0122 21.9591 
23.11 16.8529 
3.91 -18.5568 
-4.924 22.152 
15.722 2.84 
1.48886 2.5916 
-13.6396 -14.1478 
-28.1341 -12.8652 
-6.6128 1.8532 
-11.006 -7.496 
25.986 23.11 
0.506 0.186 
2.88 -25.02 
0.8506 -12.1392 
-3.8882 -27.7854 
24.118 1.92 
4.61454 9.12471 
0.8554 -16.018 
-13.3174 -13.6827 
26.123 32.768 
-21.0122 21.9591 
23.11 16.8529 
3.91 -18.5568 
-4.924 22.152 
15.722 2.84 
1.48886 2.5916 
-13.6396 -14.1478 
-28.1341 -12.8652 
-6.6128 1.8532 
-11.006 -7.496 
25.986 23.11 
0.506 0.186 
2.88 -25.02 
0.8506 -12.1392 
-3.8882 -27.7854 
24.118 1.92 
4.61454 9.12471 
0.8554 -16.018 
-13.3174 -13.6827 
26.123 32.768 
---end
-21.0122 21.9591 
23.11 16.8529 
3.91 -18.5568 
-4.924 22.152 
15.722 2.84 
1.48886 2.5916 
-13.6396 -14.1478 
-28.1341 -12.8652 
-6.6128 1.8532 
-11.006 -7.496 
25.986 23.11 
0.506 0.186 
2.88 -25.02 
0.8506 -12.1392 
-3.8882 -27.7854 
24.118 1.92 
4.61454 9.12471 
0.8554 -16.018 
-13.3174 -13.6827 
26.123 32.768 
-21.0122 21.9591 
23.11 16.8529 
3.91 -18.5568 
-4.924 22.152 
15.722 2.84 
1.48886 2.5916 
-13.6396 -14.1478 
-28.1341 -12.8652 
-6.6128 1.8532 
-11.006 -7.496 
25.986 23.11 
0.506 0.186 
2.88 -25.02 
0.8506 -12.1392 
-3.8882 -27.7854 
24.118 1.92 
4.61454 9.12471 
0.8554 -16.018 
-13.3174 -13.6827 
26.123 32.768 
---end
-21.0122 21.9591 
23.11 16.8529 
3.91 -18.5568 
-4.924 22.152 
15.722 2.84 
1.48886 2.5916 
-13.6396 -14.1478 
-28.1341 -12.8652 
-6.6128 1.8532 
-11.006 -7.496 
25.986 23.11 
0.506 0.186 
2.88 -25.02 
0.8506 -12.1392 
-3.8882 -27.7854 
24.118 1.92 
4.61454 9.12471 
0.8554 -16.018 
-13.3174 -13.6827 
26.123 32.768 
-21.0122 21.9591 
23.11 16.8529 
3.91 -18.5568 
-4.924 22.152 
15.722 2.84 
1.48886 2.5916 
-13.6396 -14.1478 
-28.1341 -12.8652 
-6.6128 1.8532 
-11.006 -7.496 
25.986 23.11 
0.506 0.186 
2.88 -25.02 
0.8506 -12.1392 
-3.8882 -27.7854 
24.118 1.92 
4.61454 9.12471 
0.8554 -16.018 
-13.3174 -13.6827 
26.123 32.768 
---end
-21.0122 21.9591 
23.11 16.8529 
3.91 -18.5568 
-4.924 22.152 
15.722 2.84 
1.48886 2.5916 
-13.6396 -14.1478 
-28.1341 -12.8652 
-6.6128 1.8532 
-11.006 -7.496 
25.986 23.11 
0.506 0.186 
2.88 -25.02 
0.8506 -12.1392 
-3.8882 -27.7854 
24.118 1.92 
4.61454 9.12471 
0.8554 -16.018 
-13.3174 -13.6827 
26.123 32.768 
-21.0122 21.9591 
23.11 16.8529 
3.91 -18.5568 
-4.924 22.152 
15.722 2.84 
1.48886 2.5916 
-13.6396 -14.1478 
-28.1341 -12.8652 
-6.6128 1.8532 
-11.006 -7.496 
25.986 23.11 
0.506 0.186 
2.88 -25.02 
0.8506 -12.1392 
-3.8882 -27.7854 
24.118 1.92 
4.61454 9.12471 
0.8554 -16.018 
-13.3174 -13.6827 
26.123 32.768 
---end
-21.0122 21.9591 
23.11 16.8529 
3.91 -18.5568 
-4.924 22.152 
15.722 2.84 
1.48886 2.5916 
-13.6396 -14.1478 
-28.1341 -12.8652 
-6.6128 1.8532 
-11.006 -7.496 
25.986 23.11 
0.506 0.186 
2.88 -25.02 
0.8506 -12.1392 
-3.8882 -27.7854 
24.118 1.92 
4.61454 9.12471 
0.8554 -16.018 
-13.3174 -13.6827 
26.123 32.768 
-21.0122 21.9591 
23.11 16.8529 
3.91 -18.5568 
-4.924 22.152 
15.722 2.84 
1.48886 2.5916 
-13.6396 -14.1478 
-28.1341 -12.8652 
-6.6128 1.8532 
-11.006 -7.496 
25.986 23.11 
0.506 0.186 
2.88 -25.02 
0.8506 -12.1392 
-3.8882 -27.7854 
24.118 1.92 
4.61454 9.12471 
0.8554 -16.018 
-13.3174 -13.6827 
26.123 32.768 
---end
-21.0122 21.9591 
23.11 16.8529 
3.91 -18.5568 
-4.924 22.152 
15.722 2.84 
1.48886 2.5916 
-13.6396 -14.1478 
-28.1341 -12.8652 
-6.6128 1.8532 
-11.006 -7.496 
25.986 23.11 
0.506 0.186 
2.88 -25.02 
0.8506 -12.1392 
-3.8882 -27.7854 
24.118 1.92 
4.61454 9.12471 
0.8554 -16.018 
-13.3174 -13.6827 
26.123 32.768 
-21.0122 21.9591 
23.11 16.8529 
3.91 -18.5568 
-4.924 22.152 
15.722 2.84 
1.48886 2.5916 
-13.6396 -14.1478 
-28.1341 -12.8652 
-6.6128 1.8532 
-11.006 -7.496 
25.986 23.11 
0.506 0.186 
2.88 -25.02 
0.8506 -12.1392 
-3.8882 -27.7854 
24.118 1.92 
4.61454 9.12471 
0.8554 -16.018 
-13.3174 -13.6827 
26.123 32.768 
---end
-21.0122 21.9591 
23.11 16.8529 
3.91 -18.5568 
-4.924 22.152 
15.722 2.84 
1.48886 2.5916 
-13.6396 -14.1478 
-28.1341 -12.8652 
-6.6128 1.8532 
-11.006 -7.496 
25.986 23.11 
0.506 0.186 
2.88 -25.02 
0.8506 -12.1392 
-3.8882 -27.7854 
24.118 1.92 
4.61454 9.12471 
0.8554 -16.018 
-13.3174 -13.6827 
26.123 32.768 
-21.0122 21.9591 
23.11 16.8529 
3.91 -18.5568 
-4.924 22.152 
15.722 2.84 
1.48886 2.5916 
-13.6396 -14.1478 
-28.1341 -12.8652 
-6.6128 1.8532 
-11.006 -7.496 
25.986 23.11 
0.506 0.186 
2.88 -25.02 
0.8506 -12.1392 
-3.8882 -27.7854 
24.118 1.92 
4.61454 9.12471 
0.8554 -16.018 
-13.3174 -13.6827 
26.123 32.768 
---end
-21.0122 21.9591 
23.11 16.8529 
3.91 -18.5568 
-4.924 22.152 
15.722 2.84 
1.48886 2.5916 
-13.6396 -14.1478 
-28.1341 -12.8652 
-6.6128 1.8532 
-11.006 -7.496 
25.986 23.11 
0.506 0.186 
2.88 -25.02 
0.8506 -12.1392 
-3.8882 -27.7854 
24.118 1.92 
4.61454 9.12471 
0.8554 -16.018 
-13.3174 -13.6827 
26.123 32.768 
-21.0122 21.9591 
23.11 16.8529 
3.91 -18.5568 
-4.924 22.152 
15.722 2.84 
1.48886 2.5916 
-13.6396 -14.1478 
-28.1341 -12.8652 
-6.6128 1.8532 
-11.006 -7.496 
25.986 23.11 
0.506 0.186 
2.88 -25.02 
0.8506 -12.1392 
-3.8882 -27.7854 
24.118 1.92 
4.61454 9.12471 
0.8554 -16.018 
-13.3174 -13.6827 
26.123 32.768 
---end
-21.0122 21.9591 
23.11 16.8529 
3.91 -18.5568 
-4.924 22.152 
15.722 2.84 
1.48886 2.5916 
-13.6396 -14.1478 
-28.1341 -12.8652 
-6.6128 1.8532 
-11.006 -7.496 
25.986 23.11 
0.506 0.186 
2.88 -25.02 
0.8506 -12.1392 
-3.8882 -27.7854 
24.118 1.92 
4.61454 9.12471 
0.8554 -16.018 
-13.3174 -13.6827 
26.123 32.768 
-21.0122 21.9591 
23.11 16.8529 
3.91 -18.5568 
-4.924 22.152 
15.722 2.84 
1.48886 2.5916 
-13.6396 -14.1478 
-28.1341 -12.8652 
-6.6128 1.8532 
-11.006 -7.496 
25.986 23.11 
0.506 0.186 
2.88 -25.02 
0.8506 -12.1392 
-3.8882 -27.7854 
24.118 1.92 
4.61454 9.12471 
0.8554 -16.018 
-13.3174 -13.6827 
26.123 32.768 
---end
-21.0122 21.9591 
23.11 16.8529 
3.91 -18.5568 
-4.924 22.152 
15.722 2.84 
1.48886 2.5916 
-13.6396 -14.1478 
-28.1341 -12.8652 
-6.6128 1.8532 
-11.006 -7.496 
25.986 23.11 
0.506 0.186 
2.88 -25.02 
0.8506 -12.1392 
-3.8882 -27.7854 
24.118 1.92 
4.61454 9.12471 
0.8554 -16.018 
-13.3174 -13.6827 
26.123 32.768 
-21.0122 21.9591 
23.11 16.8529 
3.91 -18.5568 
-4.924 22.152 
15.722 2.84 
1.48886 2.5916 
-13.6396 -14.1478 
-28.1341 -12.8652 
-6.6128 1.8532 
-11.006 -7.496 
25.986 23.11 
0.506 0.186 
2.88 -25.02 
0.8506 -12.1392 
-3.8882 -27.7854 
24.118 1.92 
4.61454 9.12471 
0.8554 -16.018 
-13.3174 -13.6827 
26.123 32.768 
---end
-21.0122 21.9591 
23.11 16.8529 
3.91 -18.5568 
-4.924 22.152 
15.722 2.84 
1.48886 2.5916 
-13.6396 -14.1478 
-28.1341 -12.8652 
-6.6128 1.8532 
-11.006 -7.496 
25.986 23.11 
0.506 0.186 
2.88 -25.02 
0.8506 -12.1392 
-3.8882 -27.7854 
24.118 1.92 
4.61454 9.12471 
0.8554 -16.018 
-13.3174 -13.6827 
26.123 32.768 
-21.0122 21.9591 
23.11 16.8529 
3.91 -18.5568 
-4.924 22.152 
15.722 2.84 
1.48886 2.5916 
-13.6396 -14.1478 
-28.1341 -12.8652 
-6.6128 1.8532 
-11.006 -7.496 
25.986 23.11 
0.506 0.186 
2.88 -25.02 
0.8506 -12.1392 
-3.8882 -27.7854 
24.118 1.92 
4.61454 9.12471 
0.8554 -16.018 
-13.3174 -13.6827 
26.123 32.768 
---end
-21.0122 21.9591 
23.11 16.8529 
3.91 -18.5568 
-4.924 22.152 
15.722 2.84 
1.48886 2.5916 
-13.6396 -14.1478 
-28.1341 -12.8652 
-6.6128 1.8532 
-11.006 -7.496 
25.986 23.11 
0.506 0.186 
2.88 -25.02 
0.8506 -12.1392 
-3.8882 -27.7854 
24.118 1.92 
4.61454 9.12471 
0.8554 -16.018 
-13.3174 -13.6827 
26.123 32.768 
-21.0122 21.9591 
23.11 16.8529 
3.91 -18.5568 
-4.924 22.152 
15.722 2.84 
1.48886 2.5916 
-13.6396 -14.1478 
-28.1341 -12.8652 
-6.6128 1.8532 
-11.006 -7.496 
25.986 23.11 
0.506 0.186 
2.88 -25.02 
0.8506 -12.1392 
-3.8882 -27.7854 
24.118 1.92 
4.61454 9.12471 
0.8554 -16.018 
-13.3174 -13.6827 
26.123 32.768 
---end
-21.0122 21.9591 
23.11 16.8529 
3.91 -18.5568 
-4.924 22.152 
15.722 2.84 
1.48886 2.5916 
-13.6396 -14.1478 
-28.1341 -12.8652 
-6.6128 1.8532 
-11.006 -7.496 
25.986 23.11 
0.506 0.186 
2.88 -25.02 
0.8506 -12.1392 
-3.8882 -27.7854 
24.118 1.92 
4.61454 9.12471 
0.8554 -16.018 
-13.3174 -13.6827 
26.123 32.768 
-21.0122 21.9591 
23.11 16.8529 
3.91 -18.5568 
-4.924 22.152 
15.722 2.84 
1.48886 2.5916 
-13.6396 -14.1478 
-28.1341 -12.8652 
-6.6128 1.8532 
-11.006 -7.496 
25.986 23.11 
0.506 0.186 
2.88 -25.02 
0.8506 -12.1392 
-3.8882 -27.7854 
24.118 1.92 
4.61454 9.12471 
0.8554 -16.018 
-13.3174 -13.6827 
26.123 32.768 
---end
-21.0122 21.9591 
23.11 16.8529 
3.91 -18.5568 
-4.924 22.152 
15.722 2.84 
1.48886 2.5916 
-13.6396 -14.1478 
-28.1341 -12.8652 
-6.6128 1.8532 
-11.006 -7.496 
25.986 23.11 
0.506 0.186 
2.88 -25.02 
0.8506 -12.1392 
-3.8882 -27.7854 
24.118 1.92 
4.61454 9.12471 
0.8554 -16.018 
-13.3174 -13.6827 
26.123 32.768 
-21.0122 21.9591 
23.11 16.8529 
3.91 -18.5568 
-4.924 22.152 
15.722 2.84 
1.48886 2.5916 
-13.6396 -14.1478 
-28.1341 -12.8652 
-6.6128 1.8532 
-11.006 -7.496 
25.986 23.11 
0.506 0.186 
2.88 -25.02 
0.8506 -12.1392 
-3.8882 -27.7854 
24.118 1.92 
4.61454 9.12471 
0.8554 -16.018 
-13.3174 -13.6827 
26.123 32.768 
---end
-21.0122 21.9591 
23.11 16.8529 
3.91 -18.5568 
-4.924 22.152 
15.722 2.84 
1.48886 2.5916 
-13.6396 -14.1478 
-28.1341 -12.8652 
-6.6128 1.8532 
-11.006 -7.496 
25.986 23.11 
0.506 0.186 
2.88 -25.02 
0.8506 -12.1392 
-3.8882 -27.7854 
24.118 1.92 
4.61454 9.12471 
0.8554 -16.018 
-13.3174 -13.6827 
26.123 32.768 
-21.0122 21.9591 
23.11 16.8529 
3.91 -18.5568 
-4.924 22.152 
15.722 2.84 
1.48886 2.5916 
-13.6396 -14.1478 
-28.1341 -12.8652 
-6.6128 1.8532 
-11.006 -7.496 
25.986 23.11 
0.506 0.186 
2.88 -25.02 
0.8506 -12.1392 
-3.8882 -27.7854 
24.118 1.92 
4.61454 9.12471 
0.8554 -16.018 
-13.3174 -13.6827 
26.123 32.768 
---end
-21.0122 21.9591 
23.11 16.8529 
3.91 -18.5568 
-4.924 22.152 
15.722 2.84 
1.48886 2.5916 
-13.6396 -14.1478 
-28.1341 -12.8652 
-6.6128 1.8532 
-11.006 -7.496 
25.986 23.11 
0.506 0.186 
2.88 -25.02 
0.8506 -12.1392 
-3.8882 -27.7854 
24.118 1.92 
4.61454 9.12471 
0.8554 -16.018 
-13.3174 -13.6827 
26.123 32.768 
-21.0122 21.9591 
23.11 16.8529 
3.91 -18.5568 
-4.924 22.152 
15.722 2.84 
1.48886 2.5916 
-13.6396 -14.1478 
-28.1341 -12.8652 
-6.6128 1.8532 
-11.006 -7.496 
25.986 23.11 
0.506 0.186 
2.88 -25.02 
0.8506 -12.1392 
-3.8882 -27.7854 
24.118 1.92 
4.61454 9.12471 
0.8554 -16.018 
-13.3174 -13.6827 
26.123 32.768 
---end
-21.0122 21.9591 
23.11 16.8529 
3.91 -18.5568 
-4.924 22.152 
15.722 2.84 
1.48886 2.5916 
-13.6396 -14.1478 
-28.1341 -12.8652 
-6.6128 1.8532 
-11.006 -7.496 
25.986 23.11 
0.506 0.186 
2.88 -25.02 
0.8506 -12.1392 
-3.8882 -27.7854 
24.118 1.92 
4.61454 9.12471 
0.8554 -16.018 
-13.3174 -13.6827 
26.123 32.768 
-21.0122 21.9591 
23.11 16.8529 
3.91 -18.5568 
-4.924 22.152 
15.722 2.84 
1.48886 2.5916 
-13.6396 -14.1478 
-28.1341 -12.8652 
-6.6128 1.8532 
-11.006 -7.496 
25.986 23.11 
0.506 0.186 
2.88 -25.02 
0.8506 -12.1392 
-3.8882 -27.7854 
24.118 1.92 
4.61454 9.12471 
0.8554 -16.018 
-13.3174 -13.6827 
26.123 32.768 
---end
-21.0122 21.9591 
23.11 16.8529 
3.91 -18.5568 
-4.924 22.152 
15.722 2.84 
1.48886 2.5916 
-13.6396 -14.1478 
-28.1341 -12.8652 
-6.6128 1.8532 
-11.006 -7.496 
25.986 23.11 
0.506 0.186 
2.88 -25.02 
0.8506 -12.1392 
-3.8882 -27.7854 
24.118 1.92 
4.61454 9.12471 
0.8554 -16.018 
-13.3174 -13.6827 
26.123 32.768 
-21.0122 21.9591 
23.11 16.8529 
3.91 -18.5568 
-4.924 22.152 
15.722 2.84 
1.48886 2.5916 
-13.6396 -14.1478 
-28.1341 -12.8652 
-6.6128 1.8532 
-11.006 -7.496 
25.986 23.11 
0.506 0.186 
2.88 -25.02 
0.8506 -12.1392 
-3.8882 -27.7854 
24.118 1.92 
4.61454 9.12471 
0.8554 -16.018 
-13.3174 -13.6827 
26.123 32.768 
---end
-21.0122 21.9591 
23.11 16.8529 
3.91 -18.5568 
-4.924 22.152 
15.722 2.84 
1.48886 2.5916 
-13.6396 -14.1478 
-28.1341 -12.8652 
-6.6128 1.8532 
-11.006 -7.496 
25.986 23.11 
0.506 0.186 
2.88 -25.02 
0.8506 -12.1392 
-3.8882 -27.7854 
24.118 1.92 
4.61454 9.12471 
0.8554 -16.018 
-13.3174 -13.6827 
26.123 32.768 
-21.0122 21.9591 
23.11 16.8529 
3.91 -18.5568 
-4.924 22.152 
15.722 2.84 
1.48886 2.5916 
-13.6396 -14.1478 
-28.1341 -12.8652 
-6.6128 1.8532 
-11.006 -7.496 
25.986 23.11 
0.506 0.186 
2.88 -25.02 
0.8506 -12.1392 
-3.8882 -27.7854 
24.118 1.92 
4.61454 9.12471 
0.8554 -16.018 
-13.3174 -13.6827 
26.123 32.768 
---end
-21.0122 21.9591 
23.11 16.8529 
3.91 -18.5568 
-4.924 22.152 
15.722 2.84 
1.48886 2.5916 
-13.6396 -14.1478 
-28.1341 -12.8652 
-6.6128 1.8532 
-11.006 -7.496 
25.986 23.11 
0.506 0.186 
2.88 -25.02 
0.8506 -12.1392 
-3.8882 -27.7854 
24.118 1.92 
4.61454 9.12471 
0.8554 -16.018 
-13.3174 -13.6827 
26.123 32.768 
-21.0122 21.9591 
23.11 16.8529 
3.91 -18.5568 
-4.924 22.152 
15.722 2.84 
1.48886 2.5916 
-13.6396 -14.1478 
-28.1341 -12.8652 
-6.6128 1.8532 
-11.006 -7.496 
25.986 23.11 
0.506 0.186 
2.88 -25.02 
0.8506 -12.1392 
-3.8882 -27.7854 
24.118 1.92 
4.61454 9.12471 
0.8554 -16.018 
-13.3174 -13.6827 
26.123 32.768 
---end
-21.0122 21.9591 
23.11 16.8529 
3.91 -18.5568 
-4.924 22.152 
15.722 2.84 
1.48886 2.5916 
-13.6396 -14.1478 
-28.1341 -12.8652 
-6.6128 1.8532 
-11.006 -7.496 
25.986 23.11 
0.506 0.186 
2.88 -25.02 
0.8506 -12.1392 
-3.8882 -27.7854 
24.118 1.92 
4.61454 9.12471 
0.8554 -16.018 
-13.3174 -13.6827 
26.123 32.768 
-21.0122 21.9591 
23.11 16.8529 
3.91 -18.5568 
-4.924 22.152 
15.722 2.84 
1.48886 2.5916 
-13.6396 -14.1478 
-28.1341 -12.8652 
-6.6128 1.8532 
-11.006 -7.496 
25.986 23.11 
0.506 0.186 
2.88 -25.02 
0.8506 -12.1392 
-3.8882 -27.7854 
24.118 1.92 
4.61454 9.12471 
0.8554 -16.018 
-13.3174 -13.6827 
26.123 32.768 
---end
-21.0122 21.9591 
23.11 16.8529 
3.91 -18.5568 
-4.924 22.152 
15.722 2.84 
1.48886 2.5916 
-13.6396 -14.1478 
-28.1341 -12.8652 
-6.6128 1.8532 
-11.006 -7.496 
25.986 23.11 
0.506 0.186 
2.88 -25.02 
0.8506 -12.1392 
-3.8882 -27.7854 
24.118 1.92 
4.61454 9.12471 
0.8554 -16.018 
-13.3174 -13.6827 
26.123 32.768 
-21.0122 21.9591 
23.11 16.8529 
3.91 -18.5568 
-4.924 22.152 
15.722 2.84 
1.48886 2.5916 
-13.6396 -14.1478 
-28.1341 -12.8652 
-6.6128 1.8532 
-11.006 -7.496 
25.986 23.11 
0.506 0.186 
2.88 -25.02 
0.8506 -12.1392 
-3.8882 -27.7854 
24.118 1.92 
4.61454 9.12471 
0.8554 -16.018 
-13.3174 -13.6827 
26.123 32.768 
---end
-21.0122 21.9591 
23.11 16.8529 
3.91 -18.5568 
-4.924 22.152 
15.722 2.84 
1.48886 2.5916 
-13.6396 -14.1478 
-28.1341 -12.8652 
-6.6128 1.8532 
-11.006 -7.496 
25.986 23.11 
0.506 0.186 
2.88 -25.02 
0.8506 -12.1392 
-3.8882 -27.7854 
24.118 1.92 
4.61454 9.12471 
0.8554 -16.018 
-13.3174 -13.6827 
26.123 32.768 
-21.0122 21.9591 
23.11 16.8529 
3.91 -18.5568 
-4.924 22.152 
15.722 2.84 
1.48886 2.5916 
-13.6396 -14.1478 
-28.1341 -12.8652 
-6.6128 1.8532 
-11.006 -7.496 
25.986 23.11 
0.506 0.186 
2.88 -25.02 
0.8506 -12.1392 
-3.8882 -27.7854 
24.118 1.92 
4.61454 9.12471 
0.8554 -16.018 
-13.3174 -13.6827 
26.123 32.768 
---end
-21.0122 21.9591 
23.11 16.8529 
3.91 -18.5568 
-4.924 22.152 
15.722 2.84 
1.48886 2.5916 
-13.6396 -14.1478 
-28.1341 -12.8652 
-6.6128 1.8532 
-11.006 -7.496 
25.986 23.11 
0.506 0.186 
2.88 -25.02 
0.8506 -12.1392 
-3.8882 -27.7854 
24.118 1.92 
4.61454 9.12471 
0.8554 -16.018 
-13.3174 -13.6827 
26.123 32.768 
-21.0122 21.9591 
23.11 16.8529 
3.91 -18.5568 
-4.924 22.152 
15.722 2.84 
1.48886 2.5916 
-13.6396 -14.1478 
-28.1341 -12.8652 
-6.6128 1.8532 
-11.006 -7.496 
25.986 23.11 
0.506 0.186 
2.88 -25.02 
0.8506 -12.1392 
-3.8882 -27.7854 
24.118 1.92 
4.61454 9.12471 
0.8554 -16.018 
-13.3174 -13.6827 
26.123 32.768 
---end
-21.0122 21.9591 
23.11 16.8529 
3.91 -18.5568 
-4.924 22.152 
15.722 2.84 
1.48886 2.5916 
-13.6396 -14.1478 
-28.1341 -12.8652 
-6.6128 1.8532 
-11.006 -7.496 
25.986 23.11 
0.506 0.186 
2.88 -25.02 
0.8506 -12.1392 
-3.8882 -27.7854 
24.118 1.92 
4.61454 9.12471 
0.8554 -16.018 
-13.3174 -13.6827 
26.123 32.768 
-21.0122 21.9591 
23.11 16.8529 
3.91 -18.5568 
-4.924 22.152 
15.722 2.84 
1.48886 2.5916 
-13.6396 -14.1478 
-28.1341 -12.8652 
-6.6128 1.8532 
-11.006 -7.496 
25.986 23.11 
0.506 0.186 
2.88 -25.02 
0.8506 -12.1392 
-3.8882 -27.7854 
24.118 1.92 
4.61454 9.12471 
0.8554 -16.018 
-13.3174 -13.6827 
26.123 32.768 
---end
-21.0122 21.9591 
23.11 16.8529 
3.91 -18.5568 
-4.924 22.152 
15.722 2.84 
1.48886 2.5916 
-13.6396 -14.1478 
-28.1341 -12.8652 
-6.6128 1.8532 
-11.006 -7.496 
25.986 23.11 
0.506 0.186 
2.88 -25.02 
0.8506 -12.1392 
-3.8882 -27.7854 
24.118 1.92 
4.61454 9.12471 
0.8554 -16.018 
-13.3174 -13.6827 
26.123 32.768 
-21.0122 21.9591 
23.11 16.8529 
3.91 -18.5568 
-4.924 22.152 
15.722 2.84 
1.48886 2.5916 
-13.6396 -14.1478 
-28.1341 -12.8652 
-6.6128 1.8532 
-11.006 -7.496 
25.986 23.11 
0.506 0.186 
2.88 -25.02 
0.8506 -12.1392 
-3.8882 -27.7854 
24.118 1.92 
4.61454 9.12471 
0.8554 -16.018 
-13.3174 -13.6827 
26.123 32.768 
---end
-21.0122 21.9591 
23.11 16.8529 
3.91 -18.5568 
-4.924 22.152 
15.722 2.84 
1.48886 2.5916 
-13.6396 -14.1478 
-28.1341 -12.8652 
-6.6128 1.8532 
-11.006 -7.496 
25.986 23.11 
0.506 0.186 
2.88 -25.02 
0.8506 -12.1392 
-3.8882 -27.7854 
24.118 1.92 
4.61454 9.12471 
0.8554 -16.018 
-13.3174 -13.6827 
26.123 32.768 
-21.0122 21.9591 
23.11 16.8529 
3.91 -18.5568 
-4.924 22.152 
15.722 2.84 
1.48886 2.5916 
-13.6396 -14.1478 
-28.1341 -12.8652 
-6.6128 1.8532 
-11.006 -7.496 
25.986 23.11 
0.506 0.186 
2.88 -25.02 
0.8506 -12.1392 
-3.8882 -27.7854 
24.118 1.92 
4.61454 9.12471 
0.8554 -16.018 
-13.3174 -13.6827 
26.123 32.768 
---end
-21.0122 21.9591 
23.11 16.8529 
3.91 -18.5568 
-4.924 22.152 
15.722 2.84 
1.48886 2.5916 
-13.6396 -14.1478 
-28.1341 -12.8652 
-6.6128 1.8532 
-11.006 -7.496 
25.986 23.11 
0.506 0.186 
2.88 -25.02 
0.8506 -12.1392 
-3.8882 -27.7854 
24.118 1.92 
4.61454 9.12471 
0.8554 -16.018 
-13.3174 -13.6827 
26.123 32.768 
-21.0122 21.9591 
23.11 16.8529 
3.91 -18.5568 
-4.924 22.152 
15.722 2.84 
1.48886 2.5916 
-13.6396 -14.1478 
-28.1341 -12.8652 
-6.6128 1.8532 
-11.006 -7.496 
25.986 23.11 
0.506 0.186 
2.88 -25.02 
0.8506 -12.1392 
-3.8882 -27.7854 
24.118 1.92 
4.61454 9.12471 
0.8554 -16.018 
-13.3174 -13.6827 
26.123 32.768 
---end
-21.0122 21.9591 
23.11 16.8529 
3.91 -18.5568 
-4.924 22.152 
15.722 2.84 
1.48886 2.5916 
-13.6396 -14.1478 
-28.1341 -12.8652 
-6.6128 1.8532 
-11.006 -7.496 
25.986 23.11 
0.506 0.186 
2.88 -25.02 
0.8506 -12.1392 
-3.8882 -27.7854 
24.118 1.92 
4.61454 9.12471 
0.8554 -16.018 
-13.3174 -13.6827 
26.123 32.768 
-21.0122 21.9591 
23.11 16.8529 
3.91 -18.5568 
-4.924 22.152 
15.722 2.84 
1.48886 2.5916 
-13.6396 -14.1478 
-28.1341 -12.8652 
-6.6128 1.8532 
-11.006 -7.496 
25.986 23.11 
0.506 0.186 
2.88 -25.02 
0.8506 -12.1392 
-3.8882 -27.7854 
24.118 1.92 
4.61454 9.12471 
0.8554 -16.018 
-13.3174 -13.6827 
26.123 32.768 
---end
-21.0122 21.9591 
23.11 16.8529 
3.91 -18.5568 
-4.924 22.152 
15.722 2.84 
1.48886 2.5916 
-13.6396 -14.1478 
-28.1341 -12.8652 
-6.6128 1.8532 
-11.006 -7.496 
25.986 23.11 
0.506 0.186 
2.88 -25.02 
0.8506 -12.1392 
-3.8882 -27.7854 
24.118 1.92 
4.61454 9.12471 
0.8554 -16.018 
-13.3174 -13.6827 
26.123 32.768 
-21.0122 21.9591 
23.11 16.8529 
3.91 -18.5568 
-4.924 22.152 
15.722 2.84 
1.48886 2.5916 
-13.6396 -14.1478 
-28.1341 -12.8652 
-6.6128 1.8532 
-11.006 -7.496 
25.986 23.11 
0.506 0.186 
2.88 -25.02 
0.8506 -12.1392 
-3.8882 -27.7854 
24.118 1.92 
4.61454 9.12471 
0.8554 -16.018 
-13.3174 -13.6827 
26.123 32.768 
---end
-21.0122 21.9591 
23.11 16.8529 
3.91 -18.5568 
-4.924 22.152 
15.722 2.84 
1.48886 2.5916 
-13.6396 -14.1478 
-28.1341 -12.8652 
-6.6128 1.8532 
-11.006 -7.496 
25.986 23.11 
0.506 0.186 
2.88 -25.02 
0.8506 -12.1392 
-3.8882 -27.7854 
24.118 1.92 
4.61454 9.12471 
0.8554 -16.018 
-13.3174 -13.6827 
26.123 32.768 
-21.0122 21.9591 
23.11 16.8529 
3.91 -18.5568 
-4.924 22.152 
15.722 2.84 
1.48886 2.5916 
-13.6396 -14.1478 
-28.1341 -12.8652 
-6.6128 1.8532 
-11.006 -7.496 
25.986 23.11 
0.506 0.186 
2.88 -25.02 
0.8506 -12.1392 
-3.8882 -27.7854 
24.118 1.92 
4.61454 9.12471 
0.8554 -16.018 
-13.3174 -13.6827 
26.123 32.768 
---end
-21.0122 21.9591 
23.11 16.8529 
3.91 -18.5568 
-4.924 22.152 
15.722 2.84 
1.48886 2.5916 
-13.6396 -14.1478 
-28.1341 -12.8652 
-6.6128 1.8532 
-11.006 -7.496 
25.986 23.11 
0.506 0.186 
2.88 -25.02 
0.8506 -12.1392 
-3.8882 -27.7854 
24.118 1.92 
4.61454 9.12471 
0.8554 -16.018 
-13.3174 -13.6827 
26.123 32.768 
-21.0122 21.9591 
23.11 16.8529 
3.91 -18.5568 
-4.924 22.152 
15.722 2.84 
1.48886 2.5916 
-13.6396 -14.1478 
-28.1341 -12.8652 
-6.6128 1.8532 
-11.006 -7.496 
25.986 23.11 
0.506 0.186 
2.88 -25.02 
0.8506 -12.1392 
-3.8882 -27.7854 
24.118 1.92 
4.61454 9.12471 
0.8554 -16.018 
-13.3174 -13.6827 
26.123 32.768 
---end
-21.0122 21.9591 
23.11 16.8529 
3.91 -18.5568 
-4.924 22.152 
15.722 2.84 
1.48886 2.5916 
-13.6396 -14.1478 
-28.1341 -12.8652 
-6.6128 1.8532 
-11.006 -7.496 
25.986 23.11 
0.506 0.186 
2.88 -25.02 
0.8506 -12.1392 
-3.8882 -27.7854 
24.118 1.92 
4.61454 9.12471 
0.8554 -16.018 
-13.3174 -13.6827 
26.123 32.768 
-21.0122 21.9591 
23.11 16.8529 
3.91 -18.5568 
-4.924 22.152 
15.722 2.84 
1.48886 2.5916 
-13.6396 -14.1478 
-28.1341 -12.8652 
-6.6128 1.8532 
-11.006 -7.496 
25.986 23.11 
0.506 0.186 
2.88 -25.02 
0.8506 -12.1392 
-3.8882 -27.7854 
24.118 1.92 
4.61454 9.12471 
0.8554 -16.018 
-13.3174 -13.6827 
26.123 32.768 
---end
-21.0122 21.9591 
23.11 16.8529 
3.91 -18.5568 
-4.924 22.152 
15.722 2.84 
1.48886 2.5916 
-13.6396 -14.1478 
-28.1341 -12.8652 
-6.6128 1.8532 
-11.006 -7.496 
25.986 23.11 
0.506 0.186 
2.88 -25.02 
0.8506 -12.1392 
-3.8882 -27.7854 
24.118 1.92 
4.61454 9.12471 
0.8554 -16.018 
-13.3174 -13.6827 
26.123 32.768 
-21.0122 21.9591 
23.11 16.8529 
3.91 -18.5568 
-4.924 22.152 
15.722 2.84 
1.48886 2.5916 
-13.6396 -14.1478 
-28.1341 -12.8652 
-6.6128 1.8532 
-11.006 -7.496 
25.986 23.11 
0.506 0.186 
2.88 -25.02 
0.8506 -12.1392 
-3.8882 -27.7854 
24.118 1.92 
4.61454 9.12471 
0.8554 -16.018 
-13.3174 -13.6827 
26.123 32.768 
---end
-21.0122 21.9591 
23.11 16.8529 
3.91 -18.5568 
-4.924 22.152 
15.722 2.84 
1.48886 2.5916 
-13.6396 -14.1478 
-28.1341 -12.8652 
-6.6128 1.8532 
-11.006 -7.496 
25.986 23.11 
0.506 0.186 
2.88 -25.02 
0.8506 -12.1392 
-3.8882 -27.7854 
24.118 1.92 
4.61454 9.12471 
0.8554 -16.018 
-13.3174 -13.6827 
26.123 32.768 
-21.0122 21.9591 
23.11 16.8529 
3.91 -18.5568 
-4.924 22.152 
15.722 2.84 
1.48886 2.5916 
-13.6396 -14.1478 
-28.1341 -12.8652 
-6.6128 1.8532 
-11.006 -7.496 
25.986 23.11 
0.506 0.186 
2.88 -25.02 
0.8506 -12.1392 
-3.8882 -27.7854 
24.118 1.92 
4.61454 9.12471 
0.8554 -16.018 
-13.3174 -13.6827 
26.123 32.768 
---end
-21.0122 21.9591 
23.11 16.8529 
3.91 -18.5568 
-4.924 22.152 
15.722 2.84 
1.48886 2.5916 
-13.6396 -14.1478 
-28.1341 -12.8652 
-6.6128 1.8532 
-11.006 -7.496 
25.986 23.11 
0.506 0.186 
2.88 -25.02 
0.8506 -12.1392 
-3.8882 -27.7854 
24.118 1.92 
4.61454 9.12471 
0.8554 -16.018 
-13.3174 -13.6827 
26.123 32.768 
-21.0122 21.9591 
23.11 16.8529 
3.91 -18.5568 
-4.924 22.152 
15.722 2.84 
1.48886 2.5916 
-13.6396 -14.1478 
-28.1341 -12.8652 
-6.6128 1.8532 
-11.006 -7.496 
25.986 23.11 
0.506 0.186 
2.88 -25.02 
0.8506 -12.1392 
-3.8882 -27.7854 
24.118 1.92 
4.61454 9.12471 
0.8554 -16.018 
-13.3174 -13.6827 
26.123 32.768 
---end
-21.0122 21.9591 
23.11 16.8529 
3.91 -18.5568 
-4.924 22.152 
15.722 2.84 
1.48886 2.5916 
-13.6396 -14.1478 
-28.1341 -12.8652 
-6.6128 1.8532 
-11.006 -7.496 
25.986 23.11 
0.506 0.186 
2.88 -25.02 
0.8506 -12.1392 
-3.8882 -27.7854 
24.118 1.92 
4.61454 9.12471 
0.8554 -16.018 
-13.3174 -13.6827 
26.123 32.768 
-21.0122 21.9591 
23.11 16.8529 
3.91 -18.5568 
-4.924 22.152 
15.722 2.84 
1.48886 2.5916 
-13.6396 -14.1478 
-28.1341 -12.8652 
-6.6128 1.8532 
-11.006 -7.496 
25.986 23.11 
0.506 0.186 
2.88 -25.02 
0.8506 -12.1392 
-3.8882 -27.7854 
24.118 1.92 
4.61454 9.12471 
0.8554 -16.018 
-13.3174 -13.6827 
26.123 32.768 
---end
-21.0122 21.9591 
23.11 16.8529 
3.91 -18.5568 
-4.924 22.152 
15.722 2.84 
1.48886 2.5916 
-13.6396 -14.1478 
-28.1341 -12.8652 
-6.6128 1.8532 
-11.006 -7.496 
25.986 23.11 
0.506 0.186 
2.88 -25.02 
0.8506 -12.1392 
-3.8882 -27.7854 
24.118 1.92 
4.61454 9.12471 
0.8554 -16.018 
-13.3174 -13.6827 
26.123 32.768 
-21.0122 21.9591 
23.11 16.8529 
3.91 -18.5568 
-4.924 22.152 
15.722 2.84 
1.48886 2.5916 
-13.6396 -14.1478 
-28.1341 -12.8652 
-6.6128 1.8532 
-11.006 -7.496 
25.986 23.11 
0.506 0.186 
2.88 -25.02 
0.8506 -12.1392 
-3.8882 -27.7854 
24.118 1.92 
4.61454 9.12471 
0.8554 -16.018 
-13.3174 -13.6827 
26.123 32.768 
---end
-21.0122 21.9591 
23.11 16.8529 
3.91 -18.5568 
-4.924 22.152 
15.722 2.84 
1.48886 2.5916 
-13.6396 -14.1478 
-28.1341 -12.8652 
-6.6128 1.8532 
-11.006 -7.496 
25.986 23.11 
0.506 0.186 
2.88 -25.02 
0.8506 -12.1392 
-3.8882 -27.7854 
24.118 1.92 
4.61454 9.12471 
0.8554 -16.018 
-13.3174 -13.6827 
26.123 32.768 
-21.0122 21.9591 
23.11 16.8529 
3.91 -18.5568 
-4.924 22.152 
15.722 2.84 
1.48886 2.5916 
-13.6396 -14.1478 
-28.1341 -12.8652 
-6.6128 1.8532 
-11.006 -7.496 
25.986 23.11 
0.506 0.186 
2.88 -25.02 
0.8506 -12.1392 
-3.8882 -27.7854 
24.118 1.92 
4.61454 9.12471 
0.8554 -16.018 
-13.3174 -13.6827 
26.123 32.768 
---end
-21.0122 21.9591 
23.11 16.8529 
3.91 -18.5568 
-4.924 22.152 
15.722 2.84 
1.48886 2.5916 
-13.6396 -14.1478 
-28.1341 -12.8652 
-6.6128 1.8532 
-11.006 -7.496 
25.986 23.11 
0.506 0.186 
2.88 -25.02 
0.8506 -12.1392 
-3.8882 -27.7854 
24.118 1.92 
4.61454 9.12471 
0.8554 -16.018 
-13.3174 -13.6827 
26.123 32.768 
-21.0122 21.9591 
23.11 16.8529 
3.91 -18.5568 
-4.924 22.152 
15.722 2.84 
1.48886 2.5916 
-13.6396 -14.1478 
-28.1341 -12.8652 
-6.6128 1.8532 
-11.006 -7.496 
25.986 23.11 
0.506 0.186 
2.88 -25.02 
0.8506 -12.1392 
-3.8882 -27.7854 
24.118 1.92 
4.61454 9.12471 
0.8554 -16.018 
-13.3174 -13.6827 
26.123 32.768 
---end
-21.0122 21.9591 
23.11 16.8529 
3.91 -18.5568 
-4.924 22.152 
15.722 2.84 
1.48886 2.5916 
-13.6396 -14.1478 
-28.1341 -12.8652 
-6.6128 1.8532 
-11.006 -7.496 
25.986 23.11 
0.506 0.186 
2.88 -25.02 
0.8506 -12.1392 
-3.8882 -27.7854 
24.118 1.92 
4.61454 9.12471 
0.8554 -16.018 
-13.3174 -13.6827 
26.123 32.768 
-21.0122 21.9591 
23.11 16.8529 
3.91 -18.5568 
-4.924 22.152 
15.722 2.84 
1.48886 2.5916 
-13.6396 -14.1478 
-28.1341 -12.8652 
-6.6128 1.8532 
-11.006 -7.496 
25.986 23.11 
0.506 0.186 
2.88 -25.02 
0.8506 -12.1392 
-3.8882 -27.7854 
24.118 1.92 
4.61454 9.12471 
0.8554 -16.018 
-13.3174 -13.6827 
26.123 32.768 
---end
-21.0122 21.9591 
23.11 16.8529 
3.91 -18.5568 
-4.924 22.152 
15.722 2.84 
1.48886 2.5916 
-13.6396 -14.1478 
-28.1341 -12.8652 
-6.6128 1.8532 
-11.006 -7.496 
25.986 23.11 
0.506 0.186 
2.88 -25.02 
0.8506 -12.1392 
-3.8882 -27.7854 
24.118 1.92 
4.61454 9.12471 
0.8554 -16.018 
-13.3174 -13.6827 
26.123 32.768 
-21.0122 21.9591 
23.11 16.8529 
3.91 -18.5568 
-4.924 22.152 
15.722 2.84 
1.48886 2.5916 
-13.6396 -14.1478 
-28.1341 -12.8652 
-6.6128 1.8532 
-11.006 -7.496 
25.986 23.11 
0.506 0.186 
2.88 -25.02 
0.8506 -12.1392 
-3.8882 -27.7854 
24.118 1.92 
4.61454 9.12471 
0.8554 -16.018 
-13.3174 -13.6827 
26.123 32.768 
---end
-21.0122 21.9591 
23.11 16.8529 
3.91 -18.5568 
-4.924 22.152 
15.722 2.84 
1.48886 2.5916 
-13.6396 -14.1478 
-28.1341 -12.8652 
-6.6128 1.8532 
-11.006 -7.496 
25.986 23.11 
0.506 0.186 
2.88 -25.02 
0.8506 -12.1392 
-3.8882 -27.7854 
24.118 1.92 
4.61454 9.12471 
0.8554 -16.018 
-13.3174 -13.6827 
26.123 32.768 
-21.0122 21.9591 
23.11 16.8529 
3.91 -18.5568 
-4.924 22.152 
15.722 2.84 
1.48886 2.5916 
-13.6396 -14.1478 
-28.1341 -12.8652 
-6.6128 1.8532 
-11.006 -7.496 
25.986 23.11 
0.506 0.186 
2.88 -25.02 
0.8506 -12.1392 
-3.8882 -27.7854 
24.118 1.92 
4.61454 9.12471 
0.8554 -16.018 
-13.3174 -13.6827 
26.123 32.768 
---end
-21.0122 21.9591 
23.11 16.8529 
3.91 -18.5568 
-4.924 22.152 
15.722 2.84 
1.48886 2.5916 
-13.6396 -14.1478 
-28.1341 -12.8652 
-6.6128 1.8532 
-11.006 -7.496 
25.986 23.11 
0.506 0.186 
2.88 -25.02 
0.8506 -12.1392 
-3.8882 -27.7854 
24.118 1.92 
4.61454 9.12471 
0.8554 -16.018 
-13.3174 -13.6827 
26.123 32.768 
-21.0122 21.9591 
23.11 16.8529 
3.91 -18.5568 
-4.924 22.152 
15.722 2.84 
1.48886 2.5916 
-13.6396 -14.1478 
-28.1341 -12.8652 
-6.6128 1.8532 
-11.006 -7.496 
25.986 23.11 
0.506 0.186 
2.88 -25.02 
0.8506 -12.1392 
-3.8882 -27.7854 
24.118 1.92 
4.61454 9.12471 
0.8554 -16.018 
-13.3174 -13.6827 
26.123 32.768 
---end
-21.0122 21.9591 
23.11 16.8529 
3.91 -18.5568 
-4.924 22.152 
15.722 2.84 
1.48886 2.5916 
-13.6396 -14.1478 
-28.1341 -12.8652 
-6.6128 1.8532 
-11.006 -7.496 
25.986 23.11 
0.506 0.186 
2.88 -25.02 
0.8506 -12.1392 
-3.8882 -27.7854 
24.118 1.92 
4.61454 9.12471 
0.8554 -16.018 
-13.3174 -13.6827 
26.123 32.768 
-21.0122 21.9591 
23.11 16.8529 
3.91 -18.5568 
-4.924 22.152 
15.722 2.84 
1.48886 2.5916 
-13.6396 -14.1478 
-28.1341 -12.8652 
-6.6128 1.8532 
-11.006 -7.496 
25.986 23.11 
0.506 0.186 
2.88 -25.02 
0.8506 -12.1392 
-3.8882 -27.7854 
24.118 1.92 
4.61454 9.12471 
0.8554 -16.018 
-13.3174 -13.6827 
26.123 32.768 
---end
-21.0122 21.9591 
23.11 16.8529 
3.91 -18.5568 
-4.924 22.152 
15.722 2.84 
1.48886 2.5916 
-13.6396 -14.1478 
-28.1341 -12.8652 
-6.6128 1.8532 
-11.006 -7.496 
25.986 23.11 
0.506 0.186 
2.88 -25.02 
0.8506 -12.1392 
-3.8882 -27.7854 
24.118 1.92 
4.61454 9.12471 
0.8554 -16.018 
-13.3174 -13.6827 
26.123 32.768 
-21.0122 21.9591 
23.11 16.8529 
3.91 -18.5568 
-4.924 22.152 
15.722 2.84 
1.48886 2.5916 
-13.6396 -14.1478 
-28.1341 -12.8652 
-6.6128 1.8532 
-11.006 -7.496 
25.986 23.11 
0.506 0.186 
2.88 -25.02 
0.8506 -12.1392 
-3.8882 -27.7854 
24.118 1.92 
4.61454 9.12471 
0.8554 -16.018 
-13.3174 -13.6827 
26.123 32.768 
---end
-21.0122 21.9591 
23.11 16.8529 
3.91 -18.5568 
-4.924 22.152 
15.722 2.84 
1.48886 2.5916 
-13.6396 -14.1478 
-28.1341 -12.8652 
-6.6128 1.8532 
-11.006 -7.496 
25.986 23.11 
0.506 0.186 
2.88 -25.02 
0.8506 -12.1392 
-3.8882 -27.7854 
24.118 1.92 
4.61454 9.12471 
0.8554 -16.018 
-13.3174 -13.6827 
26.123 32.768 
-21.0122 21.9591 
23.11 16.8529 
3.91 -18.5568 
-4.924 22.152 
15.722 2.84 
1.48886 2.5916 
-13.6396 -14.1478 
-28.1341 -12.8652 
-6.6128 1.8532 
-11.006 -7.496 
25.986 23.11 
0.506 0.186 
2.88 -25.02 
0.8506 -12.1392 
-3.8882 -27.7854 
24.118 1.92 
4.61454 9.12471 
0.8554 -16.018 
-13.3174 -13.6827 
26.123 32.768 
---end
-21.0122 21.9591 
23.11 16.8529 
3.91 -18.5568 
-4.924 22.152 
15.722 2.84 
1.48886 2.5916 
-13.6396 -14.1478 
-28.1341 -12.8652 
-6.6128 1.8532 
-11.006 -7.496 
25.986 23.11 
0.506 0.186 
2.88 -25.02 
0.8506 -12.1392 
-3.8882 -27.7854 
24.118 1.92 
4.61454 9.12471 
0.8554 -16.018 
-13.3174 -13.6827 
26.123 32.768 
-21.0122 21.9591 
23.11 16.8529 
3.91 -18.5568 
-4.924 22.152 
15.722 2.84 
1.48886 2.5916 
-13.6396 -14.1478 
-28.1341 -12.8652 
-6.6128 1.8532 
-11.006 -7.496 
25.986 23.11 
0.506 0.186 
2.88 -25.02 
0.8506 -12.1392 
-3.8882 -27.7854 
24.118 1.92 
4.61454 9.12471 
0.8554 -16.018 
-13.3174 -13.6827 
26.123 32.768 
---end
-21.0122 21.9591 
23.11 16.8529 
3.91 -18.5568 
-4.924 22.152 
15.722 2.84 
1.48886 2.5916 
-13.6396 -14.1478 
-28.1341 -12.8652 
-6.6128 1.8532 
-11.006 -7.496 
25.986 23.11 
0.506 0.186 
2.88 -25.02 
0.8506 -12.1392 
-3.8882 -27.7854 
24.118 1.92 
4.61454 9.12471 
0.8554 -16.018 
-13.3174 -13.6827 
26.123 32.768 
-21.0122 21.9591 
23.11 16.8529 
3.91 -18.5568 
-4.924 22.152 
15.722 2.84 
1.48886 2.5916 
-13.6396 -14.1478 
-28.1341 -12.8652 
-6.6128 1.8532 
-11.006 -7.496 
25.986 23.11 
0.506 0.186 
2.88 -25.02 
0.8506 -12.1392 
-3.8882 -27.7854 
24.118 1.92 
4.61454 9.12471 
0.8554 -16.018 
-13.3174 -13.6827 
26.123 32.768 
---end
-21.0122 21.9591 
23.11 16.8529 
3.91 -18.5568 
-4.924 22.152 
15.722 2.84 
1.48886 2.5916 
-13.6396 -14.1478 
-28.1341 -12.8652 
-6.6128 1.8532 
-11.006 -7.496 
25.986 23.11 
0.506 0.186 
2.88 -25.02 
0.8506 -12.1392 
-3.8882 -27.7854 
24.118 1.92 
4.61454 9.12471 
0.8554 -16.018 
-13.3174 -13.6827 
26.123 32.768 
-21.0122 21.9591 
23.11 16.8529 
3.91 -18.5568 
-4.924 22.152 
15.722 2.84 
1.48886 2.5916 
-13.6396 -14.1478 
-28.1341 -12.8652 
-6.6128 1.8532 
-11.006 -7.496 
25.986 23.11 
0.506 0.186 
2.88 -25.02 
0.8506 -12.1392 
-3.8882 -27.7854 
24.118 1.92 
4.61454 9.12471 
0.8554 -16.018 
-13.3174 -13.6827 
26.123 32.768 
---end
-21.0122 21.9591 
23.11 16.8529 
3.91 -18.5568 
-4.924 22.152 
15.722 2.84 
1.48886 2.5916 
-13.6396 -14.1478 
-28.1341 -12.8652 
-6.6128 1.8532 
-11.006 -7.496 
25.986 23.11 
0.506 0.186 
2.88 -25.02 
0.8506 -12.1392 
-3.8882 -27.7854 
24.118 1.92 
4.61454 9.12471 
0.8554 -16.018 
-13.3174 -13.6827 
26.123 32.768 
-21.0122 21.9591 
23.11 16.8529 
3.91 -18.5568 
-4.924 22.152 
15.722 2.84 
1.48886 2.5916 
-13.6396 -14.1478 
-28.1341 -12.8652 
-6.6128 1.8532 
-11.006 -7.496 
25.986 23.11 
0.506 0.186 
2.88 -25.02 
0.8506 -12.1392 
-3.8882 -27.7854 
24.118 1.92 
4.61454 9.12471 
0.8554 -16.018 
-13.3174 -13.6827 
26.123 32.768 
---end
-21.0122 21.9591 
23.11 16.8529 
3.91 -18.5568 
-4.924 22.152 
15.722 2.84 
1.48886 2.5916 
-13.6396 -14.1478 
-28.1341 -12.8652 
-6.6128 1.8532 
-11.006 -7.496 
25.986 23.11 
0.506 0.186 
2.88 -25.02 
0.8506 -12.1392 
-3.8882 -27.7854 
24.118 1.92 
4.61454 9.12471 
0.8554 -16.018 
-13.3174 -13.6827 
26.123 32.768 
-21.0122 21.9591 
23.11 16.8529 
3.91 -18.5568 
-4.924 22.152 
15.722 2.84 
1.48886 2.5916 
-13.6396 -14.1478 
-28.1341 -12.8652 
-6.6128 1.8532 
-11.006 -7.496 
25.986 23.11 
0.506 0.186 
2.88 -25.02 
0.8506 -12.1392 
-3.8882 -27.7854 
24.118 1.92 
4.61454 9.12471 
0.8554 -16.018 
-13.3174 -13.6827 
26.123 32.768 
---end
-21.0122 21.9591 
23.11 16.8529 
3.91 -18.5568 
-4.924 22.152 
15.722 2.84 
1.48886 2.5916 
-13.6396 -14.1478 
-28.1341 -12.8652 
-6.6128 1.8532 
-11.006 -7.496 
25.986 23.11 
0.506 0.186 
2.88 -25.02 
0.8506 -12.1392 
-3.8882 -27.7854 
24.118 1.92 
4.61454 9.12471 
0.8554 -16.018 
-13.3174 -13.6827 
26.123 32.768 
-21.0122 21.9591 
23.11 16.8529 
3.91 -18.5568 
-4.924 22.152 
15.722 2.84 
1.48886 2.5916 
-13.6396 -14.1478 
-28.1341 -12.8652 
-6.6128 1.8532 
-11.006 -7.496 
25.986 23.11 
0.506 0.186 
2.88 -25.02 
0.8506 -12.1392 
-3.8882 -27.7854 
24.118 1.92 
4.61454 9.12471 
0.8554 -16.018 
-13.3174 -13.6827 
26.123 32.768 
---end
-21.0122 21.9591 
23.11 16.8529 
3.91 -18.5568 
-4.924 22.152 
15.722 2.84 
1.48886 2.5916 
-13.6396 -14.1478 
-28.1341 -12.8652 
-6.6128 1.8532 
-11.006 -7.496 
25.986 23.11 
0.506 0.186 
2.88 -25.02 
0.8506 -12.1392 
-3.8882 -27.7854 
24.118 1.92 
4.61454 9.12471 
0.8554 -16.018 
-13.3174 -13.6827 
26.123 32.768 
-21.0122 21.9591 
23.11 16.8529 
3.91 -18.5568 
-4.924 22.152 
15.722 2.84 
1.48886 2.5916 
-13.6396 -14.1478 
-28.1341 -12.8652 
-6.6128 1.8532 
-11.006 -7.496 
25.986 23.11 
0.506 0.186 
2.88 -25.02 
0.8506 -12.1392 
-3.8882 -27.7854 
24.118 1.92 
4.61454 9.12471 
0.8554 -16.018 
-13.3174 -13.6827 
26.123 32.768 
---end
-21.0122 21.9591 
23.11 16.8529 
3.91 -18.5568 
-4.924 22.152 
15.722 2.84 
1.48886 2.5916 
-13.6396 -14.1478 
-28.1341 -12.8652 
-6.6128 1.8532 
-11.006 -7.496 
25.986 23.11 
0.506 0.186 
2.88 -25.02 
0.8506 -12.1392 
-3.8882 -27.7854 
24.118 1.92 
4.61454 9.12471 
0.8554 -16.018 
-13.3174 -13.6827 
26.123 32.768 
-21.0122 21.9591 
23.11 16.8529 
3.91 -18.5568 
-4.924 22.152 
15.722 2.84 
1.48886 2.5916 
-13.6396 -14.1478 
-28.1341 -12.8652 
-6.6128 1.8532 
-11.006 -7.496 
25.986 23.11 
0.506 0.186 
2.88 -25.02 
0.8506 -12.1392 
-3.8882 -27.7854 
24.118 1.92 
4.61454 9.12471 
0.8554 -16.018 
-13.3174 -13.6827 
26.123 32.768 
---end
-21.0122 21.9591 
23.11 16.8529 
3.91 -18.5568 
-4.924 22.152 
15.722 2.84 
1.48886 2.5916 
-13.6396 -14.1478 
-28.1341 -12.8652 
-6.6128 1.8532 
-11.006 -7.496 
25.986 23.11 
0.506 0.186 
2.88 -25.02 
0.8506 -12.1392 
-3.8882 -27.7854 
24.118 1.92 
4.61454 9.12471 
0.8554 -16.018 
-13.3174 -13.6827 
26.123 32.768 
-21.0122 21.9591 
23.11 16.8529 
3.91 -18.5568 
-4.924 22.152 
15.722 2.84 
1.48886 2.5916 
-13.6396 -14.1478 
-28.1341 -12.8652 
-6.6128 1.8532 
-11.006 -7.496 
25.986 23.11 
0.506 0.186 
2.88 -25.02 
0.8506 -12.1392 
-3.8882 -27.7854 
24.118 1.92 
4.61454 9.12471 
0.8554 -16.018 
-13.3174 -13.6827 
26.123 32.768 
---end
-21.0122 21.9591 
23.11 16.8529 
3.91 -18.5568 
-4.924 22.152 
15.722 2.84 
1.48886 2.5916 
-13.6396 -14.1478 
-28.1341 -12.8652 
-6.6128 1.8532 
-11.006 -7.496 
25.986 23.11 
0.506 0.186 
2.88 -25.02 
0.8506 -12.1392 
-3.8882 -27.7854 
24.118 1.92 
4.61454 9.12471 
0.8554 -16.018 
-13.3174 -13.6827 
26.123 32.768 
-21.0122 21.9591 
23.11 16.8529 
3.91 -18.5568 
-4.924 22.152 
15.722 2.84 
1.48886 2.5916 
-13.6396 -14.1478 
-28.1341 -12.8652 
-6.6128 1.8532 
-11.006 -7.496 
25.986 23.11 
0.506 0.186 
2.88 -25.02 
0.8506 -12.1392 
-3.8882 -27.7854 
24.118 1.92 
4.61454 9.12471 
0.8554 -16.018 
-13.3174 -13.6827 
26.123 32.768 
---end
-21.0122 21.9591 
23.11 16.8529 
3.91 -18.5568 
-4.924 22.152 
15.722 2.84 
1.48886 2.5916 
-13.6396 -14.1478 
-28.1341 -12.8652 
-6.6128 1.8532 
-11.006 -7.496 
25.986 23.11 
0.506 0.186 
2.88 -25.02 
0.8506 -12.1392 
-3.8882 -27.7854 
24.118 1.92 
4.61454 9.12471 
0.8554 -16.018 
-13.3174 -13.6827 
26.123 32.768 
-21.0122 21.9591 
23.11 16.8529 
3.91 -18.5568 
-4.924 22.152 
15.722 2.84 
1.48886 2.5916 
-13.6396 -14.1478 
-28.1341 -12.8652 
-6.6128 1.8532 
-11.006 -7.496 
25.986 23.11 
0.506 0.186 
2.88 -25.02 
0.8506 -12.1392 
-3.8882 -27.7854 
24.118 1.92 
4.61454 9.12471 
0.8554 -16.018 
-13.3174 -13.6827 
26.123 32.768 
---end
-21.0122 21.9591 
23.11 16.8529 
3.91 -18.5568 
-4.924 22.152 
15.722 2.84 
1.48886 2.5916 
-13.6396 -14.1478 
-28.1341 -12.8652 
-6.6128 1.8532 
-11.006 -7.496 
25.986 23.11 
0.506 0.186 
2.88 -25.02 
0.8506 -12.1392 
-3.8882 -27.7854 
24.118 1.92 
4.61454 9.12471 
0.8554 -16.018 
-13.3174 -13.6827 
26.123 32.768 
-21.0122 21.9591 
23.11 16.8529 
3.91 -18.5568 
-4.924 22.152 
15.722 2.84 
1.48886 2.5916 
-13.6396 -14.1478 
-28.1341 -12.8652 
-6.6128 1.8532 
-11.006 -7.496 
25.986 23.11 
0.506 0.186 
2.88 -25.02 
0.8506 -12.1392 
-3.8882 -27.7854 
24.118 1.92 
4.61454 9.12471 
0.8554 -16.018 
-13.3174 -13.6827 
26.123 32.768 
---end
-21.0122 21.9591 
23.11 16.8529 
3.91 -18.5568 
-4.924 22.152 
15.722 2.84 
1.48886 2.5916 
-13.6396 -14.1478 
-28.1341 -12.8652 
-6.6128 1.8532 
-11.006 -7.496 
25.986 23.11 
0.506 0.186 
2.88 -25.02 
0.8506 -12.1392 
-3.8882 -27.7854 
24.118 1.92 
4.61454 9.12471 
0.8554 -16.018 
-13.3174 -13.6827 
26.123 32.768 
-21.0122 21.9591 
23.11 16.8529 
3.91 -18.5568 
-4.924 22.152 
15.722 2.84 
1.48886 2.5916 
-13.6396 -14.1478 
-28.1341 -12.8652 
-6.6128 1.8532 
-11.006 -7.496 
25.986 23.11 
0.506 0.186 
2.88 -25.02 
0.8506 -12.1392 
-3.8882 -27.7854 
24.118 1.92 
4.61454 9.12471 
0.8554 -16.018 
-13.3174 -13.6827 
26.123 32.768 
---end
-21.0122 21.9591 
23.11 16.8529 
3.91 -18.5568 
-4.924 22.152 
15.722 2.84 
1.48886 2.5916 
-13.6396 -14.1478 
-28.1341 -12.8652 
-6.6128 1.8532 
-11.006 -7.496 
25.986 23.11 
0.506 0.186 
2.88 -25.02 
0.8506 -12.1392 
-3.8882 -27.7854 
24.118 1.92 
4.61454 9.12471 
0.8554 -16.018 
-13.3174 -13.6827 
26.123 32.768 
-21.0122 21.9591 
23.11 16.8529 
3.91 -18.5568 
-4.924 22.152 
15.722 2.84 
1.48886 2.5916 
-13.6396 -14.1478 
-28.1341 -12.8652 
-6.6128 1.8532 
-11.006 -7.496 
25.986 23.11 
0.506 0.186 
2.88 -25.02 
0.8506 -12.1392 
-3.8882 -27.7854 
24.118 1.92 
4.61454 9.12471 
0.8554 -16.018 
-13.3174 -13.6827 
26.123 32.768 
---end
-21.0122 21.9591 
23.11 16.8529 
3.91 -18.5568 
-4.924 22.152 
15.722 2.84 
1.48886 2.5916 
-13.6396 -14.1478 
-28.1341 -12.8652 
-6.6128 1.8532 
-11.006 -7.496 
25.986 23.11 
0.506 0.186 
2.88 -25.02 
0.8506 -12.1392 
-3.8882 -27.7854 
24.118 1.92 
4.61454 9.12471 
0.8554 -16.018 
-13.3174 -13.6827 
26.123 32.768 
-21.0122 21.9591 
23.11 16.8529 
3.91 -18.5568 
-4.924 22.152 
15.722 2.84 
1.48886 2.5916 
-13.6396 -14.1478 
-28.1341 -12.8652 
-6.6128 1.8532 
-11.006 -7.496 
25.986 23.11 
0.506 0.186 
2.88 -25.02 
0.8506 -12.1392 
-3.8882 -27.7854 
24.118 1.92 
4.61454 9.12471 
0.8554 -16.018 
-13.3174 -13.6827 
26.123 32.768 
---end
-21.0122 21.9591 
23.11 16.8529 
3.91 -18.5568 
-4.924 22.152 
15.722 2.84 
1.48886 2.5916 
-13.6396 -14.1478 
-28.1341 -12.8652 
-6.6128 1.8532 
-11.006 -7.496 
25.986 23.11 
0.506 0.186 
2.88 -25.02 
0.8506 -12.1392 
-3.8882 -27.7854 
24.118 1.92 
4.61454 9.12471 
0.8554 -16.018 
-13.3174 -13.6827 
26.123 32.768 
-21.0122 21.9591 
23.11 16.8529 
3.91 -18.5568 
-4.924 22.152 
15.722 2.84 
1.48886 2.5916 
-13.6396 -14.1478 
-28.1341 -12.8652 
-6.6128 1.8532 
-11.006 -7.496 
25.986 23.11 
0.506 0.186 
2.88 -25.02 
0.8506 -12.1392 
-3.8882 -27.7854 
24.118 1.92 
4.61454 9.12471 
0.8554 -16.018 
-13.3174 -13.6827 
26.123 32.768 
---end
-21.0122 21.9591 
23.11 16.8529 
3.91 -18.5568 
-4.924 22.152 
15.722 2.84 
1.48886 2.5916 
-13.6396 -14.1478 
-28.1341 -12.8652 
-6.6128 1.8532 
-11.006 -7.496 
25.986 23.11 
0.506 0.186 
2.88 -25.02 
0.8506 -12.1392 
-3.8882 -27.7854 
24.118 1.92 
4.61454 9.12471 
0.8554 -16.018 
-13.3174 -13.6827 
26.123 32.768 
-21.0122 21.9591 
23.11 16.8529 
3.91 -18.5568 
-4.924 22.152 
15.722 2.84 
1.48886 2.5916 
-13.6396 -14.1478 
-28.1341 -12.8652 
-6.6128 1.8532 
-11.006 -7.496 
25.986 23.11 
0.506 0.186 
2.88 -25.02 
0.8506 -12.1392 
-3.8882 -27.7854 
24.118 1.92 
4.61454 9.12471 
0.8554 -16.018 
-13.3174 -13.6827 
26.123 32.768 
---end
-21.0122 21.9591 
23.11 16.8529 
3.91 -18.5568 
-4.924 22.152 
15.722 2.84 
1.48886 2.5916 
-13.6396 -14.1478 
-28.1341 -12.8652 
-6.6128 1.8532 
-11.006 -7.496 
25.986 23.11 
0.506 0.186 
2.88 -25.02 
0.8506 -12.1392 
-3.8882 -27.7854 
24.118 1.92 
4.61454 9.12471 
0.8554 -16.018 
-13.3174 -13.6827 
26.123 32.768 
-21.0122 21.9591 
23.11 16.8529 
3.91 -18.5568 
-4.924 22.152 
15.722 2.84 
1.48886 2.5916 
-13.6396 -14.1478 
-28.1341 -12.8652 
-6.6128 1.8532 
-11.006 -7.496 
25.986 23.11 
0.506 0.186 
2.88 -25.02 
0.8506 -12.1392 
-3.8882 -27.7854 
24.118 1.92 
4.61454 9.12471 
0.8554 -16.018 
-13.3174 -13.6827 
26.123 32.768 
---end
-21.0122 21.9591 
23.11 16.8529 
3.91 -18.5568 
-4.924 22.152 
15.722 2.84 
1.48886 2.5916 
-13.6396 -14.1478 
-28.1341 -12.8652 
-6.6128 1.8532 
-11.006 -7.496 
25.986 23.11 
0.506 0.186 
2.88 -25.02 
0.8506 -12.1392 
-3.8882 -27.7854 
24.118 1.92 
4.61454 9.12471 
0.8554 -16.018 
-13.3174 -13.6827 
26.123 32.768 
-21.0122 21.9591 
23.11 16.8529 
3.91 -18.5568 
-4.924 22.152 
15.722 2.84 
1.48886 2.5916 
-13.6396 -14.1478 
-28.1341 -12.8652 
-6.6128 1.8532 
-11.006 -7.496 
25.986 23.11 
0.506 0.186 
2.88 -25.02 
0.8506 -12.1392 
-3.8882 -27.7854 
24.118 1.92 
4.61454 9.12471 
0.8554 -16.018 
-13.3174 -13.6827 
26.123 32.768 
---end
-21.0122 21.9591 
23.11 16.8529 
3.91 -18.5568 
-4.924 22.152 
15.722 2.84 
1.48886 2.5916 
-13.6396 -14.1478 
-28.1341 -12.8652 
-6.6128 1.8532 
-11.006 -7.496 
25.986 23.11 
0.506 0.186 
2.88 -25.02 
0.8506 -12.1392 
-3.8882 -27.7854 
24.118 1.92 
4.61454 9.12471 
0.8554 -16.018 
-13.3174 -13.6827 
26.123 32.768 
-21.0122 21.9591 
23.11 16.8529 
3.91 -18.5568 
-4.924 22.152 
15.722 2.84 
1.48886 2.5916 
-13.6396 -14.1478 
-28.1341 -12.8652 
-6.6128 1.8532 
-11.006 -7.496 
25.986 23.11 
0.506 0.186 
2.88 -25.02 
0.8506 -12.1392 
-3.8882 -27.7854 
24.118 1.92 
4.61454 9.12471 
0.8554 -16.018 
-13.3174 -13.6827 
26.123 32.768 
---end
-21.0122 21.9591 
23.11 16.8529 
3.91 -18.5568 
-4.924 22.152 
15.722 2.84 
1.48886 2.5916 
-13.6396 -14.1478 
-28.1341 -12.8652 
-6.6128 1.8532 
-11.006 -7.496 
25.986 23.11 
0.506 0.186 
2.88 -25.02 
0.8506 -12.1392 
-3.8882 -27.7854 
24.118 1.92 
4.61454 9.12471 
0.8554 -16.018 
-13.3174 -13.6827 
26.123 32.768 
-21.0122 21.9591 
23.11 16.8529 
3.91 -18.5568 
-4.924 22.152 
15.722 2.84 
1.48886 2.5916 
-13.6396 -14.1478 
-28.1341 -12.8652 
-6.6128 1.8532 
-11.006 -7.496 
25.986 23.11 
0.506 0.186 
2.88 -25.02 
0.8506 -12.1392 
-3.8882 -27.7854 
24.118 1.92 
4.61454 9.12471 
0.8554 -16.018 
-13.3174 -13.6827 
26.123 32.768 
---end
-21.0122 21.9591 
23.11 16.8529 
3.91 -18.5568 
-4.924 22.152 
15.722 2.84 
1.48886 2.5916 
-13.6396 -14.1478 
-28.1341 -12.8652 
-6.6128 1.8532 
-11.006 -7.496 
25.986 23.11 
0.506 0.186 
2.88 -25.02 
0.8506 -12.1392 
-3.8882 -27.7854 
24.118 1.92 
4.61454 9.12471 
0.8554 -16.018 
-13.3174 -13.6827 
26.123 32.768 
-21.0122 21.9591 
23.11 16.8529 
3.91 -18.5568 
-4.924 22.152 
15.722 2.84 
1.48886 2.5916 
-13.6396 -14.1478 
-28.1341 -12.8652 
-6.6128 1.8532 
-11.006 -7.496 
25.986 23.11 
0.506 0.186 
2.88 -25.02 
0.8506 -12.1392 
-3.8882 -27.7854 
24.118 1.92 
4.61454 9.12471 
0.8554 -16.018 
-13.3174 -13.6827 
26.123 32.768 
---end
-21.0122 21.9591 
23.11 16.8529 
3.91 -18.5568 
-4.924 22.152 
15.722 2.84 
1.48886 2.5916 
-13.6396 -14.1478 
-28.1341 -12.8652 
-6.6128 1.8532 
-11.006 -7.496 
25.986 23.11 
0.506 0.186 
2.88 -25.02 
0.8506 -12.1392 
-3.8882 -27.7854 
24.118 1.92 
4.61454 9.12471 
0.8554 -16.018 
-13.3174 -13.6827 
26.123 32.768 
-21.0122 21.9591 
23.11 16.8529 
3.91 -18.5568 
-4.924 22.152 
15.722 2.84 
1.48886 2.5916 
-13.6396 -14.1478 
-28.1341 -12.8652 
-6.6128 1.8532 
-11.006 -7.496 
25.986 23.11 
0.506 0.186 
2.88 -25.02 
0.8506 -12.1392 
-3.8882 -27.7854 
24.118 1.92 
4.61454 9.12471 
0.8554 -16.018 
-13.3174 -13.6827 
26.123 32.768 
---end
-21.0122 21.9591 
23.11 16.8529 
3.91 -18.5568 
-4.924 22.152 
15.722 2.84 
1.48886 2.5916 
-13.6396 -14.1478 
-28.1341 -12.8652 
-6.6128 1.8532 
-11.006 -7.496 
25.986 23.11 
0.506 0.186 
2.88 -25.02 
0.8506 -12.1392 
-3.8882 -27.7854 
24.118 1.92 
4.61454 9.12471 
0.8554 -16.018 
-13.3174 -13.6827 
26.123 32.768 
-21.0122 21.9591 
23.11 16.8529 
3.91 -18.5568 
-4.924 22.152 
15.722 2.84 
1.48886 2.5916 
-13.6396 -14.1478 
-28.1341 -12.8652 
-6.6128 1.8532 
-11.006 -7.496 
25.986 23.11 
0.506 0.186 
2.88 -25.02 
0.8506 -12.1392 
-3.8882 -27.7854 
24.118 1.92 
4.61454 9.12471 
0.8554 -16.018 
-13.3174 -13.6827 
26.123 32.768 
---end
-21.0122 21.9591 
23.11 16.8529 
3.91 -18.5568 
-4.924 22.152 
15.722 2.84 
1.48886 2.5916 
-13.6396 -14.1478 
-28.1341 -12.8652 
-6.6128 1.8532 
-11.006 -7.496 
25.986 23.11 
0.506 0.186 
2.88 -25.02 
0.8506 -12.1392 
-3.8882 -27.7854 
24.118 1.92 
4.61454 9.12471 
0.8554 -16.018 
-13.3174 -13.6827 
26.123 32.768 
-21.0122 21.9591 
23.11 16.8529 
3.91 -18.5568 
-4.924 22.152 
15.722 2.84 
1.48886 2.5916 
-13.6396 -14.1478 
-28.1341 -12.8652 
-6.6128 1.8532 
-11.006 -7.496 
25.986 23.11 
0.506 0.186 
2.88 -25.02 
0.8506 -12.1392 
-3.8882 -27.7854 
24.118 1.92 
4.61454 9.12471 
0.8554 -16.018 
-13.3174 -13.6827 
26.123 32.768 
---end
-21.0122 21.9591 
23.11 16.8529 
3.91 -18.5568 
-4.924 22.152 
15.722 2.84 
1.48886 2.5916 
-13.6396 -14.1478 
-28.1341 -12.8652 
-6.6128 1.8532 
-11.006 -7.496 
25.986 23.11 
0.506 0.186 
2.88 -25.02 
0.8506 -12.1392 
-3.8882 -27.7854 
24.118 1.92 
4.61454 9.12471 
0.8554 -16.018 
-13.3174 -13.6827 
26.123 32.768 
-21.0122 21.9591 
23.11 16.8529 
3.91 -18.5568 
-4.924 22.152 
15.722 2.84 
1.48886 2.5916 
-13.6396 -14.1478 
-28.1341 -12.8652 
-6.6128 1.8532 
-11.006 -7.496 
25.986 23.11 
0.506 0.186 
2.88 -25.02 
0.8506 -12.1392 
-3.8882 -27.7854 
24.118 1.92 
4.61454 9.12471 
0.8554 -16.018 
-13.3174 -13.6827 
26.123 32.768 
---end
-21.0122 21.9591 
23.11 16.8529 
3.91 -18.5568 
-4.924 22.152 
15.722 2.84 
1.48886 2.5916 
-13.6396 -14.1478 
-28.1341 -12.8652 
-6.6128 1.8532 
-11.006 -7.496 
25.986 23.11 
0.506 0.186 
2.88 -25.02 
0.8506 -12.1392 
-3.8882 -27.7854 
24.118 1.92 
4.61454 9.12471 
0.8554 -16.018 
-13.3174 -13.6827 
26.123 32.768 
-21.0122 21.9591 
23.11 16.8529 
3.91 -18.5568 
-4.924 22.152 
15.722 2.84 
1.48886 2.5916 
-13.6396 -14.1478 
-28.1341 -12.8652 
-6.6128 1.8532 
-11.006 -7.496 
25.986 23.11 
0.506 0.186 
2.88 -25.02 
0.8506 -12.1392 
-3.8882 -27.7854 
24.118 1.92 
4.61454 9.12471 
0.8554 -16.018 
-13.3174 -13.6827 
26.123 32.768 
---end
-21.0122 21.9591 
23.11 16.8529 
3.91 -18.5568 
-4.924 22.152 
15.722 2.84 
1.48886 2.5916 
-13.6396 -14.1478 
-28.1341 -12.8652 
-6.6128 1.8532 
-11.006 -7.496 
25.986 23.11 
0.506 0.186 
2.88 -25.02 
0.8506 -12.1392 
-3.8882 -27.7854 
24.118 1.92 
4.61454 9.12471 
0.8554 -16.018 
-13.3174 -13.6827 
26.123 32.768 
-21.0122 21.9591 
23.11 16.8529 
3.91 -18.5568 
-4.924 22.152 
15.722 2.84 
1.48886 2.5916 
-13.6396 -14.1478 
-28.1341 -12.8652 
-6.6128 1.8532 
-11.006 -7.496 
25.986 23.11 
0.506 0.186 
2.88 -25.02 
0.8506 -12.1392 
-3.8882 -27.7854 
24.118 1.92 
4.61454 9.12471 
0.8554 -16.018 
-13.3174 -13.6827 
26.123 32.768 
---end
-21.0122 21.9591 
23.11 16.8529 
3.91 -18.5568 
-4.924 22.152 
15.722 2.84 
1.48886 2.5916 
-13.6396 -14.1478 
-28.1341 -12.8652 
-6.6128 1.8532 
-11.006 -7.496 
25.986 23.11 
0.506 0.186 
2.88 -25.02 
0.8506 -12.1392 
-3.8882 -27.7854 
24.118 1.92 
4.61454 9.12471 
0.8554 -16.018 
-13.3174 -13.6827 
26.123 32.768 
-21.0122 21.9591 
23.11 16.8529 
3.91 -18.5568 
-4.924 22.152 
15.722 2.84 
1.48886 2.5916 
-13.6396 -14.1478 
-28.1341 -12.8652 
-6.6128 1.8532 
-11.006 -7.496 
25.986 23.11 
0.506 0.186 
2.88 -25.02 
0.8506 -12.1392 
-3.8882 -27.7854 
24.118 1.92 
4.61454 9.12471 
0.8554 -16.018 
-13.3174 -13.6827 
26.123 32.768 
---end
-21.0122 21.9591 
23.11 16.8529 
3.91 -18.5568 
-4.924 22.152 
15.722 2.84 
1.48886 2.5916 
-13.6396 -14.1478 
-28.1341 -12.8652 
-6.6128 1.8532 
-11.006 -7.496 
25.986 23.11 
0.506 0.186 
2.88 -25.02 
0.8506 -12.1392 
-3.8882 -27.7854 
24.118 1.92 
4.61454 9.12471 
0.8554 -16.018 
-13.3174 -13.6827 
26.123 32.768 
-21.0122 21.9591 
23.11 16.8529 
3.91 -18.5568 
-4.924 22.152 
15.722 2.84 
1.48886 2.5916 
-13.6396 -14.1478 
-28.1341 -12.8652 
-6.6128 1.8532 
-11.006 -7.496 
25.986 23.11 
0.506 0.186 
2.88 -25.02 
0.8506 -12.1392 
-3.8882 -27.7854 
24.118 1.92 
4.61454 9.12471 
0.8554 -16.018 
-13.3174 -13.6827 
26.123 32.768 
---end
-21.0122 21.9591 
23.11 16.8529 
3.91 -18.5568 
-4.924 22.152 
15.722 2.84 
1.48886 2.5916 
-13.6396 -14.1478 
-28.1341 -12.8652 
-6.6128 1.8532 
-11.006 -7.496 
25.986 23.11 
0.506 0.186 
2.88 -25.02 
0.8506 -12.1392 
-3.8882 -27.7854 
24.118 1.92 
4.61454 9.12471 
0.8554 -16.018 
-13.3174 -13.6827 
26.123 32.768 
-21.0122 21.9591 
23.11 16.8529 
3.91 -18.5568 
-4.924 22.152 
15.722 2.84 
1.48886 2.5916 
-13.6396 -14.1478 
-28.1341 -12.8652 
-6.6128 1.8532 
-11.006 -7.496 
25.986 23.11 
0.506 0.186 
2.88 -25.02 
0.8506 -12.1392 
-3.8882 -27.7854 
24.118 1.92 
4.61454 9.12471 
0.8554 -16.018 
-13.3174 -13.6827 
26.123 32.768 
---end
-21.0122 21.9591 
23.11 16.8529 
3.91 -18.5568 
-4.924 22.152 
15.722 2.84 
1.48886 2.5916 
-13.6396 -14.1478 
-28.1341 -12.8652 
-6.6128 1.8532 
-11.006 -7.496 
25.986 23.11 
0.506 0.186 
2.88 -25.02 
0.8506 -12.1392 
-3.8882 -27.7854 
24.118 1.92 
4.61454 9.12471 
0.8554 -16.018 
-13.3174 -13.6827 
26.123 32.768 
-21.0122 21.9591 
23.11 16.8529 
3.91 -18.5568 
-4.924 22.152 
15.722 2.84 
1.48886 2.5916 
-13.6396 -14.1478 
-28.1341 -12.8652 
-6.6128 1.8532 
-11.006 -7.496 
25.986 23.11 
0.506 0.186 
2.88 -25.02 
0.8506 -12.1392 
-3.8882 -27.7854 
24.118 1.92 
4.61454 9.12471 
0.8554 -16.018 
-13.3174 -13.6827 
26.123 32.768 
---end
-21.0122 21.9591 
23.11 16.8529 
3.91 -18.5568 
-4.924 22.152 
15.722 2.84 
1.48886 2.5916 
-13.6396 -14.1478 
-28.1341 -12.8652 
-6.6128 1.8532 
-11.006 -7.496 
25.986 23.11 
0.506 0.186 
2.88 -25.02 
0.8506 -12.1392 
-3.8882 -27.7854 
24.118 1.92 
4.61454 9.12471 
0.8554 -16.018 
-13.3174 -13.6827 
26.123 32.768 
-21.0122 21.9591 
23.11 16.8529 
3.91 -18.5568 
-4.924 22.152 
15.722 2.84 
1.48886 2.5916 
-13.6396 -14.1478 
-28.1341 -12.8652 
-6.6128 1.8532 
-11.006 -7.496 
25.986 23.11 
0.506 0.186 
2.88 -25.02 
0.8506 -12.1392 
-3.8882 -27.7854 
24.118 1.92 
4.61454 9.12471 
0.8554 -16.018 
-13.3174 -13.6827 
26.123 32.768 
---end
-21.0122 21.9591 
23.11 16.8529 
3.91 -18.5568 
-4.924 22.152 
15.722 2.84 
1.48886 2.5916 
-13.6396 -14.1478 
-28.1341 -12.8652 
-6.6128 1.8532 
-11.006 -7.496 
25.986 23.11 
0.506 0.186 
2.88 -25.02 
0.8506 -12.1392 
-3.8882 -27.7854 
24.118 1.92 
4.61454 9.12471 
0.8554 -16.018 
-13.3174 -13.6827 
26.123 32.768 
-21.0122 21.9591 
23.11 16.8529 
3.91 -18.5568 
-4.924 22.152 
15.722 2.84 
1.48886 2.5916 
-13.6396 -14.1478 
-28.1341 -12.8652 
-6.6128 1.8532 
-11.006 -7.496 
25.986 23.11 
0.506 0.186 
2.88 -25.02 
0.8506 -12.1392 
-3.8882 -27.7854 
24.118 1.92 
4.61454 9.12471 
0.8554 -16.018 
-13.3174 -13.6827 
26.123 32.768 
---end
-21.0122 21.9591 
23.11 16.8529 
3.91 -18.5568 
-4.924 22.152 
15.722 2.84 
1.48886 2.5916 
-13.6396 -14.1478 
-28.1341 -12.8652 
-6.6128 1.8532 
-11.006 -7.496 
25.986 23.11 
0.506 0.186 
2.88 -25.02 
0.8506 -12.1392 
-3.8882 -27.7854 
24.118 1.92 
4.61454 9.12471 
0.8554 -16.018 
-13.3174 -13.6827 
26.123 32.768 
-21.0122 21.9591 
23.11 16.8529 
3.91 -18.5568 
-4.924 22.152 
15.722 2.84 
1.48886 2.5916 
-13.6396 -14.1478 
-28.1341 -12.8652 
-6.6128 1.8532 
-11.006 -7.496 
25.986 23.11 
0.506 0.186 
2.88 -25.02 
0.8506 -12.1392 
-3.8882 -27.7854 
24.118 1.92 
4.61454 9.12471 
0.8554 -16.018 
-13.3174 -13.6827 
26.123 32.768 
---end
-21.0122 21.9591 
23.11 16.8529 
3.91 -18.5568 
-4.924 22.152 
15.722 2.84 
1.48886 2.5916 
-13.6396 -14.1478 
-28.1341 -12.8652 
-6.6128 1.8532 
-11.006 -7.496 
25.986 23.11 
0.506 0.186 
2.88 -25.02 
0.8506 -12.1392 
-3.8882 -27.7854 
24.118 1.92 
4.61454 9.12471 
0.8554 -16.018 
-13.3174 -13.6827 
26.123 32.768 
-21.0122 21.9591 
23.11 16.8529 
3.91 -18.5568 
-4.924 22.152 
15.722 2.84 
1.48886 2.5916 
-13.6396 -14.1478 
-28.1341 -12.8652 
-6.6128 1.8532 
-11.006 -7.496 
25.986 23.11 
0.506 0.186 
2.88 -25.02 
0.8506 -12.1392 
-3.8882 -27.7854 
24.118 1.92 
4.61454 9.12471 
0.8554 -16.018 
-13.3174 -13.6827 
26.123 32.768 
---end
-21.0122 21.9591 
23.11 16.8529 
3.91 -18.5568 
-4.924 22.152 
15.722 2.84 
1.48886 2.5916 
-13.6396 -14.1478 
-28.1341 -12.8652 
-6.6128 1.8532 
-11.006 -7.496 
25.986 23.11 
0.506 0.186 
2.88 -25.02 
0.8506 -12.1392 
-3.8882 -27.7854 
24.118 1.92 
4.61454 9.12471 
0.8554 -16.018 
-13.3174 -13.6827 
26.123 32.768 
-21.0122 21.9591 
23.11 16.8529 
3.91 -18.5568 
-4.924 22.152 
15.722 2.84 
1.48886 2.5916 
-13.6396 -14.1478 
-28.1341 -12.8652 
-6.6128 1.8532 
-11.006 -7.496 
25.986 23.11 
0.506 0.186 
2.88 -25.02 
0.8506 -12.1392 
-3.8882 -27.7854 
24.118 1.92 
4.61454 9.12471 
0.8554 -16.018 
-13.3174 -13.6827 
26.123 32.768 
---end
-21.0122 21.9591 
23.11 16.8529 
3.91 -18.5568 
-4.924 22.152 
15.722 2.84 
1.48886 2.5916 
-13.6396 -14.1478 
-28.1341 -12.8652 
-6.6128 1.8532 
-11.006 -7.496 
25.986 23.11 
0.506 0.186 
2.88 -25.02 
0.8506 -12.1392 
-3.8882 -27.7854 
24.118 1.92 
4.61454 9.12471 
0.8554 -16.018 
-13.3174 -13.6827 
26.123 32.768 
-21.0122 21.9591 
23.11 16.8529 
3.91 -18.5568 
-4.924 22.152 
15.722 2.84 
1.48886 2.5916 
-13.6396 -14.1478 
-28.1341 -12.8652 
-6.6128 1.8532 
-11.006 -7.496 
25.986 23.11 
0.506 0.186 
2.88 -25.02 
0.8506 -12.1392 
-3.8882 -27.7854 
24.118 1.92 
4.61454 9.12471 
0.8554 -16.018 
-13.3174 -13.6827 
26.123 32.768 
---end
-21.0122 21.9591 
23.11 16.8529 
3.91 -18.5568 
-4.924 22.152 
15.722 2.84 
1.48886 2.5916 
-13.6396 -14.1478 
-28.1341 -12.8652 
-6.6128 1.8532 
-11.006 -7.496 
25.986 23.11 
0.506 0.186 
2.88 -25.02 
0.8506 -12.1392 
-3.8882 -27.7854 
24.118 1.92 
4.61454 9.12471 
0.8554 -16.018 
-13.3174 -13.6827 
26.123 32.768 
-21.0122 21.9591 
23.11 16.8529 
3.91 -18.5568 
-4.924 22.152 
15.722 2.84 
1.48886 2.5916 
-13.6396 -14.1478 
-28.1341 -12.8652 
-6.6128 1.8532 
-11.006 -7.496 
25.986 23.11 
0.506 0.186 
2.88 -25.02 
0.8506 -12.1392 
-3.8882 -27.7854 
24.118 1.92 
4.61454 9.12471 
0.8554 -16.018 
-13.3174 -13.6827 
26.123 32.768 
---end
-21.0122 21.9591 
23.11 16.8529 
3.91 -18.5568 
-4.924 22.152 
15.722 2.84 
1.48886 2.5916 
-13.6396 -14.1478 
-28.1341 -12.8652 
-6.6128 1.8532 
-11.006 -7.496 
25.986 23.11 
0.506 0.186 
2.88 -25.02 
0.8506 -12.1392 
-3.8882 -27.7854 
24.118 1.92 
4.61454 9.12471 
0.8554 -16.018 
-13.3174 -13.6827 
26.123 32.768 
-21.0122 21.9591 
23.11 16.8529 
3.91 -18.5568 
-4.924 22.152 
15.722 2.84 
1.48886 2.5916 
-13.6396 -14.1478 
-28.1341 -12.8652 
-6.6128 1.8532 
-11.006 -7.496 
25.986 23.11 
0.506 0.186 
2.88 -25.02 
0.8506 -12.1392 
-3.8882 -27.7854 
24.118 1.92 
4.61454 9.12471 
0.8554 -16.018 
-13.3174 -13.6827 
26.123 32.768 
---end
-21.0122 21.9591 
23.11 16.8529 
3.91 -18.5568 
-4.924 22.152 
15.722 2.84 
1.48886 2.5916 
-13.6396 -14.1478 
-28.1341 -12.8652 
-6.6128 1.8532 
-11.006 -7.496 
25.986 23.11 
0.506 0.186 
2.88 -25.02 
0.8506 -12.1392 
-3.8882 -27.7854 
24.118 1.92 
4.61454 9.12471 
0.8554 -16.018 
-13.3174 -13.6827 
26.123 32.768 
-21.0122 21.9591 
23.11 16.8529 
3.91 -18.5568 
-4.924 22.152 
15.722 2.84 
1.48886 2.5916 
-13.6396 -14.1478 
-28.1341 -12.8652 
-6.6128 1.8532 
-11.006 -7.496 
25.986 23.11 
0.506 0.186 
2.88 -25.02 
0.8506 -12.1392 
-3.8882 -27.7854 
24.118 1.92 
4.61454 9.12471 
0.8554 -16.018 
-13.3174 -13.6827 
26.123 32.768 
---end
-21.0122 21.9591 
23.11 16.8529 
3.91 -18.5568 
-4.924 22.152 
15.722 2.84 
1.48886 2.5916 
-13.6396 -14.1478 
-28.1341 -12.8652 
-6.6128 1.8532 
-11.006 -7.496 
25.986 23.11 
0.506 0.186 
2.88 -25.02 
0.8506 -12.1392 
-3.8882 -27.7854 
24.118 1.92 
4.61454 9.12471 
0.8554 -16.018 
-13.3174 -13.6827 
26.123 32.768 
-21.0122 21.9591 
23.11 16.8529 
3.91 -18.5568 
-4.924 22.152 
15.722 2.84 
1.48886 2.5916 
-13.6396 -14.1478 
-28.1341 -12.8652 
-6.6128 1.8532 
-11.006 -7.496 
25.986 23.11 
0.506 0.186 
2.88 -25.02 
0.8506 -12.1392 
-3.8882 -27.7854 
24.118 1.92 
4.61454 9.12471 
0.8554 -16.018 
-13.3174 -13.6827 
26.123 32.768 
---end
-21.0122 21.9591 
23.11 16.8529 
3.91 -18.5568 
-4.924 22.152 
15.722 2.84 
1.48886 2.5916 
-13.6396 -14.1478 
-28.1341 -12.8652 
-6.6128 1.8532 
-11.006 -7.496 
25.986 23.11 
0.506 0.186 
2.88 -25.02 
0.8506 -12.1392 
-3.8882 -27.7854 
24.118 1.92 
4.61454 9.12471 
0.8554 -16.018 
-13.3174 -13.6827 
26.123 32.768 
-21.0122 21.9591 
23.11 16.8529 
3.91 -18.5568 
-4.924 22.152 
15.722 2.84 
1.48886 2.5916 
-13.6396 -14.1478 
-28.1341 -12.8652 
-6.6128 1.8532 
-11.006 -7.496 
25.986 23.11 
0.506 0.186 
2.88 -25.02 
0.8506 -12.1392 
-3.8882 -27.7854 
24.118 1.92 
4.61454 9.12471 
0.8554 -16.018 
-13.3174 -13.6827 
26.123 32.768 
---end
-21.0122 21.9591 
23.11 16.8529 
3.91 -18.5568 
-4.924 22.152 
15.722 2.84 
1.48886 2.5916 
-13.6396 -14.1478 
-28.1341 -12.8652 
-6.6128 1.8532 
-11.006 -7.496 
25.986 23.11 
0.506 0.186 
2.88 -25.02 
0.8506 -12.1392 
-3.8882 -27.7854 
24.118 1.92 
4.61454 9.12471 
0.8554 -16.018 
-13.3174 -13.6827 
26.123 32.768 
-21.0122 21.9591 
23.11 16.8529 
3.91 -18.5568 
-4.924 22.152 
15.722 2.84 
1.48886 2.5916 
-13.6396 -14.1478 
-28.1341 -12.8652 
-6.6128 1.8532 
-11.006 -7.496 
25.986 23.11 
0.506 0.186 
2.88 -25.02 
0.8506 -12.1392 
-3.8882 -27.7854 
24.118 1.92 
4.61454 9.12471 
0.8554 -16.018 
-13.3174 -13.6827 
26.123 32.768 
---end
-21.0122 21.9591 
23.11 16.8529 
3.91 -18.5568 
-4.924 22.152 
15.722 2.84 
1.48886 2.5916 
-13.6396 -14.1478 
-28.1341 -12.8652 
-6.6128 1.8532 
-11.006 -7.496 
25.986 23.11 
0.506 0.186 
2.88 -25.02 
0.8506 -12.1392 
-3.8882 -27.7854 
24.118 1.92 
4.61454 9.12471 
0.8554 -16.018 
-13.3174 -13.6827 
26.123 32.768 
-21.0122 21.9591 
23.11 16.8529 
3.91 -18.5568 
-4.924 22.152 
15.722 2.84 
1.48886 2.5916 
-13.6396 -14.1478 
-28.1341 -12.8652 
-6.6128 1.8532 
-11.006 -7.496 
25.986 23.11 
0.506 0.186 
2.88 -25.02 
0.8506 -12.1392 
-3.8882 -27.7854 
24.118 1.92 
4.61454 9.12471 
0.8554 -16.018 
-13.3174 -13.6827 
26.123 32.768 
---end
-21.0122 21.9591 
23.11 16.8529 
3.91 -18.5568 
-4.924 22.152 
15.722 2.84 
1.48886 2.5916 
-13.6396 -14.1478 
-28.1341 -12.8652 
-6.6128 1.8532 
-11.006 -7.496 
25.986 23.11 
0.506 0.186 
2.88 -25.02 
0.8506 -12.1392 
-3.8882 -27.7854 
24.118 1.92 
4.61454 9.12471 
0.8554 -16.018 
-13.3174 -13.6827 
26.123 32.768 
-21.0122 21.9591 
23.11 16.8529 
3.91 -18.5568 
-4.924 22.152 
15.722 2.84 
1.48886 2.5916 
-13.6396 -14.1478 
-28.1341 -12.8652 
-6.6128 1.8532 
-11.006 -7.496 
25.986 23.11 
0.506 0.186 
2.88 -25.02 
0.8506 -12.1392 
-3.8882 -27.7854 
24.118 1.92 
4.61454 9.12471 
0.8554 -16.018 
-13.3174 -13.6827 
26.123 32.768 
---end
-21.0122 21.9591 
23.11 16.8529 
3.91 -18.5568 
-4.924 22.152 
15.722 2.84 
1.48886 2.5916 
-13.6396 -14.1478 
-28.1341 -12.8652 
-6.6128 1.8532 
-11.006 -7.496 
25.986 23.11 
0.506 0.186 
2.88 -25.02 
0.8506 -12.1392 
-3.8882 -27.7854 
24.118 1.92 
4.61454 9.12471 
0.8554 -16.018 
-13.3174 -13.6827 
26.123 32.768 
-21.0122 21.9591 
23.11 16.8529 
3.91 -18.5568 
-4.924 22.152 
15.722 2.84 
1.48886 2.5916 
-13.6396 -14.1478 
-28.1341 -12.8652 
-6.6128 1.8532 
-11.006 -7.496 
25.986 23.11 
0.506 0.186 
2.88 -25.02 
0.8506 -12.1392 
-3.8882 -27.7854 
24.118 1.92 
4.61454 9.12471 
0.8554 -16.018 
-13.3174 -13.6827 
26.123 32.768 
---end
-21.0122 21.9591 
23.11 16.8529 
3.91 -18.5568 
-4.924 22.152 
15.722 2.84 
1.48886 2.5916 
-13.6396 -14.1478 
-28.1341 -12.8652 
-6.6128 1.8532 
-11.006 -7.496 
25.986 23.11 
0.506 0.186 
2.88 -25.02 
0.8506 -12.1392 
-3.8882 -27.7854 
24.118 1.92 
4.61454 9.12471 
0.8554 -16.018 
-13.3174 -13.6827 
26.123 32.768 
-21.0122 21.9591 
23.11 16.8529 
3.91 -18.5568 
-4.924 22.152 
15.722 2.84 
1.48886 2.5916 
-13.6396 -14.1478 
-28.1341 -12.8652 
-6.6128 1.8532 
-11.006 -7.496 
25.986 23.11 
0.506 0.186 
2.88 -25.02 
0.8506 -12.1392 
-3.8882 -27.7854 
24.118 1.92 
4.61454 9.12471 
0.8554 -16.018 
-13.3174 -13.6827 
26.123 32.768 
---end
-21.0122 21.9591 
23.11 16.8529 
3.91 -18.5568 
-4.924 22.152 
15.722 2.84 
1.48886 2.5916 
-13.6396 -14.1478 
-28.1341 -12.8652 
-6.6128 1.8532 
-11.006 -7.496 
25.986 23.11 
0.506 0.186 
2.88 -25.02 
0.8506 -12.1392 
-3.8882 -27.7854 
24.118 1.92 
4.61454 9.12471 
0.8554 -16.018 
-13.3174 -13.6827 
26.123 32.768 
-21.0122 21.9591 
23.11 16.8529 
3.91 -18.5568 
-4.924 22.152 
15.722 2.84 
1.48886 2.5916 
-13.6396 -14.1478 
-28.1341 -12.8652 
-6.6128 1.8532 
-11.006 -7.496 
25.986 23.11 
0.506 0.186 
2.88 -25.02 
0.8506 -12.1392 
-3.8882 -27.7854 
24.118 1.92 
4.61454 9.12471 
0.8554 -16.018 
-13.3174 -13.6827 
26.123 32.768 
---end
-21.0122 21.9591 
23.11 16.8529 
3.91 -18.5568 
-4.924 22.152 
15.722 2.84 
1.48886 2.5916 
-13.6396 -14.1478 
-28.1341 -12.8652 
-6.6128 1.8532 
-11.006 -7.496 
25.986 23.11 
0.506 0.186 
2.88 -25.02 
0.8506 -12.1392 
-3.8882 -27.7854 
24.118 1.92 
4.61454 9.12471 
0.8554 -16.018 
-13.3174 -13.6827 
26.123 32.768 
-21.0122 21.9591 
23.11 16.8529 
3.91 -18.5568 
-4.924 22.152 
15.722 2.84 
1.48886 2.5916 
-13.6396 -14.1478 
-28.1341 -12.8652 
-6.6128 1.8532 
-11.006 -7.496 
25.986 23.11 
0.506 0.186 
2.88 -25.02 
0.8506 -12.1392 
-3.8882 -27.7854 
24.118 1.92 
4.61454 9.12471 
0.8554 -16.018 
-13.3174 -13.6827 
26.123 32.768 
---end
-21.0122 21.9591 
23.11 16.8529 
3.91 -18.5568 
-4.924 22.152 
15.722 2.84 
1.48886 2.5916 
-13.6396 -14.1478 
-28.1341 -12.8652 
-6.6128 1.8532 
-11.006 -7.496 
25.986 23.11 
0.506 0.186 
2.88 -25.02 
0.8506 -12.1392 
-3.8882 -27.7854 
24.118 1.92 
4.61454 9.12471 
0.8554 -16.018 
-13.3174 -13.6827 
26.123 32.768 
-21.0122 21.9591 
23.11 16.8529 
3.91 -18.5568 
-4.924 22.152 
15.722 2.84 
1.48886 2.5916 
-13.6396 -14.1478 
-28.1341 -12.8652 
-6.6128 1.8532 
-11.006 -7.496 
25.986 23.11 
0.506 0.186 
2.88 -25.02 
0.8506 -12.1392 
-3.8882 -27.7854 
24.118 1.92 
4.61454 9.12471 
0.8554 -16.018 
-13.3174 -13.6827 
26.123 32.768 
---end
-21.0122 21.9591 
23.11 16.8529 
3.91 -18.5568 
-4.924 22.152 
15.722 2.84 
1.48886 2.5916 
-13.6396 -14.1478 
-28.1341 -12.8652 
-6.6128 1.8532 
-11.006 -7.496 
25.986 23.11 
0.506 0.186 
2.88 -25.02 
0.8506 -12.1392 
-3.8882 -27.7854 
24.118 1.92 
4.61454 9.12471 
0.8554 -16.018 
-13.3174 -13.6827 
26.123 32.768 
-21.0122 21.9591 
23.11 16.8529 
3.91 -18.5568 
-4.924 22.152 
15.722 2.84 
1.48886 2.5916 
-13.6396 -14.1478 
-28.1341 -12.8652 
-6.6128 1.8532 
-11.006 -7.496 
25.986 23.11 
0.506 0.186 
2.88 -25.02 
0.8506 -12.1392 
-3.8882 -27.7854 
24.118 1.92 
4.61454 9.12471 
0.8554 -16.018 
-13.3174 -13.6827 
26.123 32.768 
---end
-21.0122 21.9591 
23.11 16.8529 
3.91 -18.5568 
-4.924 22.152 
15.722 2.84 
1.48886 2.5916 
-13.6396 -14.1478 
-28.1341 -12.8652 
-6.6128 1.8532 
-11.006 -7.496 
25.986 23.11 
0.506 0.186 
2.88 -25.02 
0.8506 -12.1392 
-3.8882 -27.7854 
24.118 1.92 
4.61454 9.12471 
0.8554 -16.018 
-13.3174 -13.6827 
26.123 32.768 
-21.0122 21.9591 
23.11 16.8529 
3.91 -18.5568 
-4.924 22.152 
15.722 2.84 
1.48886 2.5916 
-13.6396 -14.1478 
-28.1341 -12.8652 
-6.6128 1.8532 
-11.006 -7.496 
25.986 23.11 
0.506 0.186 
2.88 -25.02 
0.8506 -12.1392 
-3.8882 -27.7854 
24.118 1.92 
4.61454 9.12471 
0.8554 -16.018 
-13.3174 -13.6827 
26.123 32.768 
---end
-21.0122 21.9591 
23.11 16.8529 
3.91 -18.5568 
-4.924 22.152 
15.722 2.84 
1.48886 2.5916 
-13.6396 -14.1478 
-28.1341 -12.8652 
-6.6128 1.8532 
-11.006 -7.496 
25.986 23.11 
0.506 0.186 
2.88 -25.02 
0.8506 -12.1392 
-3.8882 -27.7854 
24.118 1.92 
4.61454 9.12471 
0.8554 -16.018 
-13.3174 -13.6827 
26.123 32.768 
-21.0122 21.9591 
23.11 16.8529 
3.91 -18.5568 
-4.924 22.152 
15.722 2.84 
1.48886 2.5916 
-13.6396 -14.1478 
-28.1341 -12.8652 
-6.6128 1.8532 
-11.006 -7.496 
25.986 23.11 
0.506 0.186 
2.88 -25.02 
0.8506 -12.1392 
-3.8882 -27.7854 
24.118 1.92 
4.61454 9.12471 
0.8554 -16.018 
-13.3174 -13.6827 
26.123 32.768 
---end
-21.0122 21.9591 
23.11 16.8529 
3.91 -18.5568 
-4.924 22.152 
15.722 2.84 
1.48886 2.5916 
-13.6396 -14.1478 
-28.1341 -12.8652 
-6.6128 1.8532 
-11.006 -7.496 
25.986 23.11 
0.506 0.186 
2.88 -25.02 
0.8506 -12.1392 
-3.8882 -27.7854 
24.118 1.92 
4.61454 9.12471 
0.8554 -16.018 
-13.3174 -13.6827 
26.123 32.768 
-21.0122 21.9591 
23.11 16.8529 
3.91 -18.5568 
-4.924 22.152 
15.722 2.84 
1.48886 2.5916 
-13.6396 -14.1478 
-28.1341 -12.8652 
-6.6128 1.8532 
-11.006 -7.496 
25.986 23.11 
0.506 0.186 
2.88 -25.02 
0.8506 -12.1392 
-3.8882 -27.7854 
24.118 1.92 
4.61454 9.12471 
0.8554 -16.018 
-13.3174 -13.6827 
26.123 32.768 
---end
-21.0122 21.9591 
23.11 16.8529 
3.91 -18.5568 
-4.924 22.152 
15.722 2.84 
1.48886 2.5916 
-13.6396 -14.1478 
-28.1341 -12.8652 
-6.6128 1.8532 
-11.006 -7.496 
25.986 23.11 
0.506 0.186 
2.88 -25.02 
0.8506 -12.1392 
-3.8882 -27.7854 
24.118 1.92 
4.61454 9.12471 
0.8554 -16.018 
-13.3174 -13.6827 
26.123 32.768 
-21.0122 21.9591 
23.11 16.8529 
3.91 -18.5568 
-4.924 22.152 
15.722 2.84 
1.48886 2.5916 
-13.6396 -14.1478 
-28.1341 -12.8652 
-6.6128 1.8532 
-11.006 -7.496 
25.986 23.11 
0.506 0.186 
2.88 -25.02 
0.8506 -12.1392 
-3.8882 -27.7854 
24.118 1.92 
4.61454 9.12471 
0.8554 -16.018 
-13.3174 -13.6827 
26.123 32.768 
---end
-21.0122 21.9591 
23.11 16.8529 
3.91 -18.5568 
-4.924 22.152 
15.722 2.84 
1.48886 2.5916 
-13.6396 -14.1478 
-28.1341 -12.8652 
-6.6128 1.8532 
-11.006 -7.496 
25.986 23.11 
0.506 0.186 
2.88 -25.02 
0.8506 -12.1392 
-3.8882 -27.7854 
24.118 1.92 
4.61454 9.12471 
0.8554 -16.018 
-13.3174 -13.6827 
26.123 32.768 
-21.0122 21.9591 
23.11 16.8529 
3.91 -18.5568 
-4.924 22.152 
15.722 2.84 
1.48886 2.5916 
-13.6396 -14.1478 
-28.1341 -12.8652 
-6.6128 1.8532 
-11.006 -7.496 
25.986 23.11 
0.506 0.186 
2.88 -25.02 
0.8506 -12.1392 
-3.8882 -27.7854 
24.118 1.92 
4.61454 9.12471 
0.8554 -16.018 
-13.3174 -13.6827 
26.123 32.768 
---end
-21.0122 21.9591 
23.11 16.8529 
3.91 -18.5568 
-4.924 22.152 
15.722 2.84 
1.48886 2.5916 
-13.6396 -14.1478 
-28.1341 -12.8652 
-6.6128 1.8532 
-11.006 -7.496 
25.986 23.11 
0.506 0.186 
2.88 -25.02 
0.8506 -12.1392 
-3.8882 -27.7854 
24.118 1.92 
4.61454 9.12471 
0.8554 -16.018 
-13.3174 -13.6827 
26.123 32.768 
-21.0122 21.9591 
23.11 16.8529 
3.91 -18.5568 
-4.924 22.152 
15.722 2.84 
1.48886 2.5916 
-13.6396 -14.1478 
-28.1341 -12.8652 
-6.6128 1.8532 
-11.006 -7.496 
25.986 23.11 
0.506 0.186 
2.88 -25.02 
0.8506 -12.1392 
-3.8882 -27.7854 
24.118 1.92 
4.61454 9.12471 
0.8554 -16.018 
-13.3174 -13.6827 
26.123 32.768 
---end
-21.0122 21.9591 
23.11 16.8529 
3.91 -18.5568 
-4.924 22.152 
15.722 2.84 
1.48886 2.5916 
-13.6396 -14.1478 
-28.1341 -12.8652 
-6.6128 1.8532 
-11.006 -7.496 
25.986 23.11 
0.506 0.186 
2.88 -25.02 
0.8506 -12.1392 
-3.8882 -27.7854 
24.118 1.92 
4.61454 9.12471 
0.8554 -16.018 
-13.3174 -13.6827 
26.123 32.768 
-21.0122 21.9591 
23.11 16.8529 
3.91 -18.5568 
-4.924 22.152 
15.722 2.84 
1.48886 2.5916 
-13.6396 -14.1478 
-28.1341 -12.8652 
-6.6128 1.8532 
-11.006 -7.496 
25.986 23.11 
0.506 0.186 
2.88 -25.02 
0.8506 -12.1392 
-3.8882 -27.7854 
24.118 1.92 
4.61454 9.12471 
0.8554 -16.018 
-13.3174 -13.6827 
26.123 32.768 
---end
-21.0122 21.9591 
23.11 16.8529 
3.91 -18.5568 
-4.924 22.152 
15.722 2.84 
1.48886 2.5916 
-13.6396 -14.1478 
-28.1341 -12.8652 
-6.6128 1.8532 
-11.006 -7.496 
25.986 23.11 
0.506 0.186 
2.88 -25.02 
0.8506 -12.1392 
-3.8882 -27.7854 
24.118 1.92 
4.61454 9.12471 
0.8554 -16.018 
-13.3174 -13.6827 
26.123 32.768 
-21.0122 21.9591 
23.11 16.8529 
3.91 -18.5568 
-4.924 22.152 
15.722 2.84 
1.48886 2.5916 
-13.6396 -14.1478 
-28.1341 -12.8652 
-6.6128 1.8532 
-11.006 -7.496 
25.986 23.11 
0.506 0.186 
2.88 -25.02 
0.8506 -12.1392 
-3.8882 -27.7854 
24.118 1.92 
4.61454 9.12471 
0.8554 -16.018 
-13.3174 -13.6827 
26.123 32.768 
---end
-21.0122 21.9591 
23.11 16.8529 
3.91 -18.5568 
-4.924 22.152 
15.722 2.84 
1.48886 2.5916 
-13.6396 -14.1478 
-28.1341 -12.8652 
-6.6128 1.8532 
-11.006 -7.496 
25.986 23.11 
0.506 0.186 
2.88 -25.02 
0.8506 -12.1392 
-3.8882 -27.7854 
24.118 1.92 
4.61454 9.12471 
0.8554 -16.018 
-13.3174 -13.6827 
26.123 32.768 
-21.0122 21.9591 
23.11 16.8529 
3.91 -18.5568 
-4.924 22.152 
15.722 2.84 
1.48886 2.5916 
-13.6396 -14.1478 
-28.1341 -12.8652 
-6.6128 1.8532 
-11.006 -7.496 
25.986 23.11 
0.506 0.186 
2.88 -25.02 
0.8506 -12.1392 
-3.8882 -27.7854 
24.118 1.92 
4.61454 9.12471 
0.8554 -16.018 
-13.3174 -13.6827 
26.123 32.768 
---end
-21.0122 21.9591 
23.11 16.8529 
3.91 -18.5568 
-4.924 22.152 
15.722 2.84 
1.48886 2.5916 
-13.6396 -14.1478 
-28.1341 -12.8652 
-6.6128 1.8532 
-11.006 -7.496 
25.986 23.11 
0.506 0.186 
2.88 -25.02 
0.8506 -12.1392 
-3.8882 -27.7854 
24.118 1.92 
4.61454 9.12471 
0.8554 -16.018 
-13.3174 -13.6827 
26.123 32.768 
-21.0122 21.9591 
23.11 16.8529 
3.91 -18.5568 
-4.924 22.152 
15.722 2.84 
1.48886 2.5916 
-13.6396 -14.1478 
-28.1341 -12.8652 
-6.6128 1.8532 
-11.006 -7.496 
25.986 23.11 
0.506 0.186 
2.88 -25.02 
0.8506 -12.1392 
-3.8882 -27.7854 
24.118 1.92 
4.61454 9.12471 
0.8554 -16.018 
-13.3174 -13.6827 
26.123 32.768 
---end
-21.0122 21.9591 
23.11 16.8529 
3.91 -18.5568 
-4.924 22.152 
15.722 2.84 
1.48886 2.5916 
-13.6396 -14.1478 
-28.1341 -12.8652 
-6.6128 1.8532 
-11.006 -7.496 
25.986 23.11 
0.506 0.186 
2.88 -25.02 
0.8506 -12.1392 
-3.8882 -27.7854 
24.118 1.92 
4.61454 9.12471 
0.8554 -16.018 
-13.3174 -13.6827 
26.123 32.768 
-21.0122 21.9591 
23.11 16.8529 
3.91 -18.5568 
-4.924 22.152 
15.722 2.84 
1.48886 2.5916 
-13.6396 -14.1478 
-28.1341 -12.8652 
-6.6128 1.8532 
-11.006 -7.496 
25.986 23.11 
0.506 0.186 
2.88 -25.02 
0.8506 -12.1392 
-3.8882 -27.7854 
24.118 1.92 
4.61454 9.12471 
0.8554 -16.018 
-13.3174 -13.6827 
26.123 32.768 
---end
-21.0122 21.9591 
23.11 16.8529 
3.91 -18.5568 
-4.924 22.152 
15.722 2.84 
1.48886 2.5916 
-13.6396 -14.1478 
-28.1341 -12.8652 
-6.6128 1.8532 
-11.006 -7.496 
25.986 23.11 
0.506 0.186 
2.88 -25.02 
0.8506 -12.1392 
-3.8882 -27.7854 
24.118 1.92 
4.61454 9.12471 
0.8554 -16.018 
-13.3174 -13.6827 
26.123 32.768 
-21.0122 21.9591 
23.11 16.8529 
3.91 -18.5568 
-4.924 22.152 
15.722 2.84 
1.48886 2.5916 
-13.6396 -14.1478 
-28.1341 -12.8652 
-6.6128 1.8532 
-11.006 -7.496 
25.986 23.11 
0.506 0.186 
2.88 -25.02 
0.8506 -12.1392 
-3.8882 -27.7854 
24.118 1.92 
4.61454 9.12471 
0.8554 -16.018 
-13.3174 -13.6827 
26.123 32.768 
---end
-21.0122 21.9591 
23.11 16.8529 
3.91 -18.5568 
-4.924 22.152 
15.722 2.84 
1.48886 2.5916 
-13.6396 -14.1478 
-28.1341 -12.8652 
-6.6128 1.8532 
-11.006 -7.496 
25.986 23.11 
0.506 0.186 
2.88 -25.02 
0.8506 -12.1392 
-3.8882 -27.7854 
24.118 1.92 
4.61454 9.12471 
0.8554 -16.018 
-13.3174 -13.6827 
26.123 32.768 
-21.0122 21.9591 
23.11 16.8529 
3.91 -18.5568 
-4.924 22.152 
15.722 2.84 
1.48886 2.5916 
-13.6396 -14.1478 
-28.1341 -12.8652 
-6.6128 1.8532 
-11.006 -7.496 
25.986 23.11 
0.506 0.186 
2.88 -25.02 
0.8506 -12.1392 
-3.8882 -27.7854 
24.118 1.92 
4.61454 9.12471 
0.8554 -16.018 
-13.3174 -13.6827 
26.123 32.768 
---end
-21.0122 21.9591 
23.11 16.8529 
3.91 -18.5568 
-4.924 22.152 
15.722 2.84 
1.48886 2.5916 
-13.6396 -14.1478 
-28.1341 -12.8652 
-6.6128 1.8532 
-11.006 -7.496 
25.986 23.11 
0.506 0.186 
2.88 -25.02 
0.8506 -12.1392 
-3.8882 -27.7854 
24.118 1.92 
4.61454 9.12471 
0.8554 -16.018 
-13.3174 -13.6827 
26.123 32.768 
-21.0122 21.9591 
23.11 16.8529 
3.91 -18.5568 
-4.924 22.152 
15.722 2.84 
1.48886 2.5916 
-13.6396 -14.1478 
-28.1341 -12.8652 
-6.6128 1.8532 
-11.006 -7.496 
25.986 23.11 
0.506 0.186 
2.88 -25.02 
0.8506 -12.1392 
-3.8882 -27.7854 
24.118 1.92 
4.61454 9.12471 
0.8554 -16.018 
-13.3174 -13.6827 
26.123 32.768 
---end
-21.0122 21.9591 
23.11 16.8529 
3.91 -18.5568 
-4.924 22.152 
15.722 2.84 
1.48886 2.5916 
-13.6396 -14.1478 
-28.1341 -12.8652 
-6.6128 1.8532 
-11.006 -7.496 
25.986 23.11 
0.506 0.186 
2.88 -25.02 
0.8506 -12.1392 
-3.8882 -27.7854 
24.118 1.92 
4.61454 9.12471 
0.8554 -16.018 
-13.3174 -13.6827 
26.123 32.768 
-21.0122 21.9591 
23.11 16.8529 
3.91 -18.5568 
-4.924 22.152 
15.722 2.84 
1.48886 2.5916 
-13.6396 -14.1478 
-28.1341 -12.8652 
-6.6128 1.8532 
-11.006 -7.496 
25.986 23.11 
0.506 0.186 
2.88 -25.02 
0.8506 -12.1392 
-3.8882 -27.7854 
24.118 1.92 
4.61454 9.12471 
0.8554 -16.018 
-13.3174 -13.6827 
26.123 32.768 
---end
-21.0122 21.9591 
23.11 16.8529 
3.91 -18.5568 
-4.924 22.152 
15.722 2.84 
1.48886 2.5916 
-13.6396 -14.1478 
-28.1341 -12.8652 
-6.6128 1.8532 
-11.006 -7.496 
25.986 23.11 
0.506 0.186 
2.88 -25.02 
0.8506 -12.1392 
-3.8882 -27.7854 
24.118 1.92 
4.61454 9.12471 
0.8554 -16.018 
-13.3174 -13.6827 
26.123 32.768 
-21.0122 21.9591 
23.11 16.8529 
3.91 -18.5568 
-4.924 22.152 
15.722 2.84 
1.48886 2.5916 
-13.6396 -14.1478 
-28.1341 -12.8652 
-6.6128 1.8532 
-11.006 -7.496 
25.986 23.11 
0.506 0.186 
2.88 -25.02 
0.8506 -12.1392 
-3.8882 -27.7854 
24.118 1.92 
4.61454 9.12471 
0.8554 -16.018 
-13.3174 -13.6827 
26.123 32.768 
---end
-21.0122 21.9591 
23.11 16.8529 
3.91 -18.5568 
-4.924 22.152 
15.722 2.84 
1.48886 2.5916 
-13.6396 -14.1478 
-28.1341 -12.8652 
-6.6128 1.8532 
-11.006 -7.496 
25.986 23.11 
0.506 0.186 
2.88 -25.02 
0.8506 -12.1392 
-3.8882 -27.7854 
24.118 1.92 
4.61454 9.12471 
0.8554 -16.018 
-13.3174 -13.6827 
26.123 32.768 
-21.0122 21.9591 
23.11 16.8529 
3.91 -18.5568 
-4.924 22.152 
15.722 2.84 
1.48886 2.5916 
-13.6396 -14.1478 
-28.1341 -12.8652 
-6.6128 1.8532 
-11.006 -7.496 
25.986 23.11 
0.506 0.186 
2.88 -25.02 
0.8506 -12.1392 
-3.8882 -27.7854 
24.118 1.92 
4.61454 9.12471 
0.8554 -16.018 
-13.3174 -13.6827 
26.123 32.768 
---end
-21.0122 21.9591 
23.11 16.8529 
3.91 -18.5568 
-4.924 22.152 
15.722 2.84 
1.48886 2.5916 
-13.6396 -14.1478 
-28.1341 -12.8652 
-6.6128 1.8532 
-11.006 -7.496 
25.986 23.11 
0.506 0.186 
2.88 -25.02 
0.8506 -12.1392 
-3.8882 -27.7854 
24.118 1.92 
4.61454 9.12471 
0.8554 -16.018 
-13.3174 -13.6827 
26.123 32.768 
-21.0122 21.9591 
23.11 16.8529 
3.91 -18.5568 
-4.924 22.152 
15.722 2.84 
1.48886 2.5916 
-13.6396 -14.1478 
-28.1341 -12.8652 
-6.6128 1.8532 
-11.006 -7.496 
25.986 23.11 
0.506 0.186 
2.88 -25.02 
0.8506 -12.1392 
-3.8882 -27.7854 
24.118 1.92 
4.61454 9.12471 
0.8554 -16.018 
-13.3174 -13.6827 
26.123 32.768 
---end
-21.0122 21.9591 
23.11 16.8529 
3.91 -18.5568 
-4.924 22.152 
15.722 2.84 
1.48886 2.5916 
-13.6396 -14.1478 
-28.1341 -12.8652 
-6.6128 1.8532 
-11.006 -7.496 
25.986 23.11 
0.506 0.186 
2.88 -25.02 
0.8506 -12.1392 
-3.8882 -27.7854 
24.118 1.92 
4.61454 9.12471 
0.8554 -16.018 
-13.3174 -13.6827 
26.123 32.768 
-21.0122 21.9591 
23.11 16.8529 
3.91 -18.5568 
-4.924 22.152 
15.722 2.84 
1.48886 2.5916 
-13.6396 -14.1478 
-28.1341 -12.8652 
-6.6128 1.8532 
-11.006 -7.496 
25.986 23.11 
0.506 0.186 
2.88 -25.02 
0.8506 -12.1392 
-3.8882 -27.7854 
24.118 1.92 
4.61454 9.12471 
0.8554 -16.018 
-13.3174 -13.6827 
26.123 32.768 
---end
-21.0122 21.9591 
23.11 16.8529 
3.91 -18.5568 
-4.924 22.152 
15.722 2.84 
1.48886 2.5916 
-13.6396 -14.1478 
-28.1341 -12.8652 
-6.6128 1.8532 
-11.006 -7.496 
25.986 23.11 
0.506 0.186 
2.88 -25.02 
0.8506 -12.1392 
-3.8882 -27.7854 
24.118 1.92 
4.61454 9.12471 
0.8554 -16.018 
-13.3174 -13.6827 
26.123 32.768 
-21.0122 21.9591 
23.11 16.8529 
3.91 -18.5568 
-4.924 22.152 
15.722 2.84 
1.48886 2.5916 
-13.6396 -14.1478 
-28.1341 -12.8652 
-6.6128 1.8532 
-11.006 -7.496 
25.986 23.11 
0.506 0.186 
2.88 -25.02 
0.8506 -12.1392 
-3.8882 -27.7854 
24.118 1.92 
4.61454 9.12471 
0.8554 -16.018 
-13.3174 -13.6827 
26.123 32.768 
---end
-21.0122 21.9591 
23.11 16.8529 
3.91 -18.5568 
-4.924 22.152 
15.722 2.84 
1.48886 2.5916 
-13.6396 -14.1478 
-28.1341 -12.8652 
-6.6128 1.8532 
-11.006 -7.496 
25.986 23.11 
0.506 0.186 
2.88 -25.02 
0.8506 -12.1392 
-3.8882 -27.7854 
24.118 1.92 
4.61454 9.12471 
0.8554 -16.018 
-13.3174 -13.6827 
26.123 32.768 
-21.0122 21.9591 
23.11 16.8529 
3.91 -18.5568 
-4.924 22.152 
15.722 2.84 
1.48886 2.5916 
-13.6396 -14.1478 
-28.1341 -12.8652 
-6.6128 1.8532 
-11.006 -7.496 
25.986 23.11 
0.506 0.186 
2.88 -25.02 
0.8506 -12.1392 
-3.8882 -27.7854 
24.118 1.92 
4.61454 9.12471 
0.8554 -16.018 
-13.3174 -13.6827 
26.123 32.768 
---end
-21.0122 21.9591 
23.11 16.8529 
3.91 -18.5568 
-4.924 22.152 
15.722 2.84 
1.48886 2.5916 
-13.6396 -14.1478 
-28.1341 -12.8652 
-6.6128 1.8532 
-11.006 -7.496 
25.986 23.11 
0.506 0.186 
2.88 -25.02 
0.8506 -12.1392 
-3.8882 -27.7854 
24.118 1.92 
4.61454 9.12471 
0.8554 -16.018 
-13.3174 -13.6827 
26.123 32.768 
-21.0122 21.9591 
23.11 16.8529 
3.91 -18.5568 
-4.924 22.152 
15.722 2.84 
1.48886 2.5916 
-13.6396 -14.1478 
-28.1341 -12.8652 
-6.6128 1.8532 
-11.006 -7.496 
25.986 23.11 
0.506 0.186 
2.88 -25.02 
0.8506 -12.1392 
-3.8882 -27.7854 
24.118 1.92 
4.61454 9.12471 
0.8554 -16.018 
-13.3174 -13.6827 
26.123 32.768 
---end
-21.0122 21.9591 
23.11 16.8529 
3.91 -18.5568 
-4.924 22.152 
15.722 2.84 
1.48886 2.5916 
-13.6396 -14.1478 
-28.1341 -12.8652 
-6.6128 1.8532 
-11.006 -7.496 
25.986 23.11 
0.506 0.186 
2.88 -25.02 
0.8506 -12.1392 
-3.8882 -27.7854 
24.118 1.92 
4.61454 9.12471 
0.8554 -16.018 
-13.3174 -13.6827 
26.123 32.768 
-21.0122 21.9591 
23.11 16.8529 
3.91 -18.5568 
-4.924 22.152 
15.722 2.84 
1.48886 2.5916 
-13.6396 -14.1478 
-28.1341 -12.8652 
-6.6128 1.8532 
-11.006 -7.496 
25.986 23.11 
0.506 0.186 
2.88 -25.02 
0.8506 -12.1392 
-3.8882 -27.7854 
24.118 1.92 
4.61454 9.12471 
0.8554 -16.018 
-13.3174 -13.6827 
26.123 32.768 
---end
-21.0122 21.9591 
23.11 16.8529 
3.91 -18.5568 
-4.924 22.152 
15.722 2.84 
1.48886 2.5916 
-13.6396 -14.1478 
-28.1341 -12.8652 
-6.6128 1.8532 
-11.006 -7.496 
25.986 23.11 
0.506 0.186 
2.88 -25.02 
0.8506 -12.1392 
-3.8882 -27.7854 
24.118 1.92 
4.61454 9.12471 
0.8554 -16.018 
-13.3174 -13.6827 
26.123 32.768 
-21.0122 21.9591 
23.11 16.8529 
3.91 -18.5568 
-4.924 22.152 
15.722 2.84 
1.48886 2.5916 
-13.6396 -14.1478 
-28.1341 -12.8652 
-6.6128 1.8532 
-11.006 -7.496 
25.986 23.11 
0.506 0.186 
2.88 -25.02 
0.8506 -12.1392 
-3.8882 -27.7854 
24.118 1.92 
4.61454 9.12471 
0.8554 -16.018 
-13.3174 -13.6827 
26.123 32.768 
---end
-21.0122 21.9591 
23.11 16.8529 
3.91 -18.5568 
-4.924 22.152 
15.722 2.84 
1.48886 2.5916 
-13.6396 -14.1478 
-28.1341 -12.8652 
-6.6128 1.8532 
-11.006 -7.496 
25.986 23.11 
0.506 0.186 
2.88 -25.02 
0.8506 -12.1392 
-3.8882 -27.7854 
24.118 1.92 
4.61454 9.12471 
0.8554 -16.018 
-13.3174 -13.6827 
26.123 32.768 
-21.0122 21.9591 
23.11 16.8529 
3.91 -18.5568 
-4.924 22.152 
15.722 2.84 
1.48886 2.5916 
-13.6396 -14.1478 
-28.1341 -12.8652 
-6.6128 1.8532 
-11.006 -7.496 
25.986 23.11 
0.506 0.186 
2.88 -25.02 
0.8506 -12.1392 
-3.8882 -27.7854 
24.118 1.92 
4.61454 9.12471 
0.8554 -16.018 
-13.3174 -13.6827 
26.123 32.768 
---end
-21.0122 21.9591 
23.11 16.8529 
3.91 -18.5568 
-4.924 22.152 
15.722 2.84 
1.48886 2.5916 
-13.6396 -14.1478 
-28.1341 -12.8652 
-6.6128 1.8532 
-11.006 -7.496 
25.986 23.11 
0.506 0.186 
2.88 -25.02 
0.8506 -12.1392 
-3.8882 -27.7854 
24.118 1.92 
4.61454 9.12471 
0.8554 -16.018 
-13.3174 -13.6827 
26.123 32.768 
-21.0122 21.9591 
23.11 16.8529 
3.91 -18.5568 
-4.924 22.152 
15.722 2.84 
1.48886 2.5916 
-13.6396 -14.1478 
-28.1341 -12.8652 
-6.6128 1.8532 
-11.006 -7.496 
25.986 23.11 
0.506 0.186 
2.88 -25.02 
0.8506 -12.1392 
-3.8882 -27.7854 
24.118 1.92 
4.61454 9.12471 
0.8554 -16.018 
-13.3174 -13.6827 
26.123 32.768 
---end
-21.0122 21.9591 
23.11 16.8529 
3.91 -18.5568 
-4.924 22.152 
15.722 2.84 
1.48886 2.5916 
-13.6396 -14.1478 
-28.1341 -12.8652 
-6.6128 1.8532 
-11.006 -7.496 
25.986 23.11 
0.506 0.186 
2.88 -25.02 
0.8506 -12.1392 
-3.8882 -27.7854 
24.118 1.92 
4.61454 9.12471 
0.8554 -16.018 
-13.3174 -13.6827 
26.123 32.768 
-21.0122 21.9591 
23.11 16.8529 
3.91 -18.5568 
-4.924 22.152 
15.722 2.84 
1.48886 2.5916 
-13.6396 -14.1478 
-28.1341 -12.8652 
-6.6128 1.8532 
-11.006 -7.496 
25.986 23.11 
0.506 0.186 
2.88 -25.02 
0.8506 -12.1392 
-3.8882 -27.7854 
24.118 1.92 
4.61454 9.12471 
0.8554 -16.018 
-13.3174 -13.6827 
26.123 32.768 
---end
-21.0122 21.9591 
23.11 16.8529 
3.91 -18.5568 
-4.924 22.152 
15.722 2.84 
1.48886 2.5916 
-13.6396 -14.1478 
-28.1341 -12.8652 
-6.6128 1.8532 
-11.006 -7.496 
25.986 23.11 
0.506 0.186 
2.88 -25.02 
0.8506 -12.1392 
-3.8882 -27.7854 
24.118 1.92 
4.61454 9.12471 
0.8554 -16.018 
-13.3174 -13.6827 
26.123 32.768 
-21.0122 21.9591 
23.11 16.8529 
3.91 -18.5568 
-4.924 22.152 
15.722 2.84 
1.48886 2.5916 
-13.6396 -14.1478 
-28.1341 -12.8652 
-6.6128 1.8532 
-11.006 -7.496 
25.986 23.11 
0.506 0.186 
2.88 -25.02 
0.8506 -12.1392 
-3.8882 -27.7854 
24.118 1.92 
4.61454 9.12471 
0.8554 -16.018 
-13.3174 -13.6827 
26.123 32.768 
---end
-21.0122 21.9591 
23.11 16.8529 
3.91 -18.5568 
-4.924 22.152 
15.722 2.84 
1.48886 2.5916 
-13.6396 -14.1478 
-28.1341 -12.8652 
-6.6128 1.8532 
-11.006 -7.496 
25.986 23.11 
0.506 0.186 
2.88 -25.02 
0.8506 -12.1392 
-3.8882 -27.7854 
24.118 1.92 
4.61454 9.12471 
0.8554 -16.018 
-13.3174 -13.6827 
26.123 32.768 
-21.0122 21.9591 
23.11 16.8529 
3.91 -18.5568 
-4.924 22.152 
15.722 2.84 
1.48886 2.5916 
-13.6396 -14.1478 
-28.1341 -12.8652 
-6.6128 1.8532 
-11.006 -7.496 
25.986 23.11 
0.506 0.186 
2.88 -25.02 
0.8506 -12.1392 
-3.8882 -27.7854 
24.118 1.92 
4.61454 9.12471 
0.8554 -16.018 
-13.3174 -13.6827 
26.123 32.768 
---end
-21.0122 21.9591 
23.11 16.8529 
3.91 -18.5568 
-4.924 22.152 
15.722 2.84 
1.48886 2.5916 
-13.6396 -14.1478 
-28.1341 -12.8652 
-6.6128 1.8532 
-11.006 -7.496 
25.986 23.11 
0.506 0.186 
2.88 -25.02 
0.8506 -12.1392 
-3.8882 -27.7854 
24.118 1.92 
4.61454 9.12471 
0.8554 -16.018 
-13.3174 -13.6827 
26.123 32.768 
-21.0122 21.9591 
23.11 16.8529 
3.91 -18.5568 
-4.924 22.152 
15.722 2.84 
1.48886 2.5916 
-13.6396 -14.1478 
-28.1341 -12.8652 
-6.6128 1.8532 
-11.006 -7.496 
25.986 23.11 
0.506 0.186 
2.88 -25.02 
0.8506 -12.1392 
-3.8882 -27.7854 
24.118 1.92 
4.61454 9.12471 
0.8554 -16.018 
-13.3174 -13.6827 
26.123 32.768 
---end
-21.0122 21.9591 
23.11 16.8529 
3.91 -18.5568 
-4.924 22.152 
15.722 2.84 
1.48886 2.5916 
-13.6396 -14.1478 
-28.1341 -12.8652 
-6.6128 1.8532 
-11.006 -7.496 
25.986 23.11 
0.506 0.186 
2.88 -25.02 
0.8506 -12.1392 
-3.8882 -27.7854 
24.118 1.92 
4.61454 9.12471 
0.8554 -16.018 
-13.3174 -13.6827 
26.123 32.768 
-21.0122 21.9591 
23.11 16.8529 
3.91 -18.5568 
-4.924 22.152 
15.722 2.84 
1.48886 2.5916 
-13.6396 -14.1478 
-28.1341 -12.8652 
-6.6128 1.8532 
-11.006 -7.496 
25.986 23.11 
0.506 0.186 
2.88 -25.02 
0.8506 -12.1392 
-3.8882 -27.7854 
24.118 1.92 
4.61454 9.12471 
0.8554 -16.018 
-13.3174 -13.6827 
26.123 32.768 
---end
-21.0122 21.9591 
23.11 16.8529 
3.91 -18.5568 
-4.924 22.152 
15.722 2.84 
1.48886 2.5916 
-13.6396 -14.1478 
-28.1341 -12.8652 
-6.6128 1.8532 
-11.006 -7.496 
25.986 23.11 
0.506 0.186 
2.88 -25.02 
0.8506 -12.1392 
-3.8882 -27.7854 
24.118 1.92 
4.61454 9.12471 
0.8554 -16.018 
-13.3174 -13.6827 
26.123 32.768 
-21.0122 21.9591 
23.11 16.8529 
3.91 -18.5568 
-4.924 22.152 
15.722 2.84 
1.48886 2.5916 
-13.6396 -14.1478 
-28.1341 -12.8652 
-6.6128 1.8532 
-11.006 -7.496 
25.986 23.11 
0.506 0.186 
2.88 -25.02 
0.8506 -12.1392 
-3.8882 -27.7854 
24.118 1.92 
4.61454 9.12471 
0.8554 -16.018 
-13.3174 -13.6827 
26.123 32.768 
---end
-21.0122 21.9591 
23.11 16.8529 
3.91 -18.5568 
-4.924 22.152 
15.722 2.84 
1.48886 2.5916 
-13.6396 -14.1478 
-28.1341 -12.8652 
-6.6128 1.8532 
-11.006 -7.496 
25.986 23.11 
0.506 0.186 
2.88 -25.02 
0.8506 -12.1392 
-3.8882 -27.7854 
24.118 1.92 
4.61454 9.12471 
0.8554 -16.018 
-13.3174 -13.6827 
26.123 32.768 
-21.0122 21.9591 
23.11 16.8529 
3.91 -18.5568 
-4.924 22.152 
15.722 2.84 
1.48886 2.5916 
-13.6396 -14.1478 
-28.1341 -12.8652 
-6.6128 1.8532 
-11.006 -7.496 
25.986 23.11 
0.506 0.186 
2.88 -25.02 
0.8506 -12.1392 
-3.8882 -27.7854 
24.118 1.92 
4.61454 9.12471 
0.8554 -16.018 
-13.3174 -13.6827 
26.123 32.768 
---end
-21.0122 21.9591 
23.11 16.8529 
3.91 -18.5568 
-4.924 22.152 
15.722 2.84 
1.48886 2.5916 
-13.6396 -14.1478 
-28.1341 -12.8652 
-6.6128 1.8532 
-11.006 -7.496 
25.986 23.11 
0.506 0.186 
2.88 -25.02 
0.8506 -12.1392 
-3.8882 -27.7854 
24.118 1.92 
4.61454 9.12471 
0.8554 -16.018 
-13.3174 -13.6827 
26.123 32.768 
-21.0122 21.9591 
23.11 16.8529 
3.91 -18.5568 
-4.924 22.152 
15.722 2.84 
1.48886 2.5916 
-13.6396 -14.1478 
-28.1341 -12.8652 
-6.6128 1.8532 
-11.006 -7.496 
25.986 23.11 
0.506 0.186 
2.88 -25.02 
0.8506 -12.1392 
-3.8882 -27.7854 
24.118 1.92 
4.61454 9.12471 
0.8554 -16.018 
-13.3174 -13.6827 
26.123 32.768 
---end
-21.0122 21.9591 
23.11 16.8529 
3.91 -18.5568 
-4.924 22.152 
15.722 2.84 
1.48886 2.5916 
-13.6396 -14.1478 
-28.1341 -12.8652 
-6.6128 1.8532 
-11.006 -7.496 
25.986 23.11 
0.506 0.186 
2.88 -25.02 
0.8506 -12.1392 
-3.8882 -27.7854 
24.118 1.92 
4.61454 9.12471 
0.8554 -16.018 
-13.3174 -13.6827 
26.123 32.768 
-21.0122 21.9591 
23.11 16.8529 
3.91 -18.5568 
-4.924 22.152 
15.722 2.84 
1.48886 2.5916 
-13.6396 -14.1478 
-28.1341 -12.8652 
-6.6128 1.8532 
-11.006 -7.496 
25.986 23.11 
0.506 0.186 
2.88 -25.02 
0.8506 -12.1392 
-3.8882 -27.7854 
24.118 1.92 
4.61454 9.12471 
0.8554 -16.018 
-13.3174 -13.6827 
26.123 32.768 
---end
-21.0122 21.9591 
23.11 16.8529 
3.91 -18.5568 
-4.924 22.152 
15.722 2.84 
1.48886 2.5916 
-13.6396 -14.1478 
-28.1341 -12.8652 
-6.6128 1.8532 
-11.006 -7.496 
25.986 23.11 
0.506 0.186 
2.88 -25.02 
0.8506 -12.1392 
-3.8882 -27.7854 
24.118 1.92 
4.61454 9.12471 
0.8554 -16.018 
-13.3174 -13.6827 
26.123 32.768 
-21.0122 21.9591 
23.11 16.8529 
3.91 -18.5568 
-4.924 22.152 
15.722 2.84 
1.48886 2.5916 
-13.6396 -14.1478 
-28.1341 -12.8652 
-6.6128 1.8532 
-11.006 -7.496 
25.986 23.11 
0.506 0.186 
2.88 -25.02 
0.8506 -12.1392 
-3.8882 -27.7854 
24.118 1.92 
4.61454 9.12471 
0.8554 -16.018 
-13.3174 -13.6827 
26.123 32.768 
---end
-21.0122 21.9591 
23.11 16.8529 
3.91 -18.5568 
-4.924 22.152 
15.722 2.84 
1.48886 2.5916 
-13.6396 -14.1478 
-28.1341 -12.8652 
-6.6128 1.8532 
-11.006 -7.496 
25.986 23.11 
0.506 0.186 
2.88 -25.02 
0.8506 -12.1392 
-3.8882 -27.7854 
24.118 1.92 
4.61454 9.12471 
0.8554 -16.018 
-13.3174 -13.6827 
26.123 32.768 
-21.0122 21.9591 
23.11 16.8529 
3.91 -18.5568 
-4.924 22.152 
15.722 2.84 
1.48886 2.5916 
-13.6396 -14.1478 
-28.1341 -12.8652 
-6.6128 1.8532 
-11.006 -7.496 
25.986 23.11 
0.506 0.186 
2.88 -25.02 
0.8506 -12.1392 
-3.8882 -27.7854 
24.118 1.92 
4.61454 9.12471 
0.8554 -16.018 
-13.3174 -13.6827 
26.123 32.768 
---end
-21.0122 21.9591 
23.11 16.8529 
3.91 -18.5568 
-4.924 22.152 
15.722 2.84 
1.48886 2.5916 
-13.6396 -14.1478 
-28.1341 -12.8652 
-6.6128 1.8532 
-11.006 -7.496 
25.986 23.11 
0.506 0.186 
2.88 -25.02 
0.8506 -12.1392 
-3.8882 -27.7854 
24.118 1.92 
4.61454 9.12471 
0.8554 -16.018 
-13.3174 -13.6827 
26.123 32.768 
-21.0122 21.9591 
23.11 16.8529 
3.91 -18.5568 
-4.924 22.152 
15.722 2.84 
1.48886 2.5916 
-13.6396 -14.1478 
-28.1341 -12.8652 
-6.6128 1.8532 
-11.006 -7.496 
25.986 23.11 
0.506 0.186 
2.88 -25.02 
0.8506 -12.1392 
-3.8882 -27.7854 
24.118 1.92 
4.61454 9.12471 
0.8554 -16.018 
-13.3174 -13.6827 
26.123 32.768 
---end
-21.0122 21.9591 
23.11 16.8529 
3.91 -18.5568 
-4.924 22.152 
15.722 2.84 
1.48886 2.5916 
-13.6396 -14.1478 
-28.1341 -12.8652 
-6.6128 1.8532 
-11.006 -7.496 
25.986 23.11 
0.506 0.186 
2.88 -25.02 
0.8506 -12.1392 
-3.8882 -27.7854 
24.118 1.92 
4.61454 9.12471 
0.8554 -16.018 
-13.3174 -13.6827 
26.123 32.768 
-21.0122 21.9591 
23.11 16.8529 
3.91 -18.5568 
-4.924 22.152 
15.722 2.84 
1.48886 2.5916 
-13.6396 -14.1478 
-28.1341 -12.8652 
-6.6128 1.8532 
-11.006 -7.496 
25.986 23.11 
0.506 0.186 
2.88 -25.02 
0.8506 -12.1392 
-3.8882 -27.7854 
24.118 1.92 
4.61454 9.12471 
0.8554 -16.018 
-13.3174 -13.6827 
26.123 32.768 
---end
-21.0122 21.9591 
23.11 16.8529 
3.91 -18.5568 
-4.924 22.152 
15.722 2.84 
1.48886 2.5916 
-13.6396 -14.1478 
-28.1341 -12.8652 
-6.6128 1.8532 
-11.006 -7.496 
25.986 23.11 
0.506 0.186 
2.88 -25.02 
0.8506 -12.1392 
-3.8882 -27.7854 
24.118 1.92 
4.61454 9.12471 
0.8554 -16.018 
-13.3174 -13.6827 
26.123 32.768 
-21.0122 21.9591 
23.11 16.8529 
3.91 -18.5568 
-4.924 22.152 
15.722 2.84 
1.48886 2.5916 
-13.6396 -14.1478 
-28.1341 -12.8652 
-6.6128 1.8532 
-11.006 -7.496 
25.986 23.11 
0.506 0.186 
2.88 -25.02 
0.8506 -12.1392 
-3.8882 -27.7854 
24.118 1.92 
4.61454 9.12471 
0.8554 -16.018 
-13.3174 -13.6827 
26.123 32.768 
---end
-21.0122 21.9591 
23.11 16.8529 
3.91 -18.5568 
-4.924 22.152 
15.722 2.84 
1.48886 2.5916 
-13.6396 -14.1478 
-28.1341 -12.8652 
-6.6128 1.8532 
-11.006 -7.496 
25.986 23.11 
0.506 0.186 
2.88 -25.02 
0.8506 -12.1392 
-3.8882 -27.7854 
24.118 1.92 
4.61454 9.12471 
0.8554 -16.018 
-13.3174 -13.6827 
26.123 32.768 
-21.0122 21.9591 
23.11 16.8529 
3.91 -18.5568 
-4.924 22.152 
15.722 2.84 
1.48886 2.5916 
-13.6396 -14.1478 
-28.1341 -12.8652 
-6.6128 1.8532 
-11.006 -7.496 
25.986 23.11 
0.506 0.186 
2.88 -25.02 
0.8506 -12.1392 
-3.8882 -27.7854 
24.118 1.92 
4.61454 9.12471 
0.8554 -16.018 
-13.3174 -13.6827 
26.123 32.768 
---end
-21.0122 21.9591 
23.11 16.8529 
3.91 -18.5568 
-4.924 22.152 
15.722 2.84 
1.48886 2.5916 
-13.6396 -14.1478 
-28.1341 -12.8652 
-6.6128 1.8532 
-11.006 -7.496 
25.986 23.11 
0.506 0.186 
2.88 -25.02 
0.8506 -12.1392 
-3.8882 -27.7854 
24.118 1.92 
4.61454 9.12471 
0.8554 -16.018 
-13.3174 -13.6827 
26.123 32.768 
-21.0122 21.9591 
23.11 16.8529 
3.91 -18.5568 
-4.924 22.152 
15.722 2.84 
1.48886 2.5916 
-13.6396 -14.1478 
-28.1341 -12.8652 
-6.6128 1.8532 
-11.006 -7.496 
25.986 23.11 
0.506 0.186 
2.88 -25.02 
0.8506 -12.1392 
-3.8882 -27.7854 
24.118 1.92 
4.61454 9.12471 
0.8554 -16.018 
-13.3174 -13.6827 
26.123 32.768 
---end
-21.0122 21.9591 
23.11 16.8529 
3.91 -18.5568 
-4.924 22.152 
15.722 2.84 
1.48886 2.5916 
-13.6396 -14.1478 
-28.1341 -12.8652 
-6.6128 1.8532 
-11.006 -7.496 
25.986 23.11 
0.506 0.186 
2.88 -25.02 
0.8506 -12.1392 
-3.8882 -27.7854 
24.118 1.92 
4.61454 9.12471 
0.8554 -16.018 
-13.3174 -13.6827 
26.123 32.768 
-21.0122 21.9591 
23.11 16.8529 
3.91 -18.5568 
-4.924 22.152 
15.722 2.84 
1.48886 2.5916 
-13.6396 -14.1478 
-28.1341 -12.8652 
-6.6128 1.8532 
-11.006 -7.496 
25.986 23.11 
0.506 0.186 
2.88 -25.02 
0.8506 -12.1392 
-3.8882 -27.7854 
24.118 1.92 
4.61454 9.12471 
0.8554 -16.018 
-13.3174 -13.6827 
26.123 32.768 
---end
-21.0122 21.9591 
23.11 16.8529 
3.91 -18.5568 
-4.924 22.152 
15.722 2.84 
1.48886 2.5916 
-13.6396 -14.1478 
-28.1341 -12.8652 
-6.6128 1.8532 
-11.006 -7.496 
25.986 23.11 
0.506 0.186 
2.88 -25.02 
0.8506 -12.1392 
-3.8882 -27.7854 
24.118 1.92 
4.61454 9.12471 
0.8554 -16.018 
-13.3174 -13.6827 
26.123 32.768 
-21.0122 21.9591 
23.11 16.8529 
3.91 -18.5568 
-4.924 22.152 
15.722 2.84 
1.48886 2.5916 
-13.6396 -14.1478 
-28.1341 -12.8652 
-6.6128 1.8532 
-11.006 -7.496 
25.986 23.11 
0.506 0.186 
2.88 -25.02 
0.8506 -12.1392 
-3.8882 -27.7854 
24.118 1.92 
4.61454 9.12471 
0.8554 -16.018 
-13.3174 -13.6827 
26.123 32.768 
---end
-21.0122 21.9591 
23.11 16.8529 
3.91 -18.5568 
-4.924 22.152 
15.722 2.84 
1.48886 2.5916 
-13.6396 -14.1478 
-28.1341 -12.8652 
-6.6128 1.8532 
-11.006 -7.496 
25.986 23.11 
0.506 0.186 
2.88 -25.02 
0.8506 -12.1392 
-3.8882 -27.7854 
24.118 1.92 
4.61454 9.12471 
0.8554 -16.018 
-13.3174 -13.6827 
26.123 32.768 
-21.0122 21.9591 
23.11 16.8529 
3.91 -18.5568 
-4.924 22.152 
15.722 2.84 
1.48886 2.5916 
-13.6396 -14.1478 
-28.1341 -12.8652 
-6.6128 1.8532 
-11.006 -7.496 
25.986 23.11 
0.506 0.186 
2.88 -25.02 
0.8506 -12.1392 
-3.8882 -27.7854 
24.118 1.92 
4.61454 9.12471 
0.8554 -16.018 
-13.3174 -13.6827 
26.123 32.768 
---end
-21.0122 21.9591 
23.11 16.8529 
3.91 -18.5568 
-4.924 22.152 
15.722 2.84 
1.48886 2.5916 
-13.6396 -14.1478 
-28.1341 -12.8652 
-6.6128 1.8532 
-11.006 -7.496 
25.986 23.11 
0.506 0.186 
2.88 -25.02 
0.8506 -12.1392 
-3.8882 -27.7854 
24.118 1.92 
4.61454 9.12471 
0.8554 -16.018 
-13.3174 -13.6827 
26.123 32.768 
-21.0122 21.9591 
23.11 16.8529 
3.91 -18.5568 
-4.924 22.152 
15.722 2.84 
1.48886 2.5916 
-13.6396 -14.1478 
-28.1341 -12.8652 
-6.6128 1.8532 
-11.006 -7.496 
25.986 23.11 
0.506 0.186 
2.88 -25.02 
0.8506 -12.1392 
-3.8882 -27.7854 
24.118 1.92 
4.61454 9.12471 
0.8554 -16.018 
-13.3174 -13.6827 
26.123 32.768 
---end
-21.0122 21.9591 
23.11 16.8529 
3.91 -18.5568 
-4.924 22.152 
15.722 2.84 
1.48886 2.5916 
-13.6396 -14.1478 
-28.1341 -12.8652 
-6.6128 1.8532 
-11.006 -7.496 
25.986 23.11 
0.506 0.186 
2.88 -25.02 
0.8506 -12.1392 
-3.8882 -27.7854 
24.118 1.92 
4.61454 9.12471 
0.8554 -16.018 
-13.3174 -13.6827 
26.123 32.768 
-21.0122 21.9591 
23.11 16.8529 
3.91 -18.5568 
-4.924 22.152 
15.722 2.84 
1.48886 2.5916 
-13.6396 -14.1478 
-28.1341 -12.8652 
-6.6128 1.8532 
-11.006 -7.496 
25.986 23.11 
0.506 0.186 
2.88 -25.02 
0.8506 -12.1392 
-3.8882 -27.7854 
24.118 1.92 
4.61454 9.12471 
0.8554 -16.018 
-13.3174 -13.6827 
26.123 32.768 
---end
-21.0122 21.9591 
23.11 16.8529 
3.91 -18.5568 
-4.924 22.152 
15.722 2.84 
1.48886 2.5916 
-13.6396 -14.1478 
-28.1341 -12.8652 
-6.6128 1.8532 
-11.006 -7.496 
25.986 23.11 
0.506 0.186 
2.88 -25.02 
0.8506 -12.1392 
-3.8882 -27.7854 
24.118 1.92 
4.61454 9.12471 
0.8554 -16.018 
-13.3174 -13.6827 
26.123 32.768 
-21.0122 21.9591 
23.11 16.8529 
3.91 -18.5568 
-4.924 22.152 
15.722 2.84 
1.48886 2.5916 
-13.6396 -14.1478 
-28.1341 -12.8652 
-6.6128 1.8532 
-11.006 -7.496 
25.986 23.11 
0.506 0.186 
2.88 -25.02 
0.8506 -12.1392 
-3.8882 -27.7854 
24.118 1.92 
4.61454 9.12471 
0.8554 -16.018 
-13.3174 -13.6827 
26.123 32.768 
---end
-21.0122 21.9591 
23.11 16.8529 
3.91 -18.5568 
-4.924 22.152 
15.722 2.84 
1.48886 2.5916 
-13.6396 -14.1478 
-28.1341 -12.8652 
-6.6128 1.8532 
-11.006 -7.496 
25.986 23.11 
0.506 0.186 
2.88 -25.02 
0.8506 -12.1392 
-3.8882 -27.7854 
24.118 1.92 
4.61454 9.12471 
0.8554 -16.018 
-13.3174 -13.6827 
26.123 32.768 
-21.0122 21.9591 
23.11 16.8529 
3.91 -18.5568 
-4.924 22.152 
15.722 2.84 
1.48886 2.5916 
-13.6396 -14.1478 
-28.1341 -12.8652 
-6.6128 1.8532 
-11.006 -7.496 
25.986 23.11 
0.506 0.186 
2.88 -25.02 
0.8506 -12.1392 
-3.8882 -27.7854 
24.118 1.92 
4.61454 9.12471 
0.8554 -16.018 
-13.3174 -13.6827 
26.123 32.768 
---end
-21.0122 21.9591 
23.11 16.8529 
3.91 -18.5568 
-4.924 22.152 
15.722 2.84 
1.48886 2.5916 
-13.6396 -14.1478 
-28.1341 -12.8652 
-6.6128 1.8532 
-11.006 -7.496 
25.986 23.11 
0.506 0.186 
2.88 -25.02 
0.8506 -12.1392 
-3.8882 -27.7854 
24.118 1.92 
4.61454 9.12471 
0.8554 -16.018 
-13.3174 -13.6827 
26.123 32.768 
-21.0122 21.9591 
23.11 16.8529 
3.91 -18.5568 
-4.924 22.152 
15.722 2.84 
1.48886 2.5916 
-13.6396 -14.1478 
-28.1341 -12.8652 
-6.6128 1.8532 
-11.006 -7.496 
25.986 23.11 
0.506 0.186 
2.88 -25.02 
0.8506 -12.1392 
-3.8882 -27.7854 
24.118 1.92 
4.61454 9.12471 
0.8554 -16.018 
-13.3174 -13.6827 
26.123 32.768 
---end
-21.0122 21.9591 
23.11 16.8529 
3.91 -18.5568 
-4.924 22.152 
15.722 2.84 
1.48886 2.5916 
-13.6396 -14.1478 
-28.1341 -12.8652 
-6.6128 1.8532 
-11.006 -7.496 
25.986 23.11 
0.506 0.186 
2.88 -25.02 
0.8506 -12.1392 
-3.8882 -27.7854 
24.118 1.92 
4.61454 9.12471 
0.8554 -16.018 
-13.3174 -13.6827 
26.123 32.768 
-21.0122 21.9591 
23.11 16.8529 
3.91 -18.5568 
-4.924 22.152 
15.722 2.84 
1.48886 2.5916 
-13.6396 -14.1478 
-28.1341 -12.8652 
-6.6128 1.8532 
-11.006 -7.496 
25.986 23.11 
0.506 0.186 
2.88 -25.02 
0.8506 -12.1392 
-3.8882 -27.7854 
24.118 1.92 
4.61454 9.12471 
0.8554 -16.018 
-13.3174 -13.6827 
26.123 32.768 
---end
-21.0122 21.9591 
23.11 16.8529 
3.91 -18.5568 
-4.924 22.152 
15.722 2.84 
1.48886 2.5916 
-13.6396 -14.1478 
-28.1341 -12.8652 
-6.6128 1.8532 
-11.006 -7.496 
25.986 23.11 
0.506 0.186 
2.88 -25.02 
0.8506 -12.1392 
-3.8882 -27.7854 
24.118 1.92 
4.61454 9.12471 
0.8554 -16.018 
-13.3174 -13.6827 
26.123 32.768 
-21.0122 21.9591 
23.11 16.8529 
3.91 -18.5568 
-4.924 22.152 
15.722 2.84 
1.48886 2.5916 
-13.6396 -14.1478 
-28.1341 -12.8652 
-6.6128 1.8532 
-11.006 -7.496 
25.986 23.11 
0.506 0.186 
2.88 -25.02 
0.8506 -12.1392 
-3.8882 -27.7854 
24.118 1.92 
4.61454 9.12471 
0.8554 -16.018 
-13.3174 -13.6827 
26.123 32.768 
---end
-21.0122 21.9591 
23.11 16.8529 
3.91 -18.5568 
-4.924 22.152 
15.722 2.84 
1.48886 2.5916 
-13.6396 -14.1478 
-28.1341 -12.8652 
-6.6128 1.8532 
-11.006 -7.496 
25.986 23.11 
0.506 0.186 
2.88 -25.02 
0.8506 -12.1392 
-3.8882 -27.7854 
24.118 1.92 
4.61454 9.12471 
0.8554 -16.018 
-13.3174 -13.6827 
26.123 32.768 
-21.0122 21.9591 
23.11 16.8529 
3.91 -18.5568 
-4.924 22.152 
15.722 2.84 
1.48886 2.5916 
-13.6396 -14.1478 
-28.1341 -12.8652 
-6.6128 1.8532 
-11.006 -7.496 
25.986 23.11 
0.506 0.186 
2.88 -25.02 
0.8506 -12.1392 
-3.8882 -27.7854 
24.118 1.92 
4.61454 9.12471 
0.8554 -16.018 
-13.3174 -13.6827 
26.123 32.768 
---end
-21.0122 21.9591 
23.11 16.8529 
3.91 -18.5568 
-4.924 22.152 
15.722 2.84 
1.48886 2.5916 
-13.6396 -14.1478 
-28.1341 -12.8652 
-6.6128 1.8532 
-11.006 -7.496 
25.986 23.11 
0.506 0.186 
2.88 -25.02 
0.8506 -12.1392 
-3.8882 -27.7854 
24.118 1.92 
4.61454 9.12471 
0.8554 -16.018 
-13.3174 -13.6827 
26.123 32.768 
-21.0122 21.9591 
23.11 16.8529 
3.91 -18.5568 
-4.924 22.152 
15.722 2.84 
1.48886 2.5916 
-13.6396 -14.1478 
-28.1341 -12.8652 
-6.6128 1.8532 
-11.006 -7.496 
25.986 23.11 
0.506 0.186 
2.88 -25.02 
0.8506 -12.1392 
-3.8882 -27.7854 
24.118 1.92 
4.61454 9.12471 
0.8554 -16.018 
-13.3174 -13.6827 
26.123 32.768 
---end
-21.0122 21.9591 
23.11 16.8529 
3.91 -18.5568 
-4.924 22.152 
15.722 2.84 
1.48886 2.5916 
-13.6396 -14.1478 
-28.1341 -12.8652 
-6.6128 1.8532 
-11.006 -7.496 
25.986 23.11 
0.506 0.186 
2.88 -25.02 
0.8506 -12.1392 
-3.8882 -27.7854 
24.118 1.92 
4.61454 9.12471 
0.8554 -16.018 
-13.3174 -13.6827 
26.123 32.768 
-21.0122 21.9591 
23.11 16.8529 
3.91 -18.5568 
-4.924 22.152 
15.722 2.84 
1.48886 2.5916 
-13.6396 -14.1478 
-28.1341 -12.8652 
-6.6128 1.8532 
-11.006 -7.496 
25.986 23.11 
0.506 0.186 
2.88 -25.02 
0.8506 -12.1392 
-3.8882 -27.7854 
24.118 1.92 
4.61454 9.12471 
0.8554 -16.018 
-13.3174 -13.6827 
26.123 32.768 
---end
-21.0122 21.9591 
23.11 16.8529 
3.91 -18.5568 
-4.924 22.152 
15.722 2.84 
1.48886 2.5916 
-13.6396 -14.1478 
-28.1341 -12.8652 
-6.6128 1.8532 
-11.006 -7.496 
25.986 23.11 
0.506 0.186 
2.88 -25.02 
0.8506 -12.1392 
-3.8882 -27.7854 
24.118 1.92 
4.61454 9.12471 
0.8554 -16.018 
-13.3174 -13.6827 
26.123 32.768 
-21.0122 21.9591 
23.11 16.8529 
3.91 -18.5568 
-4.924 22.152 
15.722 2.84 
1.48886 2.5916 
-13.6396 -14.1478 
-28.1341 -12.8652 
-6.6128 1.8532 
-11.006 -7.496 
25.986 23.11 
0.506 0.186 
2.88 -25.02 
0.8506 -12.1392 
-3.8882 -27.7854 
24.118 1.92 
4.61454 9.12471 
0.8554 -16.018 
-13.3174 -13.6827 
26.123 32.768 
---end
-21.0122 21.9591 
23.11 16.8529 
3.91 -18.5568 
-4.924 22.152 
15.722 2.84 
1.48886 2.5916 
-13.6396 -14.1478 
-28.1341 -12.8652 
-6.6128 1.8532 
-11.006 -7.496 
25.986 23.11 
0.506 0.186 
2.88 -25.02 
0.8506 -12.1392 
-3.8882 -27.7854 
24.118 1.92 
4.61454 9.12471 
0.8554 -16.018 
-13.3174 -13.6827 
26.123 32.768 
-21.0122 21.9591 
23.11 16.8529 
3.91 -18.5568 
-4.924 22.152 
15.722 2.84 
1.48886 2.5916 
-13.6396 -14.1478 
-28.1341 -12.8652 
-6.6128 1.8532 
-11.006 -7.496 
25.986 23.11 
0.506 0.186 
2.88 -25.02 
0.8506 -12.1392 
-3.8882 -27.7854 
24.118 1.92 
4.61454 9.12471 
0.8554 -16.018 
-13.3174 -13.6827 
26.123 32.768 
---end
-21.0122 21.9591 
23.11 16.8529 
3.91 -18.5568 
-4.924 22.152 
15.722 2.84 
1.48886 2.5916 
-13.6396 -14.1478 
-28.1341 -12.8652 
-6.6128 1.8532 
-11.006 -7.496 
25.986 23.11 
0.506 0.186 
2.88 -25.02 
0.8506 -12.1392 
-3.8882 -27.7854 
24.118 1.92 
4.61454 9.12471 
0.8554 -16.018 
-13.3174 -13.6827 
26.123 32.768 
-21.0122 21.9591 
23.11 16.8529 
3.91 -18.5568 
-4.924 22.152 
15.722 2.84 
1.48886 2.5916 
-13.6396 -14.1478 
-28.1341 -12.8652 
-6.6128 1.8532 
-11.006 -7.496 
25.986 23.11 
0.506 0.186 
2.88 -25.02 
0.8506 -12.1392 
-3.8882 -27.7854 
24.118 1.92 
4.61454 9.12471 
0.8554 -16.018 
-13.3174 -13.6827 
26.123 32.768 
---end
-21.0122 21.9591 
23.11 16.8529 
3.91 -18.5568 
-4.924 22.152 
15.722 2.84 
1.48886 2.5916 
-13.6396 -14.1478 
-28.1341 -12.8652 
-6.6128 1.8532 
-11.006 -7.496 
25.986 23.11 
0.506 0.186 
2.88 -25.02 
0.8506 -12.1392 
-3.8882 -27.7854 
24.118 1.92 
4.61454 9.12471 
0.8554 -16.018 
-13.3174 -13.6827 
26.123 32.768 
-21.0122 21.9591 
23.11 16.8529 
3.91 -18.5568 
-4.924 22.152 
15.722 2.84 
1.48886 2.5916 
-13.6396 -14.1478 
-28.1341 -12.8652 
-6.6128 1.8532 
-11.006 -7.496 
25.986 23.11 
0.506 0.186 
2.88 -25.02 
0.8506 -12.1392 
-3.8882 -27.7854 
24.118 1.92 
4.61454 9.12471 
0.8554 -16.018 
-13.3174 -13.6827 
26.123 32.768 
---end
-21.0122 21.9591 
23.11 16.8529 
3.91 -18.5568 
-4.924 22.152 
15.722 2.84 
1.48886 2.5916 
-13.6396 -14.1478 
-28.1341 -12.8652 
-6.6128 1.8532 
-11.006 -7.496 
25.986 23.11 
0.506 0.186 
2.88 -25.02 
0.8506 -12.1392 
-3.8882 -27.7854 
24.118 1.92 
4.61454 9.12471 
0.8554 -16.018 
-13.3174 -13.6827 
26.123 32.768 
-21.0122 21.9591 
23.11 16.8529 
3.91 -18.5568 
-4.924 22.152 
15.722 2.84 
1.48886 2.5916 
-13.6396 -14.1478 
-28.1341 -12.8652 
-6.6128 1.8532 
-11.006 -7.496 
25.986 23.11 
0.506 0.186 
2.88 -25.02 
0.8506 -12.1392 
-3.8882 -27.7854 
24.118 1.92 
4.61454 9.12471 
0.8554 -16.018 
-13.3174 -13.6827 
26.123 32.768 
---end
-21.0122 21.9591 
23.11 16.8529 
3.91 -18.5568 
-4.924 22.152 
15.722 2.84 
1.48886 2.5916 
-13.6396 -14.1478 
-28.1341 -12.8652 
-6.6128 1.8532 
-11.006 -7.496 
25.986 23.11 
0.506 0.186 
2.88 -25.02 
0.8506 -12.1392 
-3.8882 -27.7854 
24.118 1.92 
4.61454 9.12471 
0.8554 -16.018 
-13.3174 -13.6827 
26.123 32.768 
-21.0122 21.9591 
23.11 16.8529 
3.91 -18.5568 
-4.924 22.152 
15.722 2.84 
1.48886 2.5916 
-13.6396 -14.1478 
-28.1341 -12.8652 
-6.6128 1.8532 
-11.006 -7.496 
25.986 23.11 
0.506 0.186 
2.88 -25.02 
0.8506 -12.1392 
-3.8882 -27.7854 
24.118 1.92 
4.61454 9.12471 
0.8554 -16.018 
-13.3174 -13.6827 
26.123 32.768 
---end
-21.0122 21.9591 
23.11 16.8529 
3.91 -18.5568 
-4.924 22.152 
15.722 2.84 
1.48886 2.5916 
-13.6396 -14.1478 
-28.1341 -12.8652 
-6.6128 1.8532 
-11.006 -7.496 
25.986 23.11 
0.506 0.186 
2.88 -25.02 
0.8506 -12.1392 
-3.8882 -27.7854 
24.118 1.92 
4.61454 9.12471 
0.8554 -16.018 
-13.3174 -13.6827 
26.123 32.768 
-21.0122 21.9591 
23.11 16.8529 
3.91 -18.5568 
-4.924 22.152 
15.722 2.84 
1.48886 2.5916 
-13.6396 -14.1478 
-28.1341 -12.8652 
-6.6128 1.8532 
-11.006 -7.496 
25.986 23.11 
0.506 0.186 
2.88 -25.02 
0.8506 -12.1392 
-3.8882 -27.7854 
24.118 1.92 
4.61454 9.12471 
0.8554 -16.018 
-13.3174 -13.6827 
26.123 32.768 
---end
-21.0122 21.9591 
23.11 16.8529 
3.91 -18.5568 
-4.924 22.152 
15.722 2.84 
1.48886 2.5916 
-13.6396 -14.1478 
-28.1341 -12.8652 
-6.6128 1.8532 
-11.006 -7.496 
25.986 23.11 
0.506 0.186 
2.88 -25.02 
0.8506 -12.1392 
-3.8882 -27.7854 
24.118 1.92 
4.61454 9.12471 
0.8554 -16.018 
-13.3174 -13.6827 
26.123 32.768 
-21.0122 21.9591 
23.11 16.8529 
3.91 -18.5568 
-4.924 22.152 
15.722 2.84 
1.48886 2.5916 
-13.6396 -14.1478 
-28.1341 -12.8652 
-6.6128 1.8532 
-11.006 -7.496 
25.986 23.11 
0.506 0.186 
2.88 -25.02 
0.8506 -12.1392 
-3.8882 -27.7854 
24.118 1.92 
4.61454 9.12471 
0.8554 -16.018 
-13.3174 -13.6827 
26.123 32.768 
---end
-21.0122 21.9591 
23.11 16.8529 
3.91 -18.5568 
-4.924 22.152 
15.722 2.84 
1.48886 2.5916 
-13.6396 -14.1478 
-28.1341 -12.8652 
-6.6128 1.8532 
-11.006 -7.496 
25.986 23.11 
0.506 0.186 
2.88 -25.02 
0.8506 -12.1392 
-3.8882 -27.7854 
24.118 1.92 
4.61454 9.12471 
0.8554 -16.018 
-13.3174 -13.6827 
26.123 32.768 
-21.0122 21.9591 
23.11 16.8529 
3.91 -18.5568 
-4.924 22.152 
15.722 2.84 
1.48886 2.5916 
-13.6396 -14.1478 
-28.1341 -12.8652 
-6.6128 1.8532 
-11.006 -7.496 
25.986 23.11 
0.506 0.186 
2.88 -25.02 
0.8506 -12.1392 
-3.8882 -27.7854 
24.118 1.92 
4.61454 9.12471 
0.8554 -16.018 
-13.3174 -13.6827 
26.123 32.768 
---end
-21.0122 21.9591 
23.11 16.8529 
3.91 -18.5568 
-4.924 22.152 
15.722 2.84 
1.48886 2.5916 
-13.6396 -14.1478 
-28.1341 -12.8652 
-6.6128 1.8532 
-11.006 -7.496 
25.986 23.11 
0.506 0.186 
2.88 -25.02 
0.8506 -12.1392 
-3.8882 -27.7854 
24.118 1.92 
4.61454 9.12471 
0.8554 -16.018 
-13.3174 -13.6827 
26.123 32.768 
-21.0122 21.9591 
23.11 16.8529 
3.91 -18.5568 
-4.924 22.152 
15.722 2.84 
1.48886 2.5916 
-13.6396 -14.1478 
-28.1341 -12.8652 
-6.6128 1.8532 
-11.006 -7.496 
25.986 23.11 
0.506 0.186 
2.88 -25.02 
0.8506 -12.1392 
-3.8882 -27.7854 
24.118 1.92 
4.61454 9.12471 
0.8554 -16.018 
-13.3174 -13.6827 
26.123 32.768 
---end
-21.0122 21.9591 
23.11 16.8529 
3.91 -18.5568 
-4.924 22.152 
15.722 2.84 
1.48886 2.5916 
-13.6396 -14.1478 
-28.1341 -12.8652 
-6.6128 1.8532 
-11.006 -7.496 
25.986 23.11 
0.506 0.186 
2.88 -25.02 
0.8506 -12.1392 
-3.8882 -27.7854 
24.118 1.92 
4.61454 9.12471 
0.8554 -16.018 
-13.3174 -13.6827 
26.123 32.768 
-21.0122 21.9591 
23.11 16.8529 
3.91 -18.5568 
-4.924 22.152 
15.722 2.84 
1.48886 2.5916 
-13.6396 -14.1478 
-28.1341 -12.8652 
-6.6128 1.8532 
-11.006 -7.496 
25.986 23.11 
0.506 0.186 
2.88 -25.02 
0.8506 -12.1392 
-3.8882 -27.7854 
24.118 1.92 
4.61454 9.12471 
0.8554 -16.018 
-13.3174 -13.6827 
26.123 32.768 
---end
-21.0122 21.9591 
23.11 16.8529 
3.91 -18.5568 
-4.924 22.152 
15.722 2.84 
1.48886 2.5916 
-13.6396 -14.1478 
-28.1341 -12.8652 
-6.6128 1.8532 
-11.006 -7.496 
25.986 23.11 
0.506 0.186 
2.88 -25.02 
0.8506 -12.1392 
-3.8882 -27.7854 
24.118 1.92 
4.61454 9.12471 
0.8554 -16.018 
-13.3174 -13.6827 
26.123 32.768 
-21.0122 21.9591 
23.11 16.8529 
3.91 -18.5568 
-4.924 22.152 
15.722 2.84 
1.48886 2.5916 
-13.6396 -14.1478 
-28.1341 -12.8652 
-6.6128 1.8532 
-11.006 -7.496 
25.986 23.11 
0.506 0.186 
2.88 -25.02 
0.8506 -12.1392 
-3.8882 -27.7854 
24.118 1.92 
4.61454 9.12471 
0.8554 -16.018 
-13.3174 -13.6827 
26.123 32.768 
---end
-21.0122 21.9591 
23.11 16.8529 
3.91 -18.5568 
-4.924 22.152 
15.722 2.84 
1.48886 2.5916 
-13.6396 -14.1478 
-28.1341 -12.8652 
-6.6128 1.8532 
-11.006 -7.496 
25.986 23.11 
0.506 0.186 
2.88 -25.02 
0.8506 -12.1392 
-3.8882 -27.7854 
24.118 1.92 
4.61454 9.12471 
0.8554 -16.018 
-13.3174 -13.6827 
26.123 32.768 
-21.0122 21.9591 
23.11 16.8529 
3.91 -18.5568 
-4.924 22.152 
15.722 2.84 
1.48886 2.5916 
-13.6396 -14.1478 
-28.1341 -12.8652 
-6.6128 1.8532 
-11.006 -7.496 
25.986 23.11 
0.506 0.186 
2.88 -25.02 
0.8506 -12.1392 
-3.8882 -27.7854 
24.118 1.92 
4.61454 9.12471 
0.8554 -16.018 
-13.3174 -13.6827 
26.123 32.768 
---end
-21.0122 21.9591 
23.11 16.8529 
3.91 -18.5568 
-4.924 22.152 
15.722 2.84 
1.48886 2.5916 
-13.6396 -14.1478 
-28.1341 -12.8652 
-6.6128 1.8532 
-11.006 -7.496 
25.986 23.11 
0.506 0.186 
2.88 -25.02 
0.8506 -12.1392 
-3.8882 -27.7854 
24.118 1.92 
4.61454 9.12471 
0.8554 -16.018 
-13.3174 -13.6827 
26.123 32.768 
-21.0122 21.9591 
23.11 16.8529 
3.91 -18.5568 
-4.924 22.152 
15.722 2.84 
1.48886 2.5916 
-13.6396 -14.1478 
-28.1341 -12.8652 
-6.6128 1.8532 
-11.006 -7.496 
25.986 23.11 
0.506 0.186 
2.88 -25.02 
0.8506 -12.1392 
-3.8882 -27.7854 
24.118 1.92 
4.61454 9.12471 
0.8554 -16.018 
-13.3174 -13.6827 
26.123 32.768 
---end
-21.0122 21.9591 
23.11 16.8529 
3.91 -18.5568 
-4.924 22.152 
15.722 2.84 
1.48886 2.5916 
-13.6396 -14.1478 
-28.1341 -12.8652 
-6.6128 1.8532 
-11.006 -7.496 
25.986 23.11 
0.506 0.186 
2.88 -25.02 
0.8506 -12.1392 
-3.8882 -27.7854 
24.118 1.92 
4.61454 9.12471 
0.8554 -16.018 
-13.3174 -13.6827 
26.123 32.768 
-21.0122 21.9591 
23.11 16.8529 
3.91 -18.5568 
-4.924 22.152 
15.722 2.84 
1.48886 2.5916 
-13.6396 -14.1478 
-28.1341 -12.8652 
-6.6128 1.8532 
-11.006 -7.496 
25.986 23.11 
0.506 0.186 
2.88 -25.02 
0.8506 -12.1392 
-3.8882 -27.7854 
24.118 1.92 
4.61454 9.12471 
0.8554 -16.018 
-13.3174 -13.6827 
26.123 32.768 
---end
-21.0122 21.9591 
23.11 16.8529 
3.91 -18.5568 
-4.924 22.152 
15.722 2.84 
1.48886 2.5916 
-13.6396 -14.1478 
-28.1341 -12.8652 
-6.6128 1.8532 
-11.006 -7.496 
25.986 23.11 
0.506 0.186 
2.88 -25.02 
0.8506 -12.1392 
-3.8882 -27.7854 
24.118 1.92 
4.61454 9.12471 
0.8554 -16.018 
-13.3174 -13.6827 
26.123 32.768 
-21.0122 21.9591 
23.11 16.8529 
3.91 -18.5568 
-4.924 22.152 
15.722 2.84 
1.48886 2.5916 
-13.6396 -14.1478 
-28.1341 -12.8652 
-6.6128 1.8532 
-11.006 -7.496 
25.986 23.11 
0.506 0.186 
2.88 -25.02 
0.8506 -12.1392 
-3.8882 -27.7854 
24.118 1.92 
4.61454 9.12471 
0.8554 -16.018 
-13.3174 -13.6827 
26.123 32.768 
---end
-21.0122 21.9591 
23.11 16.8529 
3.91 -18.5568 
-4.924 22.152 
15.722 2.84 
1.48886 2.5916 
-13.6396 -14.1478 
-28.1341 -12.8652 
-6.6128 1.8532 
-11.006 -7.496 
25.986 23.11 
0.506 0.186 
2.88 -25.02 
0.8506 -12.1392 
-3.8882 -27.7854 
24.118 1.92 
4.61454 9.12471 
0.8554 -16.018 
-13.3174 -13.6827 
26.123 32.768 
-21.0122 21.9591 
23.11 16.8529 
3.91 -18.5568 
-4.924 22.152 
15.722 2.84 
1.48886 2.5916 
-13.6396 -14.1478 
-28.1341 -12.8652 
-6.6128 1.8532 
-11.006 -7.496 
25.986 23.11 
0.506 0.186 
2.88 -25.02 
0.8506 -12.1392 
-3.8882 -27.7854 
24.118 1.92 
4.61454 9.12471 
0.8554 -16.018 
-13.3174 -13.6827 
26.123 32.768 
---end
-21.0122 21.9591 
23.11 16.8529 
3.91 -18.5568 
-4.924 22.152 
15.722 2.84 
1.48886 2.5916 
-13.6396 -14.1478 
-28.1341 -12.8652 
-6.6128 1.8532 
-11.006 -7.496 
25.986 23.11 
0.506 0.186 
2.88 -25.02 
0.8506 -12.1392 
-3.8882 -27.7854 
24.118 1.92 
4.61454 9.12471 
0.8554 -16.018 
-13.3174 -13.6827 
26.123 32.768 
-21.0122 21.9591 
23.11 16.8529 
3.91 -18.5568 
-4.924 22.152 
15.722 2.84 
1.48886 2.5916 
-13.6396 -14.1478 
-28.1341 -12.8652 
-6.6128 1.8532 
-11.006 -7.496 
25.986 23.11 
0.506 0.186 
2.88 -25.02 
0.8506 -12.1392 
-3.8882 -27.7854 
24.118 1.92 
4.61454 9.12471 
0.8554 -16.018 
-13.3174 -13.6827 
26.123 32.768 
---end
-21.0122 21.9591 
23.11 16.8529 
3.91 -18.5568 
-4.924 22.152 
15.722 2.84 
1.48886 2.5916 
-13.6396 -14.1478 
-28.1341 -12.8652 
-6.6128 1.8532 
-11.006 -7.496 
25.986 23.11 
0.506 0.186 
2.88 -25.02 
0.8506 -12.1392 
-3.8882 -27.7854 
24.118 1.92 
4.61454 9.12471 
0.8554 -16.018 
-13.3174 -13.6827 
26.123 32.768 
-21.0122 21.9591 
23.11 16.8529 
3.91 -18.5568 
-4.924 22.152 
15.722 2.84 
1.48886 2.5916 
-13.6396 -14.1478 
-28.1341 -12.8652 
-6.6128 1.8532 
-11.006 -7.496 
25.986 23.11 
0.506 0.186 
2.88 -25.02 
0.8506 -12.1392 
-3.8882 -27.7854 
24.118 1.92 
4.61454 9.12471 
0.8554 -16.018 
-13.3174 -13.6827 
26.123 32.768 
---end
-21.0122 21.9591 
23.11 16.8529 
3.91 -18.5568 
-4.924 22.152 
15.722 2.84 
1.48886 2.5916 
-13.6396 -14.1478 
-28.1341 -12.8652 
-6.6128 1.8532 
-11.006 -7.496 
25.986 23.11 
0.506 0.186 
2.88 -25.02 
0.8506 -12.1392 
-3.8882 -27.7854 
24.118 1.92 
4.61454 9.12471 
0.8554 -16.018 
-13.3174 -13.6827 
26.123 32.768 
-21.0122 21.9591 
23.11 16.8529 
3.91 -18.5568 
-4.924 22.152 
15.722 2.84 
1.48886 2.5916 
-13.6396 -14.1478 
-28.1341 -12.8652 
-6.6128 1.8532 
-11.006 -7.496 
25.986 23.11 
0.506 0.186 
2.88 -25.02 
0.8506 -12.1392 
-3.8882 -27.7854 
24.118 1.92 
4.61454 9.12471 
0.8554 -16.018 
-13.3174 -13.6827 
26.123 32.768 
---end
-21.0122 21.9591 
23.11 16.8529 
3.91 -18.5568 
-4.924 22.152 
15.722 2.84 
1.48886 2.5916 
-13.6396 -14.1478 
-28.1341 -12.8652 
-6.6128 1.8532 
-11.006 -7.496 
25.986 23.11 
0.506 0.186 
2.88 -25.02 
0.8506 -12.1392 
-3.8882 -27.7854 
24.118 1.92 
4.61454 9.12471 
0.8554 -16.018 
-13.3174 -13.6827 
26.123 32.768 
-21.0122 21.9591 
23.11 16.8529 
3.91 -18.5568 
-4.924 22.152 
15.722 2.84 
1.48886 2.5916 
-13.6396 -14.1478 
-28.1341 -12.8652 
-6.6128 1.8532 
-11.006 -7.496 
25.986 23.11 
0.506 0.186 
2.88 -25.02 
0.8506 -12.1392 
-3.8882 -27.7854 
24.118 1.92 
4.61454 9.12471 
0.8554 -16.018 
-13.3174 -13.6827 
26.123 32.768 
---end
-21.0122 21.9591 
23.11 16.8529 
3.91 -18.5568 
-4.924 22.152 
15.722 2.84 
1.48886 2.5916 
-13.6396 -14.1478 
-28.1341 -12.8652 
-6.6128 1.8532 
-11.006 -7.496 
25.986 23.11 
0.506 0.186 
2.88 -25.02 
0.8506 -12.1392 
-3.8882 -27.7854 
24.118 1.92 
4.61454 9.12471 
0.8554 -16.018 
-13.3174 -13.6827 
26.123 32.768 
-21.0122 21.9591 
23.11 16.8529 
3.91 -18.5568 
-4.924 22.152 
15.722 2.84 
1.48886 2.5916 
-13.6396 -14.1478 
-28.1341 -12.8652 
-6.6128 1.8532 
-11.006 -7.496 
25.986 23.11 
0.506 0.186 
2.88 -25.02 
0.8506 -12.1392 
-3.8882 -27.7854 
24.118 1.92 
4.61454 9.12471 
0.8554 -16.018 
-13.3174 -13.6827 
26.123 32.768 
---end
-21.0122 21.9591 
23.11 16.8529 
3.91 -18.5568 
-4.924 22.152 
15.722 2.84 
1.48886 2.5916 
-13.6396 -14.1478 
-28.1341 -12.8652 
-6.6128 1.8532 
-11.006 -7.496 
25.986 23.11 
0.506 0.186 
2.88 -25.02 
0.8506 -12.1392 
-3.8882 -27.7854 
24.118 1.92 
4.61454 9.12471 
0.8554 -16.018 
-13.3174 -13.6827 
26.123 32.768 
-21.0122 21.9591 
23.11 16.8529 
3.91 -18.5568 
-4.924 22.152 
15.722 2.84 
1.48886 2.5916 
-13.6396 -14.1478 
-28.1341 -12.8652 
-6.6128 1.8532 
-11.006 -7.496 
25.986 23.11 
0.506 0.186 
2.88 -25.02 
0.8506 -12.1392 
-3.8882 -27.7854 
24.118 1.92 
4.61454 9.12471 
0.8554 -16.018 
-13.3174 -13.6827 
26.123 32.768 
---end
-21.0122 21.9591 
23.11 16.8529 
3.91 -18.5568 
-4.924 22.152 
15.722 2.84 
1.48886 2.5916 
-13.6396 -14.1478 
-28.1341 -12.8652 
-6.6128 1.8532 
-11.006 -7.496 
25.986 23.11 
0.506 0.186 
2.88 -25.02 
0.8506 -12.1392 
-3.8882 -27.7854 
24.118 1.92 
4.61454 9.12471 
0.8554 -16.018 
-13.3174 -13.6827 
26.123 32.768 
-21.0122 21.9591 
23.11 16.8529 
3.91 -18.5568 
-4.924 22.152 
15.722 2.84 
1.48886 2.5916 
-13.6396 -14.1478 
-28.1341 -12.8652 
-6.6128 1.8532 
-11.006 -7.496 
25.986 23.11 
0.506 0.186 
2.88 -25.02 
0.8506 -12.1392 
-3.8882 -27.7854 
24.118 1.92 
4.61454 9.12471 
0.8554 -16.018 
-13.3174 -13.6827 
26.123 32.768 
---end
-21.0122 21.9591 
23.11 16.8529 
3.91 -18.5568 
-4.924 22.152 
15.722 2.84 
1.48886 2.5916 
-13.6396 -14.1478 
-28.1341 -12.8652 
-6.6128 1.8532 
-11.006 -7.496 
25.986 23.11 
0.506 0.186 
2.88 -25.02 
0.8506 -12.1392 
-3.8882 -27.7854 
24.118 1.92 
4.61454 9.12471 
0.8554 -16.018 
-13.3174 -13.6827 
26.123 32.768 
-21.0122 21.9591 
23.11 16.8529 
3.91 -18.5568 
-4.924 22.152 
15.722 2.84 
1.48886 2.5916 
-13.6396 -14.1478 
-28.1341 -12.8652 
-6.6128 1.8532 
-11.006 -7.496 
25.986 23.11 
0.506 0.186 
2.88 -25.02 
0.8506 -12.1392 
-3.8882 -27.7854 
24.118 1.92 
4.61454 9.12471 
0.8554 -16.018 
-13.3174 -13.6827 
26.123 32.768 
---end
-21.0122 21.9591 
23.11 16.8529 
3.91 -18.5568 
-4.924 22.152 
15.722 2.84 
1.48886 2.5916 
-13.6396 -14.1478 
-28.1341 -12.8652 
-6.6128 1.8532 
-11.006 -7.496 
25.986 23.11 
0.506 0.186 
2.88 -25.02 
0.8506 -12.1392 
-3.8882 -27.7854 
24.118 1.92 
4.61454 9.12471 
0.8554 -16.018 
-13.3174 -13.6827 
26.123 32.768 
-21.0122 21.9591 
23.11 16.8529 
3.91 -18.5568 
-4.924 22.152 
15.722 2.84 
1.48886 2.5916 
-13.6396 -14.1478 
-28.1341 -12.8652 
-6.6128 1.8532 
-11.006 -7.496 
25.986 23.11 
0.506 0.186 
2.88 -25.02 
0.8506 -12.1392 
-3.8882 -27.7854 
24.118 1.92 
4.61454 9.12471 
0.8554 -16.018 
-13.3174 -13.6827 
26.123 32.768 
---end
-21.0122 21.9591 
23.11 16.8529 
3.91 -18.5568 
-4.924 22.152 
15.722 2.84 
1.48886 2.5916 
-13.6396 -14.1478 
-28.1341 -12.8652 
-6.6128 1.8532 
-11.006 -7.496 
25.986 23.11 
0.506 0.186 
2.88 -25.02 
0.8506 -12.1392 
-3.8882 -27.7854 
24.118 1.92 
4.61454 9.12471 
0.8554 -16.018 
-13.3174 -13.6827 
26.123 32.768 
-21.0122 21.9591 
23.11 16.8529 
3.91 -18.5568 
-4.924 22.152 
15.722 2.84 
1.48886 2.5916 
-13.6396 -14.1478 
-28.1341 -12.8652 
-6.6128 1.8532 
-11.006 -7.496 
25.986 23.11 
0.506 0.186 
2.88 -25.02 
0.8506 -12.1392 
-3.8882 -27.7854 
24.118 1.92 
4.61454 9.12471 
0.8554 -16.018 
-13.3174 -13.6827 
26.123 32.768 
---end
-21.0122 21.9591 
23.11 16.8529 
3.91 -18.5568 
-4.924 22.152 
15.722 2.84 
1.48886 2.5916 
-13.6396 -14.1478 
-28.1341 -12.8652 
-6.6128 1.8532 
-11.006 -7.496 
25.986 23.11 
0.506 0.186 
2.88 -25.02 
0.8506 -12.1392 
-3.8882 -27.7854 
24.118 1.92 
4.61454 9.12471 
0.8554 -16.018 
-13.3174 -13.6827 
26.123 32.768 
-21.0122 21.9591 
23.11 16.8529 
3.91 -18.5568 
-4.924 22.152 
15.722 2.84 
1.48886 2.5916 
-13.6396 -14.1478 
-28.1341 -12.8652 
-6.6128 1.8532 
-11.006 -7.496 
25.986 23.11 
0.506 0.186 
2.88 -25.02 
0.8506 -12.1392 
-3.8882 -27.7854 
24.118 1.92 
4.61454 9.12471 
0.8554 -16.018 
-13.3174 -13.6827 
26.123 32.768 
---end
-21.0122 21.9591 
23.11 16.8529 
3.91 -18.5568 
-4.924 22.152 
15.722 2.84 
1.48886 2.5916 
-13.6396 -14.1478 
-28.1341 -12.8652 
-6.6128 1.8532 
-11.006 -7.496 
25.986 23.11 
0.506 0.186 
2.88 -25.02 
0.8506 -12.1392 
-3.8882 -27.7854 
24.118 1.92 
4.61454 9.12471 
0.8554 -16.018 
-13.3174 -13.6827 
26.123 32.768 
-21.0122 21.9591 
23.11 16.8529 
3.91 -18.5568 
-4.924 22.152 
15.722 2.84 
1.48886 2.5916 
-13.6396 -14.1478 
-28.1341 -12.8652 
-6.6128 1.8532 
-11.006 -7.496 
25.986 23.11 
0.506 0.186 
2.88 -25.02 
0.8506 -12.1392 
-3.8882 -27.7854 
24.118 1.92 
4.61454 9.12471 
0.8554 -16.018 
-13.3174 -13.6827 
26.123 32.768 
---end
-21.0122 21.9591 
23.11 16.8529 
3.91 -18.5568 
-4.924 22.152 
15.722 2.84 
1.48886 2.5916 
-13.6396 -14.1478 
-28.1341 -12.8652 
-6.6128 1.8532 
-11.006 -7.496 
25.986 23.11 
0.506 0.186 
2.88 -25.02 
0.8506 -12.1392 
-3.8882 -27.7854 
24.118 1.92 
4.61454 9.12471 
0.8554 -16.018 
-13.3174 -13.6827 
26.123 32.768 
-21.0122 21.9591 
23.11 16.8529 
3.91 -18.5568 
-4.924 22.152 
15.722 2.84 
1.48886 2.5916 
-13.6396 -14.1478 
-28.1341 -12.8652 
-6.6128 1.8532 
-11.006 -7.496 
25.986 23.11 
0.506 0.186 
2.88 -25.02 
0.8506 -12.1392 
-3.8882 -27.7854 
24.118 1.92 
4.61454 9.12471 
0.8554 -16.018 
-13.3174 -13.6827 
26.123 32.768 
---end
-21.0122 21.9591 
23.11 16.8529 
3.91 -18.5568 
-4.924 22.152 
15.722 2.84 
1.48886 2.5916 
-13.6396 -14.1478 
-28.1341 -12.8652 
-6.6128 1.8532 
-11.006 -7.496 
25.986 23.11 
0.506 0.186 
2.88 -25.02 
0.8506 -12.1392 
-3.8882 -27.7854 
24.118 1.92 
4.61454 9.12471 
0.8554 -16.018 
-13.3174 -13.6827 
26.123 32.768 
-21.0122 21.9591 
23.11 16.8529 
3.91 -18.5568 
-4.924 22.152 
15.722 2.84 
1.48886 2.5916 
-13.6396 -14.1478 
-28.1341 -12.8652 
-6.6128 1.8532 
-11.006 -7.496 
25.986 23.11 
0.506 0.186 
2.88 -25.02 
0.8506 -12.1392 
-3.8882 -27.7854 
24.118 1.92 
4.61454 9.12471 
0.8554 -16.018 
-13.3174 -13.6827 
26.123 32.768 
---end
-21.0122 21.9591 
23.11 16.8529 
3.91 -18.5568 
-4.924 22.152 
15.722 2.84 
1.48886 2.5916 
-13.6396 -14.1478 
-28.1341 -12.8652 
-6.6128 1.8532 
-11.006 -7.496 
25.986 23.11 
0.506 0.186 
2.88 -25.02 
0.8506 -12.1392 
-3.8882 -27.7854 
24.118 1.92 
4.61454 9.12471 
0.8554 -16.018 
-13.3174 -13.6827 
26.123 32.768 
-21.0122 21.9591 
23.11 16.8529 
3.91 -18.5568 
-4.924 22.152 
15.722 2.84 
1.48886 2.5916 
-13.6396 -14.1478 
-28.1341 -12.8652 
-6.6128 1.8532 
-11.006 -7.496 
25.986 23.11 
0.506 0.186 
2.88 -25.02 
0.8506 -12.1392 
-3.8882 -27.7854 
24.118 1.92 
4.61454 9.12471 
0.8554 -16.018 
-13.3174 -13.6827 
26.123 32.768 
---end
-21.0122 21.9591 
23.11 16.8529 
3.91 -18.5568 
-4.924 22.152 
15.722 2.84 
1.48886 2.5916 
-13.6396 -14.1478 
-28.1341 -12.8652 
-6.6128 1.8532 
-11.006 -7.496 
25.986 23.11 
0.506 0.186 
2.88 -25.02 
0.8506 -12.1392 
-3.8882 -27.7854 
24.118 1.92 
4.61454 9.12471 
0.8554 -16.018 
-13.3174 -13.6827 
26.123 32.768 
-21.0122 21.9591 
23.11 16.8529 
3.91 -18.5568 
-4.924 22.152 
15.722 2.84 
1.48886 2.5916 
-13.6396 -14.1478 
-28.1341 -12.8652 
-6.6128 1.8532 
-11.006 -7.496 
25.986 23.11 
0.506 0.186 
2.88 -25.02 
0.8506 -12.1392 
-3.8882 -27.7854 
24.118 1.92 
4.61454 9.12471 
0.8554 -16.018 
-13.3174 -13.6827 
26.123 32.768 
---end
-21.0122 21.9591 
23.11 16.8529 
3.91 -18.5568 
-4.924 22.152 
15.722 2.84 
1.48886 2.5916 
-13.6396 -14.1478 
-28.1341 -12.8652 
-6.6128 1.8532 
-11.006 -7.496 
25.986 23.11 
0.506 0.186 
2.88 -25.02 
0.8506 -12.1392 
-3.8882 -27.7854 
24.118 1.92 
4.61454 9.12471 
0.8554 -16.018 
-13.3174 -13.6827 
26.123 32.768 
-21.0122 21.9591 
23.11 16.8529 
3.91 -18.5568 
-4.924 22.152 
15.722 2.84 
1.48886 2.5916 
-13.6396 -14.1478 
-28.1341 -12.8652 
-6.6128 1.8532 
-11.006 -7.496 
25.986 23.11 
0.506 0.186 
2.88 -25.02 
0.8506 -12.1392 
-3.8882 -27.7854 
24.118 1.92 
4.61454 9.12471 
0.8554 -16.018 
-13.3174 -13.6827 
26.123 32.768 
---end
-21.0122 21.9591 
23.11 16.8529 
3.91 -18.5568 
-4.924 22.152 
15.722 2.84 
1.48886 2.5916 
-13.6396 -14.1478 
-28.1341 -12.8652 
-6.6128 1.8532 
-11.006 -7.496 
25.986 23.11 
0.506 0.186 
2.88 -25.02 
0.8506 -12.1392 
-3.8882 -27.7854 
24.118 1.92 
4.61454 9.12471 
0.8554 -16.018 
-13.3174 -13.6827 
26.123 32.768 
-21.0122 21.9591 
23.11 16.8529 
3.91 -18.5568 
-4.924 22.152 
15.722 2.84 
1.48886 2.5916 
-13.6396 -14.1478 
-28.1341 -12.8652 
-6.6128 1.8532 
-11.006 -7.496 
25.986 23.11 
0.506 0.186 
2.88 -25.02 
0.8506 -12.1392 
-3.8882 -27.7854 
24.118 1.92 
4.61454 9.12471 
0.8554 -16.018 
-13.3174 -13.6827 
26.123 32.768 
---end
-21.0122 21.9591 
23.11 16.8529 
3.91 -18.5568 
-4.924 22.152 
15.722 2.84 
1.48886 2.5916 
-13.6396 -14.1478 
-28.1341 -12.8652 
-6.6128 1.8532 
-11.006 -7.496 
25.986 23.11 
0.506 0.186 
2.88 -25.02 
0.8506 -12.1392 
-3.8882 -27.7854 
24.118 1.92 
4.61454 9.12471 
0.8554 -16.018 
-13.3174 -13.6827 
26.123 32.768 
-21.0122 21.9591 
23.11 16.8529 
3.91 -18.5568 
-4.924 22.152 
15.722 2.84 
1.48886 2.5916 
-13.6396 -14.1478 
-28.1341 -12.8652 
-6.6128 1.8532 
-11.006 -7.496 
25.986 23.11 
0.506 0.186 
2.88 -25.02 
0.8506 -12.1392 
-3.8882 -27.7854 
24.118 1.92 
4.61454 9.12471 
0.8554 -16.018 
-13.3174 -13.6827 
26.123 32.768 
---end
-21.0122 21.9591 
23.11 16.8529 
3.91 -18.5568 
-4.924 22.152 
15.722 2.84 
1.48886 2.5916 
-13.6396 -14.1478 
-28.1341 -12.8652 
-6.6128 1.8532 
-11.006 -7.496 
25.986 23.11 
0.506 0.186 
2.88 -25.02 
0.8506 -12.1392 
-3.8882 -27.7854 
24.118 1.92 
4.61454 9.12471 
0.8554 -16.018 
-13.3174 -13.6827 
26.123 32.768 
-21.0122 21.9591 
23.11 16.8529 
3.91 -18.5568 
-4.924 22.152 
15.722 2.84 
1.48886 2.5916 
-13.6396 -14.1478 
-28.1341 -12.8652 
-6.6128 1.8532 
-11.006 -7.496 
25.986 23.11 
0.506 0.186 
2.88 -25.02 
0.8506 -12.1392 
-3.8882 -27.7854 
24.118 1.92 
4.61454 9.12471 
0.8554 -16.018 
-13.3174 -13.6827 
26.123 32.768 
---end
-21.0122 21.9591 
23.11 16.8529 
3.91 -18.5568 
-4.924 22.152 
15.722 2.84 
1.48886 2.5916 
-13.6396 -14.1478 
-28.1341 -12.8652 
-6.6128 1.8532 
-11.006 -7.496 
25.986 23.11 
0.506 0.186 
2.88 -25.02 
0.8506 -12.1392 
-3.8882 -27.7854 
24.118 1.92 
4.61454 9.12471 
0.8554 -16.018 
-13.3174 -13.6827 
26.123 32.768 
-21.0122 21.9591 
23.11 16.8529 
3.91 -18.5568 
-4.924 22.152 
15.722 2.84 
1.48886 2.5916 
-13.6396 -14.1478 
-28.1341 -12.8652 
-6.6128 1.8532 
-11.006 -7.496 
25.986 23.11 
0.506 0.186 
2.88 -25.02 
0.8506 -12.1392 
-3.8882 -27.7854 
24.118 1.92 
4.61454 9.12471 
0.8554 -16.018 
-13.3174 -13.6827 
26.123 32.768 
---end
-21.0122 21.9591 
23.11 16.8529 
3.91 -18.5568 
-4.924 22.152 
15.722 2.84 
1.48886 2.5916 
-13.6396 -14.1478 
-28.1341 -12.8652 
-6.6128 1.8532 
-11.006 -7.496 
25.986 23.11 
0.506 0.186 
2.88 -25.02 
0.8506 -12.1392 
-3.8882 -27.7854 
24.118 1.92 
4.61454 9.12471 
0.8554 -16.018 
-13.3174 -13.6827 
26.123 32.768 
-21.0122 21.9591 
23.11 16.8529 
3.91 -18.5568 
-4.924 22.152 
15.722 2.84 
1.48886 2.5916 
-13.6396 -14.1478 
-28.1341 -12.8652 
-6.6128 1.8532 
-11.006 -7.496 
25.986 23.11 
0.506 0.186 
2.88 -25.02 
0.8506 -12.1392 
-3.8882 -27.7854 
24.118 1.92 
4.61454 9.12471 
0.8554 -16.018 
-13.3174 -13.6827 
26.123 32.768 
---end
-21.0122 21.9591 
23.11 16.8529 
3.91 -18.5568 
-4.924 22.152 
15.722 2.84 
1.48886 2.5916 
-13.6396 -14.1478 
-28.1341 -12.8652 
-6.6128 1.8532 
-11.006 -7.496 
25.986 23.11 
0.506 0.186 
2.88 -25.02 
0.8506 -12.1392 
-3.8882 -27.7854 
24.118 1.92 
4.61454 9.12471 
0.8554 -16.018 
-13.3174 -13.6827 
26.123 32.768 
-21.0122 21.9591 
23.11 16.8529 
3.91 -18.5568 
-4.924 22.152 
15.722 2.84 
1.48886 2.5916 
-13.6396 -14.1478 
-28.1341 -12.8652 
-6.6128 1.8532 
-11.006 -7.496 
25.986 23.11 
0.506 0.186 
2.88 -25.02 
0.8506 -12.1392 
-3.8882 -27.7854 
24.118 1.92 
4.61454 9.12471 
0.8554 -16.018 
-13.3174 -13.6827 
26.123 32.768 
---end
-21.0122 21.9591 
23.11 16.8529 
3.91 -18.5568 
-4.924 22.152 
15.722 2.84 
1.48886 2.5916 
-13.6396 -14.1478 
-28.1341 -12.8652 
-6.6128 1.8532 
-11.006 -7.496 
25.986 23.11 
0.506 0.186 
2.88 -25.02 
0.8506 -12.1392 
-3.8882 -27.7854 
24.118 1.92 
4.61454 9.12471 
0.8554 -16.018 
-13.3174 -13.6827 
26.123 32.768 
-21.0122 21.9591 
23.11 16.8529 
3.91 -18.5568 
-4.924 22.152 
15.722 2.84 
1.48886 2.5916 
-13.6396 -14.1478 
-28.1341 -12.8652 
-6.6128 1.8532 
-11.006 -7.496 
25.986 23.11 
0.506 0.186 
2.88 -25.02 
0.8506 -12.1392 
-3.8882 -27.7854 
24.118 1.92 
4.61454 9.12471 
0.8554 -16.018 
-13.3174 -13.6827 
26.123 32.768 
---end
-21.0122 21.9591 
23.11 16.8529 
3.91 -18.5568 
-4.924 22.152 
15.722 2.84 
1.48886 2.5916 
-13.6396 -14.1478 
-28.1341 -12.8652 
-6.6128 1.8532 
-11.006 -7.496 
25.986 23.11 
0.506 0.186 
2.88 -25.02 
0.8506 -12.1392 
-3.8882 -27.7854 
24.118 1.92 
4.61454 9.12471 
0.8554 -16.018 
-13.3174 -13.6827 
26.123 32.768 
-21.0122 21.9591 
23.11 16.8529 
3.91 -18.5568 
-4.924 22.152 
15.722 2.84 
1.48886 2.5916 
-13.6396 -14.1478 
-28.1341 -12.8652 
-6.6128 1.8532 
-11.006 -7.496 
25.986 23.11 
0.506 0.186 
2.88 -25.02 
0.8506 -12.1392 
-3.8882 -27.7854 
24.118 1.92 
4.61454 9.12471 
0.8554 -16.018 
-13.3174 -13.6827 
26.123 32.768 
---end
-21.0122 21.9591 
23.11 16.8529 
3.91 -18.5568 
-4.924 22.152 
15.722 2.84 
1.48886 2.5916 
-13.6396 -14.1478 
-28.1341 -12.8652 
-6.6128 1.8532 
-11.006 -7.496 
25.986 23.11 
0.506 0.186 
2.88 -25.02 
0.8506 -12.1392 
-3.8882 -27.7854 
24.118 1.92 
4.61454 9.12471 
0.8554 -16.018 
-13.3174 -13.6827 
26.123 32.768 
-21.0122 21.9591 
23.11 16.8529 
3.91 -18.5568 
-4.924 22.152 
15.722 2.84 
1.48886 2.5916 
-13.6396 -14.1478 
-28.1341 -12.8652 
-6.6128 1.8532 
-11.006 -7.496 
25.986 23.11 
0.506 0.186 
2.88 -25.02 
0.8506 -12.1392 
-3.8882 -27.7854 
24.118 1.92 
4.61454 9.12471 
0.8554 -16.018 
-13.3174 -13.6827 
26.123 32.768 
---end
-21.0122 21.9591 
23.11 16.8529 
3.91 -18.5568 
-4.924 22.152 
15.722 2.84 
1.48886 2.5916 
-13.6396 -14.1478 
-28.1341 -12.8652 
-6.6128 1.8532 
-11.006 -7.496 
25.986 23.11 
0.506 0.186 
2.88 -25.02 
0.8506 -12.1392 
-3.8882 -27.7854 
24.118 1.92 
4.61454 9.12471 
0.8554 -16.018 
-13.3174 -13.6827 
26.123 32.768 
-21.0122 21.9591 
23.11 16.8529 
3.91 -18.5568 
-4.924 22.152 
15.722 2.84 
1.48886 2.5916 
-13.6396 -14.1478 
-28.1341 -12.8652 
-6.6128 1.8532 
-11.006 -7.496 
25.986 23.11 
0.506 0.186 
2.88 -25.02 
0.8506 -12.1392 
-3.8882 -27.7854 
24.118 1.92 
4.61454 9.12471 
0.8554 -16.018 
-13.3174 -13.6827 
26.123 32.768 
---end
-21.0122 21.9591 
23.11 16.8529 
3.91 -18.5568 
-4.924 22.152 
15.722 2.84 
1.48886 2.5916 
-13.6396 -14.1478 
-28.1341 -12.8652 
-6.6128 1.8532 
-11.006 -7.496 
25.986 23.11 
0.506 0.186 
2.88 -25.02 
0.8506 -12.1392 
-3.8882 -27.7854 
24.118 1.92 
4.61454 9.12471 
0.8554 -16.018 
-13.3174 -13.6827 
26.123 32.768 
-21.0122 21.9591 
23.11 16.8529 
3.91 -18.5568 
-4.924 22.152 
15.722 2.84 
1.48886 2.5916 
-13.6396 -14.1478 
-28.1341 -12.8652 
-6.6128 1.8532 
-11.006 -7.496 
25.986 23.11 
0.506 0.186 
2.88 -25.02 
0.8506 -12.1392 
-3.8882 -27.7854 
24.118 1.92 
4.61454 9.12471 
0.8554 -16.018 
-13.3174 -13.6827 
26.123 32.768 
---end
-21.0122 21.9591 
23.11 16.8529 
3.91 -18.5568 
-4.924 22.152 
15.722 2.84 
1.48886 2.5916 
-13.6396 -14.1478 
-28.1341 -12.8652 
-6.6128 1.8532 
-11.006 -7.496 
25.986 23.11 
0.506 0.186 
2.88 -25.02 
0.8506 -12.1392 
-3.8882 -27.7854 
24.118 1.92 
4.61454 9.12471 
0.8554 -16.018 
-13.3174 -13.6827 
26.123 32.768 
-21.0122 21.9591 
23.11 16.8529 
3.91 -18.5568 
-4.924 22.152 
15.722 2.84 
1.48886 2.5916 
-13.6396 -14.1478 
-28.1341 -12.8652 
-6.6128 1.8532 
-11.006 -7.496 
25.986 23.11 
0.506 0.186 
2.88 -25.02 
0.8506 -12.1392 
-3.8882 -27.7854 
24.118 1.92 
4.61454 9.12471 
0.8554 -16.018 
-13.3174 -13.6827 
26.123 32.768 
---end
-21.0122 21.9591 
23.11 16.8529 
3.91 -18.5568 
-4.924 22.152 
15.722 2.84 
1.48886 2.5916 
-13.6396 -14.1478 
-28.1341 -12.8652 
-6.6128 1.8532 
-11.006 -7.496 
25.986 23.11 
0.506 0.186 
2.88 -25.02 
0.8506 -12.1392 
-3.8882 -27.7854 
24.118 1.92 
4.61454 9.12471 
0.8554 -16.018 
-13.3174 -13.6827 
26.123 32.768 
-21.0122 21.9591 
23.11 16.8529 
3.91 -18.5568 
-4.924 22.152 
15.722 2.84 
1.48886 2.5916 
-13.6396 -14.1478 
-28.1341 -12.8652 
-6.6128 1.8532 
-11.006 -7.496 
25.986 23.11 
0.506 0.186 
2.88 -25.02 
0.8506 -12.1392 
-3.8882 -27.7854 
24.118 1.92 
4.61454 9.12471 
0.8554 -16.018 
-13.3174 -13.6827 
26.123 32.768 
---end
-21.0122 21.9591 
23.11 16.8529 
3.91 -18.5568 
-4.924 22.152 
15.722 2.84 
1.48886 2.5916 
-13.6396 -14.1478 
-28.1341 -12.8652 
-6.6128 1.8532 
-11.006 -7.496 
25.986 23.11 
0.506 0.186 
2.88 -25.02 
0.8506 -12.1392 
-3.8882 -27.7854 
24.118 1.92 
4.61454 9.12471 
0.8554 -16.018 
-13.3174 -13.6827 
26.123 32.768 
-21.0122 21.9591 
23.11 16.8529 
3.91 -18.5568 
-4.924 22.152 
15.722 2.84 
1.48886 2.5916 
-13.6396 -14.1478 
-28.1341 -12.8652 
-6.6128 1.8532 
-11.006 -7.496 
25.986 23.11 
0.506 0.186 
2.88 -25.02 
0.8506 -12.1392 
-3.8882 -27.7854 
24.118 1.92 
4.61454 9.12471 
0.8554 -16.018 
-13.3174 -13.6827 
26.123 32.768 
---end
-21.0122 21.9591 
23.11 16.8529 
3.91 -18.5568 
-4.924 22.152 
15.722 2.84 
1.48886 2.5916 
-13.6396 -14.1478 
-28.1341 -12.8652 
-6.6128 1.8532 
-11.006 -7.496 
25.986 23.11 
0.506 0.186 
2.88 -25.02 
0.8506 -12.1392 
-3.8882 -27.7854 
24.118 1.92 
4.61454 9.12471 
0.8554 -16.018 
-13.3174 -13.6827 
26.123 32.768 
-21.0122 21.9591 
23.11 16.8529 
3.91 -18.5568 
-4.924 22.152 
15.722 2.84 
1.48886 2.5916 
-13.6396 -14.1478 
-28.1341 -12.8652 
-6.6128 1.8532 
-11.006 -7.496 
25.986 23.11 
0.506 0.186 
2.88 -25.02 
0.8506 -12.1392 
-3.8882 -27.7854 
24.118 1.92 
4.61454 9.12471 
0.8554 -16.018 
-13.3174 -13.6827 
26.123 32.768 
---end
-21.0122 21.9591 
23.11 16.8529 
3.91 -18.5568 
-4.924 22.152 
15.722 2.84 
1.48886 2.5916 
-13.6396 -14.1478 
-28.1341 -12.8652 
-6.6128 1.8532 
-11.006 -7.496 
25.986 23.11 
0.506 0.186 
2.88 -25.02 
0.8506 -12.1392 
-3.8882 -27.7854 
24.118 1.92 
4.61454 9.12471 
0.8554 -16.018 
-13.3174 -13.6827 
26.123 32.768 
-21.0122 21.9591 
23.11 16.8529 
3.91 -18.5568 
-4.924 22.152 
15.722 2.84 
1.48886 2.5916 
-13.6396 -14.1478 
-28.1341 -12.8652 
-6.6128 1.8532 
-11.006 -7.496 
25.986 23.11 
0.506 0.186 
2.88 -25.02 
0.8506 -12.1392 
-3.8882 -27.7854 
24.118 1.92 
4.61454 9.12471 
0.8554 -16.018 
-13.3174 -13.6827 
26.123 32.768 
---end
-21.0122 21.9591 
23.11 16.8529 
3.91 -18.5568 
-4.924 22.152 
15.722 2.84 
1.48886 2.5916 
-13.6396 -14.1478 
-28.1341 -12.8652 
-6.6128 1.8532 
-11.006 -7.496 
25.986 23.11 
0.506 0.186 
2.88 -25.02 
0.8506 -12.1392 
-3.8882 -27.7854 
24.118 1.92 
4.61454 9.12471 
0.8554 -16.018 
-13.3174 -13.6827 
26.123 32.768 
-21.0122 21.9591 
23.11 16.8529 
3.91 -18.5568 
-4.924 22.152 
15.722 2.84 
1.48886 2.5916 
-13.6396 -14.1478 
-28.1341 -12.8652 
-6.6128 1.8532 
-11.006 -7.496 
25.986 23.11 
0.506 0.186 
2.88 -25.02 
0.8506 -12.1392 
-3.8882 -27.7854 
24.118 1.92 
4.61454 9.12471 
0.8554 -16.018 
-13.3174 -13.6827 
26.123 32.768 
---end
-21.0122 21.9591 
23.11 16.8529 
3.91 -18.5568 
-4.924 22.152 
15.722 2.84 
1.48886 2.5916 
-13.6396 -14.1478 
-28.1341 -12.8652 
-6.6128 1.8532 
-11.006 -7.496 
25.986 23.11 
0.506 0.186 
2.88 -25.02 
0.8506 -12.1392 
-3.8882 -27.7854 
24.118 1.92 
4.61454 9.12471 
0.8554 -16.018 
-13.3174 -13.6827 
26.123 32.768 
-21.0122 21.9591 
23.11 16.8529 
3.91 -18.5568 
-4.924 22.152 
15.722 2.84 
1.48886 2.5916 
-13.6396 -14.1478 
-28.1341 -12.8652 
-6.6128 1.8532 
-11.006 -7.496 
25.986 23.11 
0.506 0.186 
2.88 -25.02 
0.8506 -12.1392 
-3.8882 -27.7854 
24.118 1.92 
4.61454 9.12471 
0.8554 -16.018 
-13.3174 -13.6827 
26.123 32.768 
---end
-21.0122 21.9591 
23.11 16.8529 
3.91 -18.5568 
-4.924 22.152 
15.722 2.84 
1.48886 2.5916 
-13.6396 -14.1478 
-28.1341 -12.8652 
-6.6128 1.8532 
-11.006 -7.496 
25.986 23.11 
0.506 0.186 
2.88 -25.02 
0.8506 -12.1392 
-3.8882 -27.7854 
24.118 1.92 
4.61454 9.12471 
0.8554 -16.018 
-13.3174 -13.6827 
26.123 32.768 
-21.0122 21.9591 
23.11 16.8529 
3.91 -18.5568 
-4.924 22.152 
15.722 2.84 
1.48886 2.5916 
-13.6396 -14.1478 
-28.1341 -12.8652 
-6.6128 1.8532 
-11.006 -7.496 
25.986 23.11 
0.506 0.186 
2.88 -25.02 
0.8506 -12.1392 
-3.8882 -27.7854 
24.118 1.92 
4.61454 9.12471 
0.8554 -16.018 
-13.3174 -13.6827 
26.123 32.768 
---end
-21.0122 21.9591 
23.11 16.8529 
3.91 -18.5568 
-4.924 22.152 
15.722 2.84 
1.48886 2.5916 
-13.6396 -14.1478 
-28.1341 -12.8652 
-6.6128 1.8532 
-11.006 -7.496 
25.986 23.11 
0.506 0.186 
2.88 -25.02 
0.8506 -12.1392 
-3.8882 -27.7854 
24.118 1.92 
4.61454 9.12471 
0.8554 -16.018 
-13.3174 -13.6827 
26.123 32.768 
-21.0122 21.9591 
23.11 16.8529 
3.91 -18.5568 
-4.924 22.152 
15.722 2.84 
1.48886 2.5916 
-13.6396 -14.1478 
-28.1341 -12.8652 
-6.6128 1.8532 
-11.006 -7.496 
25.986 23.11 
0.506 0.186 
2.88 -25.02 
0.8506 -12.1392 
-3.8882 -27.7854 
24.118 1.92 
4.61454 9.12471 
0.8554 -16.018 
-13.3174 -13.6827 
26.123 32.768 
---end
-21.0122 21.9591 
23.11 16.8529 
3.91 -18.5568 
-4.924 22.152 
15.722 2.84 
1.48886 2.5916 
-13.6396 -14.1478 
-28.1341 -12.8652 
-6.6128 1.8532 
-11.006 -7.496 
25.986 23.11 
0.506 0.186 
2.88 -25.02 
0.8506 -12.1392 
-3.8882 -27.7854 
24.118 1.92 
4.61454 9.12471 
0.8554 -16.018 
-13.3174 -13.6827 
26.123 32.768 
-21.0122 21.9591 
23.11 16.8529 
3.91 -18.5568 
-4.924 22.152 
15.722 2.84 
1.48886 2.5916 
-13.6396 -14.1478 
-28.1341 -12.8652 
-6.6128 1.8532 
-11.006 -7.496 
25.986 23.11 
0.506 0.186 
2.88 -25.02 
0.8506 -12.1392 
-3.8882 -27.7854 
24.118 1.92 
4.61454 9.12471 
0.8554 -16.018 
-13.3174 -13.6827 
26.123 32.768 
---end
-21.0122 21.9591 
23.11 16.8529 
3.91 -18.5568 
-4.924 22.152 
15.722 2.84 
1.48886 2.5916 
-13.6396 -14.1478 
-28.1341 -12.8652 
-6.6128 1.8532 
-11.006 -7.496 
25.986 23.11 
0.506 0.186 
2.88 -25.02 
0.8506 -12.1392 
-3.8882 -27.7854 
24.118 1.92 
4.61454 9.12471 
0.8554 -16.018 
-13.3174 -13.6827 
26.123 32.768 
-21.0122 21.9591 
23.11 16.8529 
3.91 -18.5568 
-4.924 22.152 
15.722 2.84 
1.48886 2.5916 
-13.6396 -14.1478 
-28.1341 -12.8652 
-6.6128 1.8532 
-11.006 -7.496 
25.986 23.11 
0.506 0.186 
2.88 -25.02 
0.8506 -12.1392 
-3.8882 -27.7854 
24.118 1.92 
4.61454 9.12471 
0.8554 -16.018 
-13.3174 -13.6827 
26.123 32.768 
---end
-21.0122 21.9591 
23.11 16.8529 
3.91 -18.5568 
-4.924 22.152 
15.722 2.84 
1.48886 2.5916 
-13.6396 -14.1478 
-28.1341 -12.8652 
-6.6128 1.8532 
-11.006 -7.496 
25.986 23.11 
0.506 0.186 
2.88 -25.02 
0.8506 -12.1392 
-3.8882 -27.7854 
24.118 1.92 
4.61454 9.12471 
0.8554 -16.018 
-13.3174 -13.6827 
26.123 32.768 
-21.0122 21.9591 
23.11 16.8529 
3.91 -18.5568 
-4.924 22.152 
15.722 2.84 
1.48886 2.5916 
-13.6396 -14.1478 
-28.1341 -12.8652 
-6.6128 1.8532 
-11.006 -7.496 
25.986 23.11 
0.506 0.186 
2.88 -25.02 
0.8506 -12.1392 
-3.8882 -27.7854 
24.118 1.92 
4.61454 9.12471 
0.8554 -16.018 
-13.3174 -13.6827 
26.123 32.768 
---end
-21.0122 21.9591 
23.11 16.8529 
3.91 -18.5568 
-4.924 22.152 
15.722 2.84 
1.48886 2.5916 
-13.6396 -14.1478 
-28.1341 -12.8652 
-6.6128 1.8532 
-11.006 -7.496 
25.986 23.11 
0.506 0.186 
2.88 -25.02 
0.8506 -12.1392 
-3.8882 -27.7854 
24.118 1.92 
4.61454 9.12471 
0.8554 -16.018 
-13.3174 -13.6827 
26.123 32.768 
-21.0122 21.9591 
23.11 16.8529 
3.91 -18.5568 
-4.924 22.152 
15.722 2.84 
1.48886 2.5916 
-13.6396 -14.1478 
-28.1341 -12.8652 
-6.6128 1.8532 
-11.006 -7.496 
25.986 23.11 
0.506 0.186 
2.88 -25.02 
0.8506 -12.1392 
-3.8882 -27.7854 
24.118 1.92 
4.61454 9.12471 
0.8554 -16.018 
-13.3174 -13.6827 
26.123 32.768 
---end
-21.0122 21.9591 
23.11 16.8529 
3.91 -18.5568 
-4.924 22.152 
15.722 2.84 
1.48886 2.5916 
-13.6396 -14.1478 
-28.1341 -12.8652 
-6.6128 1.8532 
-11.006 -7.496 
25.986 23.11 
0.506 0.186 
2.88 -25.02 
0.8506 -12.1392 
-3.8882 -27.7854 
24.118 1.92 
4.61454 9.12471 
0.8554 -16.018 
-13.3174 -13.6827 
26.123 32.768 
-21.0122 21.9591 
23.11 16.8529 
3.91 -18.5568 
-4.924 22.152 
15.722 2.84 
1.48886 2.5916 
-13.6396 -14.1478 
-28.1341 -12.8652 
-6.6128 1.8532 
-11.006 -7.496 
25.986 23.11 
0.506 0.186 
2.88 -25.02 
0.8506 -12.1392 
-3.8882 -27.7854 
24.118 1.92 
4.61454 9.12471 
0.8554 -16.018 
-13.3174 -13.6827 
26.123 32.768 
---end
-21.0122 21.9591 
23.11 16.8529 
3.91 -18.5568 
-4.924 22.152 
15.722 2.84 
1.48886 2.5916 
-13.6396 -14.1478 
-28.1341 -12.8652 
-6.6128 1.8532 
-11.006 -7.496 
25.986 23.11 
0.506 0.186 
2.88 -25.02 
0.8506 -12.1392 
-3.8882 -27.7854 
24.118 1.92 
4.61454 9.12471 
0.8554 -16.018 
-13.3174 -13.6827 
26.123 32.768 
-21.0122 21.9591 
23.11 16.8529 
3.91 -18.5568 
-4.924 22.152 
15.722 2.84 
1.48886 2.5916 
-13.6396 -14.1478 
-28.1341 -12.8652 
-6.6128 1.8532 
-11.006 -7.496 
25.986 23.11 
0.506 0.186 
2.88 -25.02 
0.8506 -12.1392 
-3.8882 -27.7854 
24.118 1.92 
4.61454 9.12471 
0.8554 -16.018 
-13.3174 -13.6827 
26.123 32.768 
---end
-21.0122 21.9591 
23.11 16.8529 
3.91 -18.5568 
-4.924 22.152 
15.722 2.84 
1.48886 2.5916 
-13.6396 -14.1478 
-28.1341 -12.8652 
-6.6128 1.8532 
-11.006 -7.496 
25.986 23.11 
0.506 0.186 
2.88 -25.02 
0.8506 -12.1392 
-3.8882 -27.7854 
24.118 1.92 
4.61454 9.12471 
0.8554 -16.018 
-13.3174 -13.6827 
26.123 32.768 
-21.0122 21.9591 
23.11 16.8529 
3.91 -18.5568 
-4.924 22.152 
15.722 2.84 
1.48886 2.5916 
-13.6396 -14.1478 
-28.1341 -12.8652 
-6.6128 1.8532 
-11.006 -7.496 
25.986 23.11 
0.506 0.186 
2.88 -25.02 
0.8506 -12.1392 
-3.8882 -27.7854 
24.118 1.92 
4.61454 9.12471 
0.8554 -16.018 
-13.3174 -13.6827 
26.123 32.768 
---end
-21.0122 21.9591 
23.11 16.8529 
3.91 -18.5568 
-4.924 22.152 
15.722 2.84 
1.48886 2.5916 
-13.6396 -14.1478 
-28.1341 -12.8652 
-6.6128 1.8532 
-11.006 -7.496 
25.986 23.11 
0.506 0.186 
2.88 -25.02 
0.8506 -12.1392 
-3.8882 -27.7854 
24.118 1.92 
4.61454 9.12471 
0.8554 -16.018 
-13.3174 -13.6827 
26.123 32.768 
-21.0122 21.9591 
23.11 16.8529 
3.91 -18.5568 
-4.924 22.152 
15.722 2.84 
1.48886 2.5916 
-13.6396 -14.1478 
-28.1341 -12.8652 
-6.6128 1.8532 
-11.006 -7.496 
25.986 23.11 
0.506 0.186 
2.88 -25.02 
0.8506 -12.1392 
-3.8882 -27.7854 
24.118 1.92 
4.61454 9.12471 
0.8554 -16.018 
-13.3174 -13.6827 
26.123 32.768 
---end
-21.0122 21.9591 
23.11 16.8529 
3.91 -18.5568 
-4.924 22.152 
15.722 2.84 
1.48886 2.5916 
-13.6396 -14.1478 
-28.1341 -12.8652 
-6.6128 1.8532 
-11.006 -7.496 
25.986 23.11 
0.506 0.186 
2.88 -25.02 
0.8506 -12.1392 
-3.8882 -27.7854 
24.118 1.92 
4.61454 9.12471 
0.8554 -16.018 
-13.3174 -13.6827 
26.123 32.768 
-21.0122 21.9591 
23.11 16.8529 
3.91 -18.5568 
-4.924 22.152 
15.722 2.84 
1.48886 2.5916 
-13.6396 -14.1478 
-28.1341 -12.8652 
-6.6128 1.8532 
-11.006 -7.496 
25.986 23.11 
0.506 0.186 
2.88 -25.02 
0.8506 -12.1392 
-3.8882 -27.7854 
24.118 1.92 
4.61454 9.12471 
0.8554 -16.018 
-13.3174 -13.6827 
26.123 32.768 
---end
-21.0122 21.9591 
23.11 16.8529 
3.91 -18.5568 
-4.924 22.152 
15.722 2.84 
1.48886 2.5916 
-13.6396 -14.1478 
-28.1341 -12.8652 
-6.6128 1.8532 
-11.006 -7.496 
25.986 23.11 
0.506 0.186 
2.88 -25.02 
0.8506 -12.1392 
-3.8882 -27.7854 
24.118 1.92 
4.61454 9.12471 
0.8554 -16.018 
-13.3174 -13.6827 
26.123 32.768 
-21.0122 21.9591 
23.11 16.8529 
3.91 -18.5568 
-4.924 22.152 
15.722 2.84 
1.48886 2.5916 
-13.6396 -14.1478 
-28.1341 -12.8652 
-6.6128 1.8532 
-11.006 -7.496 
25.986 23.11 
0.506 0.186 
2.88 -25.02 
0.8506 -12.1392 
-3.8882 -27.7854 
24.118 1.92 
4.61454 9.12471 
0.8554 -16.018 
-13.3174 -13.6827 
26.123 32.768 
---end
-21.0122 21.9591 
23.11 16.8529 
3.91 -18.5568 
-4.924 22.152 
15.722 2.84 
1.48886 2.5916 
-13.6396 -14.1478 
-28.1341 -12.8652 
-6.6128 1.8532 
-11.006 -7.496 
25.986 23.11 
0.506 0.186 
2.88 -25.02 
0.8506 -12.1392 
-3.8882 -27.7854 
24.118 1.92 
4.61454 9.12471 
0.8554 -16.018 
-13.3174 -13.6827 
26.123 32.768 
-21.0122 21.9591 
23.11 16.8529 
3.91 -18.5568 
-4.924 22.152 
15.722 2.84 
1.48886 2.5916 
-13.6396 -14.1478 
-28.1341 -12.8652 
-6.6128 1.8532 
-11.006 -7.496 
25.986 23.11 
0.506 0.186 
2.88 -25.02 
0.8506 -12.1392 
-3.8882 -27.7854 
24.118 1.92 
4.61454 9.12471 
0.8554 -16.018 
-13.3174 -13.6827 
26.123 32.768 
---end
-21.0122 21.9591 
23.11 16.8529 
3.91 -18.5568 
-4.924 22.152 
15.722 2.84 
1.48886 2.5916 
-13.6396 -14.1478 
-28.1341 -12.8652 
-6.6128 1.8532 
-11.006 -7.496 
25.986 23.11 
0.506 0.186 
2.88 -25.02 
0.8506 -12.1392 
-3.8882 -27.7854 
24.118 1.92 
4.61454 9.12471 
0.8554 -16.018 
-13.3174 -13.6827 
26.123 32.768 
-21.0122 21.9591 
23.11 16.8529 
3.91 -18.5568 
-4.924 22.152 
15.722 2.84 
1.48886 2.5916 
-13.6396 -14.1478 
-28.1341 -12.8652 
-6.6128 1.8532 
-11.006 -7.496 
25.986 23.11 
0.506 0.186 
2.88 -25.02 
0.8506 -12.1392 
-3.8882 -27.7854 
24.118 1.92 
4.61454 9.12471 
0.8554 -16.018 
-13.3174 -13.6827 
26.123 32.768 
---end
-21.0122 21.9591 
23.11 16.8529 
3.91 -18.5568 
-4.924 22.152 
15.722 2.84 
1.48886 2.5916 
-13.6396 -14.1478 
-28.1341 -12.8652 
-6.6128 1.8532 
-11.006 -7.496 
25.986 23.11 
0.506 0.186 
2.88 -25.02 
0.8506 -12.1392 
-3.8882 -27.7854 
24.118 1.92 
4.61454 9.12471 
0.8554 -16.018 
-13.3174 -13.6827 
26.123 32.768 
-21.0122 21.9591 
23.11 16.8529 
3.91 -18.5568 
-4.924 22.152 
15.722 2.84 
1.48886 2.5916 
-13.6396 -14.1478 
-28.1341 -12.8652 
-6.6128 1.8532 
-11.006 -7.496 
25.986 23.11 
0.506 0.186 
2.88 -25.02 
0.8506 -12.1392 
-3.8882 -27.7854 
24.118 1.92 
4.61454 9.12471 
0.8554 -16.018 
-13.3174 -13.6827 
26.123 32.768 
---end
-21.0122 21.9591 
23.11 16.8529 
3.91 -18.5568 
-4.924 22.152 
15.722 2.84 
1.48886 2.5916 
-13.6396 -14.1478 
-28.1341 -12.8652 
-6.6128 1.8532 
-11.006 -7.496 
25.986 23.11 
0.506 0.186 
2.88 -25.02 
0.8506 -12.1392 
-3.8882 -27.7854 
24.118 1.92 
4.61454 9.12471 
0.8554 -16.018 
-13.3174 -13.6827 
26.123 32.768 
-21.0122 21.9591 
23.11 16.8529 
3.91 -18.5568 
-4.924 22.152 
15.722 2.84 
1.48886 2.5916 
-13.6396 -14.1478 
-28.1341 -12.8652 
-6.6128 1.8532 
-11.006 -7.496 
25.986 23.11 
0.506 0.186 
2.88 -25.02 
0.8506 -12.1392 
-3.8882 -27.7854 
24.118 1.92 
4.61454 9.12471 
0.8554 -16.018 
-13.3174 -13.6827 
26.123 32.768 
---end
-21.0122 21.9591 
23.11 16.8529 
3.91 -18.5568 
-4.924 22.152 
15.722 2.84 
1.48886 2.5916 
-13.6396 -14.1478 
-28.1341 -12.8652 
-6.6128 1.8532 
-11.006 -7.496 
25.986 23.11 
0.506 0.186 
2.88 -25.02 
0.8506 -12.1392 
-3.8882 -27.7854 
24.118 1.92 
4.61454 9.12471 
0.8554 -16.018 
-13.3174 -13.6827 
26.123 32.768 
-21.0122 21.9591 
23.11 16.8529 
3.91 -18.5568 
-4.924 22.152 
15.722 2.84 
1.48886 2.5916 
-13.6396 -14.1478 
-28.1341 -12.8652 
-6.6128 1.8532 
-11.006 -7.496 
25.986 23.11 
0.506 0.186 
2.88 -25.02 
0.8506 -12.1392 
-3.8882 -27.7854 
24.118 1.92 
4.61454 9.12471 
0.8554 -16.018 
-13.3174 -13.6827 
26.123 32.768 
---end
-21.0122 21.9591 
23.11 16.8529 
3.91 -18.5568 
-4.924 22.152 
15.722 2.84 
1.48886 2.5916 
-13.6396 -14.1478 
-28.1341 -12.8652 
-6.6128 1.8532 
-11.006 -7.496 
25.986 23.11 
0.506 0.186 
2.88 -25.02 
0.8506 -12.1392 
-3.8882 -27.7854 
24.118 1.92 
4.61454 9.12471 
0.8554 -16.018 
-13.3174 -13.6827 
26.123 32.768 
-21.0122 21.9591 
23.11 16.8529 
3.91 -18.5568 
-4.924 22.152 
15.722 2.84 
1.48886 2.5916 
-13.6396 -14.1478 
-28.1341 -12.8652 
-6.6128 1.8532 
-11.006 -7.496 
25.986 23.11 
0.506 0.186 
2.88 -25.02 
0.8506 -12.1392 
-3.8882 -27.7854 
24.118 1.92 
4.61454 9.12471 
0.8554 -16.018 
-13.3174 -13.6827 
26.123 32.768 
---end
-21.0122 21.9591 
23.11 16.8529 
3.91 -18.5568 
-4.924 22.152 
15.722 2.84 
1.48886 2.5916 
-13.6396 -14.1478 
-28.1341 -12.8652 
-6.6128 1.8532 
-11.006 -7.496 
25.986 23.11 
0.506 0.186 
2.88 -25.02 
0.8506 -12.1392 
-3.8882 -27.7854 
24.118 1.92 
4.61454 9.12471 
0.8554 -16.018 
-13.3174 -13.6827 
26.123 32.768 
-21.0122 21.9591 
23.11 16.8529 
3.91 -18.5568 
-4.924 22.152 
15.722 2.84 
1.48886 2.5916 
-13.6396 -14.1478 
-28.1341 -12.8652 
-6.6128 1.8532 
-11.006 -7.496 
25.986 23.11 
0.506 0.186 
2.88 -25.02 
0.8506 -12.1392 
-3.8882 -27.7854 
24.118 1.92 
4.61454 9.12471 
0.8554 -16.018 
-13.3174 -13.6827 
26.123 32.768 
---end
-21.0122 21.9591 
23.11 16.8529 
3.91 -18.5568 
-4.924 22.152 
15.722 2.84 
1.48886 2.5916 
-13.6396 -14.1478 
-28.1341 -12.8652 
-6.6128 1.8532 
-11.006 -7.496 
25.986 23.11 
0.506 0.186 
2.88 -25.02 
0.8506 -12.1392 
-3.8882 -27.7854 
24.118 1.92 
4.61454 9.12471 
0.8554 -16.018 
-13.3174 -13.6827 
26.123 32.768 
-21.0122 21.9591 
23.11 16.8529 
3.91 -18.5568 
-4.924 22.152 
15.722 2.84 
1.48886 2.5916 
-13.6396 -14.1478 
-28.1341 -12.8652 
-6.6128 1.8532 
-11.006 -7.496 
25.986 23.11 
0.506 0.186 
2.88 -25.02 
0.8506 -12.1392 
-3.8882 -27.7854 
24.118 1.92 
4.61454 9.12471 
0.8554 -16.018 
-13.3174 -13.6827 
26.123 32.768 
---end
-21.0122 21.9591 
23.11 16.8529 
3.91 -18.5568 
-4.924 22.152 
15.722 2.84 
1.48886 2.5916 
-13.6396 -14.1478 
-28.1341 -12.8652 
-6.6128 1.8532 
-11.006 -7.496 
25.986 23.11 
0.506 0.186 
2.88 -25.02 
0.8506 -12.1392 
-3.8882 -27.7854 
24.118 1.92 
4.61454 9.12471 
0.8554 -16.018 
-13.3174 -13.6827 
26.123 32.768 
-21.0122 21.9591 
23.11 16.8529 
3.91 -18.5568 
-4.924 22.152 
15.722 2.84 
1.48886 2.5916 
-13.6396 -14.1478 
-28.1341 -12.8652 
-6.6128 1.8532 
-11.006 -7.496 
25.986 23.11 
0.506 0.186 
2.88 -25.02 
0.8506 -12.1392 
-3.8882 -27.7854 
24.118 1.92 
4.61454 9.12471 
0.8554 -16.018 
-13.3174 -13.6827 
26.123 32.768 
---end
-21.0122 21.9591 
23.11 16.8529 
3.91 -18.5568 
-4.924 22.152 
15.722 2.84 
1.48886 2.5916 
-13.6396 -14.1478 
-28.1341 -12.8652 
-6.6128 1.8532 
-11.006 -7.496 
25.986 23.11 
0.506 0.186 
2.88 -25.02 
0.8506 -12.1392 
-3.8882 -27.7854 
24.118 1.92 
4.61454 9.12471 
0.8554 -16.018 
-13.3174 -13.6827 
26.123 32.768 
-21.0122 21.9591 
23.11 16.8529 
3.91 -18.5568 
-4.924 22.152 
15.722 2.84 
1.48886 2.5916 
-13.6396 -14.1478 
-28.1341 -12.8652 
-6.6128 1.8532 
-11.006 -7.496 
25.986 23.11 
0.506 0.186 
2.88 -25.02 
0.8506 -12.1392 
-3.8882 -27.7854 
24.118 1.92 
4.61454 9.12471 
0.8554 -16.018 
-13.3174 -13.6827 
26.123 32.768 
---end
-21.0122 21.9591 
23.11 16.8529 
3.91 -18.5568 
-4.924 22.152 
15.722 2.84 
1.48886 2.5916 
-13.6396 -14.1478 
-28.1341 -12.8652 
-6.6128 1.8532 
-11.006 -7.496 
25.986 23.11 
0.506 0.186 
2.88 -25.02 
0.8506 -12.1392 
-3.8882 -27.7854 
24.118 1.92 
4.61454 9.12471 
0.8554 -16.018 
-13.3174 -13.6827 
26.123 32.768 
-21.0122 21.9591 
23.11 16.8529 
3.91 -18.5568 
-4.924 22.152 
15.722 2.84 
1.48886 2.5916 
-13.6396 -14.1478 
-28.1341 -12.8652 
-6.6128 1.8532 
-11.006 -7.496 
25.986 23.11 
0.506 0.186 
2.88 -25.02 
0.8506 -12.1392 
-3.8882 -27.7854 
24.118 1.92 
4.61454 9.12471 
0.8554 -16.018 
-13.3174 -13.6827 
26.123 32.768 
---end
-21.0122 21.9591 
23.11 16.8529 
3.91 -18.5568 
-4.924 22.152 
15.722 2.84 
1.48886 2.5916 
-13.6396 -14.1478 
-28.1341 -12.8652 
-6.6128 1.8532 
-11.006 -7.496 
25.986 23.11 
0.506 0.186 
2.88 -25.02 
0.8506 -12.1392 
-3.8882 -27.7854 
24.118 1.92 
4.61454 9.12471 
0.8554 -16.018 
-13.3174 -13.6827 
26.123 32.768 
-21.0122 21.9591 
23.11 16.8529 
3.91 -18.5568 
-4.924 22.152 
15.722 2.84 
1.48886 2.5916 
-13.6396 -14.1478 
-28.1341 -12.8652 
-6.6128 1.8532 
-11.006 -7.496 
25.986 23.11 
0.506 0.186 
2.88 -25.02 
0.8506 -12.1392 
-3.8882 -27.7854 
24.118 1.92 
4.61454 9.12471 
0.8554 -16.018 
-13.3174 -13.6827 
26.123 32.768 
---end
-21.0122 21.9591 
23.11 16.8529 
3.91 -18.5568 
-4.924 22.152 
15.722 2.84 
1.48886 2.5916 
-13.6396 -14.1478 
-28.1341 -12.8652 
-6.6128 1.8532 
-11.006 -7.496 
25.986 23.11 
0.506 0.186 
2.88 -25.02 
0.8506 -12.1392 
-3.8882 -27.7854 
24.118 1.92 
4.61454 9.12471 
0.8554 -16.018 
-13.3174 -13.6827 
26.123 32.768 
-21.0122 21.9591 
23.11 16.8529 
3.91 -18.5568 
-4.924 22.152 
15.722 2.84 
1.48886 2.5916 
-13.6396 -14.1478 
-28.1341 -12.8652 
-6.6128 1.8532 
-11.006 -7.496 
25.986 23.11 
0.506 0.186 
2.88 -25.02 
0.8506 -12.1392 
-3.8882 -27.7854 
24.118 1.92 
4.61454 9.12471 
0.8554 -16.018 
-13.3174 -13.6827 
26.123 32.768 
---end
-21.0122 21.9591 
23.11 16.8529 
3.91 -18.5568 
-4.924 22.152 
15.722 2.84 
1.48886 2.5916 
-13.6396 -14.1478 
-28.1341 -12.8652 
-6.6128 1.8532 
-11.006 -7.496 
25.986 23.11 
0.506 0.186 
2.88 -25.02 
0.8506 -12.1392 
-3.8882 -27.7854 
24.118 1.92 
4.61454 9.12471 
0.8554 -16.018 
-13.3174 -13.6827 
26.123 32.768 
-21.0122 21.9591 
23.11 16.8529 
3.91 -18.5568 
-4.924 22.152 
15.722 2.84 
1.48886 2.5916 
-13.6396 -14.1478 
-28.1341 -12.8652 
-6.6128 1.8532 
-11.006 -7.496 
25.986 23.11 
0.506 0.186 
2.88 -25.02 
0.8506 -12.1392 
-3.8882 -27.7854 
24.118 1.92 
4.61454 9.12471 
0.8554 -16.018 
-13.3174 -13.6827 
26.123 32.768 
---end
-21.0122 21.9591 
23.11 16.8529 
3.91 -18.5568 
-4.924 22.152 
15.722 2.84 
1.48886 2.5916 
-13.6396 -14.1478 
-28.1341 -12.8652 
-6.6128 1.8532 
-11.006 -7.496 
25.986 23.11 
0.506 0.186 
2.88 -25.02 
0.8506 -12.1392 
-3.8882 -27.7854 
24.118 1.92 
4.61454 9.12471 
0.8554 -16.018 
-13.3174 -13.6827 
26.123 32.768 
-21.0122 21.9591 
23.11 16.8529 
3.91 -18.5568 
-4.924 22.152 
15.722 2.84 
1.48886 2.5916 
-13.6396 -14.1478 
-28.1341 -12.8652 
-6.6128 1.8532 
-11.006 -7.496 
25.986 23.11 
0.506 0.186 
2.88 -25.02 
0.8506 -12.1392 
-3.8882 -27.7854 
24.118 1.92 
4.61454 9.12471 
0.8554 -16.018 
-13.3174 -13.6827 
26.123 32.768 
---end
-21.0122 21.9591 
23.11 16.8529 
3.91 -18.5568 
-4.924 22.152 
15.722 2.84 
1.48886 2.5916 
-13.6396 -14.1478 
-28.1341 -12.8652 
-6.6128 1.8532 
-11.006 -7.496 
25.986 23.11 
0.506 0.186 
2.88 -25.02 
0.8506 -12.1392 
-3.8882 -27.7854 
24.118 1.92 
4.61454 9.12471 
0.8554 -16.018 
-13.3174 -13.6827 
26.123 32.768 
-21.0122 21.9591 
23.11 16.8529 
3.91 -18.5568 
-4.924 22.152 
15.722 2.84 
1.48886 2.5916 
-13.6396 -14.1478 
-28.1341 -12.8652 
-6.6128 1.8532 
-11.006 -7.496 
25.986 23.11 
0.506 0.186 
2.88 -25.02 
0.8506 -12.1392 
-3.8882 -27.7854 
24.118 1.92 
4.61454 9.12471 
0.8554 -16.018 
-13.3174 -13.6827 
26.123 32.768 
---end
-21.0122 21.9591 
23.11 16.8529 
3.91 -18.5568 
-4.924 22.152 
15.722 2.84 
1.48886 2.5916 
-13.6396 -14.1478 
-28.1341 -12.8652 
-6.6128 1.8532 
-11.006 -7.496 
25.986 23.11 
0.506 0.186 
2.88 -25.02 
0.8506 -12.1392 
-3.8882 -27.7854 
24.118 1.92 
4.61454 9.12471 
0.8554 -16.018 
-13.3174 -13.6827 
26.123 32.768 
-21.0122 21.9591 
23.11 16.8529 
3.91 -18.5568 
-4.924 22.152 
15.722 2.84 
1.48886 2.5916 
-13.6396 -14.1478 
-28.1341 -12.8652 
-6.6128 1.8532 
-11.006 -7.496 
25.986 23.11 
0.506 0.186 
2.88 -25.02 
0.8506 -12.1392 
-3.8882 -27.7854 
24.118 1.92 
4.61454 9.12471 
0.8554 -16.018 
-13.3174 -13.6827 
26.123 32.768 
---end
-21.0122 21.9591 
23.11 16.8529 
3.91 -18.5568 
-4.924 22.152 
15.722 2.84 
1.48886 2.5916 
-13.6396 -14.1478 
-28.1341 -12.8652 
-6.6128 1.8532 
-11.006 -7.496 
25.986 23.11 
0.506 0.186 
2.88 -25.02 
0.8506 -12.1392 
-3.8882 -27.7854 
24.118 1.92 
4.61454 9.12471 
0.8554 -16.018 
-13.3174 -13.6827 
26.123 32.768 
-21.0122 21.9591 
23.11 16.8529 
3.91 -18.5568 
-4.924 22.152 
15.722 2.84 
1.48886 2.5916 
-13.6396 -14.1478 
-28.1341 -12.8652 
-6.6128 1.8532 
-11.006 -7.496 
25.986 23.11 
0.506 0.186 
2.88 -25.02 
0.8506 -12.1392 
-3.8882 -27.7854 
24.118 1.92 
4.61454 9.12471 
0.8554 -16.018 
-13.3174 -13.6827 
26.123 32.768 
---end
-21.0122 21.9591 
23.11 16.8529 
3.91 -18.5568 
-4.924 22.152 
15.722 2.84 
1.48886 2.5916 
-13.6396 -14.1478 
-28.1341 -12.8652 
-6.6128 1.8532 
-11.006 -7.496 
25.986 23.11 
0.506 0.186 
2.88 -25.02 
0.8506 -12.1392 
-3.8882 -27.7854 
24.118 1.92 
4.61454 9.12471 
0.8554 -16.018 
-13.3174 -13.6827 
26.123 32.768 
-21.0122 21.9591 
23.11 16.8529 
3.91 -18.5568 
-4.924 22.152 
15.722 2.84 
1.48886 2.5916 
-13.6396 -14.1478 
-28.1341 -12.8652 
-6.6128 1.8532 
-11.006 -7.496 
25.986 23.11 
0.506 0.186 
2.88 -25.02 
0.8506 -12.1392 
-3.8882 -27.7854 
24.118 1.92 
4.61454 9.12471 
0.8554 -16.018 
-13.3174 -13.6827 
26.123 32.768 
---end
-21.0122 21.9591 
23.11 16.8529 
3.91 -18.5568 
-4.924 22.152 
15.722 2.84 
1.48886 2.5916 
-13.6396 -14.1478 
-28.1341 -12.8652 
-6.6128 1.8532 
-11.006 -7.496 
25.986 23.11 
0.506 0.186 
2.88 -25.02 
0.8506 -12.1392 
-3.8882 -27.7854 
24.118 1.92 
4.61454 9.12471 
0.8554 -16.018 
-13.3174 -13.6827 
26.123 32.768 
-21.0122 21.9591 
23.11 16.8529 
3.91 -18.5568 
-4.924 22.152 
15.722 2.84 
1.48886 2.5916 
-13.6396 -14.1478 
-28.1341 -12.8652 
-6.6128 1.8532 
-11.006 -7.496 
25.986 23.11 
0.506 0.186 
2.88 -25.02 
0.8506 -12.1392 
-3.8882 -27.7854 
24.118 1.92 
4.61454 9.12471 
0.8554 -16.018 
-13.3174 -13.6827 
26.123 32.768 
---end
-21.0122 21.9591 
23.11 16.8529 
3.91 -18.5568 
-4.924 22.152 
15.722 2.84 
1.48886 2.5916 
-13.6396 -14.1478 
-28.1341 -12.8652 
-6.6128 1.8532 
-11.006 -7.496 
25.986 23.11 
0.506 0.186 
2.88 -25.02 
0.8506 -12.1392 
-3.8882 -27.7854 
24.118 1.92 
4.61454 9.12471 
0.8554 -16.018 
-13.3174 -13.6827 
26.123 32.768 
-21.0122 21.9591 
23.11 16.8529 
3.91 -18.5568 
-4.924 22.152 
15.722 2.84 
1.48886 2.5916 
-13.6396 -14.1478 
-28.1341 -12.8652 
-6.6128 1.8532 
-11.006 -7.496 
25.986 23.11 
0.506 0.186 
2.88 -25.02 
0.8506 -12.1392 
-3.8882 -27.7854 
24.118 1.92 
4.61454 9.12471 
0.8554 -16.018 
-13.3174 -13.6827 
26.123 32.768 
---end
-21.0122 21.9591 
23.11 16.8529 
3.91 -18.5568 
-4.924 22.152 
15.722 2.84 
1.48886 2.5916 
-13.6396 -14.1478 
-28.1341 -12.8652 
-6.6128 1.8532 
-11.006 -7.496 
25.986 23.11 
0.506 0.186 
2.88 -25.02 
0.8506 -12.1392 
-3.8882 -27.7854 
24.118 1.92 
4.61454 9.12471 
0.8554 -16.018 
-13.3174 -13.6827 
26.123 32.768 
-21.0122 21.9591 
23.11 16.8529 
3.91 -18.5568 
-4.924 22.152 
15.722 2.84 
1.48886 2.5916 
-13.6396 -14.1478 
-28.1341 -12.8652 
-6.6128 1.8532 
-11.006 -7.496 
25.986 23.11 
0.506 0.186 
2.88 -25.02 
0.8506 -12.1392 
-3.8882 -27.7854 
24.118 1.92 
4.61454 9.12471 
0.8554 -16.018 
-13.3174 -13.6827 
26.123 32.768 
---end
-21.0122 21.9591 
23.11 16.8529 
3.91 -18.5568 
-4.924 22.152 
15.722 2.84 
1.48886 2.5916 
-13.6396 -14.1478 
-28.1341 -12.8652 
-6.6128 1.8532 
-11.006 -7.496 
25.986 23.11 
0.506 0.186 
2.88 -25.02 
0.8506 -12.1392 
-3.8882 -27.7854 
24.118 1.92 
4.61454 9.12471 
0.8554 -16.018 
-13.3174 -13.6827 
26.123 32.768 

******ending******
best answer:
0.506 0.186 
3.44853
